kaminski-v/_sent_mail/10. | Missing mandatory field: body
kaminski-v/_sent_mail/100. | Missing mandatory field: subject
kaminski-v/_sent_mail/1001. | Missing mandatory field: body
kaminski-v/_sent_mail/1003. | Missing mandatory field: body
kaminski-v/_sent_mail/1006. | Missing mandatory field: body
kaminski-v/_sent_mail/1010. | Missing mandatory field: body
kaminski-v/_sent_mail/1011. | Missing mandatory field: body
kaminski-v/_sent_mail/1012. | Missing mandatory field: body
kaminski-v/_sent_mail/1014. | Missing mandatory field: body
kaminski-v/_sent_mail/1020. | Missing mandatory field: body
kaminski-v/_sent_mail/1024. | Missing mandatory field: body
kaminski-v/_sent_mail/1027. | Missing mandatory field: body
kaminski-v/_sent_mail/1028. | Missing mandatory field: body
kaminski-v/_sent_mail/1030. | Missing mandatory field: body
kaminski-v/_sent_mail/1032. | Missing mandatory field: body
kaminski-v/_sent_mail/1046. | Missing mandatory field: body
kaminski-v/_sent_mail/1047. | Missing mandatory field: body
kaminski-v/_sent_mail/1048. | Missing mandatory field: subject
kaminski-v/_sent_mail/1050. | Missing mandatory field: body
kaminski-v/_sent_mail/1056. | Missing mandatory field: body
kaminski-v/_sent_mail/106. | Missing mandatory field: body
kaminski-v/_sent_mail/1061. | Missing mandatory field: body
kaminski-v/_sent_mail/1063. | Missing mandatory field: body
kaminski-v/_sent_mail/1064. | Missing mandatory field: body
kaminski-v/_sent_mail/1065. | Missing mandatory field: body
kaminski-v/_sent_mail/1066. | Missing mandatory field: body
kaminski-v/_sent_mail/1069. | Missing mandatory field: subject
kaminski-v/_sent_mail/107. | Missing mandatory field: body
kaminski-v/_sent_mail/1071. | Missing mandatory field: body
kaminski-v/_sent_mail/1076. | Missing mandatory field: body
kaminski-v/_sent_mail/108. | Missing mandatory field: body
kaminski-v/_sent_mail/1087. | Missing mandatory field: body
kaminski-v/_sent_mail/109. | Missing mandatory field: body
kaminski-v/_sent_mail/1090. | Missing mandatory field: subject
kaminski-v/_sent_mail/1091. | Missing mandatory field: body
kaminski-v/_sent_mail/1092. | Missing mandatory field: body
kaminski-v/_sent_mail/11. | Missing mandatory field: body
kaminski-v/_sent_mail/110. | Missing mandatory field: subject
kaminski-v/_sent_mail/1101. | Missing mandatory field: subject
kaminski-v/_sent_mail/111. | Missing mandatory field: body
kaminski-v/_sent_mail/1113. | Missing mandatory field: body
kaminski-v/_sent_mail/112. | Missing mandatory field: body
kaminski-v/_sent_mail/1120. | Missing mandatory field: subject
kaminski-v/_sent_mail/1122. | Missing mandatory field: subject
kaminski-v/_sent_mail/1123. | Missing mandatory field: body
kaminski-v/_sent_mail/1129. | Missing mandatory field: body
kaminski-v/_sent_mail/1131. | Missing mandatory field: body
kaminski-v/_sent_mail/1132. | Missing mandatory field: body
kaminski-v/_sent_mail/1133. | Missing mandatory field: body
kaminski-v/_sent_mail/1134. | Missing mandatory field: body
kaminski-v/_sent_mail/1136. | Missing mandatory field: body
kaminski-v/_sent_mail/1138. | Missing mandatory field: body
kaminski-v/_sent_mail/114. | Missing mandatory field: body
kaminski-v/_sent_mail/1140. | Missing mandatory field: body
kaminski-v/_sent_mail/1141. | Missing mandatory field: body
kaminski-v/_sent_mail/1142. | Missing mandatory field: body
kaminski-v/_sent_mail/1146. | Missing mandatory field: body
kaminski-v/_sent_mail/1148. | Missing mandatory field: body
kaminski-v/_sent_mail/1149. | Missing mandatory field: body
kaminski-v/_sent_mail/1150. | Missing mandatory field: body
kaminski-v/_sent_mail/1151. | Missing mandatory field: body
kaminski-v/_sent_mail/1152. | Missing mandatory field: body
kaminski-v/_sent_mail/1153. | Missing mandatory field: body
kaminski-v/_sent_mail/1154. | Missing mandatory field: body
kaminski-v/_sent_mail/1156. | Missing mandatory field: body
kaminski-v/_sent_mail/1157. | Missing mandatory field: body
kaminski-v/_sent_mail/1158. | Missing mandatory field: body
kaminski-v/_sent_mail/1159. | Missing mandatory field: body
kaminski-v/_sent_mail/1160. | Missing mandatory field: body
kaminski-v/_sent_mail/1161. | Missing mandatory field: body
kaminski-v/_sent_mail/1163. | Missing mandatory field: body
kaminski-v/_sent_mail/1168. | Missing mandatory field: body
kaminski-v/_sent_mail/1169. | Missing mandatory field: body
kaminski-v/_sent_mail/1170. | Missing mandatory field: body
kaminski-v/_sent_mail/1172. | Missing mandatory field: body
kaminski-v/_sent_mail/1173. | Missing mandatory field: body
kaminski-v/_sent_mail/1174. | Missing mandatory field: body
kaminski-v/_sent_mail/1178. | Missing mandatory field: body
kaminski-v/_sent_mail/1179. | Missing mandatory field: body
kaminski-v/_sent_mail/1181. | Missing mandatory field: body
kaminski-v/_sent_mail/1182. | Missing mandatory field: body
kaminski-v/_sent_mail/1183. | Missing mandatory field: body
kaminski-v/_sent_mail/1184. | Missing mandatory field: body
kaminski-v/_sent_mail/1185. | Missing mandatory field: subject
kaminski-v/_sent_mail/1189. | Missing mandatory field: body
kaminski-v/_sent_mail/1190. | Missing mandatory field: body
kaminski-v/_sent_mail/1191. | Missing mandatory field: body
kaminski-v/_sent_mail/1201. | Missing mandatory field: body
kaminski-v/_sent_mail/1204. | Missing mandatory field: subject
kaminski-v/_sent_mail/1208. | Missing mandatory field: subject
kaminski-v/_sent_mail/121. | Missing mandatory field: body
kaminski-v/_sent_mail/1212. | Missing mandatory field: body
kaminski-v/_sent_mail/1214. | Missing mandatory field: body
kaminski-v/_sent_mail/1215. | Missing mandatory field: body
kaminski-v/_sent_mail/1216. | Missing mandatory field: body
kaminski-v/_sent_mail/1217. | Missing mandatory field: body
kaminski-v/_sent_mail/1218. | Missing mandatory field: body
kaminski-v/_sent_mail/1219. | Missing mandatory field: body
kaminski-v/_sent_mail/1220. | Missing mandatory field: body
kaminski-v/_sent_mail/1221. | Missing mandatory field: body
kaminski-v/_sent_mail/1222. | Missing mandatory field: body
kaminski-v/_sent_mail/1223. | Missing mandatory field: body
kaminski-v/_sent_mail/1224. | Missing mandatory field: body
kaminski-v/_sent_mail/1225. | Missing mandatory field: body
kaminski-v/_sent_mail/123. | Missing mandatory field: body
kaminski-v/_sent_mail/1235. | Missing mandatory field: body
kaminski-v/_sent_mail/1236. | Missing mandatory field: body
kaminski-v/_sent_mail/1238. | Missing mandatory field: body
kaminski-v/_sent_mail/1245. | Missing mandatory field: body
kaminski-v/_sent_mail/1248. | Missing mandatory field: body
kaminski-v/_sent_mail/1249. | Missing mandatory field: body
kaminski-v/_sent_mail/125. | Missing mandatory field: body
kaminski-v/_sent_mail/1254. | Missing mandatory field: body
kaminski-v/_sent_mail/1256. | Missing mandatory field: subject
kaminski-v/_sent_mail/1257. | Missing mandatory field: subject
kaminski-v/_sent_mail/1258. | Missing mandatory field: subject
kaminski-v/_sent_mail/1259. | Missing mandatory field: subject
kaminski-v/_sent_mail/126. | Missing mandatory field: body
kaminski-v/_sent_mail/1260. | Missing mandatory field: body
kaminski-v/_sent_mail/1261. | Missing mandatory field: subject
kaminski-v/_sent_mail/1263. | Missing mandatory field: body
kaminski-v/_sent_mail/1274. | Missing mandatory field: subject
kaminski-v/_sent_mail/1276. | Missing mandatory field: body
kaminski-v/_sent_mail/1284. | Missing mandatory field: body
kaminski-v/_sent_mail/1286. | Missing mandatory field: body
kaminski-v/_sent_mail/1287. | Missing mandatory field: body
kaminski-v/_sent_mail/1290. | Missing mandatory field: body
kaminski-v/_sent_mail/1291. | Missing mandatory field: body
kaminski-v/_sent_mail/1295. | Missing mandatory field: body
kaminski-v/_sent_mail/131. | Missing mandatory field: body
kaminski-v/_sent_mail/1316. | Missing mandatory field: subject
kaminski-v/_sent_mail/1317. | Missing mandatory field: body
kaminski-v/_sent_mail/1318. | Missing mandatory field: body
kaminski-v/_sent_mail/1320. | Missing mandatory field: to_addresses
kaminski-v/_sent_mail/1322. | Missing mandatory field: subject
kaminski-v/_sent_mail/1327. | Missing mandatory field: body
kaminski-v/_sent_mail/1328. | Missing mandatory field: body
kaminski-v/_sent_mail/1329. | Missing mandatory field: body
kaminski-v/_sent_mail/1330. | Missing mandatory field: body
kaminski-v/_sent_mail/1331. | Missing mandatory field: body
kaminski-v/_sent_mail/1332. | Missing mandatory field: body
kaminski-v/_sent_mail/1334. | Missing mandatory field: subject
kaminski-v/_sent_mail/1335. | Missing mandatory field: body
kaminski-v/_sent_mail/1336. | Missing mandatory field: body
kaminski-v/_sent_mail/1338. | Missing mandatory field: body
kaminski-v/_sent_mail/1341. | Missing mandatory field: body
kaminski-v/_sent_mail/1342. | Missing mandatory field: subject
kaminski-v/_sent_mail/1344. | Missing mandatory field: body
kaminski-v/_sent_mail/1350. | Missing mandatory field: body
kaminski-v/_sent_mail/1351. | Missing mandatory field: body
kaminski-v/_sent_mail/1359. | Missing mandatory field: body
kaminski-v/_sent_mail/1361. | Missing mandatory field: body
kaminski-v/_sent_mail/1364. | Missing mandatory field: body
kaminski-v/_sent_mail/1365. | Missing mandatory field: body
kaminski-v/_sent_mail/1366. | Missing mandatory field: subject
kaminski-v/_sent_mail/1374. | Missing mandatory field: body
kaminski-v/_sent_mail/1382. | Missing mandatory field: body
kaminski-v/_sent_mail/1383. | Missing mandatory field: subject
kaminski-v/_sent_mail/1388. | Missing mandatory field: body
kaminski-v/_sent_mail/1395. | Missing mandatory field: body
kaminski-v/_sent_mail/1396. | Missing mandatory field: body
kaminski-v/_sent_mail/1397. | Missing mandatory field: body
kaminski-v/_sent_mail/1398. | Missing mandatory field: body
kaminski-v/_sent_mail/1400. | Missing mandatory field: body
kaminski-v/_sent_mail/1402. | Missing mandatory field: body
kaminski-v/_sent_mail/1403. | Missing mandatory field: body
kaminski-v/_sent_mail/1404. | Missing mandatory field: body
kaminski-v/_sent_mail/1405. | Missing mandatory field: body
kaminski-v/_sent_mail/1408. | Missing mandatory field: body
kaminski-v/_sent_mail/1420. | Missing mandatory field: body
kaminski-v/_sent_mail/1421. | Missing mandatory field: body
kaminski-v/_sent_mail/1424. | Missing mandatory field: body
kaminski-v/_sent_mail/1425. | Missing mandatory field: body
kaminski-v/_sent_mail/1426. | Missing mandatory field: body
kaminski-v/_sent_mail/1429. | Missing mandatory field: body
kaminski-v/_sent_mail/143. | Missing mandatory field: body
kaminski-v/_sent_mail/1440. | Missing mandatory field: body
kaminski-v/_sent_mail/1441. | Missing mandatory field: body
kaminski-v/_sent_mail/1459. | Missing mandatory field: subject
kaminski-v/_sent_mail/1460. | Missing mandatory field: body
kaminski-v/_sent_mail/1461. | Missing mandatory field: body
kaminski-v/_sent_mail/1465. | Missing mandatory field: body
kaminski-v/_sent_mail/1469. | Missing mandatory field: body
kaminski-v/_sent_mail/147. | Missing mandatory field: body
kaminski-v/_sent_mail/1470. | Missing mandatory field: body
kaminski-v/_sent_mail/1471. | Missing mandatory field: body
kaminski-v/_sent_mail/1472. | Missing mandatory field: body
kaminski-v/_sent_mail/1473. | Missing mandatory field: body
kaminski-v/_sent_mail/1474. | Missing mandatory field: body
kaminski-v/_sent_mail/1475. | Missing mandatory field: body
kaminski-v/_sent_mail/1476. | Missing mandatory field: body
kaminski-v/_sent_mail/1477. | Missing mandatory field: body
kaminski-v/_sent_mail/1478. | Missing mandatory field: body
kaminski-v/_sent_mail/1479. | Missing mandatory field: body
kaminski-v/_sent_mail/1480. | Missing mandatory field: body
kaminski-v/_sent_mail/1481. | Missing mandatory field: subject
kaminski-v/_sent_mail/1482. | Missing mandatory field: body
kaminski-v/_sent_mail/1483. | Missing mandatory field: body
kaminski-v/_sent_mail/1485. | Missing mandatory field: body
kaminski-v/_sent_mail/1486. | Missing mandatory field: body
kaminski-v/_sent_mail/1487. | Missing mandatory field: body
kaminski-v/_sent_mail/1488. | Missing mandatory field: body
kaminski-v/_sent_mail/1492. | Missing mandatory field: body
kaminski-v/_sent_mail/1493. | Missing mandatory field: body
kaminski-v/_sent_mail/1494. | Missing mandatory field: subject
kaminski-v/_sent_mail/1497. | Missing mandatory field: body
kaminski-v/_sent_mail/1504. | Missing mandatory field: body
kaminski-v/_sent_mail/1507. | Missing mandatory field: subject
kaminski-v/_sent_mail/1512. | Missing mandatory field: body
kaminski-v/_sent_mail/1513. | Missing mandatory field: body
kaminski-v/_sent_mail/1516. | Missing mandatory field: subject
kaminski-v/_sent_mail/1517. | Missing mandatory field: body
kaminski-v/_sent_mail/1518. | Missing mandatory field: body
kaminski-v/_sent_mail/1520. | Missing mandatory field: body
kaminski-v/_sent_mail/1521. | Missing mandatory field: subject
kaminski-v/_sent_mail/1523. | Missing mandatory field: subject
kaminski-v/_sent_mail/1526. | Missing mandatory field: body
kaminski-v/_sent_mail/1527. | Missing mandatory field: body
kaminski-v/_sent_mail/1528. | Missing mandatory field: body
kaminski-v/_sent_mail/1537. | Missing mandatory field: body
kaminski-v/_sent_mail/1538. | Missing mandatory field: body
kaminski-v/_sent_mail/1550. | Missing mandatory field: subject
kaminski-v/_sent_mail/1555. | Missing mandatory field: body
kaminski-v/_sent_mail/1556. | Missing mandatory field: body
kaminski-v/_sent_mail/1557. | Missing mandatory field: body
kaminski-v/_sent_mail/1558. | Missing mandatory field: body
kaminski-v/_sent_mail/1562. | Missing mandatory field: body
kaminski-v/_sent_mail/1565. | Missing mandatory field: body
kaminski-v/_sent_mail/1568. | Missing mandatory field: body
kaminski-v/_sent_mail/1571. | Missing mandatory field: subject
kaminski-v/_sent_mail/1576. | Missing mandatory field: body
kaminski-v/_sent_mail/1578. | Missing mandatory field: body
kaminski-v/_sent_mail/1579. | Missing mandatory field: subject
kaminski-v/_sent_mail/1585. | Missing mandatory field: subject
kaminski-v/_sent_mail/1587. | Missing mandatory field: body
kaminski-v/_sent_mail/1593. | Missing mandatory field: body
kaminski-v/_sent_mail/1598. | Missing mandatory field: body
kaminski-v/_sent_mail/1599. | Missing mandatory field: body
kaminski-v/_sent_mail/160. | Missing mandatory field: body
kaminski-v/_sent_mail/1603. | Missing mandatory field: body
kaminski-v/_sent_mail/1612. | Missing mandatory field: body
kaminski-v/_sent_mail/1616. | Missing mandatory field: body
kaminski-v/_sent_mail/162. | Missing mandatory field: body
kaminski-v/_sent_mail/1624. | Missing mandatory field: body
kaminski-v/_sent_mail/163. | Missing mandatory field: body
kaminski-v/_sent_mail/1635. | Missing mandatory field: body
kaminski-v/_sent_mail/1639. | Missing mandatory field: body
kaminski-v/_sent_mail/164. | Missing mandatory field: body
kaminski-v/_sent_mail/1644. | Missing mandatory field: body
kaminski-v/_sent_mail/1645. | Missing mandatory field: body
kaminski-v/_sent_mail/1647. | Missing mandatory field: body
kaminski-v/_sent_mail/165. | Missing mandatory field: body
kaminski-v/_sent_mail/1651. | Missing mandatory field: body
kaminski-v/_sent_mail/1663. | Missing mandatory field: body
kaminski-v/_sent_mail/1664. | Missing mandatory field: body
kaminski-v/_sent_mail/1665. | Missing mandatory field: body
kaminski-v/_sent_mail/1666. | Missing mandatory field: body
kaminski-v/_sent_mail/1668. | Missing mandatory field: body
kaminski-v/_sent_mail/1669. | Missing mandatory field: body
kaminski-v/_sent_mail/1670. | Missing mandatory field: body
kaminski-v/_sent_mail/1673. | Missing mandatory field: body
kaminski-v/_sent_mail/1676. | Missing mandatory field: body
kaminski-v/_sent_mail/1680. | Missing mandatory field: body
kaminski-v/_sent_mail/1685. | Missing mandatory field: body
kaminski-v/_sent_mail/1686. | Missing mandatory field: body
kaminski-v/_sent_mail/169. | Missing mandatory field: body
kaminski-v/_sent_mail/1690. | Missing mandatory field: body
kaminski-v/_sent_mail/1691. | Missing mandatory field: body
kaminski-v/_sent_mail/1692. | Missing mandatory field: body
kaminski-v/_sent_mail/170. | Missing mandatory field: body
kaminski-v/_sent_mail/1702. | Missing mandatory field: body
kaminski-v/_sent_mail/1712. | Missing mandatory field: body
kaminski-v/_sent_mail/1715. | Missing mandatory field: body
kaminski-v/_sent_mail/1717. | Missing mandatory field: subject
kaminski-v/_sent_mail/1721. | Missing mandatory field: subject
kaminski-v/_sent_mail/1722. | Missing mandatory field: body
kaminski-v/_sent_mail/1723. | Missing mandatory field: body
kaminski-v/_sent_mail/1727. | Missing mandatory field: body
kaminski-v/_sent_mail/1729. | Missing mandatory field: subject
kaminski-v/_sent_mail/1731. | Missing mandatory field: body
kaminski-v/_sent_mail/1736. | Missing mandatory field: body
kaminski-v/_sent_mail/1737. | Missing mandatory field: body
kaminski-v/_sent_mail/1738. | Missing mandatory field: body
kaminski-v/_sent_mail/1739. | Missing mandatory field: body
kaminski-v/_sent_mail/1740. | Missing mandatory field: body
kaminski-v/_sent_mail/1742. | Missing mandatory field: body
kaminski-v/_sent_mail/1746. | Missing mandatory field: body
kaminski-v/_sent_mail/1747. | Missing mandatory field: body
kaminski-v/_sent_mail/1748. | Missing mandatory field: subject
kaminski-v/_sent_mail/1750. | Missing mandatory field: subject
kaminski-v/_sent_mail/1755. | Missing mandatory field: body
kaminski-v/_sent_mail/1757. | Missing mandatory field: body
kaminski-v/_sent_mail/1758. | Missing mandatory field: body
kaminski-v/_sent_mail/1763. | Missing mandatory field: body
kaminski-v/_sent_mail/1765. | Missing mandatory field: body
kaminski-v/_sent_mail/1766. | Missing mandatory field: body
kaminski-v/_sent_mail/1767. | Missing mandatory field: body
kaminski-v/_sent_mail/1768. | Missing mandatory field: body
kaminski-v/_sent_mail/1769. | Missing mandatory field: body
kaminski-v/_sent_mail/1770. | Missing mandatory field: body
kaminski-v/_sent_mail/1771. | Missing mandatory field: body
kaminski-v/_sent_mail/1774. | Missing mandatory field: body
kaminski-v/_sent_mail/1775. | Missing mandatory field: body
kaminski-v/_sent_mail/1777. | Missing mandatory field: body
kaminski-v/_sent_mail/1778. | Missing mandatory field: body
kaminski-v/_sent_mail/1779. | Missing mandatory field: body
kaminski-v/_sent_mail/178. | Missing mandatory field: body
kaminski-v/_sent_mail/1785. | Missing mandatory field: body
kaminski-v/_sent_mail/1786. | Missing mandatory field: body
kaminski-v/_sent_mail/1789. | Missing mandatory field: body
kaminski-v/_sent_mail/179. | Missing mandatory field: body
kaminski-v/_sent_mail/1790. | Missing mandatory field: body
kaminski-v/_sent_mail/1792. | Missing mandatory field: subject
kaminski-v/_sent_mail/1793. | Missing mandatory field: body
kaminski-v/_sent_mail/1794. | Missing mandatory field: body
kaminski-v/_sent_mail/1795. | Missing mandatory field: body
kaminski-v/_sent_mail/1796. | Missing mandatory field: body
kaminski-v/_sent_mail/1797. | Missing mandatory field: body
kaminski-v/_sent_mail/1799. | Missing mandatory field: body
kaminski-v/_sent_mail/18. | Missing mandatory field: body
kaminski-v/_sent_mail/180. | Missing mandatory field: body
kaminski-v/_sent_mail/1800. | Missing mandatory field: body
kaminski-v/_sent_mail/1801. | Missing mandatory field: body
kaminski-v/_sent_mail/1804. | Missing mandatory field: body
kaminski-v/_sent_mail/181. | Missing mandatory field: body
kaminski-v/_sent_mail/1810. | Missing mandatory field: body
kaminski-v/_sent_mail/1811. | Missing mandatory field: body
kaminski-v/_sent_mail/1813. | Missing mandatory field: body
kaminski-v/_sent_mail/1814. | Missing mandatory field: body
kaminski-v/_sent_mail/1815. | Missing mandatory field: body
kaminski-v/_sent_mail/1816. | Missing mandatory field: body
kaminski-v/_sent_mail/182. | Missing mandatory field: body
kaminski-v/_sent_mail/1820. | Missing mandatory field: body
kaminski-v/_sent_mail/1825. | Missing mandatory field: body
kaminski-v/_sent_mail/1826. | Missing mandatory field: body
kaminski-v/_sent_mail/1828. | Missing mandatory field: body
kaminski-v/_sent_mail/1830. | Missing mandatory field: body
kaminski-v/_sent_mail/1832. | Missing mandatory field: body
kaminski-v/_sent_mail/1834. | Missing mandatory field: body
kaminski-v/_sent_mail/1835. | Missing mandatory field: subject
kaminski-v/_sent_mail/1839. | Missing mandatory field: body
kaminski-v/_sent_mail/184. | Missing mandatory field: body
kaminski-v/_sent_mail/1840. | Missing mandatory field: subject
kaminski-v/_sent_mail/1841. | Missing mandatory field: body
kaminski-v/_sent_mail/1843. | Missing mandatory field: body
kaminski-v/_sent_mail/1848. | Missing mandatory field: body
kaminski-v/_sent_mail/1849. | Missing mandatory field: body
kaminski-v/_sent_mail/185. | Missing mandatory field: body
kaminski-v/_sent_mail/1850. | Missing mandatory field: body
kaminski-v/_sent_mail/1853. | Missing mandatory field: body
kaminski-v/_sent_mail/1854. | Missing mandatory field: body
kaminski-v/_sent_mail/1855. | Missing mandatory field: to_addresses
kaminski-v/_sent_mail/1856. | Missing mandatory field: subject
kaminski-v/_sent_mail/186. | Missing mandatory field: body
kaminski-v/_sent_mail/1866. | Missing mandatory field: body
kaminski-v/_sent_mail/1867. | Missing mandatory field: body
kaminski-v/_sent_mail/1869. | Missing mandatory field: body
kaminski-v/_sent_mail/1876. | Missing mandatory field: body
kaminski-v/_sent_mail/1877. | Missing mandatory field: body
kaminski-v/_sent_mail/1878. | Missing mandatory field: body
kaminski-v/_sent_mail/1880. | Missing mandatory field: body
kaminski-v/_sent_mail/1881. | Missing mandatory field: body
kaminski-v/_sent_mail/1883. | Missing mandatory field: body
kaminski-v/_sent_mail/1885. | Missing mandatory field: body
kaminski-v/_sent_mail/1886. | Missing mandatory field: subject
kaminski-v/_sent_mail/1887. | Missing mandatory field: body
kaminski-v/_sent_mail/1888. | Missing mandatory field: body
kaminski-v/_sent_mail/1889. | Missing mandatory field: body
kaminski-v/_sent_mail/1890. | Missing mandatory field: body
kaminski-v/_sent_mail/1892. | Missing mandatory field: subject
kaminski-v/_sent_mail/1893. | Missing mandatory field: body
kaminski-v/_sent_mail/1895. | Missing mandatory field: body
kaminski-v/_sent_mail/19. | Missing mandatory field: body
kaminski-v/_sent_mail/1900. | Missing mandatory field: body
kaminski-v/_sent_mail/1901. | Missing mandatory field: subject
kaminski-v/_sent_mail/1902. | Missing mandatory field: body
kaminski-v/_sent_mail/1907. | Missing mandatory field: subject
kaminski-v/_sent_mail/1908. | Missing mandatory field: subject
kaminski-v/_sent_mail/1912. | Missing mandatory field: body
kaminski-v/_sent_mail/1915. | Missing mandatory field: body
kaminski-v/_sent_mail/1916. | Missing mandatory field: subject
kaminski-v/_sent_mail/1917. | Missing mandatory field: body
kaminski-v/_sent_mail/1920. | Missing mandatory field: body
kaminski-v/_sent_mail/1922. | Missing mandatory field: subject
kaminski-v/_sent_mail/1924. | Missing mandatory field: body
kaminski-v/_sent_mail/1926. | Missing mandatory field: subject
kaminski-v/_sent_mail/1929. | Missing mandatory field: subject
kaminski-v/_sent_mail/1935. | Missing mandatory field: body
kaminski-v/_sent_mail/1946. | Missing mandatory field: subject
kaminski-v/_sent_mail/1947. | Missing mandatory field: subject
kaminski-v/_sent_mail/1953. | Missing mandatory field: subject
kaminski-v/_sent_mail/1955. | Missing mandatory field: body
kaminski-v/_sent_mail/1967. | Missing mandatory field: subject
kaminski-v/_sent_mail/1968. | Missing mandatory field: body
kaminski-v/_sent_mail/197. | Missing mandatory field: body
kaminski-v/_sent_mail/1974. | Missing mandatory field: body
kaminski-v/_sent_mail/1977. | Missing mandatory field: body
kaminski-v/_sent_mail/1979. | Missing mandatory field: body
kaminski-v/_sent_mail/198. | Missing mandatory field: subject
kaminski-v/_sent_mail/1981. | Missing mandatory field: body
kaminski-v/_sent_mail/1982. | Missing mandatory field: subject
kaminski-v/_sent_mail/1983. | Missing mandatory field: body
kaminski-v/_sent_mail/1984. | Missing mandatory field: body
kaminski-v/_sent_mail/1985. | Missing mandatory field: subject
kaminski-v/_sent_mail/1986. | Missing mandatory field: body
kaminski-v/_sent_mail/1987. | Missing mandatory field: body
kaminski-v/_sent_mail/1988. | Missing mandatory field: body
kaminski-v/_sent_mail/1989. | Missing mandatory field: body
kaminski-v/_sent_mail/1990. | Missing mandatory field: body
kaminski-v/_sent_mail/1991. | Missing mandatory field: subject
kaminski-v/_sent_mail/1994. | Missing mandatory field: body
kaminski-v/_sent_mail/1995. | Missing mandatory field: body
kaminski-v/_sent_mail/1999. | Missing mandatory field: body
kaminski-v/_sent_mail/20. | Missing mandatory field: body
kaminski-v/_sent_mail/2000. | Missing mandatory field: body
kaminski-v/_sent_mail/2001. | Missing mandatory field: body
kaminski-v/_sent_mail/2002. | Missing mandatory field: subject
kaminski-v/_sent_mail/2003. | Missing mandatory field: body
kaminski-v/_sent_mail/2004. | Missing mandatory field: body
kaminski-v/_sent_mail/2005. | Missing mandatory field: body
kaminski-v/_sent_mail/2008. | Missing mandatory field: body
kaminski-v/_sent_mail/2009. | Missing mandatory field: body
kaminski-v/_sent_mail/201. | Missing mandatory field: body
kaminski-v/_sent_mail/2010. | Missing mandatory field: body
kaminski-v/_sent_mail/2011. | Missing mandatory field: body
kaminski-v/_sent_mail/2012. | Missing mandatory field: body
kaminski-v/_sent_mail/2013. | Missing mandatory field: body
kaminski-v/_sent_mail/2015. | Missing mandatory field: body
kaminski-v/_sent_mail/2017. | Missing mandatory field: body
kaminski-v/_sent_mail/2019. | Missing mandatory field: body
kaminski-v/_sent_mail/2020. | Missing mandatory field: body
kaminski-v/_sent_mail/2022. | Missing mandatory field: body
kaminski-v/_sent_mail/2023. | Missing mandatory field: body
kaminski-v/_sent_mail/2024. | Missing mandatory field: body
kaminski-v/_sent_mail/2028. | Missing mandatory field: body
kaminski-v/_sent_mail/2029. | Missing mandatory field: body
kaminski-v/_sent_mail/203. | Missing mandatory field: body
kaminski-v/_sent_mail/2030. | Missing mandatory field: subject
kaminski-v/_sent_mail/2031. | Missing mandatory field: body
kaminski-v/_sent_mail/2032. | Missing mandatory field: body
kaminski-v/_sent_mail/2033. | Missing mandatory field: body
kaminski-v/_sent_mail/2034. | Missing mandatory field: body
kaminski-v/_sent_mail/2035. | Missing mandatory field: body
kaminski-v/_sent_mail/2036. | Missing mandatory field: body
kaminski-v/_sent_mail/2038. | Missing mandatory field: body
kaminski-v/_sent_mail/204. | Missing mandatory field: body
kaminski-v/_sent_mail/2040. | Missing mandatory field: body
kaminski-v/_sent_mail/2043. | Missing mandatory field: body
kaminski-v/_sent_mail/2044. | Missing mandatory field: body
kaminski-v/_sent_mail/2045. | Missing mandatory field: body
kaminski-v/_sent_mail/2049. | Missing mandatory field: body
kaminski-v/_sent_mail/205. | Missing mandatory field: subject
kaminski-v/_sent_mail/2051. | Missing mandatory field: body
kaminski-v/_sent_mail/2052. | Missing mandatory field: body
kaminski-v/_sent_mail/2054. | Missing mandatory field: body
kaminski-v/_sent_mail/206. | Missing mandatory field: body
kaminski-v/_sent_mail/2072. | Missing mandatory field: body
kaminski-v/_sent_mail/2076. | Missing mandatory field: subject
kaminski-v/_sent_mail/2077. | Missing mandatory field: body
kaminski-v/_sent_mail/2082. | Missing mandatory field: subject
kaminski-v/_sent_mail/2086. | Missing mandatory field: subject
kaminski-v/_sent_mail/2094. | Missing mandatory field: body
kaminski-v/_sent_mail/2095. | Missing mandatory field: body
kaminski-v/_sent_mail/2096. | Missing mandatory field: body
kaminski-v/_sent_mail/2097. | Missing mandatory field: subject
kaminski-v/_sent_mail/2098. | Missing mandatory field: subject
kaminski-v/_sent_mail/2105. | Missing mandatory field: body
kaminski-v/_sent_mail/2106. | Missing mandatory field: body
kaminski-v/_sent_mail/2107. | Missing mandatory field: body
kaminski-v/_sent_mail/2110. | Missing mandatory field: body
kaminski-v/_sent_mail/2115. | Missing mandatory field: body
kaminski-v/_sent_mail/2126. | Missing mandatory field: body
kaminski-v/_sent_mail/2132. | Missing mandatory field: body
kaminski-v/_sent_mail/2133. | Missing mandatory field: body
kaminski-v/_sent_mail/2136. | Missing mandatory field: body
kaminski-v/_sent_mail/2138. | Missing mandatory field: body
kaminski-v/_sent_mail/2141. | Missing mandatory field: body
kaminski-v/_sent_mail/2143. | Missing mandatory field: body
kaminski-v/_sent_mail/215. | Missing mandatory field: body
kaminski-v/_sent_mail/2151. | Missing mandatory field: body
kaminski-v/_sent_mail/2152. | Missing mandatory field: subject
kaminski-v/_sent_mail/2154. | Missing mandatory field: subject
kaminski-v/_sent_mail/2157. | Missing mandatory field: body
kaminski-v/_sent_mail/2158. | Missing mandatory field: subject
kaminski-v/_sent_mail/2159. | Missing mandatory field: body
kaminski-v/_sent_mail/216. | Missing mandatory field: body
kaminski-v/_sent_mail/2163. | Missing mandatory field: subject
kaminski-v/_sent_mail/2166. | Missing mandatory field: body
kaminski-v/_sent_mail/2168. | Missing mandatory field: body
kaminski-v/_sent_mail/217. | Missing mandatory field: body
kaminski-v/_sent_mail/2171. | Missing mandatory field: subject
kaminski-v/_sent_mail/2173. | Missing mandatory field: subject
kaminski-v/_sent_mail/218. | Missing mandatory field: body
kaminski-v/_sent_mail/2180. | Missing mandatory field: subject
kaminski-v/_sent_mail/2182. | Missing mandatory field: subject
kaminski-v/_sent_mail/2183. | Missing mandatory field: subject
kaminski-v/_sent_mail/2184. | Missing mandatory field: body
kaminski-v/_sent_mail/2185. | Missing mandatory field: subject
kaminski-v/_sent_mail/2192. | Missing mandatory field: body
kaminski-v/_sent_mail/220. | Missing mandatory field: body
kaminski-v/_sent_mail/2208. | Missing mandatory field: body
kaminski-v/_sent_mail/2209. | Missing mandatory field: body
kaminski-v/_sent_mail/2210. | Missing mandatory field: body
kaminski-v/_sent_mail/2213. | Missing mandatory field: to_addresses
kaminski-v/_sent_mail/2214. | Missing mandatory field: subject
kaminski-v/_sent_mail/2215. | Missing mandatory field: body
kaminski-v/_sent_mail/2218. | Missing mandatory field: body
kaminski-v/_sent_mail/2219. | Missing mandatory field: body
kaminski-v/_sent_mail/222. | Missing mandatory field: body
kaminski-v/_sent_mail/2221. | Missing mandatory field: subject
kaminski-v/_sent_mail/2222. | Missing mandatory field: body
kaminski-v/_sent_mail/2223. | Missing mandatory field: body
kaminski-v/_sent_mail/2224. | Missing mandatory field: subject
kaminski-v/_sent_mail/2228. | Missing mandatory field: body
kaminski-v/_sent_mail/2229. | Missing mandatory field: body
kaminski-v/_sent_mail/223. | Missing mandatory field: body
kaminski-v/_sent_mail/2236. | Missing mandatory field: body
kaminski-v/_sent_mail/2239. | Missing mandatory field: body
kaminski-v/_sent_mail/224. | Missing mandatory field: body
kaminski-v/_sent_mail/2243. | Missing mandatory field: subject
kaminski-v/_sent_mail/2246. | Missing mandatory field: body
kaminski-v/_sent_mail/2247. | Missing mandatory field: body
kaminski-v/_sent_mail/225. | Missing mandatory field: body
kaminski-v/_sent_mail/226. | Missing mandatory field: body
kaminski-v/_sent_mail/2262. | Missing mandatory field: body
kaminski-v/_sent_mail/227. | Missing mandatory field: body
kaminski-v/_sent_mail/2270. | Missing mandatory field: subject
kaminski-v/_sent_mail/228. | Missing mandatory field: body
kaminski-v/_sent_mail/229. | Missing mandatory field: body
kaminski-v/_sent_mail/2295. | Missing mandatory field: body
kaminski-v/_sent_mail/2296. | Missing mandatory field: body
kaminski-v/_sent_mail/2297. | Missing mandatory field: subject
kaminski-v/_sent_mail/2299. | Missing mandatory field: body
kaminski-v/_sent_mail/2306. | Missing mandatory field: body
kaminski-v/_sent_mail/2308. | Missing mandatory field: body
kaminski-v/_sent_mail/2309. | Missing mandatory field: body
kaminski-v/_sent_mail/231. | Missing mandatory field: body
kaminski-v/_sent_mail/232. | Missing mandatory field: body
kaminski-v/_sent_mail/233. | Missing mandatory field: body
kaminski-v/_sent_mail/2332. | Missing mandatory field: body
kaminski-v/_sent_mail/2333. | Missing mandatory field: body
kaminski-v/_sent_mail/2335. | Missing mandatory field: body
kaminski-v/_sent_mail/2336. | Missing mandatory field: body
kaminski-v/_sent_mail/2337. | Missing mandatory field: body
kaminski-v/_sent_mail/2338. | Missing mandatory field: body
kaminski-v/_sent_mail/234. | Missing mandatory field: body
kaminski-v/_sent_mail/2340. | Missing mandatory field: body
kaminski-v/_sent_mail/2342. | Missing mandatory field: body
kaminski-v/_sent_mail/2343. | Missing mandatory field: body
kaminski-v/_sent_mail/2347. | Missing mandatory field: subject
kaminski-v/_sent_mail/2349. | Missing mandatory field: subject
kaminski-v/_sent_mail/235. | Missing mandatory field: body
kaminski-v/_sent_mail/2350. | Missing mandatory field: subject
kaminski-v/_sent_mail/2351. | Missing mandatory field: body
kaminski-v/_sent_mail/2354. | Missing mandatory field: body
kaminski-v/_sent_mail/236. | Missing mandatory field: body
kaminski-v/_sent_mail/2362. | Missing mandatory field: body
kaminski-v/_sent_mail/2363. | Missing mandatory field: body
kaminski-v/_sent_mail/2364. | Missing mandatory field: body
kaminski-v/_sent_mail/2365. | Missing mandatory field: body
kaminski-v/_sent_mail/2389. | Missing mandatory field: subject
kaminski-v/_sent_mail/2392. | Missing mandatory field: body
kaminski-v/_sent_mail/2393. | Missing mandatory field: body
kaminski-v/_sent_mail/2398. | Missing mandatory field: body
kaminski-v/_sent_mail/2405. | Missing mandatory field: subject
kaminski-v/_sent_mail/2406. | Missing mandatory field: subject
kaminski-v/_sent_mail/2409. | Missing mandatory field: subject
kaminski-v/_sent_mail/2413. | Missing mandatory field: subject
kaminski-v/_sent_mail/2419. | Missing mandatory field: body
kaminski-v/_sent_mail/2427. | Missing mandatory field: body
kaminski-v/_sent_mail/2428. | Missing mandatory field: subject
kaminski-v/_sent_mail/2429. | Missing mandatory field: subject
kaminski-v/_sent_mail/2432. | Missing mandatory field: subject
kaminski-v/_sent_mail/2435. | Missing mandatory field: to_addresses
kaminski-v/_sent_mail/2438. | Missing mandatory field: body
kaminski-v/_sent_mail/2442. | Missing mandatory field: body
kaminski-v/_sent_mail/2444. | Missing mandatory field: body
kaminski-v/_sent_mail/2448. | Missing mandatory field: body
kaminski-v/_sent_mail/2451. | Missing mandatory field: body
kaminski-v/_sent_mail/247. | Missing mandatory field: subject
kaminski-v/_sent_mail/2471. | Missing mandatory field: body
kaminski-v/_sent_mail/2478. | Missing mandatory field: subject
kaminski-v/_sent_mail/2483. | Missing mandatory field: body
kaminski-v/_sent_mail/2484. | Missing mandatory field: body
kaminski-v/_sent_mail/2488. | Missing mandatory field: subject
kaminski-v/_sent_mail/2489. | Missing mandatory field: body
kaminski-v/_sent_mail/2501. | Missing mandatory field: body
kaminski-v/_sent_mail/2502. | Missing mandatory field: subject
kaminski-v/_sent_mail/2508. | Missing mandatory field: body
kaminski-v/_sent_mail/251. | Missing mandatory field: body
kaminski-v/_sent_mail/2512. | Missing mandatory field: body
kaminski-v/_sent_mail/2513. | Missing mandatory field: body
kaminski-v/_sent_mail/2515. | Missing mandatory field: body
kaminski-v/_sent_mail/2525. | Missing mandatory field: body
kaminski-v/_sent_mail/253. | Missing mandatory field: body
kaminski-v/_sent_mail/2534. | Missing mandatory field: body
kaminski-v/_sent_mail/2535. | Missing mandatory field: body
kaminski-v/_sent_mail/2536. | Missing mandatory field: body
kaminski-v/_sent_mail/2537. | Missing mandatory field: body
kaminski-v/_sent_mail/2538. | Missing mandatory field: body
kaminski-v/_sent_mail/2539. | Missing mandatory field: subject
kaminski-v/_sent_mail/254. | Missing mandatory field: body
kaminski-v/_sent_mail/2540. | Missing mandatory field: subject
kaminski-v/_sent_mail/2541. | Missing mandatory field: subject
kaminski-v/_sent_mail/2542. | Missing mandatory field: body
kaminski-v/_sent_mail/2543. | Missing mandatory field: body
kaminski-v/_sent_mail/2551. | Missing mandatory field: subject
kaminski-v/_sent_mail/2553. | Missing mandatory field: body
kaminski-v/_sent_mail/2559. | Missing mandatory field: body
kaminski-v/_sent_mail/256. | Missing mandatory field: body
kaminski-v/_sent_mail/2561. | Missing mandatory field: body
kaminski-v/_sent_mail/2563. | Missing mandatory field: body
kaminski-v/_sent_mail/2568. | Missing mandatory field: subject
kaminski-v/_sent_mail/257. | Missing mandatory field: body
kaminski-v/_sent_mail/2571. | Missing mandatory field: body
kaminski-v/_sent_mail/2572. | Missing mandatory field: subject
kaminski-v/_sent_mail/2573. | Missing mandatory field: body
kaminski-v/_sent_mail/2574. | Missing mandatory field: subject
kaminski-v/_sent_mail/2578. | Missing mandatory field: body
kaminski-v/_sent_mail/2579. | Missing mandatory field: body
kaminski-v/_sent_mail/268. | Missing mandatory field: body
kaminski-v/_sent_mail/27. | Missing mandatory field: body
kaminski-v/_sent_mail/273. | Missing mandatory field: body
kaminski-v/_sent_mail/28. | Missing mandatory field: body
kaminski-v/_sent_mail/288. | Missing mandatory field: body
kaminski-v/_sent_mail/290. | Missing mandatory field: body
kaminski-v/_sent_mail/291. | Missing mandatory field: subject
kaminski-v/_sent_mail/292. | Missing mandatory field: body
kaminski-v/_sent_mail/293. | Missing mandatory field: body
kaminski-v/_sent_mail/295. | Missing mandatory field: body
kaminski-v/_sent_mail/299. | Missing mandatory field: body
kaminski-v/_sent_mail/3. | Missing mandatory field: body
kaminski-v/_sent_mail/30. | Missing mandatory field: body
kaminski-v/_sent_mail/300. | Missing mandatory field: body
kaminski-v/_sent_mail/301. | Missing mandatory field: body
kaminski-v/_sent_mail/302. | Missing mandatory field: body
kaminski-v/_sent_mail/306. | Missing mandatory field: body
kaminski-v/_sent_mail/308. | Missing mandatory field: body
kaminski-v/_sent_mail/31. | Missing mandatory field: body
kaminski-v/_sent_mail/310. | Missing mandatory field: body
kaminski-v/_sent_mail/311. | Missing mandatory field: subject
kaminski-v/_sent_mail/312. | Missing mandatory field: body
kaminski-v/_sent_mail/314. | Missing mandatory field: body
kaminski-v/_sent_mail/316. | Missing mandatory field: body
kaminski-v/_sent_mail/317. | Missing mandatory field: body
kaminski-v/_sent_mail/319. | Missing mandatory field: body
kaminski-v/_sent_mail/321. | Missing mandatory field: body
kaminski-v/_sent_mail/322. | Missing mandatory field: body
kaminski-v/_sent_mail/323. | Missing mandatory field: body
kaminski-v/_sent_mail/324. | Missing mandatory field: body
kaminski-v/_sent_mail/325. | Missing mandatory field: body
kaminski-v/_sent_mail/327. | Missing mandatory field: body
kaminski-v/_sent_mail/328. | Missing mandatory field: body
kaminski-v/_sent_mail/329. | Missing mandatory field: body
kaminski-v/_sent_mail/331. | Missing mandatory field: body
kaminski-v/_sent_mail/332. | Missing mandatory field: subject
kaminski-v/_sent_mail/334. | Missing mandatory field: body
kaminski-v/_sent_mail/335. | Missing mandatory field: body
kaminski-v/_sent_mail/338. | Missing mandatory field: body
kaminski-v/_sent_mail/343. | Missing mandatory field: body
kaminski-v/_sent_mail/345. | Missing mandatory field: body
kaminski-v/_sent_mail/346. | Missing mandatory field: body
kaminski-v/_sent_mail/351. | Missing mandatory field: body
kaminski-v/_sent_mail/354. | Missing mandatory field: body
kaminski-v/_sent_mail/357. | Missing mandatory field: body
kaminski-v/_sent_mail/36. | Missing mandatory field: body
kaminski-v/_sent_mail/360. | Missing mandatory field: body
kaminski-v/_sent_mail/365. | Missing mandatory field: subject
kaminski-v/_sent_mail/366. | Missing mandatory field: body
kaminski-v/_sent_mail/374. | Missing mandatory field: body
kaminski-v/_sent_mail/376. | Missing mandatory field: body
kaminski-v/_sent_mail/380. | Missing mandatory field: body
kaminski-v/_sent_mail/384. | Missing mandatory field: body
kaminski-v/_sent_mail/385. | Missing mandatory field: subject
kaminski-v/_sent_mail/386. | Missing mandatory field: body
kaminski-v/_sent_mail/387. | Missing mandatory field: body
kaminski-v/_sent_mail/389. | Missing mandatory field: body
kaminski-v/_sent_mail/390. | Missing mandatory field: body
kaminski-v/_sent_mail/391. | Missing mandatory field: body
kaminski-v/_sent_mail/3914. | Missing mandatory field: body
kaminski-v/_sent_mail/3932. | Missing mandatory field: body
kaminski-v/_sent_mail/3938. | Missing mandatory field: body
kaminski-v/_sent_mail/3939. | Missing mandatory field: body
kaminski-v/_sent_mail/394. | Missing mandatory field: body
kaminski-v/_sent_mail/3940. | Missing mandatory field: body
kaminski-v/_sent_mail/3947. | Missing mandatory field: body
kaminski-v/_sent_mail/3951. | Missing mandatory field: subject
kaminski-v/_sent_mail/3953. | Missing mandatory field: body
kaminski-v/_sent_mail/3954. | Missing mandatory field: body
kaminski-v/_sent_mail/3958. | Missing mandatory field: body
kaminski-v/_sent_mail/3959. | Missing mandatory field: body
kaminski-v/_sent_mail/396. | Missing mandatory field: body
kaminski-v/_sent_mail/3961. | Missing mandatory field: body
kaminski-v/_sent_mail/3962. | Missing mandatory field: body
kaminski-v/_sent_mail/3963. | Missing mandatory field: subject
kaminski-v/_sent_mail/3964. | Missing mandatory field: body
kaminski-v/_sent_mail/3967. | Missing mandatory field: body
kaminski-v/_sent_mail/397. | Missing mandatory field: body
kaminski-v/_sent_mail/3972. | Missing mandatory field: body
kaminski-v/_sent_mail/398. | Missing mandatory field: body
kaminski-v/_sent_mail/3982. | Missing mandatory field: body
kaminski-v/_sent_mail/3984. | Missing mandatory field: body
kaminski-v/_sent_mail/3985. | Missing mandatory field: subject
kaminski-v/_sent_mail/399. | Missing mandatory field: subject
kaminski-v/_sent_mail/4. | Missing mandatory field: body
kaminski-v/_sent_mail/4003. | Missing mandatory field: subject
kaminski-v/_sent_mail/4005. | Missing mandatory field: body
kaminski-v/_sent_mail/401. | Missing mandatory field: body
kaminski-v/_sent_mail/4010. | Missing mandatory field: body
kaminski-v/_sent_mail/4011. | Missing mandatory field: body
kaminski-v/_sent_mail/402. | Missing mandatory field: body
kaminski-v/_sent_mail/4024. | Missing mandatory field: subject
kaminski-v/_sent_mail/4029. | Missing mandatory field: body
kaminski-v/_sent_mail/403. | Missing mandatory field: body
kaminski-v/_sent_mail/4030. | Missing mandatory field: body
kaminski-v/_sent_mail/4036. | Missing mandatory field: body
kaminski-v/_sent_mail/4037. | Missing mandatory field: body
kaminski-v/_sent_mail/4038. | Missing mandatory field: body
kaminski-v/_sent_mail/4039. | Missing mandatory field: body
kaminski-v/_sent_mail/404. | Missing mandatory field: body
kaminski-v/_sent_mail/4040. | Missing mandatory field: body
kaminski-v/_sent_mail/4041. | Missing mandatory field: subject
kaminski-v/_sent_mail/4043. | Missing mandatory field: body
kaminski-v/_sent_mail/4048. | Missing mandatory field: subject
kaminski-v/_sent_mail/4049. | Missing mandatory field: subject
kaminski-v/_sent_mail/405. | Missing mandatory field: body
kaminski-v/_sent_mail/4051. | Missing mandatory field: body
kaminski-v/_sent_mail/4055. | Missing mandatory field: body
kaminski-v/_sent_mail/4056. | Missing mandatory field: body
kaminski-v/_sent_mail/4057. | Missing mandatory field: body
kaminski-v/_sent_mail/406. | Missing mandatory field: body
kaminski-v/_sent_mail/4061. | Missing mandatory field: subject
kaminski-v/_sent_mail/4065. | Missing mandatory field: body
kaminski-v/_sent_mail/4067. | Missing mandatory field: subject
kaminski-v/_sent_mail/407. | Missing mandatory field: body
kaminski-v/_sent_mail/4071. | Missing mandatory field: body
kaminski-v/_sent_mail/4072. | Missing mandatory field: body
kaminski-v/_sent_mail/4074. | Missing mandatory field: body
kaminski-v/_sent_mail/4075. | Missing mandatory field: body
kaminski-v/_sent_mail/4077. | Missing mandatory field: body
kaminski-v/_sent_mail/4083. | Missing mandatory field: body
kaminski-v/_sent_mail/4086. | Missing mandatory field: subject
kaminski-v/_sent_mail/4091. | Missing mandatory field: subject
kaminski-v/_sent_mail/4093. | Missing mandatory field: subject
kaminski-v/_sent_mail/4095. | Missing mandatory field: body
kaminski-v/_sent_mail/4106. | Missing mandatory field: body
kaminski-v/_sent_mail/4108. | Missing mandatory field: body
kaminski-v/_sent_mail/411. | Missing mandatory field: body
kaminski-v/_sent_mail/4110. | Missing mandatory field: body
kaminski-v/_sent_mail/4111. | Missing mandatory field: body
kaminski-v/_sent_mail/4117. | Missing mandatory field: body
kaminski-v/_sent_mail/4118. | Missing mandatory field: body
kaminski-v/_sent_mail/4119. | Missing mandatory field: subject
kaminski-v/_sent_mail/4120. | Missing mandatory field: subject
kaminski-v/_sent_mail/4122. | Missing mandatory field: body
kaminski-v/_sent_mail/4126. | Missing mandatory field: body
kaminski-v/_sent_mail/4129. | Missing mandatory field: body
kaminski-v/_sent_mail/413. | Missing mandatory field: body
kaminski-v/_sent_mail/4131. | Missing mandatory field: to_addresses
kaminski-v/_sent_mail/4133. | Missing mandatory field: subject
kaminski-v/_sent_mail/4137. | Missing mandatory field: body
kaminski-v/_sent_mail/414. | Missing mandatory field: body
kaminski-v/_sent_mail/4149. | Missing mandatory field: subject
kaminski-v/_sent_mail/416. | Missing mandatory field: subject
kaminski-v/_sent_mail/4162. | Missing mandatory field: subject
kaminski-v/_sent_mail/4164. | Missing mandatory field: body
kaminski-v/_sent_mail/4165. | Missing mandatory field: subject
kaminski-v/_sent_mail/4167. | Missing mandatory field: body
kaminski-v/_sent_mail/417. | Missing mandatory field: body
kaminski-v/_sent_mail/4171. | Missing mandatory field: body
kaminski-v/_sent_mail/4176. | Missing mandatory field: body
kaminski-v/_sent_mail/4179. | Missing mandatory field: subject
kaminski-v/_sent_mail/4180. | Missing mandatory field: body
kaminski-v/_sent_mail/4182. | Missing mandatory field: subject
kaminski-v/_sent_mail/4183. | Missing mandatory field: subject
kaminski-v/_sent_mail/4184. | Missing mandatory field: body
kaminski-v/_sent_mail/419. | Missing mandatory field: body
kaminski-v/_sent_mail/4192. | Missing mandatory field: body
kaminski-v/_sent_mail/4193. | Missing mandatory field: subject
kaminski-v/_sent_mail/4194. | Missing mandatory field: body
kaminski-v/_sent_mail/4196. | Missing mandatory field: body
kaminski-v/_sent_mail/4197. | Missing mandatory field: to_addresses
kaminski-v/_sent_mail/4198. | Missing mandatory field: body
kaminski-v/_sent_mail/42. | Missing mandatory field: body
kaminski-v/_sent_mail/421. | Missing mandatory field: body
kaminski-v/_sent_mail/4210. | Missing mandatory field: subject
kaminski-v/_sent_mail/4216. | Missing mandatory field: body
kaminski-v/_sent_mail/422. | Missing mandatory field: body
kaminski-v/_sent_mail/4220. | Missing mandatory field: body
kaminski-v/_sent_mail/4224. | Missing mandatory field: body
kaminski-v/_sent_mail/4230. | Missing mandatory field: body
kaminski-v/_sent_mail/4234. | Missing mandatory field: body
kaminski-v/_sent_mail/424. | Missing mandatory field: body
kaminski-v/_sent_mail/4247. | Missing mandatory field: body
kaminski-v/_sent_mail/425. | Missing mandatory field: body
kaminski-v/_sent_mail/4256. | Missing mandatory field: subject
kaminski-v/_sent_mail/4258. | Missing mandatory field: body
kaminski-v/_sent_mail/4260. | Missing mandatory field: body
kaminski-v/_sent_mail/4261. | Missing mandatory field: body
kaminski-v/_sent_mail/4262. | Missing mandatory field: body
kaminski-v/_sent_mail/4263. | Missing mandatory field: body
kaminski-v/_sent_mail/4264. | Missing mandatory field: body
kaminski-v/_sent_mail/4265. | Missing mandatory field: body
kaminski-v/_sent_mail/4266. | Missing mandatory field: subject
kaminski-v/_sent_mail/4267. | Missing mandatory field: body
kaminski-v/_sent_mail/4268. | Missing mandatory field: body
kaminski-v/_sent_mail/4269. | Missing mandatory field: body
kaminski-v/_sent_mail/427. | Missing mandatory field: body
kaminski-v/_sent_mail/4271. | Missing mandatory field: body
kaminski-v/_sent_mail/428. | Missing mandatory field: body
kaminski-v/_sent_mail/4280. | Missing mandatory field: body
kaminski-v/_sent_mail/4285. | Missing mandatory field: body
kaminski-v/_sent_mail/4295. | Missing mandatory field: subject
kaminski-v/_sent_mail/4296. | Missing mandatory field: subject
kaminski-v/_sent_mail/43. | Missing mandatory field: body
kaminski-v/_sent_mail/430. | Missing mandatory field: body
kaminski-v/_sent_mail/4307. | Missing mandatory field: body
kaminski-v/_sent_mail/431. | Missing mandatory field: body
kaminski-v/_sent_mail/4312. | Missing mandatory field: body
kaminski-v/_sent_mail/4313. | Missing mandatory field: body
kaminski-v/_sent_mail/4314. | Missing mandatory field: body
kaminski-v/_sent_mail/4315. | Missing mandatory field: body
kaminski-v/_sent_mail/4317. | Missing mandatory field: body
kaminski-v/_sent_mail/4318. | Missing mandatory field: body
kaminski-v/_sent_mail/4319. | Missing mandatory field: body
kaminski-v/_sent_mail/4325. | Missing mandatory field: body
kaminski-v/_sent_mail/4327. | Missing mandatory field: body
kaminski-v/_sent_mail/4329. | Missing mandatory field: body
kaminski-v/_sent_mail/4330. | Missing mandatory field: body
kaminski-v/_sent_mail/4333. | Missing mandatory field: body
kaminski-v/_sent_mail/4336. | Missing mandatory field: body
kaminski-v/_sent_mail/434. | Missing mandatory field: body
kaminski-v/_sent_mail/4342. | Missing mandatory field: body
kaminski-v/_sent_mail/4345. | Missing mandatory field: body
kaminski-v/_sent_mail/4346. | Missing mandatory field: body
kaminski-v/_sent_mail/4348. | Missing mandatory field: body
kaminski-v/_sent_mail/435. | Missing mandatory field: body
kaminski-v/_sent_mail/4353. | Missing mandatory field: body
kaminski-v/_sent_mail/4359. | Missing mandatory field: body
kaminski-v/_sent_mail/4360. | Missing mandatory field: body
kaminski-v/_sent_mail/4362. | Missing mandatory field: body
kaminski-v/_sent_mail/4364. | Missing mandatory field: body
kaminski-v/_sent_mail/4367. | Missing mandatory field: body
kaminski-v/_sent_mail/4369. | Missing mandatory field: body
kaminski-v/_sent_mail/437. | Missing mandatory field: body
kaminski-v/_sent_mail/4370. | Missing mandatory field: body
kaminski-v/_sent_mail/4372. | Missing mandatory field: body
kaminski-v/_sent_mail/4375. | Missing mandatory field: body
kaminski-v/_sent_mail/438. | Missing mandatory field: body
kaminski-v/_sent_mail/4381. | Missing mandatory field: body
kaminski-v/_sent_mail/4384. | Missing mandatory field: subject
kaminski-v/_sent_mail/4387. | Missing mandatory field: body
kaminski-v/_sent_mail/4388. | Missing mandatory field: body
kaminski-v/_sent_mail/4389. | Missing mandatory field: body
kaminski-v/_sent_mail/439. | Missing mandatory field: body
kaminski-v/_sent_mail/4390. | Missing mandatory field: body
kaminski-v/_sent_mail/4391. | Missing mandatory field: subject
kaminski-v/_sent_mail/4410. | Missing mandatory field: body
kaminski-v/_sent_mail/442. | Missing mandatory field: body
kaminski-v/_sent_mail/4421. | Missing mandatory field: body
kaminski-v/_sent_mail/4429. | Missing mandatory field: body
kaminski-v/_sent_mail/4432. | Missing mandatory field: body
kaminski-v/_sent_mail/4434. | Missing mandatory field: body
kaminski-v/_sent_mail/4435. | Missing mandatory field: body
kaminski-v/_sent_mail/4436. | Missing mandatory field: body
kaminski-v/_sent_mail/4438. | Missing mandatory field: body
kaminski-v/_sent_mail/4440. | Missing mandatory field: body
kaminski-v/_sent_mail/4441. | Missing mandatory field: body
kaminski-v/_sent_mail/4444. | Missing mandatory field: body
kaminski-v/_sent_mail/4446. | Missing mandatory field: body
kaminski-v/_sent_mail/445. | Missing mandatory field: body
kaminski-v/_sent_mail/4450. | Missing mandatory field: body
kaminski-v/_sent_mail/4454. | Missing mandatory field: body
kaminski-v/_sent_mail/4455. | Missing mandatory field: body
kaminski-v/_sent_mail/4456. | Missing mandatory field: body
kaminski-v/_sent_mail/446. | Missing mandatory field: body
kaminski-v/_sent_mail/4461. | Missing mandatory field: body
kaminski-v/_sent_mail/4467. | Missing mandatory field: body
kaminski-v/_sent_mail/447. | Missing mandatory field: body
kaminski-v/_sent_mail/4476. | Missing mandatory field: body
kaminski-v/_sent_mail/4479. | Missing mandatory field: body
kaminski-v/_sent_mail/4480. | Missing mandatory field: body
kaminski-v/_sent_mail/4493. | Missing mandatory field: body
kaminski-v/_sent_mail/4497. | Missing mandatory field: body
kaminski-v/_sent_mail/450. | Missing mandatory field: body
kaminski-v/_sent_mail/4500. | Missing mandatory field: body
kaminski-v/_sent_mail/4504. | Missing mandatory field: body
kaminski-v/_sent_mail/4511. | Missing mandatory field: body
kaminski-v/_sent_mail/4520. | Missing mandatory field: body
kaminski-v/_sent_mail/4525. | Missing mandatory field: subject
kaminski-v/_sent_mail/4529. | Missing mandatory field: body
kaminski-v/_sent_mail/4530. | Missing mandatory field: body
kaminski-v/_sent_mail/4531. | Missing mandatory field: body
kaminski-v/_sent_mail/4532. | Missing mandatory field: body
kaminski-v/_sent_mail/4533. | Missing mandatory field: body
kaminski-v/_sent_mail/4534. | Missing mandatory field: body
kaminski-v/_sent_mail/4535. | Missing mandatory field: body
kaminski-v/_sent_mail/4537. | Missing mandatory field: subject
kaminski-v/_sent_mail/4538. | Missing mandatory field: body
kaminski-v/_sent_mail/4543. | Missing mandatory field: body
kaminski-v/_sent_mail/4544. | Missing mandatory field: body
kaminski-v/_sent_mail/4545. | Missing mandatory field: body
kaminski-v/_sent_mail/4546. | Missing mandatory field: body
kaminski-v/_sent_mail/4547. | Missing mandatory field: body
kaminski-v/_sent_mail/455. | Missing mandatory field: subject
kaminski-v/_sent_mail/4550. | Missing mandatory field: body
kaminski-v/_sent_mail/4553. | Missing mandatory field: body
kaminski-v/_sent_mail/4555. | Missing mandatory field: body
kaminski-v/_sent_mail/4556. | Missing mandatory field: body
kaminski-v/_sent_mail/4561. | Missing mandatory field: subject
kaminski-v/_sent_mail/4571. | Missing mandatory field: body
kaminski-v/_sent_mail/4572. | Missing mandatory field: body
kaminski-v/_sent_mail/4573. | Missing mandatory field: body
kaminski-v/_sent_mail/4574. | Missing mandatory field: body
kaminski-v/_sent_mail/4575. | Missing mandatory field: body
kaminski-v/_sent_mail/4576. | Missing mandatory field: subject
kaminski-v/_sent_mail/4577. | Missing mandatory field: body
kaminski-v/_sent_mail/4578. | Missing mandatory field: body
kaminski-v/_sent_mail/4579. | Missing mandatory field: body
kaminski-v/_sent_mail/4580. | Missing mandatory field: body
kaminski-v/_sent_mail/4581. | Missing mandatory field: body
kaminski-v/_sent_mail/4582. | Missing mandatory field: subject
kaminski-v/_sent_mail/4584. | Missing mandatory field: body
kaminski-v/_sent_mail/4587. | Missing mandatory field: body
kaminski-v/_sent_mail/4590. | Missing mandatory field: subject
kaminski-v/_sent_mail/4596. | Missing mandatory field: body
kaminski-v/_sent_mail/460. | Missing mandatory field: body
kaminski-v/_sent_mail/4606. | Missing mandatory field: body
kaminski-v/_sent_mail/4621. | Missing mandatory field: to_addresses
kaminski-v/_sent_mail/4627. | Missing mandatory field: subject
kaminski-v/_sent_mail/463. | Missing mandatory field: body
kaminski-v/_sent_mail/4636. | Missing mandatory field: body
kaminski-v/_sent_mail/464. | Missing mandatory field: body
kaminski-v/_sent_mail/4642. | Missing mandatory field: body
kaminski-v/_sent_mail/469. | Missing mandatory field: body
kaminski-v/_sent_mail/4693. | Missing mandatory field: body
kaminski-v/_sent_mail/4700. | Missing mandatory field: body
kaminski-v/_sent_mail/4701. | Missing mandatory field: body
kaminski-v/_sent_mail/4703. | Missing mandatory field: subject
kaminski-v/_sent_mail/4704. | Missing mandatory field: body
kaminski-v/_sent_mail/4707. | Missing mandatory field: body
kaminski-v/_sent_mail/4708. | Missing mandatory field: body
kaminski-v/_sent_mail/4709. | Missing mandatory field: body
kaminski-v/_sent_mail/4710. | Missing mandatory field: body
kaminski-v/_sent_mail/4711. | Missing mandatory field: body
kaminski-v/_sent_mail/4712. | Missing mandatory field: body
kaminski-v/_sent_mail/4713. | Missing mandatory field: body
kaminski-v/_sent_mail/4720. | Missing mandatory field: body
kaminski-v/_sent_mail/4724. | Missing mandatory field: body
kaminski-v/_sent_mail/4727. | Missing mandatory field: body
kaminski-v/_sent_mail/4728. | Missing mandatory field: body
kaminski-v/_sent_mail/4730. | Missing mandatory field: body
kaminski-v/_sent_mail/4731. | Missing mandatory field: body
kaminski-v/_sent_mail/4740. | Missing mandatory field: body
kaminski-v/_sent_mail/4741. | Missing mandatory field: body
kaminski-v/_sent_mail/4742. | Missing mandatory field: body
kaminski-v/_sent_mail/4743. | Missing mandatory field: subject
kaminski-v/_sent_mail/4747. | Missing mandatory field: body
kaminski-v/_sent_mail/4749. | Missing mandatory field: body
kaminski-v/_sent_mail/475. | Missing mandatory field: body
kaminski-v/_sent_mail/4750. | Missing mandatory field: body
kaminski-v/_sent_mail/4751. | Missing mandatory field: body
kaminski-v/_sent_mail/4753. | Missing mandatory field: body
kaminski-v/_sent_mail/4754. | Missing mandatory field: body
kaminski-v/_sent_mail/4755. | Missing mandatory field: body
kaminski-v/_sent_mail/4756. | Missing mandatory field: body
kaminski-v/_sent_mail/4761. | Missing mandatory field: body
kaminski-v/_sent_mail/4762. | Missing mandatory field: subject
kaminski-v/_sent_mail/4763. | Missing mandatory field: to_addresses
kaminski-v/_sent_mail/4764. | Missing mandatory field: body
kaminski-v/_sent_mail/4767. | Missing mandatory field: body
kaminski-v/_sent_mail/4768. | Missing mandatory field: body
kaminski-v/_sent_mail/4771. | Missing mandatory field: body
kaminski-v/_sent_mail/4774. | Missing mandatory field: body
kaminski-v/_sent_mail/4775. | Missing mandatory field: body
kaminski-v/_sent_mail/4776. | Missing mandatory field: body
kaminski-v/_sent_mail/4777. | Missing mandatory field: body
kaminski-v/_sent_mail/478. | Missing mandatory field: body
kaminski-v/_sent_mail/4780. | Missing mandatory field: body
kaminski-v/_sent_mail/4781. | Missing mandatory field: body
kaminski-v/_sent_mail/4782. | Missing mandatory field: body
kaminski-v/_sent_mail/4783. | Missing mandatory field: body
kaminski-v/_sent_mail/4784. | Missing mandatory field: subject
kaminski-v/_sent_mail/4785. | Missing mandatory field: body
kaminski-v/_sent_mail/4787. | Missing mandatory field: body
kaminski-v/_sent_mail/4789. | Missing mandatory field: body
kaminski-v/_sent_mail/479. | Missing mandatory field: body
kaminski-v/_sent_mail/4791. | Missing mandatory field: body
kaminski-v/_sent_mail/4792. | Missing mandatory field: body
kaminski-v/_sent_mail/4793. | Missing mandatory field: body
kaminski-v/_sent_mail/4794. | Missing mandatory field: body
kaminski-v/_sent_mail/4795. | Missing mandatory field: body
kaminski-v/_sent_mail/48. | Missing mandatory field: body
kaminski-v/_sent_mail/4807. | Missing mandatory field: body
kaminski-v/_sent_mail/4812. | Missing mandatory field: body
kaminski-v/_sent_mail/4813. | Missing mandatory field: body
kaminski-v/_sent_mail/4819. | Missing mandatory field: body
kaminski-v/_sent_mail/483. | Missing mandatory field: body
kaminski-v/_sent_mail/4831. | Missing mandatory field: body
kaminski-v/_sent_mail/484. | Missing mandatory field: body
kaminski-v/_sent_mail/485. | Missing mandatory field: body
kaminski-v/_sent_mail/490. | Missing mandatory field: body
kaminski-v/_sent_mail/494. | Missing mandatory field: body
kaminski-v/_sent_mail/495. | Missing mandatory field: body
kaminski-v/_sent_mail/496. | Missing mandatory field: body
kaminski-v/_sent_mail/498. | Missing mandatory field: body
kaminski-v/_sent_mail/5. | Missing mandatory field: body
kaminski-v/_sent_mail/50. | Missing mandatory field: body
kaminski-v/_sent_mail/500. | Missing mandatory field: body
kaminski-v/_sent_mail/503. | Missing mandatory field: body
kaminski-v/_sent_mail/505. | Missing mandatory field: body
kaminski-v/_sent_mail/506. | Missing mandatory field: body
kaminski-v/_sent_mail/507. | Missing mandatory field: body
kaminski-v/_sent_mail/509. | Missing mandatory field: body
kaminski-v/_sent_mail/512. | Missing mandatory field: body
kaminski-v/_sent_mail/513. | Missing mandatory field: body
kaminski-v/_sent_mail/52. | Missing mandatory field: body
kaminski-v/_sent_mail/522. | Missing mandatory field: body
kaminski-v/_sent_mail/523. | Missing mandatory field: body
kaminski-v/_sent_mail/524. | Missing mandatory field: body
kaminski-v/_sent_mail/526. | Missing mandatory field: body
kaminski-v/_sent_mail/527. | Missing mandatory field: body
kaminski-v/_sent_mail/528. | Missing mandatory field: body
kaminski-v/_sent_mail/529. | Missing mandatory field: body
kaminski-v/_sent_mail/530. | Missing mandatory field: body
kaminski-v/_sent_mail/533. | Missing mandatory field: body
kaminski-v/_sent_mail/534. | Missing mandatory field: body
kaminski-v/_sent_mail/537. | Missing mandatory field: body
kaminski-v/_sent_mail/541. | Missing mandatory field: body
kaminski-v/_sent_mail/551. | Missing mandatory field: body
kaminski-v/_sent_mail/552. | Missing mandatory field: body
kaminski-v/_sent_mail/554. | Missing mandatory field: body
kaminski-v/_sent_mail/559. | Missing mandatory field: body
kaminski-v/_sent_mail/560. | Missing mandatory field: body
kaminski-v/_sent_mail/568. | Missing mandatory field: body
kaminski-v/_sent_mail/576. | Missing mandatory field: body
kaminski-v/_sent_mail/577. | Missing mandatory field: body
kaminski-v/_sent_mail/578. | Missing mandatory field: body
kaminski-v/_sent_mail/579. | Missing mandatory field: body
kaminski-v/_sent_mail/580. | Missing mandatory field: body
kaminski-v/_sent_mail/581. | Missing mandatory field: body
kaminski-v/_sent_mail/582. | Missing mandatory field: body
kaminski-v/_sent_mail/588. | Missing mandatory field: body
kaminski-v/_sent_mail/590. | Missing mandatory field: body
kaminski-v/_sent_mail/591. | Missing mandatory field: subject
kaminski-v/_sent_mail/593. | Missing mandatory field: body
kaminski-v/_sent_mail/596. | Missing mandatory field: body
kaminski-v/_sent_mail/597. | Missing mandatory field: body
kaminski-v/_sent_mail/599. | Missing mandatory field: body
kaminski-v/_sent_mail/60. | Missing mandatory field: body
kaminski-v/_sent_mail/600. | Missing mandatory field: body
kaminski-v/_sent_mail/602. | Missing mandatory field: body
kaminski-v/_sent_mail/603. | Missing mandatory field: subject
kaminski-v/_sent_mail/604. | Missing mandatory field: body
kaminski-v/_sent_mail/607. | Missing mandatory field: body
kaminski-v/_sent_mail/609. | Missing mandatory field: body
kaminski-v/_sent_mail/619. | Missing mandatory field: body
kaminski-v/_sent_mail/630. | Missing mandatory field: body
kaminski-v/_sent_mail/631. | Missing mandatory field: body
kaminski-v/_sent_mail/632. | Missing mandatory field: body
kaminski-v/_sent_mail/633. | Missing mandatory field: body
kaminski-v/_sent_mail/634. | Missing mandatory field: body
kaminski-v/_sent_mail/636. | Missing mandatory field: body
kaminski-v/_sent_mail/637. | Missing mandatory field: body
kaminski-v/_sent_mail/638. | Missing mandatory field: body
kaminski-v/_sent_mail/641. | Missing mandatory field: body
kaminski-v/_sent_mail/642. | Missing mandatory field: body
kaminski-v/_sent_mail/645. | Missing mandatory field: body
kaminski-v/_sent_mail/646. | Missing mandatory field: subject
kaminski-v/_sent_mail/649. | Missing mandatory field: body
kaminski-v/_sent_mail/650. | Missing mandatory field: body
kaminski-v/_sent_mail/652. | Missing mandatory field: subject
kaminski-v/_sent_mail/656. | Missing mandatory field: body
kaminski-v/_sent_mail/657. | Missing mandatory field: body
kaminski-v/_sent_mail/658. | Missing mandatory field: body
kaminski-v/_sent_mail/659. | Missing mandatory field: subject
kaminski-v/_sent_mail/664. | Missing mandatory field: body
kaminski-v/_sent_mail/665. | Missing mandatory field: body
kaminski-v/_sent_mail/666. | Missing mandatory field: body
kaminski-v/_sent_mail/667. | Missing mandatory field: body
kaminski-v/_sent_mail/668. | Missing mandatory field: body
kaminski-v/_sent_mail/672. | Missing mandatory field: body
kaminski-v/_sent_mail/678. | Missing mandatory field: body
kaminski-v/_sent_mail/684. | Missing mandatory field: body
kaminski-v/_sent_mail/685. | Missing mandatory field: body
kaminski-v/_sent_mail/686. | Missing mandatory field: to_addresses
kaminski-v/_sent_mail/689. | Missing mandatory field: body
kaminski-v/_sent_mail/69. | Missing mandatory field: body
kaminski-v/_sent_mail/690. | Missing mandatory field: body
kaminski-v/_sent_mail/691. | Missing mandatory field: body
kaminski-v/_sent_mail/695. | Missing mandatory field: body
kaminski-v/_sent_mail/697. | Missing mandatory field: body
kaminski-v/_sent_mail/70. | Missing mandatory field: body
kaminski-v/_sent_mail/700. | Missing mandatory field: body
kaminski-v/_sent_mail/701. | Missing mandatory field: body
kaminski-v/_sent_mail/703. | Missing mandatory field: body
kaminski-v/_sent_mail/709. | Missing mandatory field: body
kaminski-v/_sent_mail/710. | Missing mandatory field: body
kaminski-v/_sent_mail/713. | Missing mandatory field: body
kaminski-v/_sent_mail/714. | Missing mandatory field: body
kaminski-v/_sent_mail/716. | Missing mandatory field: body
kaminski-v/_sent_mail/717. | Missing mandatory field: body
kaminski-v/_sent_mail/718. | Missing mandatory field: body
kaminski-v/_sent_mail/719. | Missing mandatory field: body
kaminski-v/_sent_mail/720. | Missing mandatory field: body
kaminski-v/_sent_mail/722. | Missing mandatory field: body
kaminski-v/_sent_mail/725. | Missing mandatory field: body
kaminski-v/_sent_mail/726. | Missing mandatory field: subject
kaminski-v/_sent_mail/730. | Missing mandatory field: body
kaminski-v/_sent_mail/731. | Missing mandatory field: body
kaminski-v/_sent_mail/736. | Missing mandatory field: body
kaminski-v/_sent_mail/738. | Missing mandatory field: body
kaminski-v/_sent_mail/740. | Missing mandatory field: body
kaminski-v/_sent_mail/744. | Missing mandatory field: body
kaminski-v/_sent_mail/752. | Missing mandatory field: body
kaminski-v/_sent_mail/756. | Missing mandatory field: body
kaminski-v/_sent_mail/758. | Missing mandatory field: body
kaminski-v/_sent_mail/759. | Missing mandatory field: body
kaminski-v/_sent_mail/76. | Missing mandatory field: body
kaminski-v/_sent_mail/760. | Missing mandatory field: body
kaminski-v/_sent_mail/761. | Missing mandatory field: body
kaminski-v/_sent_mail/762. | Missing mandatory field: body
kaminski-v/_sent_mail/764. | Missing mandatory field: body
kaminski-v/_sent_mail/765. | Missing mandatory field: body
kaminski-v/_sent_mail/766. | Missing mandatory field: body
kaminski-v/_sent_mail/767. | Missing mandatory field: body
kaminski-v/_sent_mail/768. | Missing mandatory field: body
kaminski-v/_sent_mail/769. | Missing mandatory field: body
kaminski-v/_sent_mail/771. | Missing mandatory field: body
kaminski-v/_sent_mail/773. | Missing mandatory field: body
kaminski-v/_sent_mail/775. | Missing mandatory field: body
kaminski-v/_sent_mail/776. | Missing mandatory field: body
kaminski-v/_sent_mail/778. | Missing mandatory field: body
kaminski-v/_sent_mail/779. | Missing mandatory field: subject
kaminski-v/_sent_mail/782. | Missing mandatory field: subject
kaminski-v/_sent_mail/783. | Missing mandatory field: body
kaminski-v/_sent_mail/784. | Missing mandatory field: body
kaminski-v/_sent_mail/785. | Missing mandatory field: subject
kaminski-v/_sent_mail/786. | Missing mandatory field: body
kaminski-v/_sent_mail/787. | Missing mandatory field: body
kaminski-v/_sent_mail/789. | Missing mandatory field: body
kaminski-v/_sent_mail/790. | Missing mandatory field: body
kaminski-v/_sent_mail/791. | Missing mandatory field: body
kaminski-v/_sent_mail/792. | Missing mandatory field: body
kaminski-v/_sent_mail/794. | Missing mandatory field: body
kaminski-v/_sent_mail/80. | Missing mandatory field: body
kaminski-v/_sent_mail/813. | Missing mandatory field: body
kaminski-v/_sent_mail/815. | Missing mandatory field: body
kaminski-v/_sent_mail/816. | Missing mandatory field: body
kaminski-v/_sent_mail/817. | Missing mandatory field: body
kaminski-v/_sent_mail/818. | Missing mandatory field: body
kaminski-v/_sent_mail/819. | Missing mandatory field: body
kaminski-v/_sent_mail/820. | Missing mandatory field: body
kaminski-v/_sent_mail/821. | Missing mandatory field: subject
kaminski-v/_sent_mail/822. | Missing mandatory field: body
kaminski-v/_sent_mail/825. | Missing mandatory field: body
kaminski-v/_sent_mail/826. | Missing mandatory field: body
kaminski-v/_sent_mail/831. | Missing mandatory field: body
kaminski-v/_sent_mail/84. | Missing mandatory field: body
kaminski-v/_sent_mail/841. | Missing mandatory field: body
kaminski-v/_sent_mail/847. | Missing mandatory field: body
kaminski-v/_sent_mail/849. | Missing mandatory field: body
kaminski-v/_sent_mail/850. | Missing mandatory field: body
kaminski-v/_sent_mail/851. | Missing mandatory field: body
kaminski-v/_sent_mail/852. | Missing mandatory field: body
kaminski-v/_sent_mail/854. | Missing mandatory field: body
kaminski-v/_sent_mail/855. | Missing mandatory field: body
kaminski-v/_sent_mail/856. | Missing mandatory field: body
kaminski-v/_sent_mail/857. | Missing mandatory field: body
kaminski-v/_sent_mail/858. | Missing mandatory field: body
kaminski-v/_sent_mail/859. | Missing mandatory field: body
kaminski-v/_sent_mail/860. | Missing mandatory field: body
kaminski-v/_sent_mail/861. | Missing mandatory field: body
kaminski-v/_sent_mail/866. | Missing mandatory field: body
kaminski-v/_sent_mail/868. | Missing mandatory field: body
kaminski-v/_sent_mail/874. | Missing mandatory field: body
kaminski-v/_sent_mail/889. | Missing mandatory field: body
kaminski-v/_sent_mail/903. | Missing mandatory field: body
kaminski-v/_sent_mail/909. | Missing mandatory field: body
kaminski-v/_sent_mail/910. | Missing mandatory field: body
kaminski-v/_sent_mail/914. | Missing mandatory field: body
kaminski-v/_sent_mail/916. | Missing mandatory field: body
kaminski-v/_sent_mail/917. | Missing mandatory field: body
kaminski-v/_sent_mail/919. | Missing mandatory field: body
kaminski-v/_sent_mail/920. | Missing mandatory field: body
kaminski-v/_sent_mail/924. | Missing mandatory field: body
kaminski-v/_sent_mail/925. | Missing mandatory field: body
kaminski-v/_sent_mail/927. | Missing mandatory field: body
kaminski-v/_sent_mail/928. | Missing mandatory field: body
kaminski-v/_sent_mail/929. | Missing mandatory field: body
kaminski-v/_sent_mail/930. | Missing mandatory field: body
kaminski-v/_sent_mail/934. | Missing mandatory field: body
kaminski-v/_sent_mail/935. | Missing mandatory field: body
kaminski-v/_sent_mail/936. | Missing mandatory field: body
kaminski-v/_sent_mail/937. | Missing mandatory field: body
kaminski-v/_sent_mail/938. | Missing mandatory field: body
kaminski-v/_sent_mail/939. | Missing mandatory field: body
kaminski-v/_sent_mail/94. | Missing mandatory field: body
kaminski-v/_sent_mail/943. | Missing mandatory field: body
kaminski-v/_sent_mail/944. | Missing mandatory field: body
kaminski-v/_sent_mail/945. | Missing mandatory field: body
kaminski-v/_sent_mail/95. | Missing mandatory field: body
kaminski-v/_sent_mail/951. | Missing mandatory field: body
kaminski-v/_sent_mail/959. | Missing mandatory field: body
kaminski-v/_sent_mail/96. | Missing mandatory field: body
kaminski-v/_sent_mail/964. | Missing mandatory field: body
kaminski-v/_sent_mail/97. | Missing mandatory field: body
kaminski-v/_sent_mail/984. | Missing mandatory field: body
kaminski-v/_sent_mail/986. | Missing mandatory field: body
kaminski-v/_sent_mail/988. | Missing mandatory field: body
kaminski-v/_sent_mail/99. | Missing mandatory field: body
kaminski-v/_sent_mail/994. | Missing mandatory field: body
kaminski-v/_sent_mail/995. | Missing mandatory field: body
kaminski-v/_sent_mail/997. | Missing mandatory field: body
kaminski-v/all_documents/10013. | Missing mandatory field: subject
kaminski-v/all_documents/10015. | Missing mandatory field: body
kaminski-v/all_documents/10021. | Missing mandatory field: body
kaminski-v/all_documents/10026. | Missing mandatory field: body
kaminski-v/all_documents/10045. | Missing mandatory field: body
kaminski-v/all_documents/1005. | Missing mandatory field: subject
kaminski-v/all_documents/10057. | Missing mandatory field: body
kaminski-v/all_documents/10058. | Missing mandatory field: body
kaminski-v/all_documents/10061. | Missing mandatory field: body
kaminski-v/all_documents/10065. | Missing mandatory field: to_addresses
kaminski-v/all_documents/10070. | Missing mandatory field: to_addresses
kaminski-v/all_documents/10073. | Missing mandatory field: body
kaminski-v/all_documents/10077. | Missing mandatory field: to_addresses
kaminski-v/all_documents/10085. | Missing mandatory field: body
kaminski-v/all_documents/10087. | Missing mandatory field: body
kaminski-v/all_documents/10113. | Missing mandatory field: body
kaminski-v/all_documents/10114. | Missing mandatory field: body
kaminski-v/all_documents/10123. | Missing mandatory field: body
kaminski-v/all_documents/10126. | Missing mandatory field: body
kaminski-v/all_documents/1013. | Missing mandatory field: body
kaminski-v/all_documents/10136. | Missing mandatory field: body
kaminski-v/all_documents/10142. | Missing mandatory field: body
kaminski-v/all_documents/10143. | Missing mandatory field: body
kaminski-v/all_documents/10145. | Missing mandatory field: body
kaminski-v/all_documents/10151. | Missing mandatory field: body
kaminski-v/all_documents/1016. | Missing mandatory field: body
kaminski-v/all_documents/1017. | Missing mandatory field: body
kaminski-v/all_documents/10171. | Missing mandatory field: body
kaminski-v/all_documents/10178. | Missing mandatory field: subject
kaminski-v/all_documents/10186. | Missing mandatory field: body
kaminski-v/all_documents/10188. | Missing mandatory field: body
kaminski-v/all_documents/10190. | Missing mandatory field: body
kaminski-v/all_documents/10191. | Missing mandatory field: body
kaminski-v/all_documents/10192. | Missing mandatory field: subject
kaminski-v/all_documents/10223. | Missing mandatory field: to_addresses
kaminski-v/all_documents/10237. | Missing mandatory field: body
kaminski-v/all_documents/1024. | Missing mandatory field: body
kaminski-v/all_documents/10272. | Missing mandatory field: body
kaminski-v/all_documents/10283. | Missing mandatory field: subject
kaminski-v/all_documents/10296. | Missing mandatory field: body
kaminski-v/all_documents/10303. | Missing mandatory field: to_addresses
kaminski-v/all_documents/10307. | Missing mandatory field: body
kaminski-v/all_documents/10309. | Missing mandatory field: body
kaminski-v/all_documents/1031. | Missing mandatory field: body
kaminski-v/all_documents/10310. | Missing mandatory field: body
kaminski-v/all_documents/10311. | Missing mandatory field: body
kaminski-v/all_documents/10313. | Missing mandatory field: body
kaminski-v/all_documents/10316. | Missing mandatory field: body
kaminski-v/all_documents/10317. | Missing mandatory field: body
kaminski-v/all_documents/10321. | Missing mandatory field: body
kaminski-v/all_documents/10323. | Missing mandatory field: body
kaminski-v/all_documents/10331. | Missing mandatory field: body
kaminski-v/all_documents/10341. | Missing mandatory field: to_addresses
kaminski-v/all_documents/10353. | Missing mandatory field: body
kaminski-v/all_documents/10354. | Missing mandatory field: body
kaminski-v/all_documents/10356. | Missing mandatory field: body
kaminski-v/all_documents/10370. | Missing mandatory field: body
kaminski-v/all_documents/10389. | Missing mandatory field: body
kaminski-v/all_documents/10394. | Missing mandatory field: body
kaminski-v/all_documents/10400. | Missing mandatory field: to_addresses
kaminski-v/all_documents/10401. | Missing mandatory field: to_addresses
kaminski-v/all_documents/10413. | Missing mandatory field: body
kaminski-v/all_documents/10422. | Missing mandatory field: body
kaminski-v/all_documents/10423. | Missing mandatory field: body
kaminski-v/all_documents/10426. | Missing mandatory field: to_addresses
kaminski-v/all_documents/10429. | Missing mandatory field: to_addresses
kaminski-v/all_documents/10430. | Missing mandatory field: to_addresses
kaminski-v/all_documents/10448. | Missing mandatory field: body
kaminski-v/all_documents/1045. | Missing mandatory field: body
kaminski-v/all_documents/10452. | Missing mandatory field: body
kaminski-v/all_documents/10453. | Missing mandatory field: to_addresses
kaminski-v/all_documents/10467. | Missing mandatory field: to_addresses
kaminski-v/all_documents/10477. | Missing mandatory field: body
kaminski-v/all_documents/1048. | Missing mandatory field: body
kaminski-v/all_documents/10482. | Missing mandatory field: body
kaminski-v/all_documents/1049. | Missing mandatory field: body
kaminski-v/all_documents/10490. | Missing mandatory field: to_addresses
kaminski-v/all_documents/10506. | Missing mandatory field: body
kaminski-v/all_documents/10511. | Missing mandatory field: body
kaminski-v/all_documents/10512. | Missing mandatory field: to_addresses
kaminski-v/all_documents/10515. | Missing mandatory field: to_addresses
kaminski-v/all_documents/10520. | Missing mandatory field: to_addresses
kaminski-v/all_documents/10536. | Missing mandatory field: body
kaminski-v/all_documents/10545. | Missing mandatory field: subject
kaminski-v/all_documents/10547. | Missing mandatory field: subject
kaminski-v/all_documents/10558. | Missing mandatory field: subject
kaminski-v/all_documents/10563. | Missing mandatory field: body
kaminski-v/all_documents/10564. | Missing mandatory field: body
kaminski-v/all_documents/10565. | Missing mandatory field: body
kaminski-v/all_documents/10566. | Missing mandatory field: body
kaminski-v/all_documents/10567. | Missing mandatory field: body
kaminski-v/all_documents/10568. | Missing mandatory field: body
kaminski-v/all_documents/10569. | Missing mandatory field: body
kaminski-v/all_documents/10571. | Missing mandatory field: subject
kaminski-v/all_documents/10572. | Missing mandatory field: body
kaminski-v/all_documents/10592. | Missing mandatory field: body
kaminski-v/all_documents/10594. | Missing mandatory field: body
kaminski-v/all_documents/10595. | Missing mandatory field: body
kaminski-v/all_documents/10596. | Missing mandatory field: body
kaminski-v/all_documents/10597. | Missing mandatory field: body
kaminski-v/all_documents/1060. | Missing mandatory field: body
kaminski-v/all_documents/10601. | Missing mandatory field: body
kaminski-v/all_documents/10608. | Missing mandatory field: body
kaminski-v/all_documents/10615. | Missing mandatory field: body
kaminski-v/all_documents/10616. | Missing mandatory field: body
kaminski-v/all_documents/10624. | Missing mandatory field: subject
kaminski-v/all_documents/1063. | Missing mandatory field: body
kaminski-v/all_documents/1064. | Missing mandatory field: body
kaminski-v/all_documents/10643. | Missing mandatory field: body
kaminski-v/all_documents/10644. | Missing mandatory field: body
kaminski-v/all_documents/10645. | Missing mandatory field: body
kaminski-v/all_documents/10654. | Missing mandatory field: body
kaminski-v/all_documents/10655. | Missing mandatory field: body
kaminski-v/all_documents/10656. | Missing mandatory field: subject
kaminski-v/all_documents/10657. | Missing mandatory field: body
kaminski-v/all_documents/10658. | Missing mandatory field: body
kaminski-v/all_documents/10659. | Missing mandatory field: body
kaminski-v/all_documents/10660. | Missing mandatory field: body
kaminski-v/all_documents/10661. | Missing mandatory field: body
kaminski-v/all_documents/10662. | Missing mandatory field: subject
kaminski-v/all_documents/10664. | Missing mandatory field: subject
kaminski-v/all_documents/10671. | Missing mandatory field: body
kaminski-v/all_documents/10680. | Missing mandatory field: body
kaminski-v/all_documents/10684. | Missing mandatory field: body
kaminski-v/all_documents/10688. | Missing mandatory field: subject
kaminski-v/all_documents/10705. | Missing mandatory field: body
kaminski-v/all_documents/10706. | Missing mandatory field: to_addresses
kaminski-v/all_documents/10726. | Missing mandatory field: body
kaminski-v/all_documents/1073. | Missing mandatory field: body
kaminski-v/all_documents/10737. | Missing mandatory field: to_addresses
kaminski-v/all_documents/10738. | Missing mandatory field: subject
kaminski-v/all_documents/10743. | Missing mandatory field: to_addresses
kaminski-v/all_documents/10762. | Missing mandatory field: to_addresses
kaminski-v/all_documents/1078. | Missing mandatory field: body
kaminski-v/all_documents/10783. | Missing mandatory field: subject
kaminski-v/all_documents/1079. | Missing mandatory field: body
kaminski-v/all_documents/10802. | Missing mandatory field: to_addresses
kaminski-v/all_documents/10809. | Missing mandatory field: subject
kaminski-v/all_documents/10813. | Missing mandatory field: body
kaminski-v/all_documents/10827. | Missing mandatory field: body
kaminski-v/all_documents/10898. | Missing mandatory field: subject
kaminski-v/all_documents/10906. | Missing mandatory field: to_addresses
kaminski-v/all_documents/10915. | Missing mandatory field: to_addresses
kaminski-v/all_documents/10918. | Missing mandatory field: body
kaminski-v/all_documents/10934. | Missing mandatory field: body
kaminski-v/all_documents/10935. | Missing mandatory field: body
kaminski-v/all_documents/10939. | Missing mandatory field: body
kaminski-v/all_documents/10941. | Missing mandatory field: subject
kaminski-v/all_documents/10942. | Missing mandatory field: body
kaminski-v/all_documents/10946. | Missing mandatory field: body
kaminski-v/all_documents/10948. | Missing mandatory field: body
kaminski-v/all_documents/10949. | Missing mandatory field: body
kaminski-v/all_documents/10953. | Missing mandatory field: body
kaminski-v/all_documents/10954. | Missing mandatory field: body
kaminski-v/all_documents/10955. | Missing mandatory field: body
kaminski-v/all_documents/10956. | Missing mandatory field: body
kaminski-v/all_documents/10975. | Missing mandatory field: body
kaminski-v/all_documents/10985. | Missing mandatory field: body
kaminski-v/all_documents/10994. | Missing mandatory field: body
kaminski-v/all_documents/10995. | Missing mandatory field: body
kaminski-v/all_documents/10997. | Missing mandatory field: body
kaminski-v/all_documents/10998. | Missing mandatory field: body
kaminski-v/all_documents/11018. | Missing mandatory field: body
kaminski-v/all_documents/11019. | Missing mandatory field: body
kaminski-v/all_documents/11020. | Missing mandatory field: body
kaminski-v/all_documents/11022. | Missing mandatory field: subject
kaminski-v/all_documents/11028. | Missing mandatory field: body
kaminski-v/all_documents/11030. | Missing mandatory field: body
kaminski-v/all_documents/11031. | Missing mandatory field: body
kaminski-v/all_documents/11032. | Missing mandatory field: body
kaminski-v/all_documents/11035. | Missing mandatory field: body
kaminski-v/all_documents/11036. | Missing mandatory field: body
kaminski-v/all_documents/11037. | Missing mandatory field: body
kaminski-v/all_documents/11038. | Missing mandatory field: body
kaminski-v/all_documents/1104. | Missing mandatory field: body
kaminski-v/all_documents/11044. | Missing mandatory field: body
kaminski-v/all_documents/11051. | Missing mandatory field: subject
kaminski-v/all_documents/11052. | Missing mandatory field: to_addresses
kaminski-v/all_documents/11053. | Missing mandatory field: body
kaminski-v/all_documents/11056. | Missing mandatory field: body
kaminski-v/all_documents/11057. | Missing mandatory field: body
kaminski-v/all_documents/11063. | Missing mandatory field: body
kaminski-v/all_documents/11073. | Missing mandatory field: to_addresses
kaminski-v/all_documents/11078. | Missing mandatory field: body
kaminski-v/all_documents/11079. | Missing mandatory field: body
kaminski-v/all_documents/11080. | Missing mandatory field: body
kaminski-v/all_documents/11082. | Missing mandatory field: body
kaminski-v/all_documents/11085. | Missing mandatory field: body
kaminski-v/all_documents/11086. | Missing mandatory field: body
kaminski-v/all_documents/11087. | Missing mandatory field: body
kaminski-v/all_documents/11088. | Missing mandatory field: body
kaminski-v/all_documents/11089. | Missing mandatory field: subject
kaminski-v/all_documents/11090. | Missing mandatory field: body
kaminski-v/all_documents/11092. | Missing mandatory field: body
kaminski-v/all_documents/11094. | Missing mandatory field: body
kaminski-v/all_documents/11096. | Missing mandatory field: body
kaminski-v/all_documents/11097. | Missing mandatory field: body
kaminski-v/all_documents/11098. | Missing mandatory field: body
kaminski-v/all_documents/11099. | Missing mandatory field: body
kaminski-v/all_documents/11100. | Missing mandatory field: body
kaminski-v/all_documents/11102. | Missing mandatory field: body
kaminski-v/all_documents/11107. | Missing mandatory field: subject
kaminski-v/all_documents/11144. | Missing mandatory field: to_addresses
kaminski-v/all_documents/11146. | Missing mandatory field: body
kaminski-v/all_documents/11166. | Missing mandatory field: body
kaminski-v/all_documents/11169. | Missing mandatory field: body
kaminski-v/all_documents/11186. | Missing mandatory field: body
kaminski-v/all_documents/1120. | Missing mandatory field: body
kaminski-v/all_documents/1122. | Missing mandatory field: body
kaminski-v/all_documents/11239. | Missing mandatory field: body
kaminski-v/all_documents/1124. | Missing mandatory field: body
kaminski-v/all_documents/11251. | Missing mandatory field: subject
kaminski-v/all_documents/11253. | Missing mandatory field: to_addresses
kaminski-v/all_documents/1128. | Missing mandatory field: body
kaminski-v/all_documents/1130. | Missing mandatory field: to_addresses
kaminski-v/all_documents/1131. | Missing mandatory field: to_addresses
kaminski-v/all_documents/1133. | Missing mandatory field: subject
kaminski-v/all_documents/1145. | Missing mandatory field: body
kaminski-v/all_documents/1147. | Missing mandatory field: body
kaminski-v/all_documents/1148. | Missing mandatory field: body
kaminski-v/all_documents/115. | Missing mandatory field: body
kaminski-v/all_documents/1151. | Missing mandatory field: body
kaminski-v/all_documents/1156. | Missing mandatory field: body
kaminski-v/all_documents/1157. | Missing mandatory field: body
kaminski-v/all_documents/116. | Missing mandatory field: body
kaminski-v/all_documents/1175. | Missing mandatory field: to_addresses
kaminski-v/all_documents/1176. | Missing mandatory field: body
kaminski-v/all_documents/1177. | Missing mandatory field: body
kaminski-v/all_documents/1178. | Missing mandatory field: body
kaminski-v/all_documents/1181. | Missing mandatory field: body
kaminski-v/all_documents/1182. | Missing mandatory field: body
kaminski-v/all_documents/1183. | Missing mandatory field: body
kaminski-v/all_documents/1184. | Missing mandatory field: body
kaminski-v/all_documents/1185. | Missing mandatory field: body
kaminski-v/all_documents/1188. | Missing mandatory field: body
kaminski-v/all_documents/1189. | Missing mandatory field: body
kaminski-v/all_documents/1191. | Missing mandatory field: to_addresses
kaminski-v/all_documents/1205. | Missing mandatory field: body
kaminski-v/all_documents/1210. | Missing mandatory field: body
kaminski-v/all_documents/1231. | Missing mandatory field: to_addresses
kaminski-v/all_documents/1232. | Missing mandatory field: body
kaminski-v/all_documents/1233. | Missing mandatory field: body
kaminski-v/all_documents/1235. | Missing mandatory field: body
kaminski-v/all_documents/1242. | Missing mandatory field: to_addresses
kaminski-v/all_documents/1245. | Missing mandatory field: body
kaminski-v/all_documents/125. | Missing mandatory field: body
kaminski-v/all_documents/1250. | Missing mandatory field: body
kaminski-v/all_documents/1251. | Missing mandatory field: body
kaminski-v/all_documents/1268. | Missing mandatory field: body
kaminski-v/all_documents/128. | Missing mandatory field: body
kaminski-v/all_documents/1282. | Missing mandatory field: body
kaminski-v/all_documents/1283. | Missing mandatory field: body
kaminski-v/all_documents/1284. | Missing mandatory field: body
kaminski-v/all_documents/1289. | Missing mandatory field: body
kaminski-v/all_documents/1290. | Missing mandatory field: body
kaminski-v/all_documents/1291. | Missing mandatory field: body
kaminski-v/all_documents/1292. | Missing mandatory field: body
kaminski-v/all_documents/1298. | Missing mandatory field: body
kaminski-v/all_documents/130. | Missing mandatory field: body
kaminski-v/all_documents/1313. | Missing mandatory field: body
kaminski-v/all_documents/1316. | Missing mandatory field: body
kaminski-v/all_documents/1317. | Missing mandatory field: subject
kaminski-v/all_documents/1323. | Missing mandatory field: body
kaminski-v/all_documents/1328. | Missing mandatory field: body
kaminski-v/all_documents/1329. | Missing mandatory field: body
kaminski-v/all_documents/1331. | Missing mandatory field: body
kaminski-v/all_documents/1332. | Missing mandatory field: body
kaminski-v/all_documents/1335. | Missing mandatory field: body
kaminski-v/all_documents/1336. | Missing mandatory field: body
kaminski-v/all_documents/1341. | Missing mandatory field: subject
kaminski-v/all_documents/1343. | Missing mandatory field: body
kaminski-v/all_documents/1347. | Missing mandatory field: body
kaminski-v/all_documents/1349. | Missing mandatory field: to_addresses
kaminski-v/all_documents/1351. | Missing mandatory field: body
kaminski-v/all_documents/1373. | Missing mandatory field: body
kaminski-v/all_documents/1377. | Missing mandatory field: body
kaminski-v/all_documents/1403. | Missing mandatory field: body
kaminski-v/all_documents/1404. | Missing mandatory field: body
kaminski-v/all_documents/1405. | Missing mandatory field: body
kaminski-v/all_documents/1406. | Missing mandatory field: body
kaminski-v/all_documents/1408. | Missing mandatory field: body
kaminski-v/all_documents/1414. | Missing mandatory field: body
kaminski-v/all_documents/1415. | Missing mandatory field: body
kaminski-v/all_documents/1416. | Missing mandatory field: body
kaminski-v/all_documents/1419. | Missing mandatory field: body
kaminski-v/all_documents/1420. | Missing mandatory field: body
kaminski-v/all_documents/1424. | Missing mandatory field: body
kaminski-v/all_documents/1425. | Missing mandatory field: subject
kaminski-v/all_documents/1428. | Missing mandatory field: subject
kaminski-v/all_documents/1435. | Missing mandatory field: body
kaminski-v/all_documents/1436. | Missing mandatory field: body
kaminski-v/all_documents/1440. | Missing mandatory field: subject
kaminski-v/all_documents/1445. | Missing mandatory field: body
kaminski-v/all_documents/1446. | Missing mandatory field: body
kaminski-v/all_documents/1447. | Missing mandatory field: body
kaminski-v/all_documents/1450. | Missing mandatory field: subject
kaminski-v/all_documents/1459. | Missing mandatory field: body
kaminski-v/all_documents/1460. | Missing mandatory field: body
kaminski-v/all_documents/1461. | Missing mandatory field: body
kaminski-v/all_documents/1462. | Missing mandatory field: body
kaminski-v/all_documents/1463. | Missing mandatory field: body
kaminski-v/all_documents/1467. | Missing mandatory field: subject
kaminski-v/all_documents/1471. | Missing mandatory field: body
kaminski-v/all_documents/1481. | Missing mandatory field: body
kaminski-v/all_documents/1497. | Missing mandatory field: body
kaminski-v/all_documents/1498. | Missing mandatory field: body
kaminski-v/all_documents/1499. | Missing mandatory field: to_addresses
kaminski-v/all_documents/1503. | Missing mandatory field: body
kaminski-v/all_documents/1504. | Missing mandatory field: body
kaminski-v/all_documents/1505. | Missing mandatory field: body
kaminski-v/all_documents/151. | Missing mandatory field: body
kaminski-v/all_documents/1514. | Missing mandatory field: body
kaminski-v/all_documents/1517. | Missing mandatory field: to_addresses
kaminski-v/all_documents/1518. | Missing mandatory field: body
kaminski-v/all_documents/1522. | Missing mandatory field: body
kaminski-v/all_documents/1528. | Missing mandatory field: body
kaminski-v/all_documents/1529. | Missing mandatory field: body
kaminski-v/all_documents/1531. | Missing mandatory field: body
kaminski-v/all_documents/1540. | Missing mandatory field: body
kaminski-v/all_documents/1541. | Missing mandatory field: body
kaminski-v/all_documents/1545. | Missing mandatory field: body
kaminski-v/all_documents/1546. | Missing mandatory field: body
kaminski-v/all_documents/1548. | Missing mandatory field: body
kaminski-v/all_documents/1549. | Missing mandatory field: body
kaminski-v/all_documents/1550. | Missing mandatory field: body
kaminski-v/all_documents/1551. | Missing mandatory field: body
kaminski-v/all_documents/1553. | Missing mandatory field: body
kaminski-v/all_documents/1557. | Missing mandatory field: body
kaminski-v/all_documents/1564. | Missing mandatory field: subject
kaminski-v/all_documents/1566. | Missing mandatory field: to_addresses
kaminski-v/all_documents/157. | Missing mandatory field: to_addresses
kaminski-v/all_documents/1578. | Missing mandatory field: body
kaminski-v/all_documents/1579. | Missing mandatory field: subject
kaminski-v/all_documents/1585. | Missing mandatory field: body
kaminski-v/all_documents/1586. | Missing mandatory field: body
kaminski-v/all_documents/1595. | Missing mandatory field: body
kaminski-v/all_documents/1599. | Missing mandatory field: body
kaminski-v/all_documents/1602. | Missing mandatory field: body
kaminski-v/all_documents/1608. | Missing mandatory field: body
kaminski-v/all_documents/1622. | Missing mandatory field: body
kaminski-v/all_documents/1632. | Missing mandatory field: subject
kaminski-v/all_documents/1633. | Missing mandatory field: body
kaminski-v/all_documents/1635. | Missing mandatory field: body
kaminski-v/all_documents/1636. | Missing mandatory field: body
kaminski-v/all_documents/1637. | Missing mandatory field: body
kaminski-v/all_documents/1638. | Missing mandatory field: body
kaminski-v/all_documents/1639. | Missing mandatory field: body
kaminski-v/all_documents/1641. | Missing mandatory field: body
kaminski-v/all_documents/1642. | Missing mandatory field: body
kaminski-v/all_documents/1643. | Missing mandatory field: body
kaminski-v/all_documents/1644. | Missing mandatory field: body
kaminski-v/all_documents/1645. | Missing mandatory field: body
kaminski-v/all_documents/1646. | Missing mandatory field: body
kaminski-v/all_documents/1649. | Missing mandatory field: body
kaminski-v/all_documents/1652. | Missing mandatory field: body
kaminski-v/all_documents/1655. | Missing mandatory field: body
kaminski-v/all_documents/1656. | Missing mandatory field: body
kaminski-v/all_documents/1664. | Missing mandatory field: body
kaminski-v/all_documents/1667. | Missing mandatory field: body
kaminski-v/all_documents/1673. | Missing mandatory field: subject
kaminski-v/all_documents/1676. | Missing mandatory field: subject
kaminski-v/all_documents/1677. | Missing mandatory field: body
kaminski-v/all_documents/1679. | Missing mandatory field: body
kaminski-v/all_documents/1680. | Missing mandatory field: subject
kaminski-v/all_documents/1681. | Missing mandatory field: body
kaminski-v/all_documents/1682. | Missing mandatory field: body
kaminski-v/all_documents/1684. | Missing mandatory field: body
kaminski-v/all_documents/1685. | Missing mandatory field: body
kaminski-v/all_documents/1686. | Missing mandatory field: body
kaminski-v/all_documents/1687. | Missing mandatory field: body
kaminski-v/all_documents/1689. | Missing mandatory field: body
kaminski-v/all_documents/1697. | Missing mandatory field: to_addresses
kaminski-v/all_documents/1733. | Missing mandatory field: body
kaminski-v/all_documents/1735. | Missing mandatory field: body
kaminski-v/all_documents/1738. | Missing mandatory field: body
kaminski-v/all_documents/1739. | Missing mandatory field: body
kaminski-v/all_documents/1740. | Missing mandatory field: body
kaminski-v/all_documents/1741. | Missing mandatory field: body
kaminski-v/all_documents/1742. | Missing mandatory field: body
kaminski-v/all_documents/1743. | Missing mandatory field: body
kaminski-v/all_documents/1744. | Missing mandatory field: subject
kaminski-v/all_documents/1745. | Missing mandatory field: body
kaminski-v/all_documents/1750. | Missing mandatory field: body
kaminski-v/all_documents/1752. | Missing mandatory field: body
kaminski-v/all_documents/1763. | Missing mandatory field: body
kaminski-v/all_documents/178. | Missing mandatory field: body
kaminski-v/all_documents/1780. | Missing mandatory field: body
kaminski-v/all_documents/1784. | Missing mandatory field: body
kaminski-v/all_documents/1788. | Missing mandatory field: to_addresses
kaminski-v/all_documents/179. | Missing mandatory field: body
kaminski-v/all_documents/1791. | Missing mandatory field: body
kaminski-v/all_documents/1797. | Missing mandatory field: subject
kaminski-v/all_documents/18. | Missing mandatory field: body
kaminski-v/all_documents/1803. | Missing mandatory field: subject
kaminski-v/all_documents/1810. | Missing mandatory field: body
kaminski-v/all_documents/1812. | Missing mandatory field: body
kaminski-v/all_documents/1813. | Missing mandatory field: body
kaminski-v/all_documents/1815. | Missing mandatory field: body
kaminski-v/all_documents/1816. | Missing mandatory field: body
kaminski-v/all_documents/1818. | Missing mandatory field: body
kaminski-v/all_documents/1819. | Missing mandatory field: body
kaminski-v/all_documents/1820. | Missing mandatory field: body
kaminski-v/all_documents/1821. | Missing mandatory field: body
kaminski-v/all_documents/1822. | Missing mandatory field: body
kaminski-v/all_documents/1823. | Missing mandatory field: body
kaminski-v/all_documents/1824. | Missing mandatory field: body
kaminski-v/all_documents/1827. | Missing mandatory field: body
kaminski-v/all_documents/1837. | Missing mandatory field: body
kaminski-v/all_documents/1862. | Missing mandatory field: body
kaminski-v/all_documents/189. | Missing mandatory field: body
kaminski-v/all_documents/1895. | Missing mandatory field: body
kaminski-v/all_documents/19. | Missing mandatory field: body
kaminski-v/all_documents/1918. | Missing mandatory field: body
kaminski-v/all_documents/1928. | Missing mandatory field: body
kaminski-v/all_documents/1929. | Missing mandatory field: body
kaminski-v/all_documents/1938. | Missing mandatory field: body
kaminski-v/all_documents/1942. | Missing mandatory field: body
kaminski-v/all_documents/1944. | Missing mandatory field: body
kaminski-v/all_documents/1946. | Missing mandatory field: body
kaminski-v/all_documents/1947. | Missing mandatory field: body
kaminski-v/all_documents/195. | Missing mandatory field: to_addresses
kaminski-v/all_documents/1954. | Missing mandatory field: to_addresses
kaminski-v/all_documents/1963. | Missing mandatory field: subject
kaminski-v/all_documents/1966. | Missing mandatory field: body
kaminski-v/all_documents/1972. | Missing mandatory field: to_addresses
kaminski-v/all_documents/1977. | Missing mandatory field: body
kaminski-v/all_documents/1978. | Missing mandatory field: body
kaminski-v/all_documents/1980. | Missing mandatory field: body
kaminski-v/all_documents/1981. | Missing mandatory field: body
kaminski-v/all_documents/1982. | Missing mandatory field: body
kaminski-v/all_documents/1983. | Missing mandatory field: body
kaminski-v/all_documents/1988. | Missing mandatory field: body
kaminski-v/all_documents/1989. | Missing mandatory field: body
kaminski-v/all_documents/1990. | Missing mandatory field: body
kaminski-v/all_documents/1991. | Missing mandatory field: body
kaminski-v/all_documents/1992. | Missing mandatory field: body
kaminski-v/all_documents/1993. | Missing mandatory field: body
kaminski-v/all_documents/1995. | Missing mandatory field: to_addresses
kaminski-v/all_documents/200. | Missing mandatory field: body
kaminski-v/all_documents/2000. | Missing mandatory field: body
kaminski-v/all_documents/2001. | Missing mandatory field: body
kaminski-v/all_documents/2003. | Missing mandatory field: body
kaminski-v/all_documents/2013. | Missing mandatory field: to_addresses
kaminski-v/all_documents/2014. | Missing mandatory field: to_addresses
kaminski-v/all_documents/2017. | Missing mandatory field: body
kaminski-v/all_documents/2031. | Missing mandatory field: to_addresses
kaminski-v/all_documents/2042. | Missing mandatory field: body
kaminski-v/all_documents/2051. | Missing mandatory field: body
kaminski-v/all_documents/2075. | Missing mandatory field: to_addresses
kaminski-v/all_documents/2086. | Missing mandatory field: to_addresses
kaminski-v/all_documents/2095. | Missing mandatory field: body
kaminski-v/all_documents/2097. | Missing mandatory field: body
kaminski-v/all_documents/2100. | Missing mandatory field: body
kaminski-v/all_documents/211. | Missing mandatory field: body
kaminski-v/all_documents/2112. | Missing mandatory field: body
kaminski-v/all_documents/2117. | Missing mandatory field: to_addresses
kaminski-v/all_documents/2118. | Missing mandatory field: to_addresses
kaminski-v/all_documents/2123. | Missing mandatory field: body
kaminski-v/all_documents/2128. | Missing mandatory field: body
kaminski-v/all_documents/2130. | Missing mandatory field: body
kaminski-v/all_documents/2134. | Missing mandatory field: body
kaminski-v/all_documents/2141. | Missing mandatory field: body
kaminski-v/all_documents/2152. | Missing mandatory field: body
kaminski-v/all_documents/2153. | Missing mandatory field: body
kaminski-v/all_documents/2155. | Missing mandatory field: body
kaminski-v/all_documents/2163. | Missing mandatory field: subject
kaminski-v/all_documents/2165. | Missing mandatory field: to_addresses
kaminski-v/all_documents/2166. | Missing mandatory field: to_addresses
kaminski-v/all_documents/2177. | Missing mandatory field: body
kaminski-v/all_documents/2183. | Missing mandatory field: body
kaminski-v/all_documents/2188. | Missing mandatory field: body
kaminski-v/all_documents/2189. | Missing mandatory field: body
kaminski-v/all_documents/2192. | Missing mandatory field: body
kaminski-v/all_documents/2194. | Missing mandatory field: body
kaminski-v/all_documents/2221. | Missing mandatory field: subject
kaminski-v/all_documents/2223. | Missing mandatory field: subject
kaminski-v/all_documents/2245. | Missing mandatory field: body
kaminski-v/all_documents/2247. | Missing mandatory field: body
kaminski-v/all_documents/2248. | Missing mandatory field: subject
kaminski-v/all_documents/2252. | Missing mandatory field: body
kaminski-v/all_documents/2261. | Missing mandatory field: body
kaminski-v/all_documents/2265. | Missing mandatory field: subject
kaminski-v/all_documents/2266. | Missing mandatory field: to_addresses
kaminski-v/all_documents/2279. | Missing mandatory field: body
kaminski-v/all_documents/2281. | Missing mandatory field: body
kaminski-v/all_documents/2282. | Missing mandatory field: body
kaminski-v/all_documents/2284. | Missing mandatory field: body
kaminski-v/all_documents/2285. | Missing mandatory field: body
kaminski-v/all_documents/2291. | Missing mandatory field: subject
kaminski-v/all_documents/2293. | Missing mandatory field: to_addresses
kaminski-v/all_documents/2294. | Missing mandatory field: body
kaminski-v/all_documents/2308. | Missing mandatory field: body
kaminski-v/all_documents/232. | Missing mandatory field: body
kaminski-v/all_documents/2321. | Missing mandatory field: to_addresses
kaminski-v/all_documents/2328. | Missing mandatory field: body
kaminski-v/all_documents/2329. | Missing mandatory field: to_addresses
kaminski-v/all_documents/233. | Missing mandatory field: body
kaminski-v/all_documents/2336. | Missing mandatory field: subject
kaminski-v/all_documents/2338. | Missing mandatory field: body
kaminski-v/all_documents/2339. | Missing mandatory field: body
kaminski-v/all_documents/234. | Missing mandatory field: body
kaminski-v/all_documents/235. | Missing mandatory field: body
kaminski-v/all_documents/2358. | Missing mandatory field: subject
kaminski-v/all_documents/2361. | Missing mandatory field: body
kaminski-v/all_documents/238. | Missing mandatory field: body
kaminski-v/all_documents/2386. | Missing mandatory field: to_addresses
kaminski-v/all_documents/2392. | Missing mandatory field: body
kaminski-v/all_documents/240. | Missing mandatory field: body
kaminski-v/all_documents/2402. | Missing mandatory field: subject
kaminski-v/all_documents/241. | Missing mandatory field: body
kaminski-v/all_documents/2410. | Missing mandatory field: subject
kaminski-v/all_documents/2411. | Missing mandatory field: body
kaminski-v/all_documents/2417. | Missing mandatory field: subject
kaminski-v/all_documents/242. | Missing mandatory field: body
kaminski-v/all_documents/2423. | Missing mandatory field: body
kaminski-v/all_documents/243. | Missing mandatory field: body
kaminski-v/all_documents/2430. | Missing mandatory field: body
kaminski-v/all_documents/2433. | Missing mandatory field: body
kaminski-v/all_documents/2434. | Missing mandatory field: body
kaminski-v/all_documents/2435. | Missing mandatory field: body
kaminski-v/all_documents/2436. | Missing mandatory field: body
kaminski-v/all_documents/2438. | Missing mandatory field: body
kaminski-v/all_documents/244. | Missing mandatory field: subject
kaminski-v/all_documents/2440. | Missing mandatory field: body
kaminski-v/all_documents/2443. | Missing mandatory field: body
kaminski-v/all_documents/2444. | Missing mandatory field: body
kaminski-v/all_documents/2445. | Missing mandatory field: body
kaminski-v/all_documents/245. | Missing mandatory field: body
kaminski-v/all_documents/2451. | Missing mandatory field: body
kaminski-v/all_documents/2453. | Missing mandatory field: body
kaminski-v/all_documents/2454. | Missing mandatory field: body
kaminski-v/all_documents/2455. | Missing mandatory field: body
kaminski-v/all_documents/2456. | Missing mandatory field: body
kaminski-v/all_documents/2457. | Missing mandatory field: body
kaminski-v/all_documents/2458. | Missing mandatory field: body
kaminski-v/all_documents/2459. | Missing mandatory field: body
kaminski-v/all_documents/246. | Missing mandatory field: subject
kaminski-v/all_documents/2462. | Missing mandatory field: body
kaminski-v/all_documents/2463. | Missing mandatory field: body
kaminski-v/all_documents/2464. | Missing mandatory field: body
kaminski-v/all_documents/2465. | Missing mandatory field: body
kaminski-v/all_documents/2467. | Missing mandatory field: body
kaminski-v/all_documents/2468. | Missing mandatory field: body
kaminski-v/all_documents/2473. | Missing mandatory field: body
kaminski-v/all_documents/2477. | Missing mandatory field: body
kaminski-v/all_documents/2482. | Missing mandatory field: body
kaminski-v/all_documents/2483. | Missing mandatory field: body
kaminski-v/all_documents/2484. | Missing mandatory field: to_addresses
kaminski-v/all_documents/2486. | Missing mandatory field: body
kaminski-v/all_documents/2489. | Missing mandatory field: body
kaminski-v/all_documents/2492. | Missing mandatory field: body
kaminski-v/all_documents/2496. | Missing mandatory field: body
kaminski-v/all_documents/2503. | Missing mandatory field: subject
kaminski-v/all_documents/2511. | Missing mandatory field: to_addresses
kaminski-v/all_documents/2515. | Missing mandatory field: to_addresses
kaminski-v/all_documents/2516. | Missing mandatory field: to_addresses
kaminski-v/all_documents/2527. | Missing mandatory field: body
kaminski-v/all_documents/2528. | Missing mandatory field: body
kaminski-v/all_documents/2530. | Missing mandatory field: body
kaminski-v/all_documents/2531. | Missing mandatory field: body
kaminski-v/all_documents/2532. | Missing mandatory field: body
kaminski-v/all_documents/2534. | Missing mandatory field: to_addresses
kaminski-v/all_documents/2539. | Missing mandatory field: body
kaminski-v/all_documents/2545. | Missing mandatory field: body
kaminski-v/all_documents/2546. | Missing mandatory field: body
kaminski-v/all_documents/2547. | Missing mandatory field: body
kaminski-v/all_documents/2578. | Missing mandatory field: body
kaminski-v/all_documents/258. | Missing mandatory field: body
kaminski-v/all_documents/2585. | Missing mandatory field: subject
kaminski-v/all_documents/2605. | Missing mandatory field: subject
kaminski-v/all_documents/2609. | Missing mandatory field: to_addresses
kaminski-v/all_documents/2616. | Missing mandatory field: to_addresses
kaminski-v/all_documents/2617. | Missing mandatory field: to_addresses
kaminski-v/all_documents/2619. | Missing mandatory field: body
kaminski-v/all_documents/2621. | Missing mandatory field: body
kaminski-v/all_documents/2623. | Missing mandatory field: body
kaminski-v/all_documents/2624. | Missing mandatory field: body
kaminski-v/all_documents/2625. | Missing mandatory field: body
kaminski-v/all_documents/2626. | Missing mandatory field: body
kaminski-v/all_documents/2627. | Missing mandatory field: body
kaminski-v/all_documents/2629. | Missing mandatory field: body
kaminski-v/all_documents/2630. | Missing mandatory field: body
kaminski-v/all_documents/2631. | Missing mandatory field: body
kaminski-v/all_documents/2632. | Missing mandatory field: body
kaminski-v/all_documents/2634. | Missing mandatory field: body
kaminski-v/all_documents/2635. | Missing mandatory field: body
kaminski-v/all_documents/264. | Missing mandatory field: body
kaminski-v/all_documents/2642. | Missing mandatory field: to_addresses
kaminski-v/all_documents/2656. | Missing mandatory field: body
kaminski-v/all_documents/2659. | Missing mandatory field: body
kaminski-v/all_documents/2661. | Missing mandatory field: to_addresses
kaminski-v/all_documents/2667. | Missing mandatory field: body
kaminski-v/all_documents/2676. | Missing mandatory field: body
kaminski-v/all_documents/2681. | Missing mandatory field: body
kaminski-v/all_documents/2682. | Missing mandatory field: body
kaminski-v/all_documents/2689. | Missing mandatory field: to_addresses
kaminski-v/all_documents/269. | Missing mandatory field: body
kaminski-v/all_documents/2697. | Missing mandatory field: to_addresses
kaminski-v/all_documents/2699. | Missing mandatory field: body
kaminski-v/all_documents/2703. | Missing mandatory field: subject
kaminski-v/all_documents/2704. | Missing mandatory field: subject
kaminski-v/all_documents/2705. | Missing mandatory field: subject
kaminski-v/all_documents/2706. | Missing mandatory field: subject
kaminski-v/all_documents/2708. | Missing mandatory field: body
kaminski-v/all_documents/2709. | Missing mandatory field: subject
kaminski-v/all_documents/2711. | Missing mandatory field: body
kaminski-v/all_documents/2740. | Missing mandatory field: subject
kaminski-v/all_documents/2744. | Missing mandatory field: body
kaminski-v/all_documents/276. | Missing mandatory field: to_addresses
kaminski-v/all_documents/2766. | Missing mandatory field: body
kaminski-v/all_documents/2769. | Missing mandatory field: body
kaminski-v/all_documents/2770. | Missing mandatory field: body
kaminski-v/all_documents/2774. | Missing mandatory field: body
kaminski-v/all_documents/2775. | Missing mandatory field: body
kaminski-v/all_documents/2778. | Missing mandatory field: to_addresses
kaminski-v/all_documents/278. | Missing mandatory field: body
kaminski-v/all_documents/2780. | Missing mandatory field: subject
kaminski-v/all_documents/2787. | Missing mandatory field: body
kaminski-v/all_documents/279. | Missing mandatory field: body
kaminski-v/all_documents/280. | Missing mandatory field: body
kaminski-v/all_documents/281. | Missing mandatory field: subject
kaminski-v/all_documents/2815. | Missing mandatory field: to_addresses
kaminski-v/all_documents/283. | Missing mandatory field: subject
kaminski-v/all_documents/2838. | Missing mandatory field: subject
kaminski-v/all_documents/284. | Missing mandatory field: body
kaminski-v/all_documents/2840. | Missing mandatory field: body
kaminski-v/all_documents/2841. | Missing mandatory field: body
kaminski-v/all_documents/2843. | Missing mandatory field: to_addresses
kaminski-v/all_documents/2846. | Missing mandatory field: subject
kaminski-v/all_documents/285. | Missing mandatory field: body
kaminski-v/all_documents/2856. | Missing mandatory field: subject
kaminski-v/all_documents/2862. | Missing mandatory field: body
kaminski-v/all_documents/2863. | Missing mandatory field: body
kaminski-v/all_documents/2864. | Missing mandatory field: body
kaminski-v/all_documents/2865. | Missing mandatory field: body
kaminski-v/all_documents/2866. | Missing mandatory field: body
kaminski-v/all_documents/2867. | Missing mandatory field: body
kaminski-v/all_documents/2870. | Missing mandatory field: subject
kaminski-v/all_documents/2871. | Missing mandatory field: body
kaminski-v/all_documents/2872. | Missing mandatory field: body
kaminski-v/all_documents/2874. | Missing mandatory field: body
kaminski-v/all_documents/2879. | Missing mandatory field: body
kaminski-v/all_documents/288. | Missing mandatory field: body
kaminski-v/all_documents/2881. | Missing mandatory field: subject
kaminski-v/all_documents/2885. | Missing mandatory field: body
kaminski-v/all_documents/2897. | Missing mandatory field: body
kaminski-v/all_documents/2898. | Missing mandatory field: body
kaminski-v/all_documents/2913. | Missing mandatory field: body
kaminski-v/all_documents/2915. | Missing mandatory field: body
kaminski-v/all_documents/2920. | Missing mandatory field: subject
kaminski-v/all_documents/2923. | Missing mandatory field: body
kaminski-v/all_documents/2924. | Missing mandatory field: body
kaminski-v/all_documents/2926. | Missing mandatory field: subject
kaminski-v/all_documents/2950. | Missing mandatory field: body
kaminski-v/all_documents/2970. | Missing mandatory field: body
kaminski-v/all_documents/2971. | Missing mandatory field: subject
kaminski-v/all_documents/2981. | Missing mandatory field: body
kaminski-v/all_documents/2984. | Missing mandatory field: to_addresses
kaminski-v/all_documents/2995. | Missing mandatory field: body
kaminski-v/all_documents/2996. | Missing mandatory field: body
kaminski-v/all_documents/2997. | Missing mandatory field: body
kaminski-v/all_documents/2999. | Missing mandatory field: body
kaminski-v/all_documents/30. | Missing mandatory field: to_addresses
kaminski-v/all_documents/300. | Missing mandatory field: body
kaminski-v/all_documents/3002. | Missing mandatory field: body
kaminski-v/all_documents/3004. | Missing mandatory field: body
kaminski-v/all_documents/3005. | Missing mandatory field: body
kaminski-v/all_documents/3006. | Missing mandatory field: body
kaminski-v/all_documents/3007. | Missing mandatory field: body
kaminski-v/all_documents/3014. | Missing mandatory field: body
kaminski-v/all_documents/3019. | Missing mandatory field: to_addresses
kaminski-v/all_documents/302. | Missing mandatory field: body
kaminski-v/all_documents/3047. | Missing mandatory field: body
kaminski-v/all_documents/3048. | Missing mandatory field: body
kaminski-v/all_documents/3052. | Missing mandatory field: body
kaminski-v/all_documents/3053. | Missing mandatory field: body
kaminski-v/all_documents/3054. | Missing mandatory field: body
kaminski-v/all_documents/306. | Missing mandatory field: to_addresses
kaminski-v/all_documents/3065. | Missing mandatory field: body
kaminski-v/all_documents/307. | Missing mandatory field: body
kaminski-v/all_documents/308. | Missing mandatory field: body
kaminski-v/all_documents/3087. | Missing mandatory field: body
kaminski-v/all_documents/3088. | Missing mandatory field: body
kaminski-v/all_documents/3106. | Missing mandatory field: body
kaminski-v/all_documents/3124. | Missing mandatory field: subject
kaminski-v/all_documents/3125. | Missing mandatory field: body
kaminski-v/all_documents/3131. | Missing mandatory field: body
kaminski-v/all_documents/3136. | Missing mandatory field: body
kaminski-v/all_documents/3142. | Missing mandatory field: body
kaminski-v/all_documents/3143. | Missing mandatory field: body
kaminski-v/all_documents/3144. | Missing mandatory field: body
kaminski-v/all_documents/3145. | Missing mandatory field: body
kaminski-v/all_documents/3146. | Missing mandatory field: body
kaminski-v/all_documents/3147. | Missing mandatory field: body
kaminski-v/all_documents/3148. | Missing mandatory field: body
kaminski-v/all_documents/3149. | Missing mandatory field: body
kaminski-v/all_documents/3150. | Missing mandatory field: body
kaminski-v/all_documents/3151. | Missing mandatory field: body
kaminski-v/all_documents/3152. | Missing mandatory field: body
kaminski-v/all_documents/3153. | Missing mandatory field: body
kaminski-v/all_documents/3156. | Missing mandatory field: subject
kaminski-v/all_documents/3157. | Missing mandatory field: body
kaminski-v/all_documents/3158. | Missing mandatory field: body
kaminski-v/all_documents/3177. | Missing mandatory field: body
kaminski-v/all_documents/3178. | Missing mandatory field: body
kaminski-v/all_documents/3182. | Missing mandatory field: body
kaminski-v/all_documents/3190. | Missing mandatory field: body
kaminski-v/all_documents/3191. | Missing mandatory field: body
kaminski-v/all_documents/3192. | Missing mandatory field: subject
kaminski-v/all_documents/3197. | Missing mandatory field: body
kaminski-v/all_documents/3213. | Missing mandatory field: body
kaminski-v/all_documents/3217. | Missing mandatory field: subject
kaminski-v/all_documents/3218. | Missing mandatory field: subject
kaminski-v/all_documents/3225. | Missing mandatory field: subject
kaminski-v/all_documents/3228. | Missing mandatory field: body
kaminski-v/all_documents/3229. | Missing mandatory field: body
kaminski-v/all_documents/3233. | Missing mandatory field: to_addresses
kaminski-v/all_documents/3237. | Missing mandatory field: subject
kaminski-v/all_documents/3238. | Missing mandatory field: body
kaminski-v/all_documents/3239. | Missing mandatory field: body
kaminski-v/all_documents/3243. | Missing mandatory field: body
kaminski-v/all_documents/3245. | Missing mandatory field: subject
kaminski-v/all_documents/3248. | Missing mandatory field: subject
kaminski-v/all_documents/3252. | Missing mandatory field: body
kaminski-v/all_documents/3253. | Missing mandatory field: body
kaminski-v/all_documents/3254. | Missing mandatory field: body
kaminski-v/all_documents/3256. | Missing mandatory field: body
kaminski-v/all_documents/3277. | Missing mandatory field: body
kaminski-v/all_documents/3278. | Missing mandatory field: body
kaminski-v/all_documents/3301. | Missing mandatory field: subject
kaminski-v/all_documents/3308. | Missing mandatory field: body
kaminski-v/all_documents/3309. | Missing mandatory field: body
kaminski-v/all_documents/3312. | Missing mandatory field: body
kaminski-v/all_documents/3313. | Missing mandatory field: body
kaminski-v/all_documents/3325. | Missing mandatory field: body
kaminski-v/all_documents/3330. | Missing mandatory field: body
kaminski-v/all_documents/3334. | Missing mandatory field: body
kaminski-v/all_documents/3341. | Missing mandatory field: subject
kaminski-v/all_documents/3354. | Missing mandatory field: subject
kaminski-v/all_documents/336. | Missing mandatory field: body
kaminski-v/all_documents/3364. | Missing mandatory field: body
kaminski-v/all_documents/3366. | Missing mandatory field: subject
kaminski-v/all_documents/3376. | Missing mandatory field: subject
kaminski-v/all_documents/3378. | Missing mandatory field: to_addresses
kaminski-v/all_documents/3381. | Missing mandatory field: body
kaminski-v/all_documents/3388. | Missing mandatory field: body
kaminski-v/all_documents/3396. | Missing mandatory field: body
kaminski-v/all_documents/3397. | Missing mandatory field: body
kaminski-v/all_documents/3404. | Missing mandatory field: body
kaminski-v/all_documents/3431. | Missing mandatory field: body
kaminski-v/all_documents/3440. | Missing mandatory field: body
kaminski-v/all_documents/3450. | Missing mandatory field: body
kaminski-v/all_documents/3455. | Missing mandatory field: to_addresses
kaminski-v/all_documents/3475. | Missing mandatory field: body
kaminski-v/all_documents/3478. | Missing mandatory field: body
kaminski-v/all_documents/3481. | Missing mandatory field: body
kaminski-v/all_documents/3495. | Missing mandatory field: body
kaminski-v/all_documents/3515. | Missing mandatory field: body
kaminski-v/all_documents/3516. | Missing mandatory field: body
kaminski-v/all_documents/3519. | Missing mandatory field: body
kaminski-v/all_documents/3524. | Missing mandatory field: body
kaminski-v/all_documents/3558. | Missing mandatory field: body
kaminski-v/all_documents/3559. | Missing mandatory field: body
kaminski-v/all_documents/3560. | Missing mandatory field: body
kaminski-v/all_documents/3561. | Missing mandatory field: body
kaminski-v/all_documents/3563. | Missing mandatory field: body
kaminski-v/all_documents/3564. | Missing mandatory field: body
kaminski-v/all_documents/3565. | Missing mandatory field: body
kaminski-v/all_documents/357. | Missing mandatory field: to_addresses
kaminski-v/all_documents/3570. | Missing mandatory field: body
kaminski-v/all_documents/3575. | Missing mandatory field: body
kaminski-v/all_documents/3580. | Missing mandatory field: body
kaminski-v/all_documents/3585. | Missing mandatory field: body
kaminski-v/all_documents/3598. | Missing mandatory field: body
kaminski-v/all_documents/3599. | Missing mandatory field: body
kaminski-v/all_documents/3608. | Missing mandatory field: body
kaminski-v/all_documents/3609. | Missing mandatory field: body
kaminski-v/all_documents/3610. | Missing mandatory field: body
kaminski-v/all_documents/3611. | Missing mandatory field: body
kaminski-v/all_documents/3612. | Missing mandatory field: body
kaminski-v/all_documents/3613. | Missing mandatory field: body
kaminski-v/all_documents/3619. | Missing mandatory field: body
kaminski-v/all_documents/3620. | Missing mandatory field: body
kaminski-v/all_documents/3623. | Missing mandatory field: body
kaminski-v/all_documents/3624. | Missing mandatory field: body
kaminski-v/all_documents/3641. | Missing mandatory field: subject
kaminski-v/all_documents/3646. | Missing mandatory field: body
kaminski-v/all_documents/3670. | Missing mandatory field: body
kaminski-v/all_documents/3675. | Missing mandatory field: body
kaminski-v/all_documents/3677. | Missing mandatory field: subject
kaminski-v/all_documents/368. | Missing mandatory field: body
kaminski-v/all_documents/3685. | Missing mandatory field: subject
kaminski-v/all_documents/3686. | Missing mandatory field: body
kaminski-v/all_documents/3687. | Missing mandatory field: body
kaminski-v/all_documents/3698. | Missing mandatory field: body
kaminski-v/all_documents/3710. | Missing mandatory field: to_addresses
kaminski-v/all_documents/372. | Missing mandatory field: body
kaminski-v/all_documents/3743. | Missing mandatory field: body
kaminski-v/all_documents/3745. | Missing mandatory field: subject
kaminski-v/all_documents/3746. | Missing mandatory field: subject
kaminski-v/all_documents/3749. | Missing mandatory field: body
kaminski-v/all_documents/3759. | Missing mandatory field: body
kaminski-v/all_documents/3760. | Missing mandatory field: body
kaminski-v/all_documents/3761. | Missing mandatory field: body
kaminski-v/all_documents/3762. | Missing mandatory field: body
kaminski-v/all_documents/3764. | Missing mandatory field: body
kaminski-v/all_documents/3765. | Missing mandatory field: body
kaminski-v/all_documents/3771. | Missing mandatory field: body
kaminski-v/all_documents/3772. | Missing mandatory field: body
kaminski-v/all_documents/3773. | Missing mandatory field: to_addresses
kaminski-v/all_documents/3783. | Missing mandatory field: subject
kaminski-v/all_documents/3785. | Missing mandatory field: subject
kaminski-v/all_documents/3793. | Missing mandatory field: body
kaminski-v/all_documents/3798. | Missing mandatory field: body
kaminski-v/all_documents/3799. | Missing mandatory field: body
kaminski-v/all_documents/3827. | Missing mandatory field: body
kaminski-v/all_documents/3829. | Missing mandatory field: body
kaminski-v/all_documents/3830. | Missing mandatory field: body
kaminski-v/all_documents/3831. | Missing mandatory field: body
kaminski-v/all_documents/3832. | Missing mandatory field: body
kaminski-v/all_documents/3833. | Missing mandatory field: body
kaminski-v/all_documents/3834. | Missing mandatory field: body
kaminski-v/all_documents/3835. | Missing mandatory field: body
kaminski-v/all_documents/3838. | Missing mandatory field: body
kaminski-v/all_documents/3839. | Missing mandatory field: body
kaminski-v/all_documents/3846. | Missing mandatory field: body
kaminski-v/all_documents/3849. | Missing mandatory field: body
kaminski-v/all_documents/3850. | Missing mandatory field: body
kaminski-v/all_documents/3864. | Missing mandatory field: body
kaminski-v/all_documents/3865. | Missing mandatory field: body
kaminski-v/all_documents/3871. | Missing mandatory field: body
kaminski-v/all_documents/3872. | Missing mandatory field: body
kaminski-v/all_documents/3881. | Missing mandatory field: subject
kaminski-v/all_documents/3882. | Missing mandatory field: body
kaminski-v/all_documents/3883. | Missing mandatory field: body
kaminski-v/all_documents/3884. | Missing mandatory field: body
kaminski-v/all_documents/3885. | Missing mandatory field: body
kaminski-v/all_documents/3887. | Missing mandatory field: body
kaminski-v/all_documents/3890. | Missing mandatory field: body
kaminski-v/all_documents/3892. | Missing mandatory field: body
kaminski-v/all_documents/3893. | Missing mandatory field: body
kaminski-v/all_documents/3896. | Missing mandatory field: body
kaminski-v/all_documents/3907. | Missing mandatory field: body
kaminski-v/all_documents/3908. | Missing mandatory field: body
kaminski-v/all_documents/3911. | Missing mandatory field: body
kaminski-v/all_documents/3912. | Missing mandatory field: body
kaminski-v/all_documents/3913. | Missing mandatory field: body
kaminski-v/all_documents/3915. | Missing mandatory field: body
kaminski-v/all_documents/3922. | Missing mandatory field: body
kaminski-v/all_documents/394. | Missing mandatory field: body
kaminski-v/all_documents/3951. | Missing mandatory field: body
kaminski-v/all_documents/3952. | Missing mandatory field: body
kaminski-v/all_documents/3955. | Missing mandatory field: body
kaminski-v/all_documents/3957. | Missing mandatory field: body
kaminski-v/all_documents/3962. | Missing mandatory field: body
kaminski-v/all_documents/3969. | Missing mandatory field: body
kaminski-v/all_documents/3970. | Missing mandatory field: subject
kaminski-v/all_documents/3976. | Missing mandatory field: body
kaminski-v/all_documents/3979. | Missing mandatory field: subject
kaminski-v/all_documents/3981. | Missing mandatory field: to_addresses
kaminski-v/all_documents/3982. | Missing mandatory field: body
kaminski-v/all_documents/3985. | Missing mandatory field: body
kaminski-v/all_documents/3999. | Missing mandatory field: body
kaminski-v/all_documents/4. | Missing mandatory field: body
kaminski-v/all_documents/40. | Missing mandatory field: to_addresses
kaminski-v/all_documents/400. | Missing mandatory field: to_addresses
kaminski-v/all_documents/4000. | Missing mandatory field: body
kaminski-v/all_documents/401. | Missing mandatory field: body
kaminski-v/all_documents/4010. | Missing mandatory field: to_addresses
kaminski-v/all_documents/4011. | Missing mandatory field: body
kaminski-v/all_documents/4015. | Missing mandatory field: body
kaminski-v/all_documents/4016. | Missing mandatory field: body
kaminski-v/all_documents/4017. | Missing mandatory field: to_addresses
kaminski-v/all_documents/402. | Missing mandatory field: body
kaminski-v/all_documents/4020. | Missing mandatory field: to_addresses
kaminski-v/all_documents/4021. | Missing mandatory field: subject
kaminski-v/all_documents/403. | Missing mandatory field: body
kaminski-v/all_documents/406. | Missing mandatory field: subject
kaminski-v/all_documents/407. | Missing mandatory field: body
kaminski-v/all_documents/408. | Missing mandatory field: body
kaminski-v/all_documents/4081. | Missing mandatory field: body
kaminski-v/all_documents/4082. | Missing mandatory field: body
kaminski-v/all_documents/4084. | Missing mandatory field: body
kaminski-v/all_documents/4093. | Missing mandatory field: body
kaminski-v/all_documents/4094. | Missing mandatory field: body
kaminski-v/all_documents/4095. | Missing mandatory field: body
kaminski-v/all_documents/4097. | Missing mandatory field: body
kaminski-v/all_documents/4098. | Missing mandatory field: body
kaminski-v/all_documents/41. | Missing mandatory field: body
kaminski-v/all_documents/4100. | Missing mandatory field: body
kaminski-v/all_documents/4102. | Missing mandatory field: body
kaminski-v/all_documents/4103. | Missing mandatory field: subject
kaminski-v/all_documents/4104. | Missing mandatory field: body
kaminski-v/all_documents/4105. | Missing mandatory field: body
kaminski-v/all_documents/4106. | Missing mandatory field: body
kaminski-v/all_documents/4108. | Missing mandatory field: body
kaminski-v/all_documents/4111. | Missing mandatory field: subject
kaminski-v/all_documents/4114. | Missing mandatory field: body
kaminski-v/all_documents/4116. | Missing mandatory field: body
kaminski-v/all_documents/4124. | Missing mandatory field: body
kaminski-v/all_documents/4125. | Missing mandatory field: subject
kaminski-v/all_documents/4126. | Missing mandatory field: body
kaminski-v/all_documents/413. | Missing mandatory field: body
kaminski-v/all_documents/414. | Missing mandatory field: body
kaminski-v/all_documents/4142. | Missing mandatory field: subject
kaminski-v/all_documents/4149. | Missing mandatory field: body
kaminski-v/all_documents/4156. | Missing mandatory field: body
kaminski-v/all_documents/4158. | Missing mandatory field: subject
kaminski-v/all_documents/4159. | Missing mandatory field: body
kaminski-v/all_documents/4167. | Missing mandatory field: body
kaminski-v/all_documents/4169. | Missing mandatory field: subject
kaminski-v/all_documents/4175. | Missing mandatory field: body
kaminski-v/all_documents/4178. | Missing mandatory field: subject
kaminski-v/all_documents/4182. | Missing mandatory field: subject
kaminski-v/all_documents/4190. | Missing mandatory field: body
kaminski-v/all_documents/4194. | Missing mandatory field: body
kaminski-v/all_documents/4195. | Missing mandatory field: subject
kaminski-v/all_documents/4197. | Missing mandatory field: body
kaminski-v/all_documents/42. | Missing mandatory field: body
kaminski-v/all_documents/420. | Missing mandatory field: to_addresses
kaminski-v/all_documents/4226. | Missing mandatory field: subject
kaminski-v/all_documents/4227. | Missing mandatory field: subject
kaminski-v/all_documents/4241. | Missing mandatory field: subject
kaminski-v/all_documents/4243. | Missing mandatory field: body
kaminski-v/all_documents/4246. | Missing mandatory field: to_addresses
kaminski-v/all_documents/4274. | Missing mandatory field: subject
kaminski-v/all_documents/4277. | Missing mandatory field: body
kaminski-v/all_documents/4294. | Missing mandatory field: body
kaminski-v/all_documents/4296. | Missing mandatory field: body
kaminski-v/all_documents/43. | Missing mandatory field: body
kaminski-v/all_documents/4300. | Missing mandatory field: body
kaminski-v/all_documents/4303. | Missing mandatory field: body
kaminski-v/all_documents/4304. | Missing mandatory field: subject
kaminski-v/all_documents/4305. | Missing mandatory field: body
kaminski-v/all_documents/4306. | Missing mandatory field: body
kaminski-v/all_documents/4307. | Missing mandatory field: subject
kaminski-v/all_documents/4308. | Missing mandatory field: body
kaminski-v/all_documents/4309. | Missing mandatory field: body
kaminski-v/all_documents/4310. | Missing mandatory field: body
kaminski-v/all_documents/4311. | Missing mandatory field: body
kaminski-v/all_documents/4312. | Missing mandatory field: body
kaminski-v/all_documents/4313. | Missing mandatory field: subject
kaminski-v/all_documents/4316. | Missing mandatory field: body
kaminski-v/all_documents/4317. | Missing mandatory field: body
kaminski-v/all_documents/4323. | Missing mandatory field: body
kaminski-v/all_documents/4324. | Missing mandatory field: body
kaminski-v/all_documents/4340. | Missing mandatory field: body
kaminski-v/all_documents/4345. | Missing mandatory field: body
kaminski-v/all_documents/4346. | Missing mandatory field: subject
kaminski-v/all_documents/4347. | Missing mandatory field: body
kaminski-v/all_documents/4348. | Missing mandatory field: body
kaminski-v/all_documents/4349. | Missing mandatory field: body
kaminski-v/all_documents/4353. | Missing mandatory field: body
kaminski-v/all_documents/4355. | Missing mandatory field: body
kaminski-v/all_documents/4356. | Missing mandatory field: body
kaminski-v/all_documents/4357. | Missing mandatory field: body
kaminski-v/all_documents/4358. | Missing mandatory field: body
kaminski-v/all_documents/4359. | Missing mandatory field: body
kaminski-v/all_documents/4361. | Missing mandatory field: body
kaminski-v/all_documents/4365. | Missing mandatory field: body
kaminski-v/all_documents/4367. | Missing mandatory field: body
kaminski-v/all_documents/4368. | Missing mandatory field: body
kaminski-v/all_documents/437. | Missing mandatory field: to_addresses
kaminski-v/all_documents/4370. | Missing mandatory field: body
kaminski-v/all_documents/4372. | Missing mandatory field: body
kaminski-v/all_documents/4373. | Missing mandatory field: body
kaminski-v/all_documents/4378. | Missing mandatory field: body
kaminski-v/all_documents/4379. | Missing mandatory field: body
kaminski-v/all_documents/4380. | Missing mandatory field: subject
kaminski-v/all_documents/4386. | Missing mandatory field: body
kaminski-v/all_documents/4387. | Missing mandatory field: body
kaminski-v/all_documents/4388. | Missing mandatory field: body
kaminski-v/all_documents/4389. | Missing mandatory field: body
kaminski-v/all_documents/4390. | Missing mandatory field: body
kaminski-v/all_documents/4391. | Missing mandatory field: body
kaminski-v/all_documents/4394. | Missing mandatory field: body
kaminski-v/all_documents/4396. | Missing mandatory field: body
kaminski-v/all_documents/4405. | Missing mandatory field: body
kaminski-v/all_documents/4406. | Missing mandatory field: body
kaminski-v/all_documents/4407. | Missing mandatory field: body
kaminski-v/all_documents/4411. | Missing mandatory field: body
kaminski-v/all_documents/4414. | Missing mandatory field: body
kaminski-v/all_documents/4416. | Missing mandatory field: to_addresses
kaminski-v/all_documents/4418. | Missing mandatory field: to_addresses
kaminski-v/all_documents/4419. | Missing mandatory field: to_addresses
kaminski-v/all_documents/4420. | Missing mandatory field: body
kaminski-v/all_documents/4422. | Missing mandatory field: body
kaminski-v/all_documents/4423. | Missing mandatory field: body
kaminski-v/all_documents/4426. | Missing mandatory field: subject
kaminski-v/all_documents/4431. | Missing mandatory field: body
kaminski-v/all_documents/4432. | Missing mandatory field: to_addresses
kaminski-v/all_documents/4433. | Missing mandatory field: to_addresses
kaminski-v/all_documents/4446. | Missing mandatory field: body
kaminski-v/all_documents/4464. | Missing mandatory field: subject
kaminski-v/all_documents/4474. | Missing mandatory field: body
kaminski-v/all_documents/4482. | Missing mandatory field: subject
kaminski-v/all_documents/4488. | Missing mandatory field: body
kaminski-v/all_documents/4498. | Missing mandatory field: subject
kaminski-v/all_documents/4503. | Missing mandatory field: to_addresses
kaminski-v/all_documents/4507. | Missing mandatory field: subject
kaminski-v/all_documents/452. | Missing mandatory field: body
kaminski-v/all_documents/4523. | Missing mandatory field: body
kaminski-v/all_documents/4525. | Missing mandatory field: body
kaminski-v/all_documents/4526. | Missing mandatory field: body
kaminski-v/all_documents/4527. | Missing mandatory field: subject
kaminski-v/all_documents/4528. | Missing mandatory field: subject
kaminski-v/all_documents/453. | Missing mandatory field: body
kaminski-v/all_documents/4531. | Missing mandatory field: to_addresses
kaminski-v/all_documents/454. | Missing mandatory field: body
kaminski-v/all_documents/4542. | Missing mandatory field: body
kaminski-v/all_documents/4543. | Missing mandatory field: body
kaminski-v/all_documents/4544. | Missing mandatory field: body
kaminski-v/all_documents/455. | Missing mandatory field: body
kaminski-v/all_documents/4550. | Missing mandatory field: body
kaminski-v/all_documents/4556. | Missing mandatory field: to_addresses
kaminski-v/all_documents/456. | Missing mandatory field: body
kaminski-v/all_documents/4560. | Missing mandatory field: body
kaminski-v/all_documents/4589. | Missing mandatory field: body
kaminski-v/all_documents/459. | Missing mandatory field: body
kaminski-v/all_documents/460. | Missing mandatory field: body
kaminski-v/all_documents/4601. | Missing mandatory field: body
kaminski-v/all_documents/4602. | Missing mandatory field: body
kaminski-v/all_documents/4608. | Missing mandatory field: body
kaminski-v/all_documents/4612. | Missing mandatory field: body
kaminski-v/all_documents/4616. | Missing mandatory field: body
kaminski-v/all_documents/462. | Missing mandatory field: body
kaminski-v/all_documents/4623. | Missing mandatory field: body
kaminski-v/all_documents/4633. | Missing mandatory field: subject
kaminski-v/all_documents/4638. | Missing mandatory field: to_addresses
kaminski-v/all_documents/4645. | Missing mandatory field: body
kaminski-v/all_documents/4646. | Missing mandatory field: subject
kaminski-v/all_documents/4652. | Missing mandatory field: subject
kaminski-v/all_documents/4657. | Missing mandatory field: body
kaminski-v/all_documents/4664. | Missing mandatory field: subject
kaminski-v/all_documents/4666. | Missing mandatory field: body
kaminski-v/all_documents/4675. | Missing mandatory field: subject
kaminski-v/all_documents/4680. | Missing mandatory field: body
kaminski-v/all_documents/4681. | Missing mandatory field: body
kaminski-v/all_documents/4684. | Missing mandatory field: body
kaminski-v/all_documents/4689. | Missing mandatory field: subject
kaminski-v/all_documents/4690. | Missing mandatory field: to_addresses
kaminski-v/all_documents/4702. | Missing mandatory field: body
kaminski-v/all_documents/4709. | Missing mandatory field: to_addresses
kaminski-v/all_documents/4711. | Missing mandatory field: subject
kaminski-v/all_documents/4714. | Missing mandatory field: subject
kaminski-v/all_documents/4720. | Missing mandatory field: to_addresses
kaminski-v/all_documents/4723. | Missing mandatory field: to_addresses
kaminski-v/all_documents/4737. | Missing mandatory field: subject
kaminski-v/all_documents/4741. | Missing mandatory field: subject
kaminski-v/all_documents/4742. | Missing mandatory field: subject
kaminski-v/all_documents/4743. | Missing mandatory field: body
kaminski-v/all_documents/4744. | Missing mandatory field: subject
kaminski-v/all_documents/4758. | Missing mandatory field: body
kaminski-v/all_documents/4788. | Missing mandatory field: body
kaminski-v/all_documents/4789. | Missing mandatory field: body
kaminski-v/all_documents/4790. | Missing mandatory field: body
kaminski-v/all_documents/4793. | Missing mandatory field: body
kaminski-v/all_documents/4795. | Missing mandatory field: body
kaminski-v/all_documents/4802. | Missing mandatory field: to_addresses
kaminski-v/all_documents/4803. | Missing mandatory field: subject
kaminski-v/all_documents/4805. | Missing mandatory field: body
kaminski-v/all_documents/4817. | Missing mandatory field: subject
kaminski-v/all_documents/4820. | Missing mandatory field: body
kaminski-v/all_documents/4821. | Missing mandatory field: body
kaminski-v/all_documents/4826. | Missing mandatory field: subject
kaminski-v/all_documents/4827. | Missing mandatory field: body
kaminski-v/all_documents/4832. | Missing mandatory field: body
kaminski-v/all_documents/4833. | Missing mandatory field: subject
kaminski-v/all_documents/4839. | Missing mandatory field: body
kaminski-v/all_documents/4840. | Missing mandatory field: body
kaminski-v/all_documents/4854. | Missing mandatory field: body
kaminski-v/all_documents/4858. | Missing mandatory field: body
kaminski-v/all_documents/4865. | Missing mandatory field: subject
kaminski-v/all_documents/4872. | Missing mandatory field: body
kaminski-v/all_documents/4873. | Missing mandatory field: body
kaminski-v/all_documents/4878. | Missing mandatory field: body
kaminski-v/all_documents/4922. | Missing mandatory field: body
kaminski-v/all_documents/4947. | Missing mandatory field: subject
kaminski-v/all_documents/495. | Missing mandatory field: to_addresses
kaminski-v/all_documents/496. | Missing mandatory field: body
kaminski-v/all_documents/5001. | Missing mandatory field: body
kaminski-v/all_documents/5002. | Missing mandatory field: body
kaminski-v/all_documents/5009. | Missing mandatory field: subject
kaminski-v/all_documents/5016. | Missing mandatory field: body
kaminski-v/all_documents/5032. | Missing mandatory field: body
kaminski-v/all_documents/5034. | Missing mandatory field: body
kaminski-v/all_documents/5037. | Missing mandatory field: body
kaminski-v/all_documents/5038. | Missing mandatory field: to_addresses
kaminski-v/all_documents/5053. | Missing mandatory field: subject
kaminski-v/all_documents/5079. | Missing mandatory field: body
kaminski-v/all_documents/5087. | Missing mandatory field: body
kaminski-v/all_documents/5088. | Missing mandatory field: body
kaminski-v/all_documents/5089. | Missing mandatory field: subject
kaminski-v/all_documents/5092. | Missing mandatory field: body
kaminski-v/all_documents/5093. | Missing mandatory field: body
kaminski-v/all_documents/5094. | Missing mandatory field: body
kaminski-v/all_documents/5095. | Missing mandatory field: body
kaminski-v/all_documents/510. | Missing mandatory field: subject
kaminski-v/all_documents/5100. | Missing mandatory field: body
kaminski-v/all_documents/5102. | Missing mandatory field: body
kaminski-v/all_documents/5103. | Missing mandatory field: body
kaminski-v/all_documents/5112. | Missing mandatory field: subject
kaminski-v/all_documents/5119. | Missing mandatory field: subject
kaminski-v/all_documents/5120. | Missing mandatory field: subject
kaminski-v/all_documents/5121. | Missing mandatory field: body
kaminski-v/all_documents/5125. | Missing mandatory field: to_addresses
kaminski-v/all_documents/513. | Missing mandatory field: body
kaminski-v/all_documents/5138. | Missing mandatory field: body
kaminski-v/all_documents/516. | Missing mandatory field: body
kaminski-v/all_documents/5166. | Missing mandatory field: body
kaminski-v/all_documents/5167. | Missing mandatory field: body
kaminski-v/all_documents/5168. | Missing mandatory field: body
kaminski-v/all_documents/517. | Missing mandatory field: body
kaminski-v/all_documents/5170. | Missing mandatory field: body
kaminski-v/all_documents/520. | Missing mandatory field: subject
kaminski-v/all_documents/5203. | Missing mandatory field: body
kaminski-v/all_documents/521. | Missing mandatory field: body
kaminski-v/all_documents/5235. | Missing mandatory field: subject
kaminski-v/all_documents/5240. | Missing mandatory field: body
kaminski-v/all_documents/5242. | Missing mandatory field: body
kaminski-v/all_documents/5250. | Missing mandatory field: body
kaminski-v/all_documents/526. | Missing mandatory field: to_addresses
kaminski-v/all_documents/5261. | Missing mandatory field: subject
kaminski-v/all_documents/5262. | Missing mandatory field: subject
kaminski-v/all_documents/5266. | Missing mandatory field: subject
kaminski-v/all_documents/5269. | Missing mandatory field: subject
kaminski-v/all_documents/5276. | Missing mandatory field: subject
kaminski-v/all_documents/5277. | Missing mandatory field: to_addresses
kaminski-v/all_documents/5282. | Missing mandatory field: body
kaminski-v/all_documents/5294. | Missing mandatory field: body
kaminski-v/all_documents/5297. | Missing mandatory field: subject
kaminski-v/all_documents/5299. | Missing mandatory field: to_addresses
kaminski-v/all_documents/5313. | Missing mandatory field: body
kaminski-v/all_documents/5314. | Missing mandatory field: subject
kaminski-v/all_documents/5321. | Missing mandatory field: to_addresses
kaminski-v/all_documents/5324. | Missing mandatory field: subject
kaminski-v/all_documents/5338. | Missing mandatory field: subject
kaminski-v/all_documents/5345. | Missing mandatory field: to_addresses
kaminski-v/all_documents/5352. | Missing mandatory field: subject
kaminski-v/all_documents/5353. | Missing mandatory field: body
kaminski-v/all_documents/5362. | Missing mandatory field: body
kaminski-v/all_documents/5367. | Missing mandatory field: to_addresses
kaminski-v/all_documents/5368. | Missing mandatory field: to_addresses
kaminski-v/all_documents/537. | Missing mandatory field: to_addresses
kaminski-v/all_documents/5378. | Missing mandatory field: body
kaminski-v/all_documents/5387. | Missing mandatory field: body
kaminski-v/all_documents/5388. | Missing mandatory field: to_addresses
kaminski-v/all_documents/5400. | Missing mandatory field: body
kaminski-v/all_documents/543. | Missing mandatory field: body
kaminski-v/all_documents/544. | Missing mandatory field: body
kaminski-v/all_documents/5440. | Missing mandatory field: body
kaminski-v/all_documents/545. | Missing mandatory field: body
kaminski-v/all_documents/546. | Missing mandatory field: body
kaminski-v/all_documents/5478. | Missing mandatory field: subject
kaminski-v/all_documents/548. | Missing mandatory field: body
kaminski-v/all_documents/5490. | Missing mandatory field: body
kaminski-v/all_documents/5491. | Missing mandatory field: body
kaminski-v/all_documents/5498. | Missing mandatory field: subject
kaminski-v/all_documents/550. | Missing mandatory field: body
kaminski-v/all_documents/5500. | Missing mandatory field: body
kaminski-v/all_documents/551. | Missing mandatory field: body
kaminski-v/all_documents/552. | Missing mandatory field: body
kaminski-v/all_documents/5529. | Missing mandatory field: body
kaminski-v/all_documents/553. | Missing mandatory field: body
kaminski-v/all_documents/5530. | Missing mandatory field: subject
kaminski-v/all_documents/554. | Missing mandatory field: body
kaminski-v/all_documents/5549. | Missing mandatory field: body
kaminski-v/all_documents/555. | Missing mandatory field: body
kaminski-v/all_documents/5554. | Missing mandatory field: body
kaminski-v/all_documents/5555. | Missing mandatory field: body
kaminski-v/all_documents/556. | Missing mandatory field: body
kaminski-v/all_documents/5561. | Missing mandatory field: body
kaminski-v/all_documents/557. | Missing mandatory field: body
kaminski-v/all_documents/5585. | Missing mandatory field: body
kaminski-v/all_documents/5598. | Missing mandatory field: subject
kaminski-v/all_documents/5609. | Missing mandatory field: body
kaminski-v/all_documents/5610. | Missing mandatory field: body
kaminski-v/all_documents/5611. | Missing mandatory field: body
kaminski-v/all_documents/5612. | Missing mandatory field: body
kaminski-v/all_documents/5622. | Missing mandatory field: body
kaminski-v/all_documents/5623. | Missing mandatory field: subject
kaminski-v/all_documents/5624. | Missing mandatory field: subject
kaminski-v/all_documents/5625. | Missing mandatory field: subject
kaminski-v/all_documents/5626. | Missing mandatory field: subject
kaminski-v/all_documents/5627. | Missing mandatory field: body
kaminski-v/all_documents/5628. | Missing mandatory field: body
kaminski-v/all_documents/563. | Missing mandatory field: body
kaminski-v/all_documents/564. | Missing mandatory field: body
kaminski-v/all_documents/5640. | Missing mandatory field: subject
kaminski-v/all_documents/5643. | Missing mandatory field: body
kaminski-v/all_documents/565. | Missing mandatory field: body
kaminski-v/all_documents/5653. | Missing mandatory field: subject
kaminski-v/all_documents/5657. | Missing mandatory field: body
kaminski-v/all_documents/5659. | Missing mandatory field: body
kaminski-v/all_documents/567. | Missing mandatory field: body
kaminski-v/all_documents/5674. | Missing mandatory field: subject
kaminski-v/all_documents/5684. | Missing mandatory field: body
kaminski-v/all_documents/5688. | Missing mandatory field: body
kaminski-v/all_documents/5692. | Missing mandatory field: body
kaminski-v/all_documents/57. | Missing mandatory field: to_addresses
kaminski-v/all_documents/5706. | Missing mandatory field: subject
kaminski-v/all_documents/5707. | Missing mandatory field: body
kaminski-v/all_documents/571. | Missing mandatory field: to_addresses
kaminski-v/all_documents/5717. | Missing mandatory field: body
kaminski-v/all_documents/5718. | Missing mandatory field: subject
kaminski-v/all_documents/5723. | Missing mandatory field: body
kaminski-v/all_documents/5724. | Missing mandatory field: subject
kaminski-v/all_documents/5728. | Missing mandatory field: subject
kaminski-v/all_documents/5729. | Missing mandatory field: body
kaminski-v/all_documents/573. | Missing mandatory field: body
kaminski-v/all_documents/5734. | Missing mandatory field: body
kaminski-v/all_documents/5735. | Missing mandatory field: body
kaminski-v/all_documents/574. | Missing mandatory field: body
kaminski-v/all_documents/5743. | Missing mandatory field: to_addresses
kaminski-v/all_documents/5760. | Missing mandatory field: to_addresses
kaminski-v/all_documents/5769. | Missing mandatory field: to_addresses
kaminski-v/all_documents/5778. | Missing mandatory field: to_addresses
kaminski-v/all_documents/5838. | Missing mandatory field: to_addresses
kaminski-v/all_documents/5870. | Missing mandatory field: to_addresses
kaminski-v/all_documents/5884. | Missing mandatory field: body
kaminski-v/all_documents/5970. | Missing mandatory field: to_addresses
kaminski-v/all_documents/5987. | Missing mandatory field: to_addresses
kaminski-v/all_documents/6. | Missing mandatory field: body
kaminski-v/all_documents/601. | Missing mandatory field: to_addresses
kaminski-v/all_documents/6014. | Missing mandatory field: to_addresses
kaminski-v/all_documents/602. | Missing mandatory field: subject
kaminski-v/all_documents/6113. | Missing mandatory field: to_addresses
kaminski-v/all_documents/6119. | Missing mandatory field: to_addresses
kaminski-v/all_documents/612. | Missing mandatory field: body
kaminski-v/all_documents/6125. | Missing mandatory field: body
kaminski-v/all_documents/6130. | Missing mandatory field: body
kaminski-v/all_documents/614. | Missing mandatory field: body
kaminski-v/all_documents/6148. | Missing mandatory field: body
kaminski-v/all_documents/615. | Missing mandatory field: body
kaminski-v/all_documents/6151. | Missing mandatory field: body
kaminski-v/all_documents/617. | Missing mandatory field: subject
kaminski-v/all_documents/618. | Missing mandatory field: body
kaminski-v/all_documents/619. | Missing mandatory field: body
kaminski-v/all_documents/6196. | Missing mandatory field: to_addresses
kaminski-v/all_documents/6198. | Missing mandatory field: to_addresses
kaminski-v/all_documents/6199. | Missing mandatory field: to_addresses
kaminski-v/all_documents/620. | Missing mandatory field: body
kaminski-v/all_documents/6240. | Missing mandatory field: to_addresses
kaminski-v/all_documents/6318. | Missing mandatory field: body
kaminski-v/all_documents/6365. | Missing mandatory field: to_addresses
kaminski-v/all_documents/6380. | Missing mandatory field: body
kaminski-v/all_documents/6388. | Missing mandatory field: to_addresses
kaminski-v/all_documents/6409. | Missing mandatory field: body
kaminski-v/all_documents/641. | Missing mandatory field: body
kaminski-v/all_documents/646. | Missing mandatory field: body
kaminski-v/all_documents/6473. | Missing mandatory field: to_addresses
kaminski-v/all_documents/6474. | Missing mandatory field: to_addresses
kaminski-v/all_documents/6493. | Missing mandatory field: subject
kaminski-v/all_documents/6590. | Missing mandatory field: body
kaminski-v/all_documents/674. | Missing mandatory field: body
kaminski-v/all_documents/675. | Missing mandatory field: body
kaminski-v/all_documents/676. | Missing mandatory field: subject
kaminski-v/all_documents/680. | Missing mandatory field: to_addresses
kaminski-v/all_documents/683. | Missing mandatory field: body
kaminski-v/all_documents/685. | Missing mandatory field: body
kaminski-v/all_documents/695. | Missing mandatory field: body
kaminski-v/all_documents/7. | Missing mandatory field: body
kaminski-v/all_documents/702. | Missing mandatory field: body
kaminski-v/all_documents/703. | Missing mandatory field: body
kaminski-v/all_documents/704. | Missing mandatory field: body
kaminski-v/all_documents/705. | Missing mandatory field: body
kaminski-v/all_documents/712. | Missing mandatory field: body
kaminski-v/all_documents/714. | Missing mandatory field: body
kaminski-v/all_documents/725. | Missing mandatory field: body
kaminski-v/all_documents/726. | Missing mandatory field: subject
kaminski-v/all_documents/727. | Missing mandatory field: body
kaminski-v/all_documents/730. | Missing mandatory field: body
kaminski-v/all_documents/732. | Missing mandatory field: body
kaminski-v/all_documents/733. | Missing mandatory field: body
kaminski-v/all_documents/735. | Missing mandatory field: body
kaminski-v/all_documents/737. | Missing mandatory field: body
kaminski-v/all_documents/7376. | Missing mandatory field: subject
kaminski-v/all_documents/738. | Missing mandatory field: body
kaminski-v/all_documents/739. | Missing mandatory field: body
kaminski-v/all_documents/740. | Missing mandatory field: body
kaminski-v/all_documents/741. | Missing mandatory field: body
kaminski-v/all_documents/743. | Missing mandatory field: body
kaminski-v/all_documents/745. | Missing mandatory field: body
kaminski-v/all_documents/746. | Missing mandatory field: body
kaminski-v/all_documents/748. | Missing mandatory field: body
kaminski-v/all_documents/749. | Missing mandatory field: subject
kaminski-v/all_documents/751. | Missing mandatory field: body
kaminski-v/all_documents/752. | Missing mandatory field: body
kaminski-v/all_documents/755. | Missing mandatory field: body
kaminski-v/all_documents/757. | Missing mandatory field: to_addresses
kaminski-v/all_documents/765. | Missing mandatory field: body
kaminski-v/all_documents/77. | Missing mandatory field: body
kaminski-v/all_documents/772. | Missing mandatory field: body
kaminski-v/all_documents/779. | Missing mandatory field: body
kaminski-v/all_documents/780. | Missing mandatory field: body
kaminski-v/all_documents/787. | Missing mandatory field: body
kaminski-v/all_documents/79. | Missing mandatory field: body
kaminski-v/all_documents/793. | Missing mandatory field: body
kaminski-v/all_documents/7956. | Missing mandatory field: subject
kaminski-v/all_documents/801. | Missing mandatory field: body
kaminski-v/all_documents/804. | Missing mandatory field: body
kaminski-v/all_documents/811. | Missing mandatory field: subject
kaminski-v/all_documents/8119. | Missing mandatory field: subject
kaminski-v/all_documents/812. | Missing mandatory field: body
kaminski-v/all_documents/819. | Missing mandatory field: subject
kaminski-v/all_documents/82. | Missing mandatory field: subject
kaminski-v/all_documents/8266. | Missing mandatory field: subject
kaminski-v/all_documents/827. | Missing mandatory field: to_addresses
kaminski-v/all_documents/831. | Missing mandatory field: body
kaminski-v/all_documents/841. | Missing mandatory field: to_addresses
kaminski-v/all_documents/846. | Missing mandatory field: body
kaminski-v/all_documents/849. | Missing mandatory field: body
kaminski-v/all_documents/86. | Missing mandatory field: body
kaminski-v/all_documents/860. | Missing mandatory field: body
kaminski-v/all_documents/867. | Missing mandatory field: body
kaminski-v/all_documents/868. | Missing mandatory field: subject
kaminski-v/all_documents/869. | Missing mandatory field: body
kaminski-v/all_documents/87. | Missing mandatory field: body
kaminski-v/all_documents/870. | Missing mandatory field: body
kaminski-v/all_documents/872. | Missing mandatory field: body
kaminski-v/all_documents/8720. | Missing mandatory field: to_addresses
kaminski-v/all_documents/873. | Missing mandatory field: body
kaminski-v/all_documents/874. | Missing mandatory field: body
kaminski-v/all_documents/878. | Missing mandatory field: body
kaminski-v/all_documents/8780. | Missing mandatory field: to_addresses
kaminski-v/all_documents/881. | Missing mandatory field: body
kaminski-v/all_documents/882. | Missing mandatory field: body
kaminski-v/all_documents/883. | Missing mandatory field: body
kaminski-v/all_documents/885. | Missing mandatory field: subject
kaminski-v/all_documents/889. | Missing mandatory field: body
kaminski-v/all_documents/890. | Missing mandatory field: body
kaminski-v/all_documents/891. | Missing mandatory field: body
kaminski-v/all_documents/892. | Missing mandatory field: body
kaminski-v/all_documents/893. | Missing mandatory field: body
kaminski-v/all_documents/894. | Missing mandatory field: body
kaminski-v/all_documents/895. | Missing mandatory field: body
kaminski-v/all_documents/9043. | Missing mandatory field: body
kaminski-v/all_documents/9048. | Missing mandatory field: body
kaminski-v/all_documents/906. | Missing mandatory field: body
kaminski-v/all_documents/9068. | Missing mandatory field: body
kaminski-v/all_documents/9087. | Missing mandatory field: to_addresses
kaminski-v/all_documents/9095. | Missing mandatory field: body
kaminski-v/all_documents/9116. | Missing mandatory field: body
kaminski-v/all_documents/9117. | Missing mandatory field: body
kaminski-v/all_documents/9118. | Missing mandatory field: body
kaminski-v/all_documents/912. | Missing mandatory field: body
kaminski-v/all_documents/9132. | Missing mandatory field: body
kaminski-v/all_documents/9139. | Missing mandatory field: subject
kaminski-v/all_documents/9141. | Missing mandatory field: to_addresses
kaminski-v/all_documents/9143. | Missing mandatory field: body
kaminski-v/all_documents/915. | Missing mandatory field: body
kaminski-v/all_documents/9157. | Missing mandatory field: body
kaminski-v/all_documents/9158. | Missing mandatory field: body
kaminski-v/all_documents/9164. | Missing mandatory field: body
kaminski-v/all_documents/9165. | Missing mandatory field: body
kaminski-v/all_documents/9167. | Missing mandatory field: body
kaminski-v/all_documents/9168. | Missing mandatory field: body
kaminski-v/all_documents/9169. | Missing mandatory field: subject
kaminski-v/all_documents/9170. | Missing mandatory field: body
kaminski-v/all_documents/9177. | Missing mandatory field: body
kaminski-v/all_documents/9194. | Missing mandatory field: body
kaminski-v/all_documents/9195. | Missing mandatory field: subject
kaminski-v/all_documents/92. | Missing mandatory field: to_addresses
kaminski-v/all_documents/922. | Missing mandatory field: to_addresses
kaminski-v/all_documents/9220. | Missing mandatory field: body
kaminski-v/all_documents/9222. | Missing mandatory field: body
kaminski-v/all_documents/9237. | Missing mandatory field: subject
kaminski-v/all_documents/9245. | Missing mandatory field: subject
kaminski-v/all_documents/9276. | Missing mandatory field: subject
kaminski-v/all_documents/9289. | Missing mandatory field: subject
kaminski-v/all_documents/9294. | Missing mandatory field: body
kaminski-v/all_documents/9299. | Missing mandatory field: to_addresses
kaminski-v/all_documents/9307. | Missing mandatory field: body
kaminski-v/all_documents/9308. | Missing mandatory field: body
kaminski-v/all_documents/9338. | Missing mandatory field: body
kaminski-v/all_documents/9339. | Missing mandatory field: subject
kaminski-v/all_documents/935. | Missing mandatory field: body
kaminski-v/all_documents/9350. | Missing mandatory field: body
kaminski-v/all_documents/9353. | Missing mandatory field: body
kaminski-v/all_documents/9369. | Missing mandatory field: body
kaminski-v/all_documents/9370. | Missing mandatory field: body
kaminski-v/all_documents/9372. | Missing mandatory field: body
kaminski-v/all_documents/9374. | Missing mandatory field: body
kaminski-v/all_documents/9375. | Missing mandatory field: body
kaminski-v/all_documents/9376. | Missing mandatory field: subject
kaminski-v/all_documents/9378. | Missing mandatory field: body
kaminski-v/all_documents/939. | Missing mandatory field: subject
kaminski-v/all_documents/940. | Missing mandatory field: body
kaminski-v/all_documents/9400. | Missing mandatory field: subject
kaminski-v/all_documents/9401. | Missing mandatory field: subject
kaminski-v/all_documents/9405. | Missing mandatory field: body
kaminski-v/all_documents/9415. | Missing mandatory field: body
kaminski-v/all_documents/9416. | Missing mandatory field: body
kaminski-v/all_documents/9417. | Missing mandatory field: body
kaminski-v/all_documents/942. | Missing mandatory field: body
kaminski-v/all_documents/9429. | Missing mandatory field: subject
kaminski-v/all_documents/9438. | Missing mandatory field: body
kaminski-v/all_documents/9442. | Missing mandatory field: subject
kaminski-v/all_documents/9447. | Missing mandatory field: body
kaminski-v/all_documents/945. | Missing mandatory field: body
kaminski-v/all_documents/9458. | Missing mandatory field: body
kaminski-v/all_documents/946. | Missing mandatory field: body
kaminski-v/all_documents/9460. | Missing mandatory field: body
kaminski-v/all_documents/9461. | Missing mandatory field: body
kaminski-v/all_documents/9466. | Missing mandatory field: body
kaminski-v/all_documents/9478. | Missing mandatory field: body
kaminski-v/all_documents/9481. | Missing mandatory field: subject
kaminski-v/all_documents/949. | Missing mandatory field: body
kaminski-v/all_documents/9493. | Missing mandatory field: subject
kaminski-v/all_documents/9494. | Missing mandatory field: subject
kaminski-v/all_documents/9496. | Missing mandatory field: subject
kaminski-v/all_documents/950. | Missing mandatory field: body
kaminski-v/all_documents/9502. | Missing mandatory field: subject
kaminski-v/all_documents/9506. | Missing mandatory field: body
kaminski-v/all_documents/9523. | Missing mandatory field: body
kaminski-v/all_documents/9526. | Missing mandatory field: body
kaminski-v/all_documents/953. | Missing mandatory field: body
kaminski-v/all_documents/9532. | Missing mandatory field: body
kaminski-v/all_documents/9533. | Missing mandatory field: body
kaminski-v/all_documents/954. | Missing mandatory field: body
kaminski-v/all_documents/9546. | Missing mandatory field: body
kaminski-v/all_documents/9547. | Missing mandatory field: body
kaminski-v/all_documents/9548. | Missing mandatory field: subject
kaminski-v/all_documents/9554. | Missing mandatory field: subject
kaminski-v/all_documents/9557. | Missing mandatory field: body
kaminski-v/all_documents/956. | Missing mandatory field: body
kaminski-v/all_documents/9567. | Missing mandatory field: body
kaminski-v/all_documents/957. | Missing mandatory field: body
kaminski-v/all_documents/9570. | Missing mandatory field: body
kaminski-v/all_documents/9573. | Missing mandatory field: to_addresses
kaminski-v/all_documents/9578. | Missing mandatory field: subject
kaminski-v/all_documents/9582. | Missing mandatory field: body
kaminski-v/all_documents/9604. | Missing mandatory field: subject
kaminski-v/all_documents/961. | Missing mandatory field: body
kaminski-v/all_documents/962. | Missing mandatory field: body
kaminski-v/all_documents/9625. | Missing mandatory field: body
kaminski-v/all_documents/9630. | Missing mandatory field: subject
kaminski-v/all_documents/9635. | Missing mandatory field: body
kaminski-v/all_documents/964. | Missing mandatory field: body
kaminski-v/all_documents/9641. | Missing mandatory field: subject
kaminski-v/all_documents/9644. | Missing mandatory field: body
kaminski-v/all_documents/965. | Missing mandatory field: body
kaminski-v/all_documents/9652. | Missing mandatory field: body
kaminski-v/all_documents/966. | Missing mandatory field: body
kaminski-v/all_documents/9664. | Missing mandatory field: body
kaminski-v/all_documents/9670. | Missing mandatory field: subject
kaminski-v/all_documents/9671. | Missing mandatory field: body
kaminski-v/all_documents/9673. | Missing mandatory field: subject
kaminski-v/all_documents/9677. | Missing mandatory field: subject
kaminski-v/all_documents/9678. | Missing mandatory field: body
kaminski-v/all_documents/9692. | Missing mandatory field: body
kaminski-v/all_documents/9693. | Missing mandatory field: subject
kaminski-v/all_documents/9695. | Missing mandatory field: body
kaminski-v/all_documents/9696. | Missing mandatory field: body
kaminski-v/all_documents/9697. | Missing mandatory field: body
kaminski-v/all_documents/970. | Missing mandatory field: body
kaminski-v/all_documents/9700. | Missing mandatory field: body
kaminski-v/all_documents/9701. | Missing mandatory field: to_addresses
kaminski-v/all_documents/9702. | Missing mandatory field: body
kaminski-v/all_documents/9724. | Missing mandatory field: to_addresses
kaminski-v/all_documents/9731. | Missing mandatory field: subject
kaminski-v/all_documents/9742. | Missing mandatory field: body
kaminski-v/all_documents/9748. | Missing mandatory field: subject
kaminski-v/all_documents/9749. | Missing mandatory field: subject
kaminski-v/all_documents/9761. | Missing mandatory field: body
kaminski-v/all_documents/9766. | Missing mandatory field: body
kaminski-v/all_documents/9767. | Missing mandatory field: body
kaminski-v/all_documents/9778. | Missing mandatory field: subject
kaminski-v/all_documents/9787. | Missing mandatory field: body
kaminski-v/all_documents/9793. | Missing mandatory field: body
kaminski-v/all_documents/982. | Missing mandatory field: to_addresses
kaminski-v/all_documents/9825. | Missing mandatory field: body
kaminski-v/all_documents/9840. | Missing mandatory field: subject
kaminski-v/all_documents/9844. | Missing mandatory field: body
kaminski-v/all_documents/9847. | Missing mandatory field: body
kaminski-v/all_documents/9848. | Missing mandatory field: body
kaminski-v/all_documents/9850. | Missing mandatory field: body
kaminski-v/all_documents/9851. | Missing mandatory field: body
kaminski-v/all_documents/9852. | Missing mandatory field: body
kaminski-v/all_documents/9853. | Missing mandatory field: body
kaminski-v/all_documents/9854. | Missing mandatory field: subject
kaminski-v/all_documents/9856. | Missing mandatory field: body
kaminski-v/all_documents/9857. | Missing mandatory field: body
kaminski-v/all_documents/9858. | Missing mandatory field: body
kaminski-v/all_documents/9862. | Missing mandatory field: body
kaminski-v/all_documents/9863. | Missing mandatory field: body
kaminski-v/all_documents/9864. | Missing mandatory field: body
kaminski-v/all_documents/9867. | Missing mandatory field: body
kaminski-v/all_documents/9884. | Missing mandatory field: body
kaminski-v/all_documents/9890. | Missing mandatory field: to_addresses
kaminski-v/all_documents/9895. | Missing mandatory field: body
kaminski-v/all_documents/99. | Missing mandatory field: body
kaminski-v/all_documents/9924. | Missing mandatory field: subject
kaminski-v/all_documents/9927. | Missing mandatory field: subject
kaminski-v/all_documents/993. | Missing mandatory field: body
kaminski-v/all_documents/9933. | Missing mandatory field: subject
kaminski-v/all_documents/994. | Missing mandatory field: body
kaminski-v/all_documents/995. | Missing mandatory field: body
kaminski-v/all_documents/9952. | Missing mandatory field: body
kaminski-v/all_documents/9966. | Missing mandatory field: body
kaminski-v/all_documents/9967. | Missing mandatory field: body
kaminski-v/all_documents/9968. | Missing mandatory field: body
kaminski-v/all_documents/9969. | Missing mandatory field: body
kaminski-v/all_documents/9971. | Missing mandatory field: body
kaminski-v/all_documents/9972. | Missing mandatory field: body
kaminski-v/all_documents/9973. | Missing mandatory field: body
kaminski-v/all_documents/9980. | Missing mandatory field: body
kaminski-v/all_documents/9982. | Missing mandatory field: body
kaminski-v/all_documents/9984. | Missing mandatory field: body
kaminski-v/all_documents/999. | Missing mandatory field: body
kaminski-v/all_documents/9992. | Missing mandatory field: to_addresses
kaminski-v/australia/166. | Missing mandatory field: to_addresses
kaminski-v/australia/176. | Missing mandatory field: to_addresses
kaminski-v/australia/20. | Missing mandatory field: to_addresses
kaminski-v/australia/29. | Missing mandatory field: to_addresses
kaminski-v/australia/60. | Missing mandatory field: body
kaminski-v/australia/80. | Missing mandatory field: to_addresses
kaminski-v/australia/84. | Missing mandatory field: body
kaminski-v/australia/85. | Missing mandatory field: to_addresses
kaminski-v/australia/87. | Missing mandatory field: to_addresses
kaminski-v/australia/88. | Missing mandatory field: to_addresses
kaminski-v/c/mangmt/ene_ect/1. | Missing mandatory field: to_addresses
kaminski-v/c/mangmt/ene_ect/105. | Missing mandatory field: to_addresses
kaminski-v/c/mangmt/ene_ect/113. | Missing mandatory field: to_addresses
kaminski-v/c/mangmt/ene_ect/12. | Missing mandatory field: subject
kaminski-v/c/mangmt/ene_ect/126. | Missing mandatory field: subject
kaminski-v/c/mangmt/ene_ect/178. | Missing mandatory field: to_addresses
kaminski-v/c/mangmt/ene_ect/182. | Missing mandatory field: subject
kaminski-v/c/mangmt/ene_ect/223. | Missing mandatory field: body
kaminski-v/c/mangmt/ene_ect/225. | Missing mandatory field: to_addresses
kaminski-v/c/mangmt/ene_ect/395. | Missing mandatory field: body
kaminski-v/c/mangmt/ene_ect/531. | Missing mandatory field: body
kaminski-v/c/mangmt/group/management/104. | Missing mandatory field: body
kaminski-v/c/mangmt/group/management/161. | Missing mandatory field: to_addresses
kaminski-v/c/mangmt/group/management/175. | Missing mandatory field: body
kaminski-v/c/mangmt/group/management/322. | Missing mandatory field: subject
kaminski-v/c/mangmt/group/management/349. | Missing mandatory field: subject
kaminski-v/c/mangmt/group/management/414. | Missing mandatory field: body
kaminski-v/c/mangmt/group/management/629. | Missing mandatory field: body
kaminski-v/c/mangmt/group/management/634. | Missing mandatory field: to_addresses
kaminski-v/c/mangmt/group/management/705. | Missing mandatory field: to_addresses
kaminski-v/c/mangmt/group/management/721. | Missing mandatory field: to_addresses
kaminski-v/c/mangmt/group/management/732. | Missing mandatory field: body
kaminski-v/c/mangmt/group/software/management/137. | Missing mandatory field: to_addresses
kaminski-v/c/mangmt/group/software/management/15. | Missing mandatory field: body
kaminski-v/c/mangmt/group/software/management/176. | Missing mandatory field: body
kaminski-v/c/mangmt/group/software/management/183. | Missing mandatory field: to_addresses
kaminski-v/c/mangmt/group/software/management/19. | Missing mandatory field: to_addresses
kaminski-v/c/mangmt/group/software/management/338. | Missing mandatory field: body
kaminski-v/c/mangmt/group/software/management/354. | Missing mandatory field: body
kaminski-v/c/mangmt/group/software/management/361. | Missing mandatory field: subject
kaminski-v/c/mangmt/group/software/management/365. | Missing mandatory field: to_addresses
kaminski-v/c/mangmt/group/software/management/372. | Missing mandatory field: to_addresses
kaminski-v/c/mangmt/group/software/management/56. | Missing mandatory field: body
kaminski-v/c/mangmt/group/software/management/60. | Missing mandatory field: to_addresses
kaminski-v/c/technote/mail/projects/106. | Missing mandatory field: to_addresses
kaminski-v/c/technote/mail/projects/108. | Missing mandatory field: to_addresses
kaminski-v/c/technote/mail/projects/112. | Missing mandatory field: to_addresses
kaminski-v/c/technote/mail/projects/113. | Missing mandatory field: to_addresses
kaminski-v/c/technote/mail/projects/126. | Missing mandatory field: subject
kaminski-v/c/technote/mail/projects/142. | Missing mandatory field: to_addresses
kaminski-v/c/technote/mail/projects/151. | Missing mandatory field: to_addresses
kaminski-v/c/technote/mail/projects/152. | Missing mandatory field: to_addresses
kaminski-v/c/technote/mail/projects/163. | Missing mandatory field: to_addresses
kaminski-v/c/technote/mail/projects/170. | Missing mandatory field: body
kaminski-v/c/technote/mail/projects/193. | Missing mandatory field: subject
kaminski-v/c/technote/mail/projects/201. | Missing mandatory field: body
kaminski-v/c/technote/mail/projects/210. | Missing mandatory field: body
kaminski-v/c/technote/mail/projects/211. | Missing mandatory field: body
kaminski-v/c/technote/mail/projects/212. | Missing mandatory field: body
kaminski-v/c/technote/mail/projects/213. | Missing mandatory field: body
kaminski-v/c/technote/mail/projects/214. | Missing mandatory field: body
kaminski-v/c/technote/mail/projects/222. | Missing mandatory field: subject
kaminski-v/c/technote/mail/projects/253. | Missing mandatory field: body
kaminski-v/c/technote/mail/projects/271. | Missing mandatory field: body
kaminski-v/c/technote/mail/projects/274. | Missing mandatory field: subject
kaminski-v/c/technote/mail/projects/287. | Missing mandatory field: to_addresses
kaminski-v/c/technote/mail/projects/466. | Missing mandatory field: subject
kaminski-v/c/technote/mail/projects/50. | Missing mandatory field: subject
kaminski-v/c/technote/mail/projects/511. | Missing mandatory field: body
kaminski-v/c/technote/mail/projects/514. | Missing mandatory field: to_addresses
kaminski-v/c/technote/mail/projects/517. | Missing mandatory field: to_addresses
kaminski-v/c/technote/mail/projects/56. | Missing mandatory field: body
kaminski-v/c/technote/mail/projects/609. | Missing mandatory field: body
kaminski-v/c/technote/mail/projects/62. | Missing mandatory field: body
kaminski-v/c/technote/mail/projects/79. | Missing mandatory field: body
kaminski-v/c/technote/mail/projects/85. | Missing mandatory field: body
kaminski-v/c/technote/mail/projects/86. | Missing mandatory field: to_addresses
kaminski-v/c/technote/mail/techmemos/102. | Missing mandatory field: to_addresses
kaminski-v/c/technote/mail/techmemos/105. | Missing mandatory field: body
kaminski-v/c/technote/mail/techmemos/114. | Missing mandatory field: body
kaminski-v/c/technote/mail/techmemos/118. | Missing mandatory field: to_addresses
kaminski-v/c/technote/mail/techmemos/124. | Missing mandatory field: to_addresses
kaminski-v/c/technote/mail/techmemos/125. | Missing mandatory field: to_addresses
kaminski-v/c/technote/mail/techmemos/152. | Missing mandatory field: subject
kaminski-v/c/technote/mail/techmemos/223. | Missing mandatory field: body
kaminski-v/c/technote/mail/techmemos/232. | Missing mandatory field: body
kaminski-v/c/technote/mail/techmemos/265. | Missing mandatory field: subject
kaminski-v/c/technote/mail/techmemos/32. | Missing mandatory field: to_addresses
kaminski-v/c/technote/mail/techmemos/41. | Missing mandatory field: to_addresses
kaminski-v/c/technote/mail/techmemos/55. | Missing mandatory field: subject
kaminski-v/c/technote/mail/techmemos/59. | Missing mandatory field: to_addresses
kaminski-v/c/technote/mail/techmemos/64. | Missing mandatory field: to_addresses
kaminski-v/c/technote/mail/techmemos/74. | Missing mandatory field: body
kaminski-v/c/technote/mail/techmemos/8. | Missing mandatory field: to_addresses
kaminski-v/calendar/1. | Missing mandatory field: to_addresses
kaminski-v/calendar/11. | Missing mandatory field: to_addresses
kaminski-v/calendar/12. | Missing mandatory field: to_addresses
kaminski-v/calendar/14. | Missing mandatory field: to_addresses
kaminski-v/calendar/2. | Missing mandatory field: to_addresses
kaminski-v/calendar/27. | Missing mandatory field: to_addresses
kaminski-v/calendar/3. | Missing mandatory field: to_addresses
kaminski-v/calendar/30. | Missing mandatory field: to_addresses
kaminski-v/calendar/31. | Missing mandatory field: to_addresses
kaminski-v/calendar/32. | Missing mandatory field: to_addresses
kaminski-v/calendar/33. | Missing mandatory field: to_addresses
kaminski-v/calendar/34. | Missing mandatory field: to_addresses
kaminski-v/calendar/35. | Missing mandatory field: to_addresses
kaminski-v/calendar/36. | Missing mandatory field: to_addresses
kaminski-v/calendar/37. | Missing mandatory field: to_addresses
kaminski-v/calendar/38. | Missing mandatory field: to_addresses
kaminski-v/calendar/39. | Missing mandatory field: to_addresses
kaminski-v/calendar/4. | Missing mandatory field: to_addresses
kaminski-v/calendar/40. | Missing mandatory field: to_addresses
kaminski-v/calendar/41. | Missing mandatory field: to_addresses
kaminski-v/calendar/42. | Missing mandatory field: to_addresses
kaminski-v/calendar/43. | Missing mandatory field: to_addresses
kaminski-v/calendar/44. | Missing mandatory field: to_addresses
kaminski-v/calendar/45. | Missing mandatory field: to_addresses
kaminski-v/calendar/47. | Missing mandatory field: to_addresses
kaminski-v/calendar/51. | Missing mandatory field: to_addresses
kaminski-v/calendar/52. | Missing mandatory field: to_addresses
kaminski-v/calendar/53. | Missing mandatory field: to_addresses
kaminski-v/calendar/56. | Missing mandatory field: to_addresses
kaminski-v/calendar/57. | Missing mandatory field: to_addresses
kaminski-v/calendar/6. | Missing mandatory field: to_addresses
kaminski-v/calendar/60. | Missing mandatory field: to_addresses
kaminski-v/calendar/62. | Missing mandatory field: to_addresses
kaminski-v/calendar/63. | Missing mandatory field: to_addresses
kaminski-v/calendar/71. | Missing mandatory field: to_addresses
kaminski-v/calendar/72. | Missing mandatory field: to_addresses
kaminski-v/calendar/74. | Missing mandatory field: to_addresses
kaminski-v/calendar/77. | Missing mandatory field: to_addresses
kaminski-v/calendar/78. | Missing mandatory field: to_addresses
kaminski-v/calendar/79. | Missing mandatory field: to_addresses
kaminski-v/calendar/80. | Missing mandatory field: to_addresses
kaminski-v/calendar/9. | Missing mandatory field: to_addresses
kaminski-v/cera/14. | Missing mandatory field: to_addresses
kaminski-v/cera/15. | Missing mandatory field: to_addresses
kaminski-v/cera/16. | Missing mandatory field: to_addresses
kaminski-v/cera/17. | Missing mandatory field: to_addresses
kaminski-v/cera/18. | Missing mandatory field: to_addresses
kaminski-v/cera/33. | Missing mandatory field: to_addresses
kaminski-v/cera/36. | Missing mandatory field: to_addresses
kaminski-v/cera/5. | Missing mandatory field: to_addresses
kaminski-v/cera/6. | Missing mandatory field: to_addresses
kaminski-v/cera/8. | Missing mandatory field: to_addresses
kaminski-v/conferences/105. | Missing mandatory field: body
kaminski-v/conferences/207. | Missing mandatory field: to_addresses
kaminski-v/conferences/245. | Missing mandatory field: subject
kaminski-v/conferences/64. | Missing mandatory field: to_addresses
kaminski-v/conferences/82. | Missing mandatory field: to_addresses
kaminski-v/conferences/95. | Missing mandatory field: to_addresses
kaminski-v/credit/35. | Missing mandatory field: body
kaminski-v/credit/54. | Missing mandatory field: body
kaminski-v/deleted_items/106. | Missing mandatory field: to_addresses
kaminski-v/deleted_items/1084. | Missing mandatory field: subject
kaminski-v/deleted_items/1086. | Missing mandatory field: to_addresses
kaminski-v/deleted_items/1093. | Missing mandatory field: to_addresses
kaminski-v/deleted_items/1101. | Missing mandatory field: to_addresses
kaminski-v/deleted_items/1102. | Missing mandatory field: subject
kaminski-v/deleted_items/1107. | Missing mandatory field: subject
kaminski-v/deleted_items/1108. | Missing mandatory field: subject
kaminski-v/deleted_items/1109. | Missing mandatory field: subject
kaminski-v/deleted_items/113. | Missing mandatory field: to_addresses
kaminski-v/deleted_items/1167. | Missing mandatory field: to_addresses
kaminski-v/deleted_items/1169. | Missing mandatory field: to_addresses
kaminski-v/deleted_items/1188. | Missing mandatory field: body
kaminski-v/deleted_items/1218. | Missing mandatory field: to_addresses
kaminski-v/deleted_items/1221. | Missing mandatory field: to_addresses
kaminski-v/deleted_items/1222. | Missing mandatory field: to_addresses
kaminski-v/deleted_items/1223. | Missing mandatory field: to_addresses
kaminski-v/deleted_items/1232. | Missing mandatory field: body
kaminski-v/deleted_items/1233. | Missing mandatory field: body
kaminski-v/deleted_items/1234. | Missing mandatory field: body
kaminski-v/deleted_items/1263. | Missing mandatory field: to_addresses
kaminski-v/deleted_items/1270. | Missing mandatory field: to_addresses
kaminski-v/deleted_items/1292. | Missing mandatory field: to_addresses
kaminski-v/deleted_items/1293. | Missing mandatory field: to_addresses
kaminski-v/deleted_items/1294. | Missing mandatory field: to_addresses
kaminski-v/deleted_items/1324. | Missing mandatory field: to_addresses
kaminski-v/deleted_items/1343. | Missing mandatory field: to_addresses
kaminski-v/deleted_items/1370. | Missing mandatory field: to_addresses
kaminski-v/deleted_items/1375. | Missing mandatory field: to_addresses
kaminski-v/deleted_items/1377. | Missing mandatory field: to_addresses
kaminski-v/deleted_items/1409. | Missing mandatory field: to_addresses
kaminski-v/deleted_items/1421. | Missing mandatory field: to_addresses
kaminski-v/deleted_items/1425. | Missing mandatory field: to_addresses
kaminski-v/deleted_items/1427. | Missing mandatory field: to_addresses
kaminski-v/deleted_items/16. | Missing mandatory field: to_addresses
kaminski-v/deleted_items/161. | Missing mandatory field: to_addresses
kaminski-v/deleted_items/1725. | Missing mandatory field: to_addresses
kaminski-v/deleted_items/1757. | Missing mandatory field: to_addresses
kaminski-v/deleted_items/1776. | Missing mandatory field: subject
kaminski-v/deleted_items/1787. | Missing mandatory field: to_addresses
kaminski-v/deleted_items/1801. | Missing mandatory field: to_addresses
kaminski-v/deleted_items/1804. | Missing mandatory field: to_addresses
kaminski-v/deleted_items/181. | Missing mandatory field: subject
kaminski-v/deleted_items/1815. | Missing mandatory field: to_addresses
kaminski-v/deleted_items/1819. | Missing mandatory field: to_addresses
kaminski-v/deleted_items/1821. | Missing mandatory field: to_addresses
kaminski-v/deleted_items/1846. | Missing mandatory field: to_addresses
kaminski-v/deleted_items/1849. | Missing mandatory field: subject
kaminski-v/deleted_items/1854. | Missing mandatory field: to_addresses
kaminski-v/deleted_items/1855. | Missing mandatory field: to_addresses
kaminski-v/deleted_items/1859. | Missing mandatory field: to_addresses
kaminski-v/deleted_items/1862. | Missing mandatory field: subject
kaminski-v/deleted_items/1892. | Missing mandatory field: to_addresses
kaminski-v/deleted_items/191. | Missing mandatory field: to_addresses
kaminski-v/deleted_items/1912. | Missing mandatory field: body
kaminski-v/deleted_items/1918. | Missing mandatory field: body
kaminski-v/deleted_items/2098. | Missing mandatory field: to_addresses
kaminski-v/deleted_items/211. | Missing mandatory field: to_addresses
kaminski-v/deleted_items/2116. | Missing mandatory field: to_addresses
kaminski-v/deleted_items/2123. | Missing mandatory field: to_addresses
kaminski-v/deleted_items/2134. | Missing mandatory field: to_addresses
kaminski-v/deleted_items/2137. | Missing mandatory field: to_addresses
kaminski-v/deleted_items/2140. | Missing mandatory field: to_addresses
kaminski-v/deleted_items/2142. | Missing mandatory field: to_addresses
kaminski-v/deleted_items/2156. | Missing mandatory field: to_addresses
kaminski-v/deleted_items/2183. | Missing mandatory field: to_addresses
kaminski-v/deleted_items/2191. | Missing mandatory field: to_addresses
kaminski-v/deleted_items/2198. | Missing mandatory field: to_addresses
kaminski-v/deleted_items/2202. | Missing mandatory field: to_addresses
kaminski-v/deleted_items/222. | Missing mandatory field: to_addresses
kaminski-v/deleted_items/2223. | Missing mandatory field: to_addresses
kaminski-v/deleted_items/2235. | Missing mandatory field: to_addresses
kaminski-v/deleted_items/2236. | Missing mandatory field: to_addresses
kaminski-v/deleted_items/2250. | Missing mandatory field: subject
kaminski-v/deleted_items/2254. | Missing mandatory field: to_addresses
kaminski-v/deleted_items/2259. | Missing mandatory field: to_addresses
kaminski-v/deleted_items/2262. | Missing mandatory field: body
kaminski-v/deleted_items/2278. | Missing mandatory field: to_addresses
kaminski-v/deleted_items/2296. | Missing mandatory field: body
kaminski-v/deleted_items/2309. | Missing mandatory field: to_addresses
kaminski-v/deleted_items/2310. | Missing mandatory field: to_addresses
kaminski-v/deleted_items/2311. | Missing mandatory field: to_addresses
kaminski-v/deleted_items/2322. | Missing mandatory field: to_addresses
kaminski-v/deleted_items/2333. | Missing mandatory field: to_addresses
kaminski-v/deleted_items/2334. | Missing mandatory field: to_addresses
kaminski-v/deleted_items/2338. | Missing mandatory field: to_addresses
kaminski-v/deleted_items/2369. | Missing mandatory field: to_addresses
kaminski-v/deleted_items/2372. | Missing mandatory field: to_addresses
kaminski-v/deleted_items/2380. | Missing mandatory field: to_addresses
kaminski-v/deleted_items/2391. | Missing mandatory field: to_addresses
kaminski-v/deleted_items/2395. | Missing mandatory field: to_addresses
kaminski-v/deleted_items/2409. | Missing mandatory field: to_addresses
kaminski-v/deleted_items/2426. | Missing mandatory field: to_addresses
kaminski-v/deleted_items/243. | Missing mandatory field: subject
kaminski-v/deleted_items/2434. | Missing mandatory field: to_addresses
kaminski-v/deleted_items/2436. | Missing mandatory field: to_addresses
kaminski-v/deleted_items/2437. | Missing mandatory field: to_addresses
kaminski-v/deleted_items/2441. | Missing mandatory field: to_addresses
kaminski-v/deleted_items/2448. | Missing mandatory field: to_addresses
kaminski-v/deleted_items/2458. | Missing mandatory field: to_addresses
kaminski-v/deleted_items/2462. | Missing mandatory field: to_addresses
kaminski-v/deleted_items/2488. | Missing mandatory field: to_addresses
kaminski-v/deleted_items/2494. | Missing mandatory field: to_addresses
kaminski-v/deleted_items/266. | Missing mandatory field: subject
kaminski-v/deleted_items/288. | Missing mandatory field: to_addresses
kaminski-v/deleted_items/315. | Missing mandatory field: to_addresses
kaminski-v/deleted_items/33. | Missing mandatory field: to_addresses
kaminski-v/deleted_items/336. | Missing mandatory field: to_addresses
kaminski-v/deleted_items/341. | Missing mandatory field: subject
kaminski-v/deleted_items/344. | Missing mandatory field: body
kaminski-v/deleted_items/346. | Missing mandatory field: to_addresses
kaminski-v/deleted_items/380. | Missing mandatory field: to_addresses
kaminski-v/deleted_items/405. | Missing mandatory field: subject
kaminski-v/deleted_items/413. | Missing mandatory field: to_addresses
kaminski-v/deleted_items/428. | Missing mandatory field: to_addresses
kaminski-v/deleted_items/429. | Missing mandatory field: to_addresses
kaminski-v/deleted_items/457. | Missing mandatory field: body
kaminski-v/deleted_items/483. | Missing mandatory field: to_addresses
kaminski-v/deleted_items/484. | Missing mandatory field: body
kaminski-v/deleted_items/49. | Missing mandatory field: to_addresses
kaminski-v/deleted_items/501. | Missing mandatory field: to_addresses
kaminski-v/deleted_items/527. | Missing mandatory field: subject
kaminski-v/deleted_items/533. | Missing mandatory field: to_addresses
kaminski-v/deleted_items/564. | Missing mandatory field: to_addresses
kaminski-v/deleted_items/584. | Missing mandatory field: subject
kaminski-v/deleted_items/593. | Missing mandatory field: to_addresses
kaminski-v/deleted_items/625. | Missing mandatory field: to_addresses
kaminski-v/deleted_items/626. | Missing mandatory field: subject
kaminski-v/deleted_items/629. | Missing mandatory field: subject
kaminski-v/deleted_items/638. | Missing mandatory field: to_addresses
kaminski-v/deleted_items/677. | Missing mandatory field: subject
kaminski-v/deleted_items/708. | Missing mandatory field: to_addresses
kaminski-v/deleted_items/714. | Missing mandatory field: subject
kaminski-v/deleted_items/721. | Missing mandatory field: subject
kaminski-v/deleted_items/730. | Missing mandatory field: to_addresses
kaminski-v/deleted_items/768. | Missing mandatory field: subject
kaminski-v/deleted_items/770. | Missing mandatory field: to_addresses
kaminski-v/deleted_items/781. | Missing mandatory field: to_addresses
kaminski-v/deleted_items/785. | Missing mandatory field: to_addresses
kaminski-v/deleted_items/786. | Missing mandatory field: body
kaminski-v/deleted_items/790. | Missing mandatory field: to_addresses
kaminski-v/deleted_items/791. | Missing mandatory field: to_addresses
kaminski-v/deleted_items/798. | Missing mandatory field: to_addresses
kaminski-v/deleted_items/80. | Missing mandatory field: to_addresses
kaminski-v/deleted_items/806. | Missing mandatory field: to_addresses
kaminski-v/deleted_items/811. | Missing mandatory field: body
kaminski-v/deleted_items/817. | Missing mandatory field: to_addresses
kaminski-v/deleted_items/84. | Missing mandatory field: to_addresses
kaminski-v/deleted_items/919. | Missing mandatory field: to_addresses
kaminski-v/deleted_items/933. | Missing mandatory field: to_addresses
kaminski-v/deleted_items/957. | Missing mandatory field: to_addresses
kaminski-v/discussion_threads/1. | Missing mandatory field: body
kaminski-v/discussion_threads/1000. | Missing mandatory field: body
kaminski-v/discussion_threads/1001. | Missing mandatory field: body
kaminski-v/discussion_threads/1003. | Missing mandatory field: body
kaminski-v/discussion_threads/1004. | Missing mandatory field: body
kaminski-v/discussion_threads/1006. | Missing mandatory field: subject
kaminski-v/discussion_threads/1007. | Missing mandatory field: body
kaminski-v/discussion_threads/1008. | Missing mandatory field: body
kaminski-v/discussion_threads/1009. | Missing mandatory field: body
kaminski-v/discussion_threads/1010. | Missing mandatory field: body
kaminski-v/discussion_threads/1011. | Missing mandatory field: body
kaminski-v/discussion_threads/1012. | Missing mandatory field: subject
kaminski-v/discussion_threads/1013. | Missing mandatory field: body
kaminski-v/discussion_threads/1014. | Missing mandatory field: body
kaminski-v/discussion_threads/1015. | Missing mandatory field: subject
kaminski-v/discussion_threads/1016. | Missing mandatory field: body
kaminski-v/discussion_threads/1017. | Missing mandatory field: body
kaminski-v/discussion_threads/102. | Missing mandatory field: body
kaminski-v/discussion_threads/1021. | Missing mandatory field: body
kaminski-v/discussion_threads/1023. | Missing mandatory field: body
kaminski-v/discussion_threads/1030. | Missing mandatory field: body
kaminski-v/discussion_threads/1032. | Missing mandatory field: subject
kaminski-v/discussion_threads/1043. | Missing mandatory field: to_addresses
kaminski-v/discussion_threads/1054. | Missing mandatory field: body
kaminski-v/discussion_threads/1056. | Missing mandatory field: subject
kaminski-v/discussion_threads/1068. | Missing mandatory field: subject
kaminski-v/discussion_threads/1069. | Missing mandatory field: subject
kaminski-v/discussion_threads/1093. | Missing mandatory field: body
kaminski-v/discussion_threads/1095. | Missing mandatory field: subject
kaminski-v/discussion_threads/1097. | Missing mandatory field: body
kaminski-v/discussion_threads/1101. | Missing mandatory field: body
kaminski-v/discussion_threads/1104. | Missing mandatory field: subject
kaminski-v/discussion_threads/1106. | Missing mandatory field: subject
kaminski-v/discussion_threads/1107. | Missing mandatory field: body
kaminski-v/discussion_threads/1113. | Missing mandatory field: subject
kaminski-v/discussion_threads/1114. | Missing mandatory field: body
kaminski-v/discussion_threads/1119. | Missing mandatory field: body
kaminski-v/discussion_threads/1120. | Missing mandatory field: subject
kaminski-v/discussion_threads/1122. | Missing mandatory field: body
kaminski-v/discussion_threads/1127. | Missing mandatory field: body
kaminski-v/discussion_threads/1128. | Missing mandatory field: subject
kaminski-v/discussion_threads/1141. | Missing mandatory field: body
kaminski-v/discussion_threads/1142. | Missing mandatory field: subject
kaminski-v/discussion_threads/1143. | Missing mandatory field: body
kaminski-v/discussion_threads/1147. | Missing mandatory field: body
kaminski-v/discussion_threads/1148. | Missing mandatory field: body
kaminski-v/discussion_threads/1150. | Missing mandatory field: subject
kaminski-v/discussion_threads/1152. | Missing mandatory field: body
kaminski-v/discussion_threads/1154. | Missing mandatory field: body
kaminski-v/discussion_threads/1155. | Missing mandatory field: body
kaminski-v/discussion_threads/1156. | Missing mandatory field: body
kaminski-v/discussion_threads/1157. | Missing mandatory field: subject
kaminski-v/discussion_threads/1158. | Missing mandatory field: body
kaminski-v/discussion_threads/116. | Missing mandatory field: body
kaminski-v/discussion_threads/1160. | Missing mandatory field: body
kaminski-v/discussion_threads/1162. | Missing mandatory field: body
kaminski-v/discussion_threads/1163. | Missing mandatory field: body
kaminski-v/discussion_threads/1165. | Missing mandatory field: body
kaminski-v/discussion_threads/1166. | Missing mandatory field: body
kaminski-v/discussion_threads/1167. | Missing mandatory field: body
kaminski-v/discussion_threads/1172. | Missing mandatory field: body
kaminski-v/discussion_threads/1174. | Missing mandatory field: body
kaminski-v/discussion_threads/1175. | Missing mandatory field: body
kaminski-v/discussion_threads/119. | Missing mandatory field: body
kaminski-v/discussion_threads/12. | Missing mandatory field: subject
kaminski-v/discussion_threads/120. | Missing mandatory field: body
kaminski-v/discussion_threads/1219. | Missing mandatory field: subject
kaminski-v/discussion_threads/1220. | Missing mandatory field: to_addresses
kaminski-v/discussion_threads/1222. | Missing mandatory field: to_addresses
kaminski-v/discussion_threads/1224. | Missing mandatory field: body
kaminski-v/discussion_threads/1225. | Missing mandatory field: body
kaminski-v/discussion_threads/1227. | Missing mandatory field: body
kaminski-v/discussion_threads/1228. | Missing mandatory field: to_addresses
kaminski-v/discussion_threads/1238. | Missing mandatory field: body
kaminski-v/discussion_threads/1239. | Missing mandatory field: body
kaminski-v/discussion_threads/1249. | Missing mandatory field: body
kaminski-v/discussion_threads/125. | Missing mandatory field: body
kaminski-v/discussion_threads/1250. | Missing mandatory field: body
kaminski-v/discussion_threads/1251. | Missing mandatory field: to_addresses
kaminski-v/discussion_threads/1253. | Missing mandatory field: subject
kaminski-v/discussion_threads/1256. | Missing mandatory field: body
kaminski-v/discussion_threads/1259. | Missing mandatory field: subject
kaminski-v/discussion_threads/1260. | Missing mandatory field: body
kaminski-v/discussion_threads/1266. | Missing mandatory field: body
kaminski-v/discussion_threads/1270. | Missing mandatory field: body
kaminski-v/discussion_threads/1271. | Missing mandatory field: body
kaminski-v/discussion_threads/1273. | Missing mandatory field: body
kaminski-v/discussion_threads/1274. | Missing mandatory field: body
kaminski-v/discussion_threads/13. | Missing mandatory field: body
kaminski-v/discussion_threads/1305. | Missing mandatory field: body
kaminski-v/discussion_threads/1309. | Missing mandatory field: body
kaminski-v/discussion_threads/1310. | Missing mandatory field: body
kaminski-v/discussion_threads/1311. | Missing mandatory field: body
kaminski-v/discussion_threads/1312. | Missing mandatory field: body
kaminski-v/discussion_threads/1313. | Missing mandatory field: body
kaminski-v/discussion_threads/1314. | Missing mandatory field: body
kaminski-v/discussion_threads/1320. | Missing mandatory field: body
kaminski-v/discussion_threads/1323. | Missing mandatory field: body
kaminski-v/discussion_threads/1324. | Missing mandatory field: body
kaminski-v/discussion_threads/1325. | Missing mandatory field: body
kaminski-v/discussion_threads/1327. | Missing mandatory field: body
kaminski-v/discussion_threads/1329. | Missing mandatory field: body
kaminski-v/discussion_threads/1330. | Missing mandatory field: body
kaminski-v/discussion_threads/1331. | Missing mandatory field: body
kaminski-v/discussion_threads/1332. | Missing mandatory field: body
kaminski-v/discussion_threads/1333. | Missing mandatory field: subject
kaminski-v/discussion_threads/134. | Missing mandatory field: subject
kaminski-v/discussion_threads/1344. | Missing mandatory field: body
kaminski-v/discussion_threads/1345. | Missing mandatory field: body
kaminski-v/discussion_threads/1347. | Missing mandatory field: body
kaminski-v/discussion_threads/1348. | Missing mandatory field: body
kaminski-v/discussion_threads/135. | Missing mandatory field: body
kaminski-v/discussion_threads/1351. | Missing mandatory field: body
kaminski-v/discussion_threads/1352. | Missing mandatory field: body
kaminski-v/discussion_threads/1353. | Missing mandatory field: body
kaminski-v/discussion_threads/1360. | Missing mandatory field: body
kaminski-v/discussion_threads/1361. | Missing mandatory field: body
kaminski-v/discussion_threads/1363. | Missing mandatory field: body
kaminski-v/discussion_threads/1364. | Missing mandatory field: body
kaminski-v/discussion_threads/1365. | Missing mandatory field: body
kaminski-v/discussion_threads/1366. | Missing mandatory field: body
kaminski-v/discussion_threads/1367. | Missing mandatory field: body
kaminski-v/discussion_threads/1368. | Missing mandatory field: body
kaminski-v/discussion_threads/1369. | Missing mandatory field: body
kaminski-v/discussion_threads/1370. | Missing mandatory field: body
kaminski-v/discussion_threads/1394. | Missing mandatory field: body
kaminski-v/discussion_threads/1395. | Missing mandatory field: body
kaminski-v/discussion_threads/1400. | Missing mandatory field: body
kaminski-v/discussion_threads/1403. | Missing mandatory field: subject
kaminski-v/discussion_threads/1404. | Missing mandatory field: subject
kaminski-v/discussion_threads/1415. | Missing mandatory field: to_addresses
kaminski-v/discussion_threads/1416. | Missing mandatory field: body
kaminski-v/discussion_threads/1417. | Missing mandatory field: body
kaminski-v/discussion_threads/1418. | Missing mandatory field: body
kaminski-v/discussion_threads/1419. | Missing mandatory field: body
kaminski-v/discussion_threads/1421. | Missing mandatory field: body
kaminski-v/discussion_threads/1422. | Missing mandatory field: body
kaminski-v/discussion_threads/1423. | Missing mandatory field: body
kaminski-v/discussion_threads/1424. | Missing mandatory field: body
kaminski-v/discussion_threads/1434. | Missing mandatory field: body
kaminski-v/discussion_threads/1435. | Missing mandatory field: subject
kaminski-v/discussion_threads/1436. | Missing mandatory field: subject
kaminski-v/discussion_threads/1438. | Missing mandatory field: body
kaminski-v/discussion_threads/1468. | Missing mandatory field: to_addresses
kaminski-v/discussion_threads/1478. | Missing mandatory field: body
kaminski-v/discussion_threads/1489. | Missing mandatory field: body
kaminski-v/discussion_threads/1490. | Missing mandatory field: body
kaminski-v/discussion_threads/1491. | Missing mandatory field: subject
kaminski-v/discussion_threads/1495. | Missing mandatory field: subject
kaminski-v/discussion_threads/1496. | Missing mandatory field: body
kaminski-v/discussion_threads/1497. | Missing mandatory field: body
kaminski-v/discussion_threads/1512. | Missing mandatory field: body
kaminski-v/discussion_threads/1515. | Missing mandatory field: subject
kaminski-v/discussion_threads/1524. | Missing mandatory field: body
kaminski-v/discussion_threads/1525. | Missing mandatory field: body
kaminski-v/discussion_threads/1527. | Missing mandatory field: body
kaminski-v/discussion_threads/1528. | Missing mandatory field: body
kaminski-v/discussion_threads/1532. | Missing mandatory field: body
kaminski-v/discussion_threads/1533. | Missing mandatory field: body
kaminski-v/discussion_threads/1534. | Missing mandatory field: body
kaminski-v/discussion_threads/1535. | Missing mandatory field: body
kaminski-v/discussion_threads/1536. | Missing mandatory field: body
kaminski-v/discussion_threads/1537. | Missing mandatory field: body
kaminski-v/discussion_threads/1548. | Missing mandatory field: body
kaminski-v/discussion_threads/1549. | Missing mandatory field: body
kaminski-v/discussion_threads/1559. | Missing mandatory field: body
kaminski-v/discussion_threads/1561. | Missing mandatory field: body
kaminski-v/discussion_threads/1563. | Missing mandatory field: body
kaminski-v/discussion_threads/1564. | Missing mandatory field: body
kaminski-v/discussion_threads/157. | Missing mandatory field: body
kaminski-v/discussion_threads/1570. | Missing mandatory field: body
kaminski-v/discussion_threads/1571. | Missing mandatory field: body
kaminski-v/discussion_threads/1572. | Missing mandatory field: body
kaminski-v/discussion_threads/1573. | Missing mandatory field: body
kaminski-v/discussion_threads/1574. | Missing mandatory field: body
kaminski-v/discussion_threads/1575. | Missing mandatory field: body
kaminski-v/discussion_threads/1576. | Missing mandatory field: body
kaminski-v/discussion_threads/159. | Missing mandatory field: subject
kaminski-v/discussion_threads/1601. | Missing mandatory field: body
kaminski-v/discussion_threads/1605. | Missing mandatory field: body
kaminski-v/discussion_threads/1606. | Missing mandatory field: body
kaminski-v/discussion_threads/1607. | Missing mandatory field: body
kaminski-v/discussion_threads/1625. | Missing mandatory field: body
kaminski-v/discussion_threads/1635. | Missing mandatory field: body
kaminski-v/discussion_threads/1638. | Missing mandatory field: body
kaminski-v/discussion_threads/1639. | Missing mandatory field: body
kaminski-v/discussion_threads/165. | Missing mandatory field: body
kaminski-v/discussion_threads/1650. | Missing mandatory field: to_addresses
kaminski-v/discussion_threads/1654. | Missing mandatory field: body
kaminski-v/discussion_threads/1655. | Missing mandatory field: body
kaminski-v/discussion_threads/166. | Missing mandatory field: body
kaminski-v/discussion_threads/1660. | Missing mandatory field: body
kaminski-v/discussion_threads/1677. | Missing mandatory field: body
kaminski-v/discussion_threads/1680. | Missing mandatory field: body
kaminski-v/discussion_threads/1681. | Missing mandatory field: body
kaminski-v/discussion_threads/1685. | Missing mandatory field: body
kaminski-v/discussion_threads/1687. | Missing mandatory field: body
kaminski-v/discussion_threads/1690. | Missing mandatory field: to_addresses
kaminski-v/discussion_threads/1691. | Missing mandatory field: subject
kaminski-v/discussion_threads/1702. | Missing mandatory field: subject
kaminski-v/discussion_threads/1704. | Missing mandatory field: body
kaminski-v/discussion_threads/1711. | Missing mandatory field: subject
kaminski-v/discussion_threads/1722. | Missing mandatory field: subject
kaminski-v/discussion_threads/1728. | Missing mandatory field: body
kaminski-v/discussion_threads/1730. | Missing mandatory field: body
kaminski-v/discussion_threads/1731. | Missing mandatory field: body
kaminski-v/discussion_threads/1741. | Missing mandatory field: body
kaminski-v/discussion_threads/1742. | Missing mandatory field: body
kaminski-v/discussion_threads/1747. | Missing mandatory field: body
kaminski-v/discussion_threads/1748. | Missing mandatory field: body
kaminski-v/discussion_threads/175. | Missing mandatory field: subject
kaminski-v/discussion_threads/1750. | Missing mandatory field: subject
kaminski-v/discussion_threads/1763. | Missing mandatory field: body
kaminski-v/discussion_threads/1764. | Missing mandatory field: body
kaminski-v/discussion_threads/1779. | Missing mandatory field: body
kaminski-v/discussion_threads/1781. | Missing mandatory field: body
kaminski-v/discussion_threads/1782. | Missing mandatory field: body
kaminski-v/discussion_threads/1783. | Missing mandatory field: body
kaminski-v/discussion_threads/1787. | Missing mandatory field: subject
kaminski-v/discussion_threads/1788. | Missing mandatory field: subject
kaminski-v/discussion_threads/1789. | Missing mandatory field: body
kaminski-v/discussion_threads/1790. | Missing mandatory field: body
kaminski-v/discussion_threads/1791. | Missing mandatory field: body
kaminski-v/discussion_threads/1792. | Missing mandatory field: subject
kaminski-v/discussion_threads/1795. | Missing mandatory field: to_addresses
kaminski-v/discussion_threads/1799. | Missing mandatory field: body
kaminski-v/discussion_threads/1800. | Missing mandatory field: body
kaminski-v/discussion_threads/1804. | Missing mandatory field: subject
kaminski-v/discussion_threads/1808. | Missing mandatory field: subject
kaminski-v/discussion_threads/1809. | Missing mandatory field: subject
kaminski-v/discussion_threads/1811. | Missing mandatory field: body
kaminski-v/discussion_threads/1829. | Missing mandatory field: body
kaminski-v/discussion_threads/1831. | Missing mandatory field: subject
kaminski-v/discussion_threads/1832. | Missing mandatory field: body
kaminski-v/discussion_threads/1833. | Missing mandatory field: body
kaminski-v/discussion_threads/1838. | Missing mandatory field: body
kaminski-v/discussion_threads/1841. | Missing mandatory field: body
kaminski-v/discussion_threads/1842. | Missing mandatory field: body
kaminski-v/discussion_threads/1862. | Missing mandatory field: body
kaminski-v/discussion_threads/1863. | Missing mandatory field: body
kaminski-v/discussion_threads/1864. | Missing mandatory field: subject
kaminski-v/discussion_threads/1866. | Missing mandatory field: body
kaminski-v/discussion_threads/1867. | Missing mandatory field: body
kaminski-v/discussion_threads/1868. | Missing mandatory field: body
kaminski-v/discussion_threads/1869. | Missing mandatory field: body
kaminski-v/discussion_threads/1870. | Missing mandatory field: body
kaminski-v/discussion_threads/1871. | Missing mandatory field: body
kaminski-v/discussion_threads/1872. | Missing mandatory field: body
kaminski-v/discussion_threads/1873. | Missing mandatory field: body
kaminski-v/discussion_threads/1874. | Missing mandatory field: body
kaminski-v/discussion_threads/1875. | Missing mandatory field: body
kaminski-v/discussion_threads/1876. | Missing mandatory field: body
kaminski-v/discussion_threads/1877. | Missing mandatory field: body
kaminski-v/discussion_threads/1884. | Missing mandatory field: body
kaminski-v/discussion_threads/1888. | Missing mandatory field: body
kaminski-v/discussion_threads/1892. | Missing mandatory field: body
kaminski-v/discussion_threads/1893. | Missing mandatory field: subject
kaminski-v/discussion_threads/1909. | Missing mandatory field: body
kaminski-v/discussion_threads/1922. | Missing mandatory field: body
kaminski-v/discussion_threads/1923. | Missing mandatory field: body
kaminski-v/discussion_threads/1936. | Missing mandatory field: body
kaminski-v/discussion_threads/1944. | Missing mandatory field: body
kaminski-v/discussion_threads/1945. | Missing mandatory field: body
kaminski-v/discussion_threads/1946. | Missing mandatory field: body
kaminski-v/discussion_threads/1951. | Missing mandatory field: body
kaminski-v/discussion_threads/1952. | Missing mandatory field: body
kaminski-v/discussion_threads/197. | Missing mandatory field: body
kaminski-v/discussion_threads/1971. | Missing mandatory field: to_addresses
kaminski-v/discussion_threads/1976. | Missing mandatory field: body
kaminski-v/discussion_threads/1980. | Missing mandatory field: body
kaminski-v/discussion_threads/1981. | Missing mandatory field: body
kaminski-v/discussion_threads/1982. | Missing mandatory field: body
kaminski-v/discussion_threads/1983. | Missing mandatory field: body
kaminski-v/discussion_threads/1985. | Missing mandatory field: body
kaminski-v/discussion_threads/1986. | Missing mandatory field: body
kaminski-v/discussion_threads/1988. | Missing mandatory field: body
kaminski-v/discussion_threads/1989. | Missing mandatory field: body
kaminski-v/discussion_threads/1990. | Missing mandatory field: body
kaminski-v/discussion_threads/2. | Missing mandatory field: body
kaminski-v/discussion_threads/2003. | Missing mandatory field: to_addresses
kaminski-v/discussion_threads/2005. | Missing mandatory field: body
kaminski-v/discussion_threads/2007. | Missing mandatory field: subject
kaminski-v/discussion_threads/2008. | Missing mandatory field: body
kaminski-v/discussion_threads/2022. | Missing mandatory field: body
kaminski-v/discussion_threads/2035. | Missing mandatory field: subject
kaminski-v/discussion_threads/2037. | Missing mandatory field: body
kaminski-v/discussion_threads/2038. | Missing mandatory field: body
kaminski-v/discussion_threads/2042. | Missing mandatory field: subject
kaminski-v/discussion_threads/2044. | Missing mandatory field: body
kaminski-v/discussion_threads/2045. | Missing mandatory field: body
kaminski-v/discussion_threads/2053. | Missing mandatory field: body
kaminski-v/discussion_threads/2054. | Missing mandatory field: body
kaminski-v/discussion_threads/2057. | Missing mandatory field: body
kaminski-v/discussion_threads/2061. | Missing mandatory field: subject
kaminski-v/discussion_threads/2062. | Missing mandatory field: body
kaminski-v/discussion_threads/2065. | Missing mandatory field: body
kaminski-v/discussion_threads/2066. | Missing mandatory field: body
kaminski-v/discussion_threads/2067. | Missing mandatory field: body
kaminski-v/discussion_threads/2068. | Missing mandatory field: subject
kaminski-v/discussion_threads/2069. | Missing mandatory field: body
kaminski-v/discussion_threads/2070. | Missing mandatory field: body
kaminski-v/discussion_threads/2071. | Missing mandatory field: body
kaminski-v/discussion_threads/2072. | Missing mandatory field: body
kaminski-v/discussion_threads/2073. | Missing mandatory field: body
kaminski-v/discussion_threads/2074. | Missing mandatory field: body
kaminski-v/discussion_threads/2080. | Missing mandatory field: subject
kaminski-v/discussion_threads/2087. | Missing mandatory field: subject
kaminski-v/discussion_threads/2088. | Missing mandatory field: body
kaminski-v/discussion_threads/2089. | Missing mandatory field: body
kaminski-v/discussion_threads/2091. | Missing mandatory field: subject
kaminski-v/discussion_threads/21. | Missing mandatory field: body
kaminski-v/discussion_threads/2105. | Missing mandatory field: to_addresses
kaminski-v/discussion_threads/2121. | Missing mandatory field: body
kaminski-v/discussion_threads/2126. | Missing mandatory field: subject
kaminski-v/discussion_threads/2128. | Missing mandatory field: to_addresses
kaminski-v/discussion_threads/2131. | Missing mandatory field: body
kaminski-v/discussion_threads/2132. | Missing mandatory field: body
kaminski-v/discussion_threads/2133. | Missing mandatory field: body
kaminski-v/discussion_threads/2134. | Missing mandatory field: body
kaminski-v/discussion_threads/2135. | Missing mandatory field: body
kaminski-v/discussion_threads/2150. | Missing mandatory field: body
kaminski-v/discussion_threads/2151. | Missing mandatory field: subject
kaminski-v/discussion_threads/2162. | Missing mandatory field: body
kaminski-v/discussion_threads/2163. | Missing mandatory field: subject
kaminski-v/discussion_threads/2164. | Missing mandatory field: body
kaminski-v/discussion_threads/2165. | Missing mandatory field: subject
kaminski-v/discussion_threads/2166. | Missing mandatory field: subject
kaminski-v/discussion_threads/2167. | Missing mandatory field: subject
kaminski-v/discussion_threads/2168. | Missing mandatory field: subject
kaminski-v/discussion_threads/2172. | Missing mandatory field: body
kaminski-v/discussion_threads/2174. | Missing mandatory field: to_addresses
kaminski-v/discussion_threads/2182. | Missing mandatory field: to_addresses
kaminski-v/discussion_threads/2186. | Missing mandatory field: body
kaminski-v/discussion_threads/2187. | Missing mandatory field: body
kaminski-v/discussion_threads/2194. | Missing mandatory field: body
kaminski-v/discussion_threads/2197. | Missing mandatory field: body
kaminski-v/discussion_threads/2198. | Missing mandatory field: to_addresses
kaminski-v/discussion_threads/22. | Missing mandatory field: subject
kaminski-v/discussion_threads/2200. | Missing mandatory field: body
kaminski-v/discussion_threads/2203. | Missing mandatory field: body
kaminski-v/discussion_threads/2216. | Missing mandatory field: to_addresses
kaminski-v/discussion_threads/2220. | Missing mandatory field: body
kaminski-v/discussion_threads/2221. | Missing mandatory field: body
kaminski-v/discussion_threads/2223. | Missing mandatory field: body
kaminski-v/discussion_threads/2224. | Missing mandatory field: body
kaminski-v/discussion_threads/2225. | Missing mandatory field: body
kaminski-v/discussion_threads/2226. | Missing mandatory field: body
kaminski-v/discussion_threads/2228. | Missing mandatory field: body
kaminski-v/discussion_threads/2229. | Missing mandatory field: body
kaminski-v/discussion_threads/223. | Missing mandatory field: body
kaminski-v/discussion_threads/2230. | Missing mandatory field: body
kaminski-v/discussion_threads/2231. | Missing mandatory field: body
kaminski-v/discussion_threads/2232. | Missing mandatory field: body
kaminski-v/discussion_threads/2234. | Missing mandatory field: body
kaminski-v/discussion_threads/2236. | Missing mandatory field: body
kaminski-v/discussion_threads/2237. | Missing mandatory field: to_addresses
kaminski-v/discussion_threads/2238. | Missing mandatory field: to_addresses
kaminski-v/discussion_threads/2242. | Missing mandatory field: to_addresses
kaminski-v/discussion_threads/2243. | Missing mandatory field: subject
kaminski-v/discussion_threads/2255. | Missing mandatory field: subject
kaminski-v/discussion_threads/2264. | Missing mandatory field: body
kaminski-v/discussion_threads/227. | Missing mandatory field: to_addresses
kaminski-v/discussion_threads/228. | Missing mandatory field: body
kaminski-v/discussion_threads/2289. | Missing mandatory field: body
kaminski-v/discussion_threads/2290. | Missing mandatory field: body
kaminski-v/discussion_threads/2291. | Missing mandatory field: body
kaminski-v/discussion_threads/2293. | Missing mandatory field: body
kaminski-v/discussion_threads/2297. | Missing mandatory field: to_addresses
kaminski-v/discussion_threads/2299. | Missing mandatory field: body
kaminski-v/discussion_threads/230. | Missing mandatory field: body
kaminski-v/discussion_threads/2300. | Missing mandatory field: body
kaminski-v/discussion_threads/2301. | Missing mandatory field: body
kaminski-v/discussion_threads/2303. | Missing mandatory field: body
kaminski-v/discussion_threads/2304. | Missing mandatory field: body
kaminski-v/discussion_threads/2316. | Missing mandatory field: to_addresses
kaminski-v/discussion_threads/2317. | Missing mandatory field: to_addresses
kaminski-v/discussion_threads/2320. | Missing mandatory field: to_addresses
kaminski-v/discussion_threads/2325. | Missing mandatory field: subject
kaminski-v/discussion_threads/2326. | Missing mandatory field: subject
kaminski-v/discussion_threads/2331. | Missing mandatory field: body
kaminski-v/discussion_threads/2335. | Missing mandatory field: body
kaminski-v/discussion_threads/2338. | Missing mandatory field: body
kaminski-v/discussion_threads/2339. | Missing mandatory field: body
kaminski-v/discussion_threads/2341. | Missing mandatory field: to_addresses
kaminski-v/discussion_threads/2342. | Missing mandatory field: body
kaminski-v/discussion_threads/2343. | Missing mandatory field: body
kaminski-v/discussion_threads/2348. | Missing mandatory field: body
kaminski-v/discussion_threads/2352. | Missing mandatory field: body
kaminski-v/discussion_threads/2358. | Missing mandatory field: body
kaminski-v/discussion_threads/2359. | Missing mandatory field: body
kaminski-v/discussion_threads/2360. | Missing mandatory field: body
kaminski-v/discussion_threads/2362. | Missing mandatory field: body
kaminski-v/discussion_threads/2363. | Missing mandatory field: body
kaminski-v/discussion_threads/2364. | Missing mandatory field: body
kaminski-v/discussion_threads/2367. | Missing mandatory field: body
kaminski-v/discussion_threads/2368. | Missing mandatory field: body
kaminski-v/discussion_threads/2369. | Missing mandatory field: body
kaminski-v/discussion_threads/2370. | Missing mandatory field: body
kaminski-v/discussion_threads/2371. | Missing mandatory field: body
kaminski-v/discussion_threads/2372. | Missing mandatory field: body
kaminski-v/discussion_threads/2373. | Missing mandatory field: body
kaminski-v/discussion_threads/2375. | Missing mandatory field: body
kaminski-v/discussion_threads/2376. | Missing mandatory field: body
kaminski-v/discussion_threads/2377. | Missing mandatory field: body
kaminski-v/discussion_threads/2378. | Missing mandatory field: body
kaminski-v/discussion_threads/2379. | Missing mandatory field: body
kaminski-v/discussion_threads/2381. | Missing mandatory field: body
kaminski-v/discussion_threads/2382. | Missing mandatory field: body
kaminski-v/discussion_threads/2383. | Missing mandatory field: body
kaminski-v/discussion_threads/2384. | Missing mandatory field: body
kaminski-v/discussion_threads/2385. | Missing mandatory field: body
kaminski-v/discussion_threads/2386. | Missing mandatory field: body
kaminski-v/discussion_threads/239. | Missing mandatory field: to_addresses
kaminski-v/discussion_threads/2392. | Missing mandatory field: body
kaminski-v/discussion_threads/2396. | Missing mandatory field: subject
kaminski-v/discussion_threads/240. | Missing mandatory field: to_addresses
kaminski-v/discussion_threads/2400. | Missing mandatory field: body
kaminski-v/discussion_threads/2401. | Missing mandatory field: subject
kaminski-v/discussion_threads/2409. | Missing mandatory field: subject
kaminski-v/discussion_threads/2415. | Missing mandatory field: body
kaminski-v/discussion_threads/2420. | Missing mandatory field: to_addresses
kaminski-v/discussion_threads/2440. | Missing mandatory field: body
kaminski-v/discussion_threads/2441. | Missing mandatory field: subject
kaminski-v/discussion_threads/2454. | Missing mandatory field: body
kaminski-v/discussion_threads/2455. | Missing mandatory field: body
kaminski-v/discussion_threads/2456. | Missing mandatory field: subject
kaminski-v/discussion_threads/246. | Missing mandatory field: body
kaminski-v/discussion_threads/2462. | Missing mandatory field: to_addresses
kaminski-v/discussion_threads/2463. | Missing mandatory field: body
kaminski-v/discussion_threads/2469. | Missing mandatory field: to_addresses
kaminski-v/discussion_threads/2473. | Missing mandatory field: body
kaminski-v/discussion_threads/2479. | Missing mandatory field: body
kaminski-v/discussion_threads/2480. | Missing mandatory field: to_addresses
kaminski-v/discussion_threads/2481. | Missing mandatory field: subject
kaminski-v/discussion_threads/2486. | Missing mandatory field: body
kaminski-v/discussion_threads/2487. | Missing mandatory field: body
kaminski-v/discussion_threads/2488. | Missing mandatory field: body
kaminski-v/discussion_threads/2489. | Missing mandatory field: body
kaminski-v/discussion_threads/249. | Missing mandatory field: body
kaminski-v/discussion_threads/2491. | Missing mandatory field: body
kaminski-v/discussion_threads/25. | Missing mandatory field: body
kaminski-v/discussion_threads/2504. | Missing mandatory field: to_addresses
kaminski-v/discussion_threads/2505. | Missing mandatory field: subject
kaminski-v/discussion_threads/2509. | Missing mandatory field: body
kaminski-v/discussion_threads/2513. | Missing mandatory field: body
kaminski-v/discussion_threads/2517. | Missing mandatory field: subject
kaminski-v/discussion_threads/2518. | Missing mandatory field: body
kaminski-v/discussion_threads/2520. | Missing mandatory field: body
kaminski-v/discussion_threads/2535. | Missing mandatory field: subject
kaminski-v/discussion_threads/2537. | Missing mandatory field: subject
kaminski-v/discussion_threads/2549. | Missing mandatory field: body
kaminski-v/discussion_threads/2551. | Missing mandatory field: body
kaminski-v/discussion_threads/2553. | Missing mandatory field: body
kaminski-v/discussion_threads/2555. | Missing mandatory field: body
kaminski-v/discussion_threads/2557. | Missing mandatory field: body
kaminski-v/discussion_threads/2560. | Missing mandatory field: body
kaminski-v/discussion_threads/2567. | Missing mandatory field: to_addresses
kaminski-v/discussion_threads/2568. | Missing mandatory field: to_addresses
kaminski-v/discussion_threads/257. | Missing mandatory field: subject
kaminski-v/discussion_threads/2571. | Missing mandatory field: subject
kaminski-v/discussion_threads/2581. | Missing mandatory field: body
kaminski-v/discussion_threads/2582. | Missing mandatory field: body
kaminski-v/discussion_threads/2584. | Missing mandatory field: body
kaminski-v/discussion_threads/2595. | Missing mandatory field: body
kaminski-v/discussion_threads/2601. | Missing mandatory field: body
kaminski-v/discussion_threads/2604. | Missing mandatory field: body
kaminski-v/discussion_threads/2606. | Missing mandatory field: body
kaminski-v/discussion_threads/2610. | Missing mandatory field: body
kaminski-v/discussion_threads/2615. | Missing mandatory field: to_addresses
kaminski-v/discussion_threads/2616. | Missing mandatory field: to_addresses
kaminski-v/discussion_threads/2624. | Missing mandatory field: body
kaminski-v/discussion_threads/2627. | Missing mandatory field: body
kaminski-v/discussion_threads/2630. | Missing mandatory field: body
kaminski-v/discussion_threads/2631. | Missing mandatory field: body
kaminski-v/discussion_threads/2639. | Missing mandatory field: to_addresses
kaminski-v/discussion_threads/2643. | Missing mandatory field: to_addresses
kaminski-v/discussion_threads/265. | Missing mandatory field: subject
kaminski-v/discussion_threads/2658. | Missing mandatory field: body
kaminski-v/discussion_threads/2662. | Missing mandatory field: body
kaminski-v/discussion_threads/2669. | Missing mandatory field: to_addresses
kaminski-v/discussion_threads/2680. | Missing mandatory field: body
kaminski-v/discussion_threads/2683. | Missing mandatory field: to_addresses
kaminski-v/discussion_threads/2684. | Missing mandatory field: to_addresses
kaminski-v/discussion_threads/2686. | Missing mandatory field: body
kaminski-v/discussion_threads/2689. | Missing mandatory field: body
kaminski-v/discussion_threads/269. | Missing mandatory field: to_addresses
kaminski-v/discussion_threads/2690. | Missing mandatory field: body
kaminski-v/discussion_threads/2693. | Missing mandatory field: to_addresses
kaminski-v/discussion_threads/2695. | Missing mandatory field: body
kaminski-v/discussion_threads/2696. | Missing mandatory field: body
kaminski-v/discussion_threads/2697. | Missing mandatory field: body
kaminski-v/discussion_threads/2698. | Missing mandatory field: body
kaminski-v/discussion_threads/2699. | Missing mandatory field: body
kaminski-v/discussion_threads/2700. | Missing mandatory field: body
kaminski-v/discussion_threads/2705. | Missing mandatory field: body
kaminski-v/discussion_threads/2706. | Missing mandatory field: body
kaminski-v/discussion_threads/2707. | Missing mandatory field: body
kaminski-v/discussion_threads/2708. | Missing mandatory field: body
kaminski-v/discussion_threads/2709. | Missing mandatory field: body
kaminski-v/discussion_threads/2710. | Missing mandatory field: body
kaminski-v/discussion_threads/2716. | Missing mandatory field: to_addresses
kaminski-v/discussion_threads/2722. | Missing mandatory field: body
kaminski-v/discussion_threads/2725. | Missing mandatory field: subject
kaminski-v/discussion_threads/2734. | Missing mandatory field: to_addresses
kaminski-v/discussion_threads/2739. | Missing mandatory field: body
kaminski-v/discussion_threads/2740. | Missing mandatory field: body
kaminski-v/discussion_threads/2741. | Missing mandatory field: body
kaminski-v/discussion_threads/2743. | Missing mandatory field: body
kaminski-v/discussion_threads/2747. | Missing mandatory field: body
kaminski-v/discussion_threads/275. | Missing mandatory field: body
kaminski-v/discussion_threads/2753. | Missing mandatory field: body
kaminski-v/discussion_threads/2755. | Missing mandatory field: body
kaminski-v/discussion_threads/2761. | Missing mandatory field: body
kaminski-v/discussion_threads/2772. | Missing mandatory field: body
kaminski-v/discussion_threads/2795. | Missing mandatory field: body
kaminski-v/discussion_threads/28. | Missing mandatory field: body
kaminski-v/discussion_threads/2810. | Missing mandatory field: body
kaminski-v/discussion_threads/2814. | Missing mandatory field: body
kaminski-v/discussion_threads/2817. | Missing mandatory field: body
kaminski-v/discussion_threads/2818. | Missing mandatory field: body
kaminski-v/discussion_threads/2819. | Missing mandatory field: body
kaminski-v/discussion_threads/2820. | Missing mandatory field: body
kaminski-v/discussion_threads/2821. | Missing mandatory field: body
kaminski-v/discussion_threads/2822. | Missing mandatory field: body
kaminski-v/discussion_threads/2823. | Missing mandatory field: body
kaminski-v/discussion_threads/2824. | Missing mandatory field: body
kaminski-v/discussion_threads/2825. | Missing mandatory field: body
kaminski-v/discussion_threads/2827. | Missing mandatory field: body
kaminski-v/discussion_threads/2828. | Missing mandatory field: body
kaminski-v/discussion_threads/2830. | Missing mandatory field: body
kaminski-v/discussion_threads/2838. | Missing mandatory field: subject
kaminski-v/discussion_threads/284. | Missing mandatory field: to_addresses
kaminski-v/discussion_threads/2843. | Missing mandatory field: subject
kaminski-v/discussion_threads/2850. | Missing mandatory field: body
kaminski-v/discussion_threads/2852. | Missing mandatory field: to_addresses
kaminski-v/discussion_threads/2853. | Missing mandatory field: body
kaminski-v/discussion_threads/2855. | Missing mandatory field: body
kaminski-v/discussion_threads/2866. | Missing mandatory field: body
kaminski-v/discussion_threads/2873. | Missing mandatory field: body
kaminski-v/discussion_threads/2875. | Missing mandatory field: body
kaminski-v/discussion_threads/2878. | Missing mandatory field: body
kaminski-v/discussion_threads/2879. | Missing mandatory field: subject
kaminski-v/discussion_threads/288. | Missing mandatory field: subject
kaminski-v/discussion_threads/2880. | Missing mandatory field: body
kaminski-v/discussion_threads/2881. | Missing mandatory field: body
kaminski-v/discussion_threads/2882. | Missing mandatory field: body
kaminski-v/discussion_threads/2883. | Missing mandatory field: body
kaminski-v/discussion_threads/2884. | Missing mandatory field: body
kaminski-v/discussion_threads/2885. | Missing mandatory field: body
kaminski-v/discussion_threads/2889. | Missing mandatory field: body
kaminski-v/discussion_threads/2891. | Missing mandatory field: body
kaminski-v/discussion_threads/290. | Missing mandatory field: body
kaminski-v/discussion_threads/2916. | Missing mandatory field: to_addresses
kaminski-v/discussion_threads/2919. | Missing mandatory field: body
kaminski-v/discussion_threads/2920. | Missing mandatory field: body
kaminski-v/discussion_threads/2921. | Missing mandatory field: body
kaminski-v/discussion_threads/2922. | Missing mandatory field: body
kaminski-v/discussion_threads/2923. | Missing mandatory field: body
kaminski-v/discussion_threads/2924. | Missing mandatory field: body
kaminski-v/discussion_threads/2925. | Missing mandatory field: body
kaminski-v/discussion_threads/2926. | Missing mandatory field: subject
kaminski-v/discussion_threads/2927. | Missing mandatory field: body
kaminski-v/discussion_threads/2929. | Missing mandatory field: body
kaminski-v/discussion_threads/2930. | Missing mandatory field: subject
kaminski-v/discussion_threads/2932. | Missing mandatory field: subject
kaminski-v/discussion_threads/2937. | Missing mandatory field: body
kaminski-v/discussion_threads/2941. | Missing mandatory field: body
kaminski-v/discussion_threads/2946. | Missing mandatory field: body
kaminski-v/discussion_threads/2947. | Missing mandatory field: body
kaminski-v/discussion_threads/2948. | Missing mandatory field: body
kaminski-v/discussion_threads/2951. | Missing mandatory field: body
kaminski-v/discussion_threads/2954. | Missing mandatory field: body
kaminski-v/discussion_threads/2955. | Missing mandatory field: body
kaminski-v/discussion_threads/2956. | Missing mandatory field: body
kaminski-v/discussion_threads/2957. | Missing mandatory field: body
kaminski-v/discussion_threads/2958. | Missing mandatory field: body
kaminski-v/discussion_threads/2959. | Missing mandatory field: body
kaminski-v/discussion_threads/296. | Missing mandatory field: body
kaminski-v/discussion_threads/2962. | Missing mandatory field: body
kaminski-v/discussion_threads/2963. | Missing mandatory field: body
kaminski-v/discussion_threads/2964. | Missing mandatory field: body
kaminski-v/discussion_threads/2965. | Missing mandatory field: body
kaminski-v/discussion_threads/2966. | Missing mandatory field: body
kaminski-v/discussion_threads/2968. | Missing mandatory field: body
kaminski-v/discussion_threads/2969. | Missing mandatory field: subject
kaminski-v/discussion_threads/2979. | Missing mandatory field: body
kaminski-v/discussion_threads/2989. | Missing mandatory field: body
kaminski-v/discussion_threads/299. | Missing mandatory field: to_addresses
kaminski-v/discussion_threads/2993. | Missing mandatory field: body
kaminski-v/discussion_threads/2994. | Missing mandatory field: body
kaminski-v/discussion_threads/2996. | Missing mandatory field: body
kaminski-v/discussion_threads/2999. | Missing mandatory field: body
kaminski-v/discussion_threads/30. | Missing mandatory field: body
kaminski-v/discussion_threads/300. | Missing mandatory field: subject
kaminski-v/discussion_threads/3000. | Missing mandatory field: body
kaminski-v/discussion_threads/3001. | Missing mandatory field: subject
kaminski-v/discussion_threads/3002. | Missing mandatory field: body
kaminski-v/discussion_threads/3014. | Missing mandatory field: to_addresses
kaminski-v/discussion_threads/3016. | Missing mandatory field: subject
kaminski-v/discussion_threads/3025. | Missing mandatory field: body
kaminski-v/discussion_threads/3029. | Missing mandatory field: body
kaminski-v/discussion_threads/3031. | Missing mandatory field: body
kaminski-v/discussion_threads/3032. | Missing mandatory field: body
kaminski-v/discussion_threads/3033. | Missing mandatory field: body
kaminski-v/discussion_threads/3034. | Missing mandatory field: body
kaminski-v/discussion_threads/3037. | Missing mandatory field: body
kaminski-v/discussion_threads/3038. | Missing mandatory field: body
kaminski-v/discussion_threads/3039. | Missing mandatory field: body
kaminski-v/discussion_threads/3040. | Missing mandatory field: body
kaminski-v/discussion_threads/3044. | Missing mandatory field: body
kaminski-v/discussion_threads/3045. | Missing mandatory field: body
kaminski-v/discussion_threads/3046. | Missing mandatory field: body
kaminski-v/discussion_threads/3047. | Missing mandatory field: body
kaminski-v/discussion_threads/3051. | Missing mandatory field: body
kaminski-v/discussion_threads/3052. | Missing mandatory field: to_addresses
kaminski-v/discussion_threads/3055. | Missing mandatory field: body
kaminski-v/discussion_threads/306. | Missing mandatory field: subject
kaminski-v/discussion_threads/3064. | Missing mandatory field: body
kaminski-v/discussion_threads/3065. | Missing mandatory field: body
kaminski-v/discussion_threads/3066. | Missing mandatory field: body
kaminski-v/discussion_threads/3069. | Missing mandatory field: to_addresses
kaminski-v/discussion_threads/307. | Missing mandatory field: subject
kaminski-v/discussion_threads/3070. | Missing mandatory field: body
kaminski-v/discussion_threads/3071. | Missing mandatory field: body
kaminski-v/discussion_threads/3083. | Missing mandatory field: body
kaminski-v/discussion_threads/3088. | Missing mandatory field: body
kaminski-v/discussion_threads/3089. | Missing mandatory field: subject
kaminski-v/discussion_threads/3095. | Missing mandatory field: body
kaminski-v/discussion_threads/3096. | Missing mandatory field: body
kaminski-v/discussion_threads/3097. | Missing mandatory field: body
kaminski-v/discussion_threads/3098. | Missing mandatory field: body
kaminski-v/discussion_threads/3099. | Missing mandatory field: body
kaminski-v/discussion_threads/3108. | Missing mandatory field: subject
kaminski-v/discussion_threads/3110. | Missing mandatory field: body
kaminski-v/discussion_threads/3111. | Missing mandatory field: body
kaminski-v/discussion_threads/3112. | Missing mandatory field: body
kaminski-v/discussion_threads/3115. | Missing mandatory field: subject
kaminski-v/discussion_threads/3117. | Missing mandatory field: body
kaminski-v/discussion_threads/3118. | Missing mandatory field: body
kaminski-v/discussion_threads/312. | Missing mandatory field: subject
kaminski-v/discussion_threads/3124. | Missing mandatory field: subject
kaminski-v/discussion_threads/3126. | Missing mandatory field: subject
kaminski-v/discussion_threads/3127. | Missing mandatory field: body
kaminski-v/discussion_threads/313. | Missing mandatory field: subject
kaminski-v/discussion_threads/3131. | Missing mandatory field: body
kaminski-v/discussion_threads/3132. | Missing mandatory field: body
kaminski-v/discussion_threads/3133. | Missing mandatory field: body
kaminski-v/discussion_threads/3134. | Missing mandatory field: body
kaminski-v/discussion_threads/3135. | Missing mandatory field: body
kaminski-v/discussion_threads/3141. | Missing mandatory field: body
kaminski-v/discussion_threads/3142. | Missing mandatory field: body
kaminski-v/discussion_threads/3143. | Missing mandatory field: body
kaminski-v/discussion_threads/3144. | Missing mandatory field: body
kaminski-v/discussion_threads/3145. | Missing mandatory field: body
kaminski-v/discussion_threads/3158. | Missing mandatory field: body
kaminski-v/discussion_threads/3161. | Missing mandatory field: body
kaminski-v/discussion_threads/3177. | Missing mandatory field: body
kaminski-v/discussion_threads/318. | Missing mandatory field: body
kaminski-v/discussion_threads/3180. | Missing mandatory field: to_addresses
kaminski-v/discussion_threads/3182. | Missing mandatory field: body
kaminski-v/discussion_threads/3184. | Missing mandatory field: body
kaminski-v/discussion_threads/3188. | Missing mandatory field: subject
kaminski-v/discussion_threads/3194. | Missing mandatory field: body
kaminski-v/discussion_threads/3195. | Missing mandatory field: body
kaminski-v/discussion_threads/3197. | Missing mandatory field: body
kaminski-v/discussion_threads/3198. | Missing mandatory field: body
kaminski-v/discussion_threads/3199. | Missing mandatory field: body
kaminski-v/discussion_threads/3201. | Missing mandatory field: body
kaminski-v/discussion_threads/3206. | Missing mandatory field: body
kaminski-v/discussion_threads/3212. | Missing mandatory field: subject
kaminski-v/discussion_threads/3213. | Missing mandatory field: body
kaminski-v/discussion_threads/3216. | Missing mandatory field: body
kaminski-v/discussion_threads/3226. | Missing mandatory field: body
kaminski-v/discussion_threads/3232. | Missing mandatory field: body
kaminski-v/discussion_threads/3233. | Missing mandatory field: body
kaminski-v/discussion_threads/3234. | Missing mandatory field: body
kaminski-v/discussion_threads/3235. | Missing mandatory field: body
kaminski-v/discussion_threads/324. | Missing mandatory field: body
kaminski-v/discussion_threads/3240. | Missing mandatory field: body
kaminski-v/discussion_threads/3241. | Missing mandatory field: body
kaminski-v/discussion_threads/3242. | Missing mandatory field: body
kaminski-v/discussion_threads/3249. | Missing mandatory field: body
kaminski-v/discussion_threads/326. | Missing mandatory field: body
kaminski-v/discussion_threads/3261. | Missing mandatory field: body
kaminski-v/discussion_threads/3262. | Missing mandatory field: body
kaminski-v/discussion_threads/3265. | Missing mandatory field: body
kaminski-v/discussion_threads/3268. | Missing mandatory field: to_addresses
kaminski-v/discussion_threads/327. | Missing mandatory field: subject
kaminski-v/discussion_threads/3274. | Missing mandatory field: body
kaminski-v/discussion_threads/3275. | Missing mandatory field: body
kaminski-v/discussion_threads/3276. | Missing mandatory field: body
kaminski-v/discussion_threads/3277. | Missing mandatory field: to_addresses
kaminski-v/discussion_threads/3293. | Missing mandatory field: body
kaminski-v/discussion_threads/3295. | Missing mandatory field: body
kaminski-v/discussion_threads/3312. | Missing mandatory field: to_addresses
kaminski-v/discussion_threads/3314. | Missing mandatory field: body
kaminski-v/discussion_threads/3315. | Missing mandatory field: body
kaminski-v/discussion_threads/3316. | Missing mandatory field: body
kaminski-v/discussion_threads/3317. | Missing mandatory field: body
kaminski-v/discussion_threads/3318. | Missing mandatory field: body
kaminski-v/discussion_threads/3319. | Missing mandatory field: body
kaminski-v/discussion_threads/3320. | Missing mandatory field: body
kaminski-v/discussion_threads/3323. | Missing mandatory field: body
kaminski-v/discussion_threads/3324. | Missing mandatory field: body
kaminski-v/discussion_threads/3325. | Missing mandatory field: body
kaminski-v/discussion_threads/3326. | Missing mandatory field: to_addresses
kaminski-v/discussion_threads/3339. | Missing mandatory field: body
kaminski-v/discussion_threads/3340. | Missing mandatory field: body
kaminski-v/discussion_threads/3345. | Missing mandatory field: body
kaminski-v/discussion_threads/3346. | Missing mandatory field: body
kaminski-v/discussion_threads/3347. | Missing mandatory field: body
kaminski-v/discussion_threads/3349. | Missing mandatory field: body
kaminski-v/discussion_threads/3361. | Missing mandatory field: subject
kaminski-v/discussion_threads/3363. | Missing mandatory field: to_addresses
kaminski-v/discussion_threads/3364. | Missing mandatory field: to_addresses
kaminski-v/discussion_threads/3366. | Missing mandatory field: body
kaminski-v/discussion_threads/3368. | Missing mandatory field: body
kaminski-v/discussion_threads/3370. | Missing mandatory field: body
kaminski-v/discussion_threads/3372. | Missing mandatory field: body
kaminski-v/discussion_threads/3392. | Missing mandatory field: body
kaminski-v/discussion_threads/3418. | Missing mandatory field: body
kaminski-v/discussion_threads/3419. | Missing mandatory field: body
kaminski-v/discussion_threads/3422. | Missing mandatory field: body
kaminski-v/discussion_threads/3430. | Missing mandatory field: body
kaminski-v/discussion_threads/3431. | Missing mandatory field: body
kaminski-v/discussion_threads/3433. | Missing mandatory field: body
kaminski-v/discussion_threads/3442. | Missing mandatory field: body
kaminski-v/discussion_threads/3443. | Missing mandatory field: body
kaminski-v/discussion_threads/3445. | Missing mandatory field: body
kaminski-v/discussion_threads/3458. | Missing mandatory field: body
kaminski-v/discussion_threads/3463. | Missing mandatory field: body
kaminski-v/discussion_threads/3469. | Missing mandatory field: body
kaminski-v/discussion_threads/347. | Missing mandatory field: body
kaminski-v/discussion_threads/3470. | Missing mandatory field: body
kaminski-v/discussion_threads/3471. | Missing mandatory field: body
kaminski-v/discussion_threads/3479. | Missing mandatory field: subject
kaminski-v/discussion_threads/3483. | Missing mandatory field: body
kaminski-v/discussion_threads/3484. | Missing mandatory field: body
kaminski-v/discussion_threads/3485. | Missing mandatory field: body
kaminski-v/discussion_threads/3486. | Missing mandatory field: body
kaminski-v/discussion_threads/3496. | Missing mandatory field: to_addresses
kaminski-v/discussion_threads/3510. | Missing mandatory field: body
kaminski-v/discussion_threads/3511. | Missing mandatory field: body
kaminski-v/discussion_threads/3512. | Missing mandatory field: body
kaminski-v/discussion_threads/3513. | Missing mandatory field: body
kaminski-v/discussion_threads/3514. | Missing mandatory field: body
kaminski-v/discussion_threads/3515. | Missing mandatory field: body
kaminski-v/discussion_threads/3519. | Missing mandatory field: body
kaminski-v/discussion_threads/3520. | Missing mandatory field: body
kaminski-v/discussion_threads/3521. | Missing mandatory field: body
kaminski-v/discussion_threads/3522. | Missing mandatory field: body
kaminski-v/discussion_threads/3523. | Missing mandatory field: body
kaminski-v/discussion_threads/3524. | Missing mandatory field: body
kaminski-v/discussion_threads/3525. | Missing mandatory field: body
kaminski-v/discussion_threads/3526. | Missing mandatory field: body
kaminski-v/discussion_threads/3527. | Missing mandatory field: body
kaminski-v/discussion_threads/3528. | Missing mandatory field: body
kaminski-v/discussion_threads/3530. | Missing mandatory field: subject
kaminski-v/discussion_threads/3534. | Missing mandatory field: body
kaminski-v/discussion_threads/3547. | Missing mandatory field: to_addresses
kaminski-v/discussion_threads/3554. | Missing mandatory field: body
kaminski-v/discussion_threads/3555. | Missing mandatory field: body
kaminski-v/discussion_threads/3561. | Missing mandatory field: body
kaminski-v/discussion_threads/3570. | Missing mandatory field: body
kaminski-v/discussion_threads/3571. | Missing mandatory field: body
kaminski-v/discussion_threads/3572. | Missing mandatory field: body
kaminski-v/discussion_threads/3573. | Missing mandatory field: body
kaminski-v/discussion_threads/3574. | Missing mandatory field: body
kaminski-v/discussion_threads/3575. | Missing mandatory field: body
kaminski-v/discussion_threads/3576. | Missing mandatory field: body
kaminski-v/discussion_threads/3580. | Missing mandatory field: subject
kaminski-v/discussion_threads/3582. | Missing mandatory field: body
kaminski-v/discussion_threads/3583. | Missing mandatory field: body
kaminski-v/discussion_threads/3584. | Missing mandatory field: body
kaminski-v/discussion_threads/3585. | Missing mandatory field: body
kaminski-v/discussion_threads/3586. | Missing mandatory field: body
kaminski-v/discussion_threads/3587. | Missing mandatory field: body
kaminski-v/discussion_threads/3588. | Missing mandatory field: body
kaminski-v/discussion_threads/3590. | Missing mandatory field: body
kaminski-v/discussion_threads/3591. | Missing mandatory field: body
kaminski-v/discussion_threads/3592. | Missing mandatory field: subject
kaminski-v/discussion_threads/3593. | Missing mandatory field: body
kaminski-v/discussion_threads/3597. | Missing mandatory field: body
kaminski-v/discussion_threads/3603. | Missing mandatory field: body
kaminski-v/discussion_threads/3604. | Missing mandatory field: body
kaminski-v/discussion_threads/3608. | Missing mandatory field: to_addresses
kaminski-v/discussion_threads/3618. | Missing mandatory field: body
kaminski-v/discussion_threads/3620. | Missing mandatory field: to_addresses
kaminski-v/discussion_threads/3626. | Missing mandatory field: subject
kaminski-v/discussion_threads/3630. | Missing mandatory field: body
kaminski-v/discussion_threads/3636. | Missing mandatory field: body
kaminski-v/discussion_threads/3638. | Missing mandatory field: body
kaminski-v/discussion_threads/3643. | Missing mandatory field: body
kaminski-v/discussion_threads/3649. | Missing mandatory field: body
kaminski-v/discussion_threads/3652. | Missing mandatory field: body
kaminski-v/discussion_threads/3653. | Missing mandatory field: body
kaminski-v/discussion_threads/3659. | Missing mandatory field: body
kaminski-v/discussion_threads/3666. | Missing mandatory field: body
kaminski-v/discussion_threads/367. | Missing mandatory field: body
kaminski-v/discussion_threads/3672. | Missing mandatory field: to_addresses
kaminski-v/discussion_threads/3674. | Missing mandatory field: body
kaminski-v/discussion_threads/3675. | Missing mandatory field: body
kaminski-v/discussion_threads/3676. | Missing mandatory field: body
kaminski-v/discussion_threads/3678. | Missing mandatory field: subject
kaminski-v/discussion_threads/3679. | Missing mandatory field: body
kaminski-v/discussion_threads/368. | Missing mandatory field: body
kaminski-v/discussion_threads/3681. | Missing mandatory field: body
kaminski-v/discussion_threads/3682. | Missing mandatory field: body
kaminski-v/discussion_threads/3684. | Missing mandatory field: body
kaminski-v/discussion_threads/3685. | Missing mandatory field: body
kaminski-v/discussion_threads/3686. | Missing mandatory field: body
kaminski-v/discussion_threads/3687. | Missing mandatory field: body
kaminski-v/discussion_threads/3688. | Missing mandatory field: body
kaminski-v/discussion_threads/3689. | Missing mandatory field: body
kaminski-v/discussion_threads/369. | Missing mandatory field: body
kaminski-v/discussion_threads/3690. | Missing mandatory field: body
kaminski-v/discussion_threads/3691. | Missing mandatory field: body
kaminski-v/discussion_threads/3692. | Missing mandatory field: body
kaminski-v/discussion_threads/3693. | Missing mandatory field: body
kaminski-v/discussion_threads/3694. | Missing mandatory field: body
kaminski-v/discussion_threads/3695. | Missing mandatory field: subject
kaminski-v/discussion_threads/3696. | Missing mandatory field: body
kaminski-v/discussion_threads/370. | Missing mandatory field: body
kaminski-v/discussion_threads/3709. | Missing mandatory field: body
kaminski-v/discussion_threads/3711. | Missing mandatory field: body
kaminski-v/discussion_threads/3716. | Missing mandatory field: body
kaminski-v/discussion_threads/3717. | Missing mandatory field: body
kaminski-v/discussion_threads/3718. | Missing mandatory field: body
kaminski-v/discussion_threads/3719. | Missing mandatory field: body
kaminski-v/discussion_threads/3726. | Missing mandatory field: body
kaminski-v/discussion_threads/3734. | Missing mandatory field: body
kaminski-v/discussion_threads/3735. | Missing mandatory field: body
kaminski-v/discussion_threads/3737. | Missing mandatory field: to_addresses
kaminski-v/discussion_threads/3740. | Missing mandatory field: subject
kaminski-v/discussion_threads/3741. | Missing mandatory field: body
kaminski-v/discussion_threads/3744. | Missing mandatory field: body
kaminski-v/discussion_threads/3768. | Missing mandatory field: body
kaminski-v/discussion_threads/3770. | Missing mandatory field: body
kaminski-v/discussion_threads/3779. | Missing mandatory field: body
kaminski-v/discussion_threads/3780. | Missing mandatory field: body
kaminski-v/discussion_threads/3781. | Missing mandatory field: body
kaminski-v/discussion_threads/3782. | Missing mandatory field: subject
kaminski-v/discussion_threads/3784. | Missing mandatory field: body
kaminski-v/discussion_threads/3785. | Missing mandatory field: body
kaminski-v/discussion_threads/3787. | Missing mandatory field: body
kaminski-v/discussion_threads/3796. | Missing mandatory field: subject
kaminski-v/discussion_threads/3797. | Missing mandatory field: to_addresses
kaminski-v/discussion_threads/3818. | Missing mandatory field: body
kaminski-v/discussion_threads/3819. | Missing mandatory field: body
kaminski-v/discussion_threads/3821. | Missing mandatory field: to_addresses
kaminski-v/discussion_threads/3825. | Missing mandatory field: body
kaminski-v/discussion_threads/3827. | Missing mandatory field: body
kaminski-v/discussion_threads/3828. | Missing mandatory field: body
kaminski-v/discussion_threads/3829. | Missing mandatory field: body
kaminski-v/discussion_threads/3835. | Missing mandatory field: body
kaminski-v/discussion_threads/3836. | Missing mandatory field: body
kaminski-v/discussion_threads/3837. | Missing mandatory field: body
kaminski-v/discussion_threads/3838. | Missing mandatory field: body
kaminski-v/discussion_threads/3839. | Missing mandatory field: body
kaminski-v/discussion_threads/3840. | Missing mandatory field: body
kaminski-v/discussion_threads/3841. | Missing mandatory field: body
kaminski-v/discussion_threads/3842. | Missing mandatory field: body
kaminski-v/discussion_threads/3843. | Missing mandatory field: body
kaminski-v/discussion_threads/3845. | Missing mandatory field: body
kaminski-v/discussion_threads/3846. | Missing mandatory field: body
kaminski-v/discussion_threads/3847. | Missing mandatory field: body
kaminski-v/discussion_threads/3848. | Missing mandatory field: body
kaminski-v/discussion_threads/3852. | Missing mandatory field: to_addresses
kaminski-v/discussion_threads/3862. | Missing mandatory field: to_addresses
kaminski-v/discussion_threads/3866. | Missing mandatory field: body
kaminski-v/discussion_threads/3867. | Missing mandatory field: subject
kaminski-v/discussion_threads/3870. | Missing mandatory field: body
kaminski-v/discussion_threads/3871. | Missing mandatory field: body
kaminski-v/discussion_threads/3874. | Missing mandatory field: body
kaminski-v/discussion_threads/3875. | Missing mandatory field: subject
kaminski-v/discussion_threads/3888. | Missing mandatory field: body
kaminski-v/discussion_threads/3889. | Missing mandatory field: to_addresses
kaminski-v/discussion_threads/389. | Missing mandatory field: body
kaminski-v/discussion_threads/3914. | Missing mandatory field: body
kaminski-v/discussion_threads/3916. | Missing mandatory field: body
kaminski-v/discussion_threads/3917. | Missing mandatory field: body
kaminski-v/discussion_threads/3918. | Missing mandatory field: body
kaminski-v/discussion_threads/3919. | Missing mandatory field: body
kaminski-v/discussion_threads/3920. | Missing mandatory field: body
kaminski-v/discussion_threads/3921. | Missing mandatory field: body
kaminski-v/discussion_threads/3922. | Missing mandatory field: body
kaminski-v/discussion_threads/3935. | Missing mandatory field: to_addresses
kaminski-v/discussion_threads/3944. | Missing mandatory field: to_addresses
kaminski-v/discussion_threads/3949. | Missing mandatory field: body
kaminski-v/discussion_threads/3950. | Missing mandatory field: body
kaminski-v/discussion_threads/3954. | Missing mandatory field: body
kaminski-v/discussion_threads/3955. | Missing mandatory field: body
kaminski-v/discussion_threads/3956. | Missing mandatory field: subject
kaminski-v/discussion_threads/3959. | Missing mandatory field: body
kaminski-v/discussion_threads/3960. | Missing mandatory field: body
kaminski-v/discussion_threads/3961. | Missing mandatory field: body
kaminski-v/discussion_threads/3962. | Missing mandatory field: to_addresses
kaminski-v/discussion_threads/3965. | Missing mandatory field: body
kaminski-v/discussion_threads/3980. | Missing mandatory field: body
kaminski-v/discussion_threads/3982. | Missing mandatory field: body
kaminski-v/discussion_threads/3992. | Missing mandatory field: to_addresses
kaminski-v/discussion_threads/40. | Missing mandatory field: subject
kaminski-v/discussion_threads/400. | Missing mandatory field: to_addresses
kaminski-v/discussion_threads/4000. | Missing mandatory field: body
kaminski-v/discussion_threads/4023. | Missing mandatory field: body
kaminski-v/discussion_threads/4024. | Missing mandatory field: body
kaminski-v/discussion_threads/4025. | Missing mandatory field: to_addresses
kaminski-v/discussion_threads/4028. | Missing mandatory field: body
kaminski-v/discussion_threads/4029. | Missing mandatory field: body
kaminski-v/discussion_threads/4036. | Missing mandatory field: body
kaminski-v/discussion_threads/4037. | Missing mandatory field: body
kaminski-v/discussion_threads/4038. | Missing mandatory field: body
kaminski-v/discussion_threads/4039. | Missing mandatory field: subject
kaminski-v/discussion_threads/404. | Missing mandatory field: body
kaminski-v/discussion_threads/4041. | Missing mandatory field: subject
kaminski-v/discussion_threads/4042. | Missing mandatory field: body
kaminski-v/discussion_threads/4043. | Missing mandatory field: body
kaminski-v/discussion_threads/4044. | Missing mandatory field: body
kaminski-v/discussion_threads/4046. | Missing mandatory field: to_addresses
kaminski-v/discussion_threads/405. | Missing mandatory field: subject
kaminski-v/discussion_threads/4052. | Missing mandatory field: body
kaminski-v/discussion_threads/4056. | Missing mandatory field: body
kaminski-v/discussion_threads/406. | Missing mandatory field: subject
kaminski-v/discussion_threads/4062. | Missing mandatory field: body
kaminski-v/discussion_threads/4072. | Missing mandatory field: subject
kaminski-v/discussion_threads/4073. | Missing mandatory field: body
kaminski-v/discussion_threads/4074. | Missing mandatory field: subject
kaminski-v/discussion_threads/4076. | Missing mandatory field: body
kaminski-v/discussion_threads/4077. | Missing mandatory field: body
kaminski-v/discussion_threads/4078. | Missing mandatory field: body
kaminski-v/discussion_threads/4079. | Missing mandatory field: body
kaminski-v/discussion_threads/4081. | Missing mandatory field: body
kaminski-v/discussion_threads/4082. | Missing mandatory field: body
kaminski-v/discussion_threads/4083. | Missing mandatory field: body
kaminski-v/discussion_threads/4084. | Missing mandatory field: body
kaminski-v/discussion_threads/4085. | Missing mandatory field: body
kaminski-v/discussion_threads/4095. | Missing mandatory field: body
kaminski-v/discussion_threads/410. | Missing mandatory field: subject
kaminski-v/discussion_threads/4101. | Missing mandatory field: body
kaminski-v/discussion_threads/4107. | Missing mandatory field: to_addresses
kaminski-v/discussion_threads/4110. | Missing mandatory field: body
kaminski-v/discussion_threads/4120. | Missing mandatory field: body
kaminski-v/discussion_threads/4121. | Missing mandatory field: body
kaminski-v/discussion_threads/4138. | Missing mandatory field: to_addresses
kaminski-v/discussion_threads/4141. | Missing mandatory field: body
kaminski-v/discussion_threads/4153. | Missing mandatory field: body
kaminski-v/discussion_threads/4154. | Missing mandatory field: body
kaminski-v/discussion_threads/4157. | Missing mandatory field: body
kaminski-v/discussion_threads/416. | Missing mandatory field: body
kaminski-v/discussion_threads/4165. | Missing mandatory field: body
kaminski-v/discussion_threads/4166. | Missing mandatory field: body
kaminski-v/discussion_threads/417. | Missing mandatory field: body
kaminski-v/discussion_threads/418. | Missing mandatory field: body
kaminski-v/discussion_threads/4181. | Missing mandatory field: body
kaminski-v/discussion_threads/4187. | Missing mandatory field: to_addresses
kaminski-v/discussion_threads/4191. | Missing mandatory field: body
kaminski-v/discussion_threads/4192. | Missing mandatory field: body
kaminski-v/discussion_threads/4194. | Missing mandatory field: subject
kaminski-v/discussion_threads/4197. | Missing mandatory field: body
kaminski-v/discussion_threads/4199. | Missing mandatory field: body
kaminski-v/discussion_threads/421. | Missing mandatory field: body
kaminski-v/discussion_threads/4216. | Missing mandatory field: to_addresses
kaminski-v/discussion_threads/422. | Missing mandatory field: body
kaminski-v/discussion_threads/423. | Missing mandatory field: body
kaminski-v/discussion_threads/4231. | Missing mandatory field: body
kaminski-v/discussion_threads/4232. | Missing mandatory field: body
kaminski-v/discussion_threads/4233. | Missing mandatory field: body
kaminski-v/discussion_threads/4234. | Missing mandatory field: to_addresses
kaminski-v/discussion_threads/424. | Missing mandatory field: body
kaminski-v/discussion_threads/4245. | Missing mandatory field: to_addresses
kaminski-v/discussion_threads/4253. | Missing mandatory field: body
kaminski-v/discussion_threads/4254. | Missing mandatory field: body
kaminski-v/discussion_threads/426. | Missing mandatory field: subject
kaminski-v/discussion_threads/4263. | Missing mandatory field: body
kaminski-v/discussion_threads/4264. | Missing mandatory field: body
kaminski-v/discussion_threads/4266. | Missing mandatory field: body
kaminski-v/discussion_threads/4273. | Missing mandatory field: body
kaminski-v/discussion_threads/4275. | Missing mandatory field: to_addresses
kaminski-v/discussion_threads/430. | Missing mandatory field: body
kaminski-v/discussion_threads/4301. | Missing mandatory field: subject
kaminski-v/discussion_threads/4305. | Missing mandatory field: body
kaminski-v/discussion_threads/4306. | Missing mandatory field: body
kaminski-v/discussion_threads/4307. | Missing mandatory field: body
kaminski-v/discussion_threads/4308. | Missing mandatory field: body
kaminski-v/discussion_threads/4309. | Missing mandatory field: body
kaminski-v/discussion_threads/431. | Missing mandatory field: body
kaminski-v/discussion_threads/4311. | Missing mandatory field: body
kaminski-v/discussion_threads/4313. | Missing mandatory field: body
kaminski-v/discussion_threads/4315. | Missing mandatory field: body
kaminski-v/discussion_threads/4316. | Missing mandatory field: subject
kaminski-v/discussion_threads/4317. | Missing mandatory field: body
kaminski-v/discussion_threads/4318. | Missing mandatory field: body
kaminski-v/discussion_threads/4319. | Missing mandatory field: body
kaminski-v/discussion_threads/4320. | Missing mandatory field: body
kaminski-v/discussion_threads/4323. | Missing mandatory field: body
kaminski-v/discussion_threads/4324. | Missing mandatory field: body
kaminski-v/discussion_threads/4325. | Missing mandatory field: body
kaminski-v/discussion_threads/4326. | Missing mandatory field: body
kaminski-v/discussion_threads/4332. | Missing mandatory field: to_addresses
kaminski-v/discussion_threads/4339. | Missing mandatory field: body
kaminski-v/discussion_threads/4341. | Missing mandatory field: body
kaminski-v/discussion_threads/4342. | Missing mandatory field: body
kaminski-v/discussion_threads/4344. | Missing mandatory field: body
kaminski-v/discussion_threads/4345. | Missing mandatory field: to_addresses
kaminski-v/discussion_threads/4346. | Missing mandatory field: subject
kaminski-v/discussion_threads/4353. | Missing mandatory field: body
kaminski-v/discussion_threads/4356. | Missing mandatory field: body
kaminski-v/discussion_threads/4358. | Missing mandatory field: body
kaminski-v/discussion_threads/4359. | Missing mandatory field: body
kaminski-v/discussion_threads/4360. | Missing mandatory field: body
kaminski-v/discussion_threads/4361. | Missing mandatory field: body
kaminski-v/discussion_threads/4362. | Missing mandatory field: body
kaminski-v/discussion_threads/4363. | Missing mandatory field: body
kaminski-v/discussion_threads/4365. | Missing mandatory field: body
kaminski-v/discussion_threads/4367. | Missing mandatory field: subject
kaminski-v/discussion_threads/4368. | Missing mandatory field: body
kaminski-v/discussion_threads/4369. | Missing mandatory field: body
kaminski-v/discussion_threads/4370. | Missing mandatory field: body
kaminski-v/discussion_threads/4381. | Missing mandatory field: body
kaminski-v/discussion_threads/4382. | Missing mandatory field: body
kaminski-v/discussion_threads/4384. | Missing mandatory field: body
kaminski-v/discussion_threads/4385. | Missing mandatory field: body
kaminski-v/discussion_threads/4393. | Missing mandatory field: body
kaminski-v/discussion_threads/4401. | Missing mandatory field: body
kaminski-v/discussion_threads/4408. | Missing mandatory field: body
kaminski-v/discussion_threads/4409. | Missing mandatory field: body
kaminski-v/discussion_threads/4410. | Missing mandatory field: body
kaminski-v/discussion_threads/4411. | Missing mandatory field: body
kaminski-v/discussion_threads/4415. | Missing mandatory field: body
kaminski-v/discussion_threads/4416. | Missing mandatory field: body
kaminski-v/discussion_threads/4417. | Missing mandatory field: body
kaminski-v/discussion_threads/4419. | Missing mandatory field: body
kaminski-v/discussion_threads/4420. | Missing mandatory field: subject
kaminski-v/discussion_threads/4422. | Missing mandatory field: body
kaminski-v/discussion_threads/4424. | Missing mandatory field: body
kaminski-v/discussion_threads/4425. | Missing mandatory field: body
kaminski-v/discussion_threads/4433. | Missing mandatory field: body
kaminski-v/discussion_threads/4439. | Missing mandatory field: to_addresses
kaminski-v/discussion_threads/445. | Missing mandatory field: subject
kaminski-v/discussion_threads/4452. | Missing mandatory field: to_addresses
kaminski-v/discussion_threads/4465. | Missing mandatory field: subject
kaminski-v/discussion_threads/4525. | Missing mandatory field: body
kaminski-v/discussion_threads/4533. | Missing mandatory field: body
kaminski-v/discussion_threads/4536. | Missing mandatory field: subject
kaminski-v/discussion_threads/4539. | Missing mandatory field: to_addresses
kaminski-v/discussion_threads/455. | Missing mandatory field: to_addresses
kaminski-v/discussion_threads/4555. | Missing mandatory field: subject
kaminski-v/discussion_threads/4567. | Missing mandatory field: to_addresses
kaminski-v/discussion_threads/458. | Missing mandatory field: body
kaminski-v/discussion_threads/4582. | Missing mandatory field: to_addresses
kaminski-v/discussion_threads/4587. | Missing mandatory field: subject
kaminski-v/discussion_threads/4589. | Missing mandatory field: to_addresses
kaminski-v/discussion_threads/4595. | Missing mandatory field: body
kaminski-v/discussion_threads/461. | Missing mandatory field: body
kaminski-v/discussion_threads/4613. | Missing mandatory field: to_addresses
kaminski-v/discussion_threads/4614. | Missing mandatory field: body
kaminski-v/discussion_threads/463. | Missing mandatory field: body
kaminski-v/discussion_threads/4633. | Missing mandatory field: subject
kaminski-v/discussion_threads/4637. | Missing mandatory field: body
kaminski-v/discussion_threads/4639. | Missing mandatory field: body
kaminski-v/discussion_threads/4645. | Missing mandatory field: body
kaminski-v/discussion_threads/4654. | Missing mandatory field: subject
kaminski-v/discussion_threads/4657. | Missing mandatory field: subject
kaminski-v/discussion_threads/4658. | Missing mandatory field: body
kaminski-v/discussion_threads/4659. | Missing mandatory field: body
kaminski-v/discussion_threads/4660. | Missing mandatory field: body
kaminski-v/discussion_threads/4661. | Missing mandatory field: body
kaminski-v/discussion_threads/4662. | Missing mandatory field: body
kaminski-v/discussion_threads/4663. | Missing mandatory field: subject
kaminski-v/discussion_threads/4664. | Missing mandatory field: body
kaminski-v/discussion_threads/4665. | Missing mandatory field: body
kaminski-v/discussion_threads/4674. | Missing mandatory field: body
kaminski-v/discussion_threads/4675. | Missing mandatory field: body
kaminski-v/discussion_threads/4676. | Missing mandatory field: body
kaminski-v/discussion_threads/4687. | Missing mandatory field: subject
kaminski-v/discussion_threads/4690. | Missing mandatory field: body
kaminski-v/discussion_threads/4691. | Missing mandatory field: body
kaminski-v/discussion_threads/4696. | Missing mandatory field: body
kaminski-v/discussion_threads/4703. | Missing mandatory field: body
kaminski-v/discussion_threads/4704. | Missing mandatory field: body
kaminski-v/discussion_threads/4705. | Missing mandatory field: body
kaminski-v/discussion_threads/4706. | Missing mandatory field: body
kaminski-v/discussion_threads/4707. | Missing mandatory field: body
kaminski-v/discussion_threads/4708. | Missing mandatory field: body
kaminski-v/discussion_threads/4721. | Missing mandatory field: body
kaminski-v/discussion_threads/4722. | Missing mandatory field: subject
kaminski-v/discussion_threads/4723. | Missing mandatory field: body
kaminski-v/discussion_threads/4725. | Missing mandatory field: body
kaminski-v/discussion_threads/4726. | Missing mandatory field: body
kaminski-v/discussion_threads/4727. | Missing mandatory field: body
kaminski-v/discussion_threads/4728. | Missing mandatory field: body
kaminski-v/discussion_threads/4729. | Missing mandatory field: body
kaminski-v/discussion_threads/4730. | Missing mandatory field: body
kaminski-v/discussion_threads/4736. | Missing mandatory field: subject
kaminski-v/discussion_threads/4738. | Missing mandatory field: subject
kaminski-v/discussion_threads/4746. | Missing mandatory field: subject
kaminski-v/discussion_threads/4747. | Missing mandatory field: subject
kaminski-v/discussion_threads/4755. | Missing mandatory field: body
kaminski-v/discussion_threads/4766. | Missing mandatory field: to_addresses
kaminski-v/discussion_threads/477. | Missing mandatory field: body
kaminski-v/discussion_threads/4774. | Missing mandatory field: to_addresses
kaminski-v/discussion_threads/4777. | Missing mandatory field: to_addresses
kaminski-v/discussion_threads/4778. | Missing mandatory field: body
kaminski-v/discussion_threads/4784. | Missing mandatory field: body
kaminski-v/discussion_threads/48. | Missing mandatory field: body
kaminski-v/discussion_threads/4801. | Missing mandatory field: to_addresses
kaminski-v/discussion_threads/4805. | Missing mandatory field: body
kaminski-v/discussion_threads/4810. | Missing mandatory field: body
kaminski-v/discussion_threads/4816. | Missing mandatory field: to_addresses
kaminski-v/discussion_threads/482. | Missing mandatory field: subject
kaminski-v/discussion_threads/4825. | Missing mandatory field: to_addresses
kaminski-v/discussion_threads/4826. | Missing mandatory field: to_addresses
kaminski-v/discussion_threads/4827. | Missing mandatory field: body
kaminski-v/discussion_threads/4830. | Missing mandatory field: body
kaminski-v/discussion_threads/4841. | Missing mandatory field: to_addresses
kaminski-v/discussion_threads/4843. | Missing mandatory field: to_addresses
kaminski-v/discussion_threads/4845. | Missing mandatory field: body
kaminski-v/discussion_threads/4846. | Missing mandatory field: body
kaminski-v/discussion_threads/4851. | Missing mandatory field: body
kaminski-v/discussion_threads/4863. | Missing mandatory field: to_addresses
kaminski-v/discussion_threads/4864. | Missing mandatory field: body
kaminski-v/discussion_threads/4869. | Missing mandatory field: body
kaminski-v/discussion_threads/4882. | Missing mandatory field: body
kaminski-v/discussion_threads/4891. | Missing mandatory field: body
kaminski-v/discussion_threads/4892. | Missing mandatory field: body
kaminski-v/discussion_threads/4893. | Missing mandatory field: body
kaminski-v/discussion_threads/4900. | Missing mandatory field: to_addresses
kaminski-v/discussion_threads/4907. | Missing mandatory field: body
kaminski-v/discussion_threads/491. | Missing mandatory field: body
kaminski-v/discussion_threads/4910. | Missing mandatory field: body
kaminski-v/discussion_threads/4911. | Missing mandatory field: body
kaminski-v/discussion_threads/4913. | Missing mandatory field: body
kaminski-v/discussion_threads/4914. | Missing mandatory field: body
kaminski-v/discussion_threads/4915. | Missing mandatory field: body
kaminski-v/discussion_threads/4917. | Missing mandatory field: body
kaminski-v/discussion_threads/4918. | Missing mandatory field: body
kaminski-v/discussion_threads/4919. | Missing mandatory field: body
kaminski-v/discussion_threads/492. | Missing mandatory field: body
kaminski-v/discussion_threads/4921. | Missing mandatory field: body
kaminski-v/discussion_threads/4924. | Missing mandatory field: to_addresses
kaminski-v/discussion_threads/4929. | Missing mandatory field: body
kaminski-v/discussion_threads/4945. | Missing mandatory field: body
kaminski-v/discussion_threads/4968. | Missing mandatory field: body
kaminski-v/discussion_threads/4977. | Missing mandatory field: to_addresses
kaminski-v/discussion_threads/4997. | Missing mandatory field: subject
kaminski-v/discussion_threads/4998. | Missing mandatory field: body
kaminski-v/discussion_threads/4999. | Missing mandatory field: body
kaminski-v/discussion_threads/5001. | Missing mandatory field: body
kaminski-v/discussion_threads/5003. | Missing mandatory field: body
kaminski-v/discussion_threads/5008. | Missing mandatory field: subject
kaminski-v/discussion_threads/5013. | Missing mandatory field: body
kaminski-v/discussion_threads/5029. | Missing mandatory field: body
kaminski-v/discussion_threads/5031. | Missing mandatory field: body
kaminski-v/discussion_threads/5032. | Missing mandatory field: body
kaminski-v/discussion_threads/5034. | Missing mandatory field: body
kaminski-v/discussion_threads/5037. | Missing mandatory field: body
kaminski-v/discussion_threads/5044. | Missing mandatory field: body
kaminski-v/discussion_threads/5047. | Missing mandatory field: body
kaminski-v/discussion_threads/5052. | Missing mandatory field: body
kaminski-v/discussion_threads/5053. | Missing mandatory field: body
kaminski-v/discussion_threads/5068. | Missing mandatory field: body
kaminski-v/discussion_threads/5069. | Missing mandatory field: body
kaminski-v/discussion_threads/5075. | Missing mandatory field: to_addresses
kaminski-v/discussion_threads/5079. | Missing mandatory field: body
kaminski-v/discussion_threads/5082. | Missing mandatory field: to_addresses
kaminski-v/discussion_threads/5085. | Missing mandatory field: body
kaminski-v/discussion_threads/5088. | Missing mandatory field: body
kaminski-v/discussion_threads/5089. | Missing mandatory field: body
kaminski-v/discussion_threads/5095. | Missing mandatory field: body
kaminski-v/discussion_threads/51. | Missing mandatory field: body
kaminski-v/discussion_threads/5108. | Missing mandatory field: body
kaminski-v/discussion_threads/5110. | Missing mandatory field: body
kaminski-v/discussion_threads/5114. | Missing mandatory field: body
kaminski-v/discussion_threads/5115. | Missing mandatory field: subject
kaminski-v/discussion_threads/5133. | Missing mandatory field: to_addresses
kaminski-v/discussion_threads/5141. | Missing mandatory field: body
kaminski-v/discussion_threads/5143. | Missing mandatory field: body
kaminski-v/discussion_threads/5144. | Missing mandatory field: body
kaminski-v/discussion_threads/5149. | Missing mandatory field: body
kaminski-v/discussion_threads/5150. | Missing mandatory field: body
kaminski-v/discussion_threads/5151. | Missing mandatory field: body
kaminski-v/discussion_threads/5152. | Missing mandatory field: body
kaminski-v/discussion_threads/5154. | Missing mandatory field: body
kaminski-v/discussion_threads/5155. | Missing mandatory field: body
kaminski-v/discussion_threads/5156. | Missing mandatory field: body
kaminski-v/discussion_threads/5161. | Missing mandatory field: body
kaminski-v/discussion_threads/5177. | Missing mandatory field: subject
kaminski-v/discussion_threads/5179. | Missing mandatory field: subject
kaminski-v/discussion_threads/5186. | Missing mandatory field: subject
kaminski-v/discussion_threads/5189. | Missing mandatory field: subject
kaminski-v/discussion_threads/5203. | Missing mandatory field: body
kaminski-v/discussion_threads/5207. | Missing mandatory field: to_addresses
kaminski-v/discussion_threads/5209. | Missing mandatory field: body
kaminski-v/discussion_threads/5221. | Missing mandatory field: body
kaminski-v/discussion_threads/5223. | Missing mandatory field: body
kaminski-v/discussion_threads/5224. | Missing mandatory field: body
kaminski-v/discussion_threads/5225. | Missing mandatory field: body
kaminski-v/discussion_threads/5227. | Missing mandatory field: body
kaminski-v/discussion_threads/5228. | Missing mandatory field: body
kaminski-v/discussion_threads/5229. | Missing mandatory field: body
kaminski-v/discussion_threads/5231. | Missing mandatory field: subject
kaminski-v/discussion_threads/5232. | Missing mandatory field: body
kaminski-v/discussion_threads/5233. | Missing mandatory field: body
kaminski-v/discussion_threads/5234. | Missing mandatory field: body
kaminski-v/discussion_threads/5235. | Missing mandatory field: body
kaminski-v/discussion_threads/5237. | Missing mandatory field: body
kaminski-v/discussion_threads/5238. | Missing mandatory field: body
kaminski-v/discussion_threads/5241. | Missing mandatory field: body
kaminski-v/discussion_threads/5242. | Missing mandatory field: subject
kaminski-v/discussion_threads/5247. | Missing mandatory field: body
kaminski-v/discussion_threads/5259. | Missing mandatory field: body
kaminski-v/discussion_threads/5264. | Missing mandatory field: body
kaminski-v/discussion_threads/5275. | Missing mandatory field: body
kaminski-v/discussion_threads/5277. | Missing mandatory field: body
kaminski-v/discussion_threads/5278. | Missing mandatory field: body
kaminski-v/discussion_threads/5288. | Missing mandatory field: subject
kaminski-v/discussion_threads/5289. | Missing mandatory field: body
kaminski-v/discussion_threads/529. | Missing mandatory field: subject
kaminski-v/discussion_threads/5294. | Missing mandatory field: subject
kaminski-v/discussion_threads/5299. | Missing mandatory field: to_addresses
kaminski-v/discussion_threads/5314. | Missing mandatory field: body
kaminski-v/discussion_threads/5315. | Missing mandatory field: to_addresses
kaminski-v/discussion_threads/5316. | Missing mandatory field: body
kaminski-v/discussion_threads/5318. | Missing mandatory field: body
kaminski-v/discussion_threads/5319. | Missing mandatory field: body
kaminski-v/discussion_threads/5320. | Missing mandatory field: body
kaminski-v/discussion_threads/5323. | Missing mandatory field: body
kaminski-v/discussion_threads/5329. | Missing mandatory field: body
kaminski-v/discussion_threads/5330. | Missing mandatory field: subject
kaminski-v/discussion_threads/5336. | Missing mandatory field: subject
kaminski-v/discussion_threads/5338. | Missing mandatory field: body
kaminski-v/discussion_threads/5339. | Missing mandatory field: subject
kaminski-v/discussion_threads/5342. | Missing mandatory field: body
kaminski-v/discussion_threads/5352. | Missing mandatory field: body
kaminski-v/discussion_threads/5354. | Missing mandatory field: body
kaminski-v/discussion_threads/5358. | Missing mandatory field: subject
kaminski-v/discussion_threads/5363. | Missing mandatory field: body
kaminski-v/discussion_threads/5365. | Missing mandatory field: subject
kaminski-v/discussion_threads/5384. | Missing mandatory field: subject
kaminski-v/discussion_threads/5401. | Missing mandatory field: body
kaminski-v/discussion_threads/5403. | Missing mandatory field: subject
kaminski-v/discussion_threads/5407. | Missing mandatory field: to_addresses
kaminski-v/discussion_threads/5411. | Missing mandatory field: body
kaminski-v/discussion_threads/5412. | Missing mandatory field: body
kaminski-v/discussion_threads/542. | Missing mandatory field: body
kaminski-v/discussion_threads/5420. | Missing mandatory field: body
kaminski-v/discussion_threads/5422. | Missing mandatory field: subject
kaminski-v/discussion_threads/5428. | Missing mandatory field: subject
kaminski-v/discussion_threads/5429. | Missing mandatory field: body
kaminski-v/discussion_threads/5430. | Missing mandatory field: body
kaminski-v/discussion_threads/5436. | Missing mandatory field: body
kaminski-v/discussion_threads/5437. | Missing mandatory field: body
kaminski-v/discussion_threads/5445. | Missing mandatory field: body
kaminski-v/discussion_threads/5446. | Missing mandatory field: body
kaminski-v/discussion_threads/5455. | Missing mandatory field: body
kaminski-v/discussion_threads/5456. | Missing mandatory field: subject
kaminski-v/discussion_threads/5464. | Missing mandatory field: subject
kaminski-v/discussion_threads/5465. | Missing mandatory field: subject
kaminski-v/discussion_threads/5466. | Missing mandatory field: subject
kaminski-v/discussion_threads/5474. | Missing mandatory field: subject
kaminski-v/discussion_threads/5482. | Missing mandatory field: body
kaminski-v/discussion_threads/5486. | Missing mandatory field: body
kaminski-v/discussion_threads/5487. | Missing mandatory field: body
kaminski-v/discussion_threads/5488. | Missing mandatory field: body
kaminski-v/discussion_threads/5498. | Missing mandatory field: body
kaminski-v/discussion_threads/55. | Missing mandatory field: subject
kaminski-v/discussion_threads/5500. | Missing mandatory field: subject
kaminski-v/discussion_threads/5501. | Missing mandatory field: body
kaminski-v/discussion_threads/5512. | Missing mandatory field: subject
kaminski-v/discussion_threads/5522. | Missing mandatory field: body
kaminski-v/discussion_threads/5523. | Missing mandatory field: body
kaminski-v/discussion_threads/5524. | Missing mandatory field: body
kaminski-v/discussion_threads/5531. | Missing mandatory field: body
kaminski-v/discussion_threads/5532. | Missing mandatory field: subject
kaminski-v/discussion_threads/5533. | Missing mandatory field: subject
kaminski-v/discussion_threads/5549. | Missing mandatory field: body
kaminski-v/discussion_threads/5550. | Missing mandatory field: subject
kaminski-v/discussion_threads/5551. | Missing mandatory field: body
kaminski-v/discussion_threads/5552. | Missing mandatory field: body
kaminski-v/discussion_threads/5554. | Missing mandatory field: body
kaminski-v/discussion_threads/5556. | Missing mandatory field: body
kaminski-v/discussion_threads/5557. | Missing mandatory field: body
kaminski-v/discussion_threads/5565. | Missing mandatory field: body
kaminski-v/discussion_threads/5566. | Missing mandatory field: body
kaminski-v/discussion_threads/5572. | Missing mandatory field: subject
kaminski-v/discussion_threads/5590. | Missing mandatory field: body
kaminski-v/discussion_threads/5591. | Missing mandatory field: body
kaminski-v/discussion_threads/5594. | Missing mandatory field: to_addresses
kaminski-v/discussion_threads/5597. | Missing mandatory field: body
kaminski-v/discussion_threads/5602. | Missing mandatory field: subject
kaminski-v/discussion_threads/5606. | Missing mandatory field: subject
kaminski-v/discussion_threads/5623. | Missing mandatory field: subject
kaminski-v/discussion_threads/5632. | Missing mandatory field: subject
kaminski-v/discussion_threads/5643. | Missing mandatory field: body
kaminski-v/discussion_threads/5645. | Missing mandatory field: body
kaminski-v/discussion_threads/5655. | Missing mandatory field: subject
kaminski-v/discussion_threads/5656. | Missing mandatory field: body
kaminski-v/discussion_threads/5668. | Missing mandatory field: body
kaminski-v/discussion_threads/5669. | Missing mandatory field: body
kaminski-v/discussion_threads/5671. | Missing mandatory field: subject
kaminski-v/discussion_threads/5672. | Missing mandatory field: body
kaminski-v/discussion_threads/5673. | Missing mandatory field: body
kaminski-v/discussion_threads/5675. | Missing mandatory field: body
kaminski-v/discussion_threads/5676. | Missing mandatory field: body
kaminski-v/discussion_threads/5682. | Missing mandatory field: body
kaminski-v/discussion_threads/5683. | Missing mandatory field: body
kaminski-v/discussion_threads/5695. | Missing mandatory field: body
kaminski-v/discussion_threads/5696. | Missing mandatory field: to_addresses
kaminski-v/discussion_threads/5698. | Missing mandatory field: subject
kaminski-v/discussion_threads/5701. | Missing mandatory field: body
kaminski-v/discussion_threads/5709. | Missing mandatory field: body
kaminski-v/discussion_threads/5710. | Missing mandatory field: body
kaminski-v/discussion_threads/5711. | Missing mandatory field: body
kaminski-v/discussion_threads/5722. | Missing mandatory field: body
kaminski-v/discussion_threads/5739. | Missing mandatory field: body
kaminski-v/discussion_threads/574. | Missing mandatory field: body
kaminski-v/discussion_threads/5749. | Missing mandatory field: body
kaminski-v/discussion_threads/5752. | Missing mandatory field: body
kaminski-v/discussion_threads/579. | Missing mandatory field: body
kaminski-v/discussion_threads/580. | Missing mandatory field: body
kaminski-v/discussion_threads/582. | Missing mandatory field: subject
kaminski-v/discussion_threads/586. | Missing mandatory field: body
kaminski-v/discussion_threads/588. | Missing mandatory field: body
kaminski-v/discussion_threads/5930. | Missing mandatory field: to_addresses
kaminski-v/discussion_threads/5967. | Missing mandatory field: to_addresses
kaminski-v/discussion_threads/602. | Missing mandatory field: body
kaminski-v/discussion_threads/603. | Missing mandatory field: body
kaminski-v/discussion_threads/6042. | Missing mandatory field: subject
kaminski-v/discussion_threads/605. | Missing mandatory field: subject
kaminski-v/discussion_threads/607. | Missing mandatory field: body
kaminski-v/discussion_threads/61. | Missing mandatory field: body
kaminski-v/discussion_threads/611. | Missing mandatory field: body
kaminski-v/discussion_threads/613. | Missing mandatory field: subject
kaminski-v/discussion_threads/617. | Missing mandatory field: body
kaminski-v/discussion_threads/618. | Missing mandatory field: body
kaminski-v/discussion_threads/621. | Missing mandatory field: subject
kaminski-v/discussion_threads/6270. | Missing mandatory field: subject
kaminski-v/discussion_threads/63. | Missing mandatory field: subject
kaminski-v/discussion_threads/634. | Missing mandatory field: to_addresses
kaminski-v/discussion_threads/635. | Missing mandatory field: body
kaminski-v/discussion_threads/637. | Missing mandatory field: subject
kaminski-v/discussion_threads/640. | Missing mandatory field: body
kaminski-v/discussion_threads/642. | Missing mandatory field: body
kaminski-v/discussion_threads/644. | Missing mandatory field: body
kaminski-v/discussion_threads/645. | Missing mandatory field: body
kaminski-v/discussion_threads/646. | Missing mandatory field: body
kaminski-v/discussion_threads/6498. | Missing mandatory field: subject
kaminski-v/discussion_threads/665. | Missing mandatory field: body
kaminski-v/discussion_threads/673. | Missing mandatory field: subject
kaminski-v/discussion_threads/674. | Missing mandatory field: body
kaminski-v/discussion_threads/675. | Missing mandatory field: subject
kaminski-v/discussion_threads/676. | Missing mandatory field: subject
kaminski-v/discussion_threads/681. | Missing mandatory field: subject
kaminski-v/discussion_threads/6923. | Missing mandatory field: subject
kaminski-v/discussion_threads/693. | Missing mandatory field: to_addresses
kaminski-v/discussion_threads/698. | Missing mandatory field: to_addresses
kaminski-v/discussion_threads/7. | Missing mandatory field: subject
kaminski-v/discussion_threads/70. | Missing mandatory field: body
kaminski-v/discussion_threads/704. | Missing mandatory field: subject
kaminski-v/discussion_threads/707. | Missing mandatory field: subject
kaminski-v/discussion_threads/709. | Missing mandatory field: to_addresses
kaminski-v/discussion_threads/71. | Missing mandatory field: body
kaminski-v/discussion_threads/714. | Missing mandatory field: body
kaminski-v/discussion_threads/72. | Missing mandatory field: subject
kaminski-v/discussion_threads/721. | Missing mandatory field: subject
kaminski-v/discussion_threads/724. | Missing mandatory field: body
kaminski-v/discussion_threads/726. | Missing mandatory field: body
kaminski-v/discussion_threads/727. | Missing mandatory field: body
kaminski-v/discussion_threads/73. | Missing mandatory field: subject
kaminski-v/discussion_threads/731. | Missing mandatory field: subject
kaminski-v/discussion_threads/734. | Missing mandatory field: body
kaminski-v/discussion_threads/736. | Missing mandatory field: subject
kaminski-v/discussion_threads/74. | Missing mandatory field: subject
kaminski-v/discussion_threads/743. | Missing mandatory field: body
kaminski-v/discussion_threads/747. | Missing mandatory field: subject
kaminski-v/discussion_threads/75. | Missing mandatory field: subject
kaminski-v/discussion_threads/750. | Missing mandatory field: subject
kaminski-v/discussion_threads/7505. | Missing mandatory field: body
kaminski-v/discussion_threads/751. | Missing mandatory field: body
kaminski-v/discussion_threads/7576. | Missing mandatory field: subject
kaminski-v/discussion_threads/7590. | Missing mandatory field: to_addresses
kaminski-v/discussion_threads/7591. | Missing mandatory field: to_addresses
kaminski-v/discussion_threads/76. | Missing mandatory field: body
kaminski-v/discussion_threads/761. | Missing mandatory field: to_addresses
kaminski-v/discussion_threads/7643. | Missing mandatory field: body
kaminski-v/discussion_threads/7659. | Missing mandatory field: to_addresses
kaminski-v/discussion_threads/7664. | Missing mandatory field: body
kaminski-v/discussion_threads/7679. | Missing mandatory field: to_addresses
kaminski-v/discussion_threads/768. | Missing mandatory field: subject
kaminski-v/discussion_threads/7724. | Missing mandatory field: body
kaminski-v/discussion_threads/775. | Missing mandatory field: body
kaminski-v/discussion_threads/7782. | Missing mandatory field: to_addresses
kaminski-v/discussion_threads/780. | Missing mandatory field: body
kaminski-v/discussion_threads/7810. | Missing mandatory field: to_addresses
kaminski-v/discussion_threads/7811. | Missing mandatory field: to_addresses
kaminski-v/discussion_threads/7813. | Missing mandatory field: to_addresses
kaminski-v/discussion_threads/783. | Missing mandatory field: body
kaminski-v/discussion_threads/785. | Missing mandatory field: body
kaminski-v/discussion_threads/7850. | Missing mandatory field: body
kaminski-v/discussion_threads/7855. | Missing mandatory field: body
kaminski-v/discussion_threads/7864. | Missing mandatory field: body
kaminski-v/discussion_threads/7869. | Missing mandatory field: body
kaminski-v/discussion_threads/7874. | Missing mandatory field: to_addresses
kaminski-v/discussion_threads/7879. | Missing mandatory field: to_addresses
kaminski-v/discussion_threads/790. | Missing mandatory field: body
kaminski-v/discussion_threads/791. | Missing mandatory field: body
kaminski-v/discussion_threads/7946. | Missing mandatory field: to_addresses
kaminski-v/discussion_threads/7968. | Missing mandatory field: to_addresses
kaminski-v/discussion_threads/7980. | Missing mandatory field: to_addresses
kaminski-v/discussion_threads/799. | Missing mandatory field: body
kaminski-v/discussion_threads/8. | Missing mandatory field: body
kaminski-v/discussion_threads/8034. | Missing mandatory field: body
kaminski-v/discussion_threads/8043. | Missing mandatory field: to_addresses
kaminski-v/discussion_threads/8068. | Missing mandatory field: to_addresses
kaminski-v/discussion_threads/8102. | Missing mandatory field: to_addresses
kaminski-v/discussion_threads/8111. | Missing mandatory field: to_addresses
kaminski-v/discussion_threads/8119. | Missing mandatory field: to_addresses
kaminski-v/discussion_threads/8138. | Missing mandatory field: to_addresses
kaminski-v/discussion_threads/8154. | Missing mandatory field: body
kaminski-v/discussion_threads/8168. | Missing mandatory field: body
kaminski-v/discussion_threads/8172. | Missing mandatory field: body
kaminski-v/discussion_threads/818. | Missing mandatory field: body
kaminski-v/discussion_threads/8185. | Missing mandatory field: to_addresses
kaminski-v/discussion_threads/8195. | Missing mandatory field: body
kaminski-v/discussion_threads/8197. | Missing mandatory field: body
kaminski-v/discussion_threads/822. | Missing mandatory field: to_addresses
kaminski-v/discussion_threads/825. | Missing mandatory field: body
kaminski-v/discussion_threads/827. | Missing mandatory field: body
kaminski-v/discussion_threads/828. | Missing mandatory field: body
kaminski-v/discussion_threads/829. | Missing mandatory field: body
kaminski-v/discussion_threads/836. | Missing mandatory field: to_addresses
kaminski-v/discussion_threads/837. | Missing mandatory field: subject
kaminski-v/discussion_threads/838. | Missing mandatory field: subject
kaminski-v/discussion_threads/839. | Missing mandatory field: body
kaminski-v/discussion_threads/840. | Missing mandatory field: body
kaminski-v/discussion_threads/842. | Missing mandatory field: body
kaminski-v/discussion_threads/85. | Missing mandatory field: body
kaminski-v/discussion_threads/855. | Missing mandatory field: subject
kaminski-v/discussion_threads/858. | Missing mandatory field: to_addresses
kaminski-v/discussion_threads/86. | Missing mandatory field: body
kaminski-v/discussion_threads/860. | Missing mandatory field: subject
kaminski-v/discussion_threads/869. | Missing mandatory field: body
kaminski-v/discussion_threads/87. | Missing mandatory field: body
kaminski-v/discussion_threads/874. | Missing mandatory field: subject
kaminski-v/discussion_threads/878. | Missing mandatory field: body
kaminski-v/discussion_threads/88. | Missing mandatory field: body
kaminski-v/discussion_threads/886. | Missing mandatory field: subject
kaminski-v/discussion_threads/894. | Missing mandatory field: body
kaminski-v/discussion_threads/907. | Missing mandatory field: to_addresses
kaminski-v/discussion_threads/908. | Missing mandatory field: to_addresses
kaminski-v/discussion_threads/909. | Missing mandatory field: body
kaminski-v/discussion_threads/910. | Missing mandatory field: subject
kaminski-v/discussion_threads/913. | Missing mandatory field: body
kaminski-v/discussion_threads/914. | Missing mandatory field: body
kaminski-v/discussion_threads/916. | Missing mandatory field: body
kaminski-v/discussion_threads/917. | Missing mandatory field: to_addresses
kaminski-v/discussion_threads/918. | Missing mandatory field: to_addresses
kaminski-v/discussion_threads/920. | Missing mandatory field: to_addresses
kaminski-v/discussion_threads/922. | Missing mandatory field: body
kaminski-v/discussion_threads/924. | Missing mandatory field: body
kaminski-v/discussion_threads/927. | Missing mandatory field: body
kaminski-v/discussion_threads/928. | Missing mandatory field: body
kaminski-v/discussion_threads/929. | Missing mandatory field: body
kaminski-v/discussion_threads/936. | Missing mandatory field: body
kaminski-v/discussion_threads/938. | Missing mandatory field: body
kaminski-v/discussion_threads/94. | Missing mandatory field: subject
kaminski-v/discussion_threads/940. | Missing mandatory field: body
kaminski-v/discussion_threads/941. | Missing mandatory field: body
kaminski-v/discussion_threads/942. | Missing mandatory field: body
kaminski-v/discussion_threads/943. | Missing mandatory field: body
kaminski-v/discussion_threads/944. | Missing mandatory field: body
kaminski-v/discussion_threads/945. | Missing mandatory field: body
kaminski-v/discussion_threads/950. | Missing mandatory field: subject
kaminski-v/discussion_threads/951. | Missing mandatory field: body
kaminski-v/discussion_threads/952. | Missing mandatory field: body
kaminski-v/discussion_threads/954. | Missing mandatory field: body
kaminski-v/discussion_threads/955. | Missing mandatory field: body
kaminski-v/discussion_threads/957. | Missing mandatory field: body
kaminski-v/discussion_threads/959. | Missing mandatory field: body
kaminski-v/discussion_threads/960. | Missing mandatory field: body
kaminski-v/discussion_threads/962. | Missing mandatory field: body
kaminski-v/discussion_threads/966. | Missing mandatory field: body
kaminski-v/discussion_threads/968. | Missing mandatory field: body
kaminski-v/discussion_threads/969. | Missing mandatory field: body
kaminski-v/discussion_threads/970. | Missing mandatory field: body
kaminski-v/discussion_threads/971. | Missing mandatory field: body
kaminski-v/discussion_threads/972. | Missing mandatory field: body
kaminski-v/discussion_threads/974. | Missing mandatory field: body
kaminski-v/discussion_threads/976. | Missing mandatory field: body
kaminski-v/discussion_threads/977. | Missing mandatory field: body
kaminski-v/discussion_threads/978. | Missing mandatory field: body
kaminski-v/discussion_threads/979. | Missing mandatory field: subject
kaminski-v/discussion_threads/980. | Missing mandatory field: body
kaminski-v/discussion_threads/985. | Missing mandatory field: body
kaminski-v/eci/eci/4. | Missing mandatory field: body
kaminski-v/eci/eci/7. | Missing mandatory field: body
kaminski-v/ees/13. | Missing mandatory field: subject
kaminski-v/ees/18. | Missing mandatory field: to_addresses
kaminski-v/ei/10. | Missing mandatory field: to_addresses
kaminski-v/ei/12. | Missing mandatory field: to_addresses
kaminski-v/ei/13. | Missing mandatory field: to_addresses
kaminski-v/ei/14. | Missing mandatory field: to_addresses
kaminski-v/ei/15. | Missing mandatory field: to_addresses
kaminski-v/ei/16. | Missing mandatory field: to_addresses
kaminski-v/ei/17. | Missing mandatory field: to_addresses
kaminski-v/ei/18. | Missing mandatory field: to_addresses
kaminski-v/ei/20. | Missing mandatory field: to_addresses
kaminski-v/ei/23. | Missing mandatory field: to_addresses
kaminski-v/ei/25. | Missing mandatory field: to_addresses
kaminski-v/ei/27. | Missing mandatory field: to_addresses
kaminski-v/ei/28. | Missing mandatory field: to_addresses
kaminski-v/ei/30. | Missing mandatory field: to_addresses
kaminski-v/ei/34. | Missing mandatory field: to_addresses
kaminski-v/ei/59. | Missing mandatory field: to_addresses
kaminski-v/ei/60. | Missing mandatory field: to_addresses
kaminski-v/ei/62. | Missing mandatory field: to_addresses
kaminski-v/ei/64. | Missing mandatory field: to_addresses
kaminski-v/ei/9. | Missing mandatory field: to_addresses
kaminski-v/evaluation/36. | Missing mandatory field: to_addresses
kaminski-v/gpg/11. | Missing mandatory field: subject
kaminski-v/inbox/103. | Missing mandatory field: to_addresses
kaminski-v/inbox/110. | Missing mandatory field: to_addresses
kaminski-v/inbox/116. | Missing mandatory field: body
kaminski-v/inbox/130. | Missing mandatory field: to_addresses
kaminski-v/inbox/134. | Missing mandatory field: to_addresses
kaminski-v/inbox/136. | Missing mandatory field: to_addresses
kaminski-v/inbox/170. | Missing mandatory field: subject
kaminski-v/inbox/171. | Missing mandatory field: subject
kaminski-v/inbox/172. | Missing mandatory field: subject
kaminski-v/inbox/174. | Missing mandatory field: subject
kaminski-v/inbox/175. | Missing mandatory field: subject
kaminski-v/inbox/21. | Missing mandatory field: to_addresses
kaminski-v/inbox/236. | Missing mandatory field: to_addresses
kaminski-v/inbox/237. | Missing mandatory field: to_addresses
kaminski-v/inbox/239. | Missing mandatory field: to_addresses
kaminski-v/inbox/24. | Missing mandatory field: to_addresses
kaminski-v/inbox/240. | Missing mandatory field: to_addresses
kaminski-v/inbox/267. | Missing mandatory field: to_addresses
kaminski-v/inbox/287. | Missing mandatory field: to_addresses
kaminski-v/inbox/31. | Missing mandatory field: to_addresses
kaminski-v/inbox/333. | Missing mandatory field: to_addresses
kaminski-v/inbox/336. | Missing mandatory field: to_addresses
kaminski-v/inbox/34. | Missing mandatory field: to_addresses
kaminski-v/inbox/394. | Missing mandatory field: body
kaminski-v/inbox/395. | Missing mandatory field: to_addresses
kaminski-v/inbox/398. | Missing mandatory field: to_addresses
kaminski-v/inbox/405. | Missing mandatory field: to_addresses
kaminski-v/inbox/413. | Missing mandatory field: to_addresses
kaminski-v/inbox/417. | Missing mandatory field: to_addresses
kaminski-v/inbox/426. | Missing mandatory field: body
kaminski-v/inbox/442. | Missing mandatory field: body
kaminski-v/inbox/446. | Missing mandatory field: body
kaminski-v/inbox/453. | Missing mandatory field: to_addresses
kaminski-v/inbox/456. | Missing mandatory field: to_addresses
kaminski-v/inbox/480. | Missing mandatory field: subject
kaminski-v/inbox/494. | Missing mandatory field: body
kaminski-v/inbox/496. | Missing mandatory field: to_addresses
kaminski-v/inbox/498. | Missing mandatory field: subject
kaminski-v/inbox/593. | Missing mandatory field: body
kaminski-v/inbox/604. | Missing mandatory field: body
kaminski-v/inbox/625. | Missing mandatory field: to_addresses
kaminski-v/inbox/638. | Missing mandatory field: subject
kaminski-v/inbox/643. | Missing mandatory field: to_addresses
kaminski-v/inbox/646. | Missing mandatory field: subject
kaminski-v/inbox/658. | Missing mandatory field: to_addresses
kaminski-v/inbox/660. | Missing mandatory field: to_addresses
kaminski-v/inbox/666. | Missing mandatory field: subject
kaminski-v/inbox/681. | Missing mandatory field: to_addresses
kaminski-v/inbox/683. | Missing mandatory field: to_addresses
kaminski-v/inbox/690. | Missing mandatory field: to_addresses
kaminski-v/inbox/692. | Missing mandatory field: to_addresses
kaminski-v/inbox/7. | Missing mandatory field: to_addresses
kaminski-v/inbox/704. | Missing mandatory field: to_addresses
kaminski-v/inbox/754. | Missing mandatory field: subject
kaminski-v/inbox/77. | Missing mandatory field: to_addresses
kaminski-v/inbox/775. | Missing mandatory field: to_addresses
kaminski-v/london/23. | Missing mandatory field: body
kaminski-v/london/251. | Missing mandatory field: body
kaminski-v/london/252. | Missing mandatory field: body
kaminski-v/london/253. | Missing mandatory field: body
kaminski-v/london/268. | Missing mandatory field: body
kaminski-v/london/269. | Missing mandatory field: to_addresses
kaminski-v/london/270. | Missing mandatory field: to_addresses
kaminski-v/london/274. | Missing mandatory field: to_addresses
kaminski-v/london/275. | Missing mandatory field: to_addresses
kaminski-v/london/276. | Missing mandatory field: to_addresses
kaminski-v/london/277. | Missing mandatory field: to_addresses
kaminski-v/london/280. | Missing mandatory field: to_addresses
kaminski-v/london/47. | Missing mandatory field: body
kaminski-v/london/81. | Missing mandatory field: to_addresses
kaminski-v/notes_inbox/113. | Missing mandatory field: to_addresses
kaminski-v/notes_inbox/115. | Missing mandatory field: body
kaminski-v/notes_inbox/125. | Missing mandatory field: to_addresses
kaminski-v/notes_inbox/140. | Missing mandatory field: to_addresses
kaminski-v/notes_inbox/143. | Missing mandatory field: to_addresses
kaminski-v/notes_inbox/147. | Missing mandatory field: body
kaminski-v/notes_inbox/148. | Missing mandatory field: to_addresses
kaminski-v/notes_inbox/161. | Missing mandatory field: to_addresses
kaminski-v/notes_inbox/166. | Missing mandatory field: to_addresses
kaminski-v/notes_inbox/169. | Missing mandatory field: body
kaminski-v/notes_inbox/171. | Missing mandatory field: body
kaminski-v/notes_inbox/173. | Missing mandatory field: body
kaminski-v/notes_inbox/174. | Missing mandatory field: body
kaminski-v/notes_inbox/177. | Missing mandatory field: to_addresses
kaminski-v/notes_inbox/178. | Missing mandatory field: to_addresses
kaminski-v/notes_inbox/179. | Missing mandatory field: to_addresses
kaminski-v/notes_inbox/184. | Missing mandatory field: to_addresses
kaminski-v/notes_inbox/190. | Missing mandatory field: body
kaminski-v/notes_inbox/200. | Missing mandatory field: to_addresses
kaminski-v/notes_inbox/203. | Missing mandatory field: to_addresses
kaminski-v/notes_inbox/208. | Missing mandatory field: body
kaminski-v/notes_inbox/221. | Missing mandatory field: to_addresses
kaminski-v/notes_inbox/222. | Missing mandatory field: to_addresses
kaminski-v/notes_inbox/225. | Missing mandatory field: subject
kaminski-v/notes_inbox/29. | Missing mandatory field: to_addresses
kaminski-v/notes_inbox/34. | Missing mandatory field: body
kaminski-v/notes_inbox/35. | Missing mandatory field: body
kaminski-v/notes_inbox/44. | Missing mandatory field: to_addresses
kaminski-v/notes_inbox/49. | Missing mandatory field: to_addresses
kaminski-v/notes_inbox/52. | Missing mandatory field: to_addresses
kaminski-v/notes_inbox/66. | Missing mandatory field: to_addresses
kaminski-v/notes_inbox/73. | Missing mandatory field: to_addresses
kaminski-v/notes_inbox/82. | Missing mandatory field: to_addresses
kaminski-v/notes_inbox/88. | Missing mandatory field: to_addresses
kaminski-v/notes_inbox/95. | Missing mandatory field: to_addresses
kaminski-v/personal/102. | Missing mandatory field: body
kaminski-v/personal/113. | Missing mandatory field: subject
kaminski-v/personal/12. | Missing mandatory field: subject
kaminski-v/personal/145. | Missing mandatory field: body
kaminski-v/personal/146. | Missing mandatory field: subject
kaminski-v/personal/176. | Missing mandatory field: subject
kaminski-v/personal/177. | Missing mandatory field: body
kaminski-v/personal/180. | Missing mandatory field: subject
kaminski-v/personal/252. | Missing mandatory field: subject
kaminski-v/personal/254. | Missing mandatory field: to_addresses
kaminski-v/personal/285. | Missing mandatory field: to_addresses
kaminski-v/personal/309. | Missing mandatory field: subject
kaminski-v/personal/315. | Missing mandatory field: subject
kaminski-v/personal/320. | Missing mandatory field: subject
kaminski-v/personal/344. | Missing mandatory field: subject
kaminski-v/personal/350. | Missing mandatory field: to_addresses
kaminski-v/personal/358. | Missing mandatory field: to_addresses
kaminski-v/personal/436. | Missing mandatory field: to_addresses
kaminski-v/personal/7. | Missing mandatory field: subject
kaminski-v/personal/76. | Missing mandatory field: subject
kaminski-v/personal/86. | Missing mandatory field: body
kaminski-v/personal/93. | Missing mandatory field: subject
kaminski-v/presentations/6. | Missing mandatory field: subject
kaminski-v/resumes/188. | Missing mandatory field: body
kaminski-v/resumes/237. | Missing mandatory field: body
kaminski-v/resumes/270. | Missing mandatory field: to_addresses
kaminski-v/resumes/335. | Missing mandatory field: to_addresses
kaminski-v/resumes/357. | Missing mandatory field: to_addresses
kaminski-v/resumes/382. | Missing mandatory field: to_addresses
kaminski-v/resumes/383. | Missing mandatory field: to_addresses
kaminski-v/resumes/455. | Missing mandatory field: to_addresses
kaminski-v/resumes/468. | Missing mandatory field: subject
kaminski-v/resumes/475. | Missing mandatory field: body
kaminski-v/resumes/479. | Missing mandatory field: body
kaminski-v/resumes/693. | Missing mandatory field: subject
kaminski-v/resumes/723. | Missing mandatory field: subject
kaminski-v/resumes/724. | Missing mandatory field: subject
kaminski-v/resumes/742. | Missing mandatory field: to_addresses
kaminski-v/resumes/745. | Missing mandatory field: to_addresses
kaminski-v/resumes/747. | Missing mandatory field: body
kaminski-v/resumes/781. | Missing mandatory field: body
kaminski-v/resumes/786. | Missing mandatory field: to_addresses
kaminski-v/resumes/787. | Missing mandatory field: subject
kaminski-v/resumes/797. | Missing mandatory field: to_addresses
kaminski-v/rice/136. | Missing mandatory field: body
kaminski-v/rice/141. | Missing mandatory field: body
kaminski-v/rice/149. | Missing mandatory field: to_addresses
kaminski-v/rice/155. | Missing mandatory field: to_addresses
kaminski-v/rice/167. | Missing mandatory field: to_addresses
kaminski-v/rice/168. | Missing mandatory field: body
kaminski-v/rice/181. | Missing mandatory field: subject
kaminski-v/rice/186. | Missing mandatory field: to_addresses
kaminski-v/rice/200. | Missing mandatory field: subject
kaminski-v/rice/204. | Missing mandatory field: subject
kaminski-v/rice/216. | Missing mandatory field: to_addresses
kaminski-v/rice/220. | Missing mandatory field: to_addresses
kaminski-v/rice/221. | Missing mandatory field: to_addresses
kaminski-v/rice/222. | Missing mandatory field: to_addresses
kaminski-v/rice/223. | Missing mandatory field: to_addresses
kaminski-v/rice/226. | Missing mandatory field: to_addresses
kaminski-v/rice/256. | Missing mandatory field: body
kaminski-v/rice/26. | Missing mandatory field: body
kaminski-v/rice/31. | Missing mandatory field: body
kaminski-v/rice/35. | Missing mandatory field: to_addresses
kaminski-v/rice/39. | Missing mandatory field: to_addresses
kaminski-v/rice/45. | Missing mandatory field: to_addresses
kaminski-v/risk/26. | Missing mandatory field: body
kaminski-v/risk/28. | Missing mandatory field: body
kaminski-v/risk/29. | Missing mandatory field: subject
kaminski-v/sent/10. | Missing mandatory field: body
kaminski-v/sent/100. | Missing mandatory field: subject
kaminski-v/sent/1000. | Missing mandatory field: body
kaminski-v/sent/1002. | Missing mandatory field: body
kaminski-v/sent/1005. | Missing mandatory field: body
kaminski-v/sent/1009. | Missing mandatory field: body
kaminski-v/sent/1010. | Missing mandatory field: body
kaminski-v/sent/1011. | Missing mandatory field: body
kaminski-v/sent/1013. | Missing mandatory field: body
kaminski-v/sent/1019. | Missing mandatory field: body
kaminski-v/sent/1023. | Missing mandatory field: body
kaminski-v/sent/1026. | Missing mandatory field: body
kaminski-v/sent/1027. | Missing mandatory field: body
kaminski-v/sent/1029. | Missing mandatory field: body
kaminski-v/sent/1031. | Missing mandatory field: body
kaminski-v/sent/1045. | Missing mandatory field: body
kaminski-v/sent/1046. | Missing mandatory field: body
kaminski-v/sent/1047. | Missing mandatory field: subject
kaminski-v/sent/1049. | Missing mandatory field: body
kaminski-v/sent/1055. | Missing mandatory field: body
kaminski-v/sent/106. | Missing mandatory field: body
kaminski-v/sent/1060. | Missing mandatory field: body
kaminski-v/sent/1062. | Missing mandatory field: body
kaminski-v/sent/1063. | Missing mandatory field: body
kaminski-v/sent/1064. | Missing mandatory field: body
kaminski-v/sent/1065. | Missing mandatory field: body
kaminski-v/sent/1068. | Missing mandatory field: subject
kaminski-v/sent/107. | Missing mandatory field: body
kaminski-v/sent/1070. | Missing mandatory field: body
kaminski-v/sent/1075. | Missing mandatory field: body
kaminski-v/sent/108. | Missing mandatory field: body
kaminski-v/sent/1086. | Missing mandatory field: body
kaminski-v/sent/1089. | Missing mandatory field: subject
kaminski-v/sent/109. | Missing mandatory field: body
kaminski-v/sent/1090. | Missing mandatory field: body
kaminski-v/sent/1091. | Missing mandatory field: body
kaminski-v/sent/11. | Missing mandatory field: body
kaminski-v/sent/110. | Missing mandatory field: subject
kaminski-v/sent/1100. | Missing mandatory field: subject
kaminski-v/sent/111. | Missing mandatory field: body
kaminski-v/sent/1112. | Missing mandatory field: body
kaminski-v/sent/1119. | Missing mandatory field: subject
kaminski-v/sent/112. | Missing mandatory field: body
kaminski-v/sent/1121. | Missing mandatory field: subject
kaminski-v/sent/1122. | Missing mandatory field: body
kaminski-v/sent/1128. | Missing mandatory field: body
kaminski-v/sent/1130. | Missing mandatory field: body
kaminski-v/sent/1131. | Missing mandatory field: body
kaminski-v/sent/1132. | Missing mandatory field: body
kaminski-v/sent/1133. | Missing mandatory field: body
kaminski-v/sent/1135. | Missing mandatory field: body
kaminski-v/sent/1137. | Missing mandatory field: body
kaminski-v/sent/1139. | Missing mandatory field: body
kaminski-v/sent/114. | Missing mandatory field: body
kaminski-v/sent/1140. | Missing mandatory field: body
kaminski-v/sent/1141. | Missing mandatory field: body
kaminski-v/sent/1145. | Missing mandatory field: body
kaminski-v/sent/1147. | Missing mandatory field: body
kaminski-v/sent/1148. | Missing mandatory field: body
kaminski-v/sent/1149. | Missing mandatory field: body
kaminski-v/sent/1150. | Missing mandatory field: body
kaminski-v/sent/1151. | Missing mandatory field: body
kaminski-v/sent/1152. | Missing mandatory field: body
kaminski-v/sent/1153. | Missing mandatory field: body
kaminski-v/sent/1155. | Missing mandatory field: body
kaminski-v/sent/1156. | Missing mandatory field: body
kaminski-v/sent/1157. | Missing mandatory field: body
kaminski-v/sent/1158. | Missing mandatory field: body
kaminski-v/sent/1159. | Missing mandatory field: body
kaminski-v/sent/1160. | Missing mandatory field: body
kaminski-v/sent/1162. | Missing mandatory field: body
kaminski-v/sent/1167. | Missing mandatory field: body
kaminski-v/sent/1168. | Missing mandatory field: body
kaminski-v/sent/1169. | Missing mandatory field: body
kaminski-v/sent/1171. | Missing mandatory field: body
kaminski-v/sent/1172. | Missing mandatory field: body
kaminski-v/sent/1173. | Missing mandatory field: body
kaminski-v/sent/1177. | Missing mandatory field: body
kaminski-v/sent/1178. | Missing mandatory field: body
kaminski-v/sent/1180. | Missing mandatory field: body
kaminski-v/sent/1181. | Missing mandatory field: body
kaminski-v/sent/1182. | Missing mandatory field: body
kaminski-v/sent/1183. | Missing mandatory field: body
kaminski-v/sent/1184. | Missing mandatory field: subject
kaminski-v/sent/1188. | Missing mandatory field: body
kaminski-v/sent/1189. | Missing mandatory field: body
kaminski-v/sent/1190. | Missing mandatory field: body
kaminski-v/sent/1200. | Missing mandatory field: body
kaminski-v/sent/1203. | Missing mandatory field: subject
kaminski-v/sent/1207. | Missing mandatory field: subject
kaminski-v/sent/121. | Missing mandatory field: body
kaminski-v/sent/1211. | Missing mandatory field: body
kaminski-v/sent/1213. | Missing mandatory field: body
kaminski-v/sent/1214. | Missing mandatory field: body
kaminski-v/sent/1215. | Missing mandatory field: body
kaminski-v/sent/1216. | Missing mandatory field: body
kaminski-v/sent/1217. | Missing mandatory field: body
kaminski-v/sent/1218. | Missing mandatory field: body
kaminski-v/sent/1219. | Missing mandatory field: body
kaminski-v/sent/1220. | Missing mandatory field: body
kaminski-v/sent/1221. | Missing mandatory field: body
kaminski-v/sent/1222. | Missing mandatory field: body
kaminski-v/sent/1223. | Missing mandatory field: body
kaminski-v/sent/1224. | Missing mandatory field: body
kaminski-v/sent/123. | Missing mandatory field: body
kaminski-v/sent/1234. | Missing mandatory field: body
kaminski-v/sent/1235. | Missing mandatory field: body
kaminski-v/sent/1237. | Missing mandatory field: body
kaminski-v/sent/1244. | Missing mandatory field: body
kaminski-v/sent/1247. | Missing mandatory field: body
kaminski-v/sent/1248. | Missing mandatory field: body
kaminski-v/sent/125. | Missing mandatory field: body
kaminski-v/sent/1253. | Missing mandatory field: body
kaminski-v/sent/1255. | Missing mandatory field: subject
kaminski-v/sent/1256. | Missing mandatory field: subject
kaminski-v/sent/1257. | Missing mandatory field: subject
kaminski-v/sent/1258. | Missing mandatory field: subject
kaminski-v/sent/1259. | Missing mandatory field: body
kaminski-v/sent/126. | Missing mandatory field: body
kaminski-v/sent/1260. | Missing mandatory field: subject
kaminski-v/sent/1262. | Missing mandatory field: body
kaminski-v/sent/1273. | Missing mandatory field: subject
kaminski-v/sent/1275. | Missing mandatory field: body
kaminski-v/sent/1283. | Missing mandatory field: body
kaminski-v/sent/1285. | Missing mandatory field: body
kaminski-v/sent/1286. | Missing mandatory field: body
kaminski-v/sent/1289. | Missing mandatory field: body
kaminski-v/sent/1290. | Missing mandatory field: body
kaminski-v/sent/1294. | Missing mandatory field: body
kaminski-v/sent/131. | Missing mandatory field: body
kaminski-v/sent/1315. | Missing mandatory field: subject
kaminski-v/sent/1316. | Missing mandatory field: body
kaminski-v/sent/1317. | Missing mandatory field: body
kaminski-v/sent/1319. | Missing mandatory field: to_addresses
kaminski-v/sent/1321. | Missing mandatory field: subject
kaminski-v/sent/1326. | Missing mandatory field: body
kaminski-v/sent/1327. | Missing mandatory field: body
kaminski-v/sent/1328. | Missing mandatory field: body
kaminski-v/sent/1329. | Missing mandatory field: body
kaminski-v/sent/1330. | Missing mandatory field: body
kaminski-v/sent/1331. | Missing mandatory field: body
kaminski-v/sent/1333. | Missing mandatory field: subject
kaminski-v/sent/1334. | Missing mandatory field: body
kaminski-v/sent/1335. | Missing mandatory field: body
kaminski-v/sent/1337. | Missing mandatory field: body
kaminski-v/sent/1340. | Missing mandatory field: body
kaminski-v/sent/1341. | Missing mandatory field: subject
kaminski-v/sent/1343. | Missing mandatory field: body
kaminski-v/sent/1349. | Missing mandatory field: body
kaminski-v/sent/1350. | Missing mandatory field: body
kaminski-v/sent/1358. | Missing mandatory field: body
kaminski-v/sent/1360. | Missing mandatory field: body
kaminski-v/sent/1363. | Missing mandatory field: body
kaminski-v/sent/1364. | Missing mandatory field: body
kaminski-v/sent/1365. | Missing mandatory field: subject
kaminski-v/sent/1373. | Missing mandatory field: body
kaminski-v/sent/1381. | Missing mandatory field: body
kaminski-v/sent/1382. | Missing mandatory field: subject
kaminski-v/sent/1387. | Missing mandatory field: body
kaminski-v/sent/1394. | Missing mandatory field: body
kaminski-v/sent/1395. | Missing mandatory field: body
kaminski-v/sent/1396. | Missing mandatory field: body
kaminski-v/sent/1397. | Missing mandatory field: body
kaminski-v/sent/1399. | Missing mandatory field: body
kaminski-v/sent/1401. | Missing mandatory field: body
kaminski-v/sent/1402. | Missing mandatory field: body
kaminski-v/sent/1403. | Missing mandatory field: body
kaminski-v/sent/1404. | Missing mandatory field: body
kaminski-v/sent/1407. | Missing mandatory field: body
kaminski-v/sent/1419. | Missing mandatory field: body
kaminski-v/sent/1420. | Missing mandatory field: body
kaminski-v/sent/1423. | Missing mandatory field: body
kaminski-v/sent/1424. | Missing mandatory field: body
kaminski-v/sent/1425. | Missing mandatory field: body
kaminski-v/sent/1428. | Missing mandatory field: body
kaminski-v/sent/143. | Missing mandatory field: body
kaminski-v/sent/1439. | Missing mandatory field: body
kaminski-v/sent/1440. | Missing mandatory field: body
kaminski-v/sent/1458. | Missing mandatory field: subject
kaminski-v/sent/1459. | Missing mandatory field: body
kaminski-v/sent/1460. | Missing mandatory field: body
kaminski-v/sent/1464. | Missing mandatory field: body
kaminski-v/sent/1468. | Missing mandatory field: body
kaminski-v/sent/1469. | Missing mandatory field: body
kaminski-v/sent/147. | Missing mandatory field: body
kaminski-v/sent/1470. | Missing mandatory field: body
kaminski-v/sent/1471. | Missing mandatory field: body
kaminski-v/sent/1472. | Missing mandatory field: body
kaminski-v/sent/1473. | Missing mandatory field: body
kaminski-v/sent/1474. | Missing mandatory field: body
kaminski-v/sent/1475. | Missing mandatory field: body
kaminski-v/sent/1476. | Missing mandatory field: body
kaminski-v/sent/1477. | Missing mandatory field: body
kaminski-v/sent/1478. | Missing mandatory field: body
kaminski-v/sent/1479. | Missing mandatory field: body
kaminski-v/sent/1480. | Missing mandatory field: subject
kaminski-v/sent/1481. | Missing mandatory field: body
kaminski-v/sent/1482. | Missing mandatory field: body
kaminski-v/sent/1484. | Missing mandatory field: body
kaminski-v/sent/1485. | Missing mandatory field: body
kaminski-v/sent/1486. | Missing mandatory field: body
kaminski-v/sent/1487. | Missing mandatory field: body
kaminski-v/sent/1491. | Missing mandatory field: body
kaminski-v/sent/1492. | Missing mandatory field: body
kaminski-v/sent/1493. | Missing mandatory field: subject
kaminski-v/sent/1496. | Missing mandatory field: body
kaminski-v/sent/1503. | Missing mandatory field: body
kaminski-v/sent/1506. | Missing mandatory field: subject
kaminski-v/sent/1511. | Missing mandatory field: body
kaminski-v/sent/1512. | Missing mandatory field: body
kaminski-v/sent/1515. | Missing mandatory field: subject
kaminski-v/sent/1516. | Missing mandatory field: body
kaminski-v/sent/1517. | Missing mandatory field: body
kaminski-v/sent/1519. | Missing mandatory field: body
kaminski-v/sent/1520. | Missing mandatory field: subject
kaminski-v/sent/1522. | Missing mandatory field: subject
kaminski-v/sent/1525. | Missing mandatory field: body
kaminski-v/sent/1526. | Missing mandatory field: body
kaminski-v/sent/1527. | Missing mandatory field: body
kaminski-v/sent/1536. | Missing mandatory field: body
kaminski-v/sent/1537. | Missing mandatory field: body
kaminski-v/sent/1549. | Missing mandatory field: subject
kaminski-v/sent/1554. | Missing mandatory field: body
kaminski-v/sent/1555. | Missing mandatory field: body
kaminski-v/sent/1556. | Missing mandatory field: body
kaminski-v/sent/1557. | Missing mandatory field: body
kaminski-v/sent/1561. | Missing mandatory field: body
kaminski-v/sent/1564. | Missing mandatory field: body
kaminski-v/sent/1567. | Missing mandatory field: body
kaminski-v/sent/1570. | Missing mandatory field: subject
kaminski-v/sent/1575. | Missing mandatory field: body
kaminski-v/sent/1577. | Missing mandatory field: body
kaminski-v/sent/1578. | Missing mandatory field: subject
kaminski-v/sent/1584. | Missing mandatory field: subject
kaminski-v/sent/1586. | Missing mandatory field: body
kaminski-v/sent/1592. | Missing mandatory field: body
kaminski-v/sent/1597. | Missing mandatory field: body
kaminski-v/sent/1598. | Missing mandatory field: body
kaminski-v/sent/160. | Missing mandatory field: body
kaminski-v/sent/1602. | Missing mandatory field: body
kaminski-v/sent/1611. | Missing mandatory field: body
kaminski-v/sent/1615. | Missing mandatory field: body
kaminski-v/sent/162. | Missing mandatory field: body
kaminski-v/sent/1623. | Missing mandatory field: body
kaminski-v/sent/163. | Missing mandatory field: body
kaminski-v/sent/1634. | Missing mandatory field: body
kaminski-v/sent/1638. | Missing mandatory field: body
kaminski-v/sent/164. | Missing mandatory field: body
kaminski-v/sent/1643. | Missing mandatory field: body
kaminski-v/sent/1644. | Missing mandatory field: body
kaminski-v/sent/1646. | Missing mandatory field: body
kaminski-v/sent/165. | Missing mandatory field: body
kaminski-v/sent/1650. | Missing mandatory field: body
kaminski-v/sent/1662. | Missing mandatory field: body
kaminski-v/sent/1663. | Missing mandatory field: body
kaminski-v/sent/1664. | Missing mandatory field: body
kaminski-v/sent/1665. | Missing mandatory field: body
kaminski-v/sent/1667. | Missing mandatory field: body
kaminski-v/sent/1668. | Missing mandatory field: body
kaminski-v/sent/1669. | Missing mandatory field: body
kaminski-v/sent/1672. | Missing mandatory field: body
kaminski-v/sent/1675. | Missing mandatory field: body
kaminski-v/sent/1679. | Missing mandatory field: body
kaminski-v/sent/1684. | Missing mandatory field: body
kaminski-v/sent/1685. | Missing mandatory field: body
kaminski-v/sent/1689. | Missing mandatory field: body
kaminski-v/sent/169. | Missing mandatory field: body
kaminski-v/sent/1690. | Missing mandatory field: body
kaminski-v/sent/1691. | Missing mandatory field: body
kaminski-v/sent/170. | Missing mandatory field: body
kaminski-v/sent/1701. | Missing mandatory field: body
kaminski-v/sent/1711. | Missing mandatory field: body
kaminski-v/sent/1714. | Missing mandatory field: body
kaminski-v/sent/1716. | Missing mandatory field: subject
kaminski-v/sent/1720. | Missing mandatory field: subject
kaminski-v/sent/1721. | Missing mandatory field: body
kaminski-v/sent/1722. | Missing mandatory field: body
kaminski-v/sent/1726. | Missing mandatory field: body
kaminski-v/sent/1728. | Missing mandatory field: subject
kaminski-v/sent/1730. | Missing mandatory field: body
kaminski-v/sent/1735. | Missing mandatory field: body
kaminski-v/sent/1736. | Missing mandatory field: body
kaminski-v/sent/1737. | Missing mandatory field: body
kaminski-v/sent/1738. | Missing mandatory field: body
kaminski-v/sent/1739. | Missing mandatory field: body
kaminski-v/sent/1741. | Missing mandatory field: body
kaminski-v/sent/1745. | Missing mandatory field: body
kaminski-v/sent/1746. | Missing mandatory field: body
kaminski-v/sent/1747. | Missing mandatory field: subject
kaminski-v/sent/1749. | Missing mandatory field: subject
kaminski-v/sent/1754. | Missing mandatory field: body
kaminski-v/sent/1756. | Missing mandatory field: body
kaminski-v/sent/1757. | Missing mandatory field: body
kaminski-v/sent/1762. | Missing mandatory field: body
kaminski-v/sent/1764. | Missing mandatory field: body
kaminski-v/sent/1765. | Missing mandatory field: body
kaminski-v/sent/1766. | Missing mandatory field: body
kaminski-v/sent/1767. | Missing mandatory field: body
kaminski-v/sent/1768. | Missing mandatory field: body
kaminski-v/sent/1769. | Missing mandatory field: body
kaminski-v/sent/1770. | Missing mandatory field: body
kaminski-v/sent/1773. | Missing mandatory field: body
kaminski-v/sent/1774. | Missing mandatory field: body
kaminski-v/sent/1776. | Missing mandatory field: body
kaminski-v/sent/1777. | Missing mandatory field: body
kaminski-v/sent/1778. | Missing mandatory field: body
kaminski-v/sent/178. | Missing mandatory field: body
kaminski-v/sent/1784. | Missing mandatory field: body
kaminski-v/sent/1785. | Missing mandatory field: body
kaminski-v/sent/1788. | Missing mandatory field: body
kaminski-v/sent/1789. | Missing mandatory field: body
kaminski-v/sent/179. | Missing mandatory field: body
kaminski-v/sent/1791. | Missing mandatory field: subject
kaminski-v/sent/1792. | Missing mandatory field: body
kaminski-v/sent/1793. | Missing mandatory field: body
kaminski-v/sent/1794. | Missing mandatory field: body
kaminski-v/sent/1795. | Missing mandatory field: body
kaminski-v/sent/1796. | Missing mandatory field: body
kaminski-v/sent/1798. | Missing mandatory field: body
kaminski-v/sent/1799. | Missing mandatory field: body
kaminski-v/sent/18. | Missing mandatory field: body
kaminski-v/sent/180. | Missing mandatory field: body
kaminski-v/sent/1800. | Missing mandatory field: body
kaminski-v/sent/1803. | Missing mandatory field: body
kaminski-v/sent/1809. | Missing mandatory field: body
kaminski-v/sent/181. | Missing mandatory field: body
kaminski-v/sent/1810. | Missing mandatory field: body
kaminski-v/sent/1812. | Missing mandatory field: body
kaminski-v/sent/1813. | Missing mandatory field: body
kaminski-v/sent/1814. | Missing mandatory field: body
kaminski-v/sent/1815. | Missing mandatory field: body
kaminski-v/sent/1819. | Missing mandatory field: body
kaminski-v/sent/182. | Missing mandatory field: body
kaminski-v/sent/1824. | Missing mandatory field: body
kaminski-v/sent/1825. | Missing mandatory field: body
kaminski-v/sent/1827. | Missing mandatory field: body
kaminski-v/sent/1829. | Missing mandatory field: body
kaminski-v/sent/1831. | Missing mandatory field: body
kaminski-v/sent/1833. | Missing mandatory field: body
kaminski-v/sent/1834. | Missing mandatory field: subject
kaminski-v/sent/1838. | Missing mandatory field: body
kaminski-v/sent/1839. | Missing mandatory field: subject
kaminski-v/sent/184. | Missing mandatory field: body
kaminski-v/sent/1840. | Missing mandatory field: body
kaminski-v/sent/1842. | Missing mandatory field: body
kaminski-v/sent/1847. | Missing mandatory field: body
kaminski-v/sent/1848. | Missing mandatory field: body
kaminski-v/sent/1849. | Missing mandatory field: body
kaminski-v/sent/185. | Missing mandatory field: body
kaminski-v/sent/1852. | Missing mandatory field: body
kaminski-v/sent/1853. | Missing mandatory field: body
kaminski-v/sent/1854. | Missing mandatory field: to_addresses
kaminski-v/sent/1855. | Missing mandatory field: subject
kaminski-v/sent/186. | Missing mandatory field: body
kaminski-v/sent/1865. | Missing mandatory field: body
kaminski-v/sent/1866. | Missing mandatory field: body
kaminski-v/sent/1868. | Missing mandatory field: body
kaminski-v/sent/1875. | Missing mandatory field: body
kaminski-v/sent/1876. | Missing mandatory field: body
kaminski-v/sent/1877. | Missing mandatory field: body
kaminski-v/sent/1879. | Missing mandatory field: body
kaminski-v/sent/1880. | Missing mandatory field: body
kaminski-v/sent/1882. | Missing mandatory field: body
kaminski-v/sent/1884. | Missing mandatory field: body
kaminski-v/sent/1885. | Missing mandatory field: subject
kaminski-v/sent/1886. | Missing mandatory field: body
kaminski-v/sent/1887. | Missing mandatory field: body
kaminski-v/sent/1888. | Missing mandatory field: body
kaminski-v/sent/1889. | Missing mandatory field: body
kaminski-v/sent/1891. | Missing mandatory field: subject
kaminski-v/sent/1892. | Missing mandatory field: body
kaminski-v/sent/1894. | Missing mandatory field: body
kaminski-v/sent/1899. | Missing mandatory field: body
kaminski-v/sent/19. | Missing mandatory field: body
kaminski-v/sent/1900. | Missing mandatory field: subject
kaminski-v/sent/1901. | Missing mandatory field: body
kaminski-v/sent/1906. | Missing mandatory field: subject
kaminski-v/sent/1907. | Missing mandatory field: subject
kaminski-v/sent/1911. | Missing mandatory field: body
kaminski-v/sent/1914. | Missing mandatory field: body
kaminski-v/sent/1915. | Missing mandatory field: subject
kaminski-v/sent/1916. | Missing mandatory field: body
kaminski-v/sent/1919. | Missing mandatory field: body
kaminski-v/sent/1921. | Missing mandatory field: subject
kaminski-v/sent/1923. | Missing mandatory field: body
kaminski-v/sent/1925. | Missing mandatory field: subject
kaminski-v/sent/1928. | Missing mandatory field: subject
kaminski-v/sent/1934. | Missing mandatory field: body
kaminski-v/sent/1945. | Missing mandatory field: subject
kaminski-v/sent/1946. | Missing mandatory field: subject
kaminski-v/sent/1952. | Missing mandatory field: subject
kaminski-v/sent/1954. | Missing mandatory field: body
kaminski-v/sent/1966. | Missing mandatory field: subject
kaminski-v/sent/1967. | Missing mandatory field: body
kaminski-v/sent/197. | Missing mandatory field: body
kaminski-v/sent/1973. | Missing mandatory field: body
kaminski-v/sent/1976. | Missing mandatory field: body
kaminski-v/sent/1978. | Missing mandatory field: body
kaminski-v/sent/198. | Missing mandatory field: subject
kaminski-v/sent/1980. | Missing mandatory field: body
kaminski-v/sent/1981. | Missing mandatory field: subject
kaminski-v/sent/1982. | Missing mandatory field: body
kaminski-v/sent/1983. | Missing mandatory field: body
kaminski-v/sent/1984. | Missing mandatory field: subject
kaminski-v/sent/1985. | Missing mandatory field: body
kaminski-v/sent/1986. | Missing mandatory field: body
kaminski-v/sent/1987. | Missing mandatory field: body
kaminski-v/sent/1988. | Missing mandatory field: body
kaminski-v/sent/1989. | Missing mandatory field: body
kaminski-v/sent/1990. | Missing mandatory field: subject
kaminski-v/sent/1993. | Missing mandatory field: body
kaminski-v/sent/1994. | Missing mandatory field: body
kaminski-v/sent/1998. | Missing mandatory field: body
kaminski-v/sent/1999. | Missing mandatory field: body
kaminski-v/sent/20. | Missing mandatory field: body
kaminski-v/sent/2000. | Missing mandatory field: body
kaminski-v/sent/2001. | Missing mandatory field: subject
kaminski-v/sent/2002. | Missing mandatory field: body
kaminski-v/sent/2003. | Missing mandatory field: body
kaminski-v/sent/2004. | Missing mandatory field: body
kaminski-v/sent/2007. | Missing mandatory field: body
kaminski-v/sent/2008. | Missing mandatory field: body
kaminski-v/sent/2009. | Missing mandatory field: body
kaminski-v/sent/201. | Missing mandatory field: body
kaminski-v/sent/2010. | Missing mandatory field: body
kaminski-v/sent/2011. | Missing mandatory field: body
kaminski-v/sent/2012. | Missing mandatory field: body
kaminski-v/sent/2014. | Missing mandatory field: body
kaminski-v/sent/2016. | Missing mandatory field: body
kaminski-v/sent/2018. | Missing mandatory field: body
kaminski-v/sent/2019. | Missing mandatory field: body
kaminski-v/sent/2021. | Missing mandatory field: body
kaminski-v/sent/2022. | Missing mandatory field: body
kaminski-v/sent/2023. | Missing mandatory field: body
kaminski-v/sent/2027. | Missing mandatory field: body
kaminski-v/sent/2028. | Missing mandatory field: body
kaminski-v/sent/2029. | Missing mandatory field: subject
kaminski-v/sent/203. | Missing mandatory field: body
kaminski-v/sent/2030. | Missing mandatory field: body
kaminski-v/sent/2031. | Missing mandatory field: body
kaminski-v/sent/2032. | Missing mandatory field: body
kaminski-v/sent/2033. | Missing mandatory field: body
kaminski-v/sent/2034. | Missing mandatory field: body
kaminski-v/sent/2035. | Missing mandatory field: body
kaminski-v/sent/2037. | Missing mandatory field: body
kaminski-v/sent/2039. | Missing mandatory field: body
kaminski-v/sent/204. | Missing mandatory field: body
kaminski-v/sent/2042. | Missing mandatory field: body
kaminski-v/sent/2043. | Missing mandatory field: body
kaminski-v/sent/2044. | Missing mandatory field: body
kaminski-v/sent/2048. | Missing mandatory field: body
kaminski-v/sent/205. | Missing mandatory field: subject
kaminski-v/sent/2050. | Missing mandatory field: body
kaminski-v/sent/2051. | Missing mandatory field: body
kaminski-v/sent/2053. | Missing mandatory field: body
kaminski-v/sent/206. | Missing mandatory field: body
kaminski-v/sent/2071. | Missing mandatory field: body
kaminski-v/sent/2075. | Missing mandatory field: subject
kaminski-v/sent/2076. | Missing mandatory field: body
kaminski-v/sent/2081. | Missing mandatory field: subject
kaminski-v/sent/2085. | Missing mandatory field: subject
kaminski-v/sent/2093. | Missing mandatory field: body
kaminski-v/sent/2094. | Missing mandatory field: body
kaminski-v/sent/2095. | Missing mandatory field: body
kaminski-v/sent/2096. | Missing mandatory field: subject
kaminski-v/sent/2097. | Missing mandatory field: subject
kaminski-v/sent/2104. | Missing mandatory field: body
kaminski-v/sent/2105. | Missing mandatory field: body
kaminski-v/sent/2106. | Missing mandatory field: body
kaminski-v/sent/2109. | Missing mandatory field: body
kaminski-v/sent/2114. | Missing mandatory field: body
kaminski-v/sent/2125. | Missing mandatory field: body
kaminski-v/sent/2131. | Missing mandatory field: body
kaminski-v/sent/2132. | Missing mandatory field: body
kaminski-v/sent/2135. | Missing mandatory field: body
kaminski-v/sent/2137. | Missing mandatory field: body
kaminski-v/sent/2140. | Missing mandatory field: body
kaminski-v/sent/2142. | Missing mandatory field: body
kaminski-v/sent/215. | Missing mandatory field: body
kaminski-v/sent/2150. | Missing mandatory field: body
kaminski-v/sent/2151. | Missing mandatory field: subject
kaminski-v/sent/2153. | Missing mandatory field: subject
kaminski-v/sent/2156. | Missing mandatory field: body
kaminski-v/sent/2157. | Missing mandatory field: subject
kaminski-v/sent/2158. | Missing mandatory field: body
kaminski-v/sent/216. | Missing mandatory field: body
kaminski-v/sent/2162. | Missing mandatory field: subject
kaminski-v/sent/2165. | Missing mandatory field: body
kaminski-v/sent/2167. | Missing mandatory field: body
kaminski-v/sent/217. | Missing mandatory field: body
kaminski-v/sent/2170. | Missing mandatory field: subject
kaminski-v/sent/2172. | Missing mandatory field: subject
kaminski-v/sent/2179. | Missing mandatory field: subject
kaminski-v/sent/218. | Missing mandatory field: body
kaminski-v/sent/2181. | Missing mandatory field: subject
kaminski-v/sent/2182. | Missing mandatory field: subject
kaminski-v/sent/2183. | Missing mandatory field: body
kaminski-v/sent/2184. | Missing mandatory field: subject
kaminski-v/sent/2191. | Missing mandatory field: body
kaminski-v/sent/220. | Missing mandatory field: body
kaminski-v/sent/2207. | Missing mandatory field: body
kaminski-v/sent/2208. | Missing mandatory field: body
kaminski-v/sent/2209. | Missing mandatory field: body
kaminski-v/sent/2212. | Missing mandatory field: to_addresses
kaminski-v/sent/2213. | Missing mandatory field: subject
kaminski-v/sent/2214. | Missing mandatory field: body
kaminski-v/sent/2217. | Missing mandatory field: body
kaminski-v/sent/2218. | Missing mandatory field: body
kaminski-v/sent/222. | Missing mandatory field: body
kaminski-v/sent/2220. | Missing mandatory field: subject
kaminski-v/sent/2221. | Missing mandatory field: body
kaminski-v/sent/2222. | Missing mandatory field: body
kaminski-v/sent/2223. | Missing mandatory field: subject
kaminski-v/sent/2227. | Missing mandatory field: body
kaminski-v/sent/2228. | Missing mandatory field: body
kaminski-v/sent/223. | Missing mandatory field: body
kaminski-v/sent/2235. | Missing mandatory field: body
kaminski-v/sent/2238. | Missing mandatory field: body
kaminski-v/sent/224. | Missing mandatory field: body
kaminski-v/sent/2242. | Missing mandatory field: subject
kaminski-v/sent/2245. | Missing mandatory field: body
kaminski-v/sent/2246. | Missing mandatory field: body
kaminski-v/sent/225. | Missing mandatory field: body
kaminski-v/sent/226. | Missing mandatory field: body
kaminski-v/sent/2261. | Missing mandatory field: body
kaminski-v/sent/2269. | Missing mandatory field: subject
kaminski-v/sent/227. | Missing mandatory field: body
kaminski-v/sent/228. | Missing mandatory field: body
kaminski-v/sent/229. | Missing mandatory field: body
kaminski-v/sent/2294. | Missing mandatory field: body
kaminski-v/sent/2295. | Missing mandatory field: body
kaminski-v/sent/2296. | Missing mandatory field: subject
kaminski-v/sent/2298. | Missing mandatory field: body
kaminski-v/sent/2305. | Missing mandatory field: body
kaminski-v/sent/2307. | Missing mandatory field: body
kaminski-v/sent/2308. | Missing mandatory field: body
kaminski-v/sent/231. | Missing mandatory field: body
kaminski-v/sent/232. | Missing mandatory field: body
kaminski-v/sent/233. | Missing mandatory field: body
kaminski-v/sent/2331. | Missing mandatory field: body
kaminski-v/sent/2332. | Missing mandatory field: body
kaminski-v/sent/2334. | Missing mandatory field: body
kaminski-v/sent/2335. | Missing mandatory field: body
kaminski-v/sent/2336. | Missing mandatory field: body
kaminski-v/sent/2337. | Missing mandatory field: body
kaminski-v/sent/2339. | Missing mandatory field: body
kaminski-v/sent/234. | Missing mandatory field: body
kaminski-v/sent/2341. | Missing mandatory field: body
kaminski-v/sent/2342. | Missing mandatory field: body
kaminski-v/sent/2346. | Missing mandatory field: subject
kaminski-v/sent/2348. | Missing mandatory field: subject
kaminski-v/sent/2349. | Missing mandatory field: subject
kaminski-v/sent/235. | Missing mandatory field: body
kaminski-v/sent/2350. | Missing mandatory field: body
kaminski-v/sent/2353. | Missing mandatory field: body
kaminski-v/sent/236. | Missing mandatory field: body
kaminski-v/sent/2361. | Missing mandatory field: body
kaminski-v/sent/2362. | Missing mandatory field: body
kaminski-v/sent/2363. | Missing mandatory field: body
kaminski-v/sent/2364. | Missing mandatory field: body
kaminski-v/sent/2388. | Missing mandatory field: subject
kaminski-v/sent/2391. | Missing mandatory field: body
kaminski-v/sent/2392. | Missing mandatory field: body
kaminski-v/sent/2397. | Missing mandatory field: body
kaminski-v/sent/2404. | Missing mandatory field: subject
kaminski-v/sent/2405. | Missing mandatory field: subject
kaminski-v/sent/2408. | Missing mandatory field: subject
kaminski-v/sent/2412. | Missing mandatory field: subject
kaminski-v/sent/2418. | Missing mandatory field: body
kaminski-v/sent/2426. | Missing mandatory field: body
kaminski-v/sent/2427. | Missing mandatory field: subject
kaminski-v/sent/2428. | Missing mandatory field: subject
kaminski-v/sent/2431. | Missing mandatory field: subject
kaminski-v/sent/2434. | Missing mandatory field: to_addresses
kaminski-v/sent/2437. | Missing mandatory field: body
kaminski-v/sent/2441. | Missing mandatory field: body
kaminski-v/sent/2443. | Missing mandatory field: body
kaminski-v/sent/2447. | Missing mandatory field: body
kaminski-v/sent/2450. | Missing mandatory field: body
kaminski-v/sent/247. | Missing mandatory field: subject
kaminski-v/sent/2470. | Missing mandatory field: body
kaminski-v/sent/2477. | Missing mandatory field: subject
kaminski-v/sent/2482. | Missing mandatory field: body
kaminski-v/sent/2483. | Missing mandatory field: body
kaminski-v/sent/2487. | Missing mandatory field: subject
kaminski-v/sent/2488. | Missing mandatory field: body
kaminski-v/sent/2500. | Missing mandatory field: body
kaminski-v/sent/2501. | Missing mandatory field: subject
kaminski-v/sent/2507. | Missing mandatory field: body
kaminski-v/sent/251. | Missing mandatory field: body
kaminski-v/sent/2511. | Missing mandatory field: body
kaminski-v/sent/2512. | Missing mandatory field: body
kaminski-v/sent/2514. | Missing mandatory field: body
kaminski-v/sent/2524. | Missing mandatory field: body
kaminski-v/sent/253. | Missing mandatory field: body
kaminski-v/sent/2533. | Missing mandatory field: body
kaminski-v/sent/2534. | Missing mandatory field: body
kaminski-v/sent/2535. | Missing mandatory field: body
kaminski-v/sent/2536. | Missing mandatory field: body
kaminski-v/sent/2537. | Missing mandatory field: body
kaminski-v/sent/2538. | Missing mandatory field: subject
kaminski-v/sent/2539. | Missing mandatory field: subject
kaminski-v/sent/254. | Missing mandatory field: body
kaminski-v/sent/2540. | Missing mandatory field: subject
kaminski-v/sent/2541. | Missing mandatory field: body
kaminski-v/sent/2542. | Missing mandatory field: body
kaminski-v/sent/2550. | Missing mandatory field: subject
kaminski-v/sent/2552. | Missing mandatory field: body
kaminski-v/sent/2558. | Missing mandatory field: body
kaminski-v/sent/256. | Missing mandatory field: body
kaminski-v/sent/2560. | Missing mandatory field: body
kaminski-v/sent/2562. | Missing mandatory field: body
kaminski-v/sent/2567. | Missing mandatory field: subject
kaminski-v/sent/257. | Missing mandatory field: body
kaminski-v/sent/2570. | Missing mandatory field: body
kaminski-v/sent/2571. | Missing mandatory field: subject
kaminski-v/sent/2572. | Missing mandatory field: body
kaminski-v/sent/2573. | Missing mandatory field: subject
kaminski-v/sent/2577. | Missing mandatory field: body
kaminski-v/sent/2578. | Missing mandatory field: body
kaminski-v/sent/268. | Missing mandatory field: body
kaminski-v/sent/27. | Missing mandatory field: body
kaminski-v/sent/273. | Missing mandatory field: body
kaminski-v/sent/28. | Missing mandatory field: body
kaminski-v/sent/288. | Missing mandatory field: body
kaminski-v/sent/290. | Missing mandatory field: body
kaminski-v/sent/291. | Missing mandatory field: subject
kaminski-v/sent/292. | Missing mandatory field: body
kaminski-v/sent/293. | Missing mandatory field: body
kaminski-v/sent/295. | Missing mandatory field: body
kaminski-v/sent/299. | Missing mandatory field: body
kaminski-v/sent/3. | Missing mandatory field: body
kaminski-v/sent/30. | Missing mandatory field: body
kaminski-v/sent/300. | Missing mandatory field: body
kaminski-v/sent/301. | Missing mandatory field: body
kaminski-v/sent/302. | Missing mandatory field: body
kaminski-v/sent/306. | Missing mandatory field: body
kaminski-v/sent/308. | Missing mandatory field: body
kaminski-v/sent/31. | Missing mandatory field: body
kaminski-v/sent/310. | Missing mandatory field: body
kaminski-v/sent/311. | Missing mandatory field: subject
kaminski-v/sent/312. | Missing mandatory field: body
kaminski-v/sent/314. | Missing mandatory field: body
kaminski-v/sent/316. | Missing mandatory field: body
kaminski-v/sent/317. | Missing mandatory field: body
kaminski-v/sent/319. | Missing mandatory field: body
kaminski-v/sent/321. | Missing mandatory field: body
kaminski-v/sent/322. | Missing mandatory field: body
kaminski-v/sent/323. | Missing mandatory field: body
kaminski-v/sent/324. | Missing mandatory field: body
kaminski-v/sent/325. | Missing mandatory field: body
kaminski-v/sent/327. | Missing mandatory field: body
kaminski-v/sent/328. | Missing mandatory field: body
kaminski-v/sent/329. | Missing mandatory field: body
kaminski-v/sent/331. | Missing mandatory field: body
kaminski-v/sent/332. | Missing mandatory field: subject
kaminski-v/sent/334. | Missing mandatory field: body
kaminski-v/sent/335. | Missing mandatory field: body
kaminski-v/sent/338. | Missing mandatory field: body
kaminski-v/sent/343. | Missing mandatory field: body
kaminski-v/sent/345. | Missing mandatory field: body
kaminski-v/sent/346. | Missing mandatory field: body
kaminski-v/sent/351. | Missing mandatory field: body
kaminski-v/sent/354. | Missing mandatory field: body
kaminski-v/sent/357. | Missing mandatory field: body
kaminski-v/sent/36. | Missing mandatory field: body
kaminski-v/sent/360. | Missing mandatory field: body
kaminski-v/sent/365. | Missing mandatory field: subject
kaminski-v/sent/366. | Missing mandatory field: body
kaminski-v/sent/374. | Missing mandatory field: body
kaminski-v/sent/376. | Missing mandatory field: body
kaminski-v/sent/380. | Missing mandatory field: body
kaminski-v/sent/384. | Missing mandatory field: body
kaminski-v/sent/385. | Missing mandatory field: subject
kaminski-v/sent/386. | Missing mandatory field: body
kaminski-v/sent/387. | Missing mandatory field: body
kaminski-v/sent/389. | Missing mandatory field: body
kaminski-v/sent/390. | Missing mandatory field: body
kaminski-v/sent/391. | Missing mandatory field: body
kaminski-v/sent/3913. | Missing mandatory field: body
kaminski-v/sent/3931. | Missing mandatory field: body
kaminski-v/sent/3937. | Missing mandatory field: body
kaminski-v/sent/3938. | Missing mandatory field: body
kaminski-v/sent/3939. | Missing mandatory field: body
kaminski-v/sent/394. | Missing mandatory field: body
kaminski-v/sent/3946. | Missing mandatory field: body
kaminski-v/sent/3950. | Missing mandatory field: subject
kaminski-v/sent/3952. | Missing mandatory field: body
kaminski-v/sent/3953. | Missing mandatory field: body
kaminski-v/sent/3957. | Missing mandatory field: body
kaminski-v/sent/3958. | Missing mandatory field: body
kaminski-v/sent/396. | Missing mandatory field: body
kaminski-v/sent/3960. | Missing mandatory field: body
kaminski-v/sent/3961. | Missing mandatory field: body
kaminski-v/sent/3962. | Missing mandatory field: subject
kaminski-v/sent/3963. | Missing mandatory field: body
kaminski-v/sent/3966. | Missing mandatory field: body
kaminski-v/sent/397. | Missing mandatory field: body
kaminski-v/sent/3971. | Missing mandatory field: body
kaminski-v/sent/398. | Missing mandatory field: body
kaminski-v/sent/3981. | Missing mandatory field: body
kaminski-v/sent/3983. | Missing mandatory field: body
kaminski-v/sent/3984. | Missing mandatory field: subject
kaminski-v/sent/399. | Missing mandatory field: subject
kaminski-v/sent/4. | Missing mandatory field: body
kaminski-v/sent/4002. | Missing mandatory field: subject
kaminski-v/sent/4004. | Missing mandatory field: body
kaminski-v/sent/4009. | Missing mandatory field: body
kaminski-v/sent/401. | Missing mandatory field: body
kaminski-v/sent/4010. | Missing mandatory field: body
kaminski-v/sent/402. | Missing mandatory field: body
kaminski-v/sent/4023. | Missing mandatory field: subject
kaminski-v/sent/4028. | Missing mandatory field: body
kaminski-v/sent/4029. | Missing mandatory field: body
kaminski-v/sent/403. | Missing mandatory field: body
kaminski-v/sent/4035. | Missing mandatory field: body
kaminski-v/sent/4036. | Missing mandatory field: body
kaminski-v/sent/4037. | Missing mandatory field: body
kaminski-v/sent/4038. | Missing mandatory field: body
kaminski-v/sent/4039. | Missing mandatory field: body
kaminski-v/sent/404. | Missing mandatory field: body
kaminski-v/sent/4040. | Missing mandatory field: subject
kaminski-v/sent/4042. | Missing mandatory field: body
kaminski-v/sent/4047. | Missing mandatory field: subject
kaminski-v/sent/4048. | Missing mandatory field: subject
kaminski-v/sent/405. | Missing mandatory field: body
kaminski-v/sent/4050. | Missing mandatory field: body
kaminski-v/sent/4054. | Missing mandatory field: body
kaminski-v/sent/4055. | Missing mandatory field: body
kaminski-v/sent/4056. | Missing mandatory field: body
kaminski-v/sent/406. | Missing mandatory field: body
kaminski-v/sent/4060. | Missing mandatory field: subject
kaminski-v/sent/4064. | Missing mandatory field: body
kaminski-v/sent/4066. | Missing mandatory field: subject
kaminski-v/sent/407. | Missing mandatory field: body
kaminski-v/sent/4070. | Missing mandatory field: body
kaminski-v/sent/4071. | Missing mandatory field: body
kaminski-v/sent/4073. | Missing mandatory field: body
kaminski-v/sent/4074. | Missing mandatory field: body
kaminski-v/sent/4076. | Missing mandatory field: body
kaminski-v/sent/4082. | Missing mandatory field: body
kaminski-v/sent/4085. | Missing mandatory field: subject
kaminski-v/sent/4090. | Missing mandatory field: subject
kaminski-v/sent/4092. | Missing mandatory field: subject
kaminski-v/sent/4094. | Missing mandatory field: body
kaminski-v/sent/4105. | Missing mandatory field: body
kaminski-v/sent/4107. | Missing mandatory field: body
kaminski-v/sent/4109. | Missing mandatory field: body
kaminski-v/sent/411. | Missing mandatory field: body
kaminski-v/sent/4110. | Missing mandatory field: body
kaminski-v/sent/4116. | Missing mandatory field: body
kaminski-v/sent/4117. | Missing mandatory field: body
kaminski-v/sent/4118. | Missing mandatory field: subject
kaminski-v/sent/4119. | Missing mandatory field: subject
kaminski-v/sent/4121. | Missing mandatory field: body
kaminski-v/sent/4125. | Missing mandatory field: body
kaminski-v/sent/4128. | Missing mandatory field: body
kaminski-v/sent/413. | Missing mandatory field: body
kaminski-v/sent/4130. | Missing mandatory field: to_addresses
kaminski-v/sent/4132. | Missing mandatory field: subject
kaminski-v/sent/4136. | Missing mandatory field: body
kaminski-v/sent/414. | Missing mandatory field: body
kaminski-v/sent/4148. | Missing mandatory field: subject
kaminski-v/sent/416. | Missing mandatory field: subject
kaminski-v/sent/4161. | Missing mandatory field: subject
kaminski-v/sent/4163. | Missing mandatory field: body
kaminski-v/sent/4164. | Missing mandatory field: subject
kaminski-v/sent/4166. | Missing mandatory field: body
kaminski-v/sent/417. | Missing mandatory field: body
kaminski-v/sent/4170. | Missing mandatory field: body
kaminski-v/sent/4175. | Missing mandatory field: body
kaminski-v/sent/4178. | Missing mandatory field: subject
kaminski-v/sent/4179. | Missing mandatory field: body
kaminski-v/sent/4181. | Missing mandatory field: subject
kaminski-v/sent/4182. | Missing mandatory field: subject
kaminski-v/sent/4183. | Missing mandatory field: body
kaminski-v/sent/419. | Missing mandatory field: body
kaminski-v/sent/4191. | Missing mandatory field: body
kaminski-v/sent/4192. | Missing mandatory field: subject
kaminski-v/sent/4193. | Missing mandatory field: body
kaminski-v/sent/4195. | Missing mandatory field: body
kaminski-v/sent/4196. | Missing mandatory field: to_addresses
kaminski-v/sent/4197. | Missing mandatory field: body
kaminski-v/sent/42. | Missing mandatory field: body
kaminski-v/sent/4209. | Missing mandatory field: subject
kaminski-v/sent/421. | Missing mandatory field: body
kaminski-v/sent/4215. | Missing mandatory field: body
kaminski-v/sent/4219. | Missing mandatory field: body
kaminski-v/sent/422. | Missing mandatory field: body
kaminski-v/sent/4223. | Missing mandatory field: body
kaminski-v/sent/4229. | Missing mandatory field: body
kaminski-v/sent/4233. | Missing mandatory field: body
kaminski-v/sent/424. | Missing mandatory field: body
kaminski-v/sent/4246. | Missing mandatory field: body
kaminski-v/sent/425. | Missing mandatory field: body
kaminski-v/sent/4255. | Missing mandatory field: subject
kaminski-v/sent/4257. | Missing mandatory field: body
kaminski-v/sent/4259. | Missing mandatory field: body
kaminski-v/sent/4260. | Missing mandatory field: body
kaminski-v/sent/4261. | Missing mandatory field: body
kaminski-v/sent/4262. | Missing mandatory field: body
kaminski-v/sent/4263. | Missing mandatory field: body
kaminski-v/sent/4264. | Missing mandatory field: body
kaminski-v/sent/4265. | Missing mandatory field: subject
kaminski-v/sent/4266. | Missing mandatory field: body
kaminski-v/sent/4267. | Missing mandatory field: body
kaminski-v/sent/4268. | Missing mandatory field: body
kaminski-v/sent/427. | Missing mandatory field: body
kaminski-v/sent/4270. | Missing mandatory field: body
kaminski-v/sent/4279. | Missing mandatory field: body
kaminski-v/sent/428. | Missing mandatory field: body
kaminski-v/sent/4284. | Missing mandatory field: body
kaminski-v/sent/4294. | Missing mandatory field: subject
kaminski-v/sent/4295. | Missing mandatory field: subject
kaminski-v/sent/43. | Missing mandatory field: body
kaminski-v/sent/430. | Missing mandatory field: body
kaminski-v/sent/4306. | Missing mandatory field: body
kaminski-v/sent/431. | Missing mandatory field: body
kaminski-v/sent/4311. | Missing mandatory field: body
kaminski-v/sent/4312. | Missing mandatory field: body
kaminski-v/sent/4313. | Missing mandatory field: body
kaminski-v/sent/4314. | Missing mandatory field: body
kaminski-v/sent/4316. | Missing mandatory field: body
kaminski-v/sent/4317. | Missing mandatory field: body
kaminski-v/sent/4318. | Missing mandatory field: body
kaminski-v/sent/4324. | Missing mandatory field: body
kaminski-v/sent/4326. | Missing mandatory field: body
kaminski-v/sent/4328. | Missing mandatory field: body
kaminski-v/sent/4329. | Missing mandatory field: body
kaminski-v/sent/4332. | Missing mandatory field: body
kaminski-v/sent/4335. | Missing mandatory field: body
kaminski-v/sent/434. | Missing mandatory field: body
kaminski-v/sent/4341. | Missing mandatory field: body
kaminski-v/sent/4344. | Missing mandatory field: body
kaminski-v/sent/4345. | Missing mandatory field: body
kaminski-v/sent/4347. | Missing mandatory field: body
kaminski-v/sent/435. | Missing mandatory field: body
kaminski-v/sent/4352. | Missing mandatory field: body
kaminski-v/sent/4358. | Missing mandatory field: body
kaminski-v/sent/4359. | Missing mandatory field: body
kaminski-v/sent/4361. | Missing mandatory field: body
kaminski-v/sent/4363. | Missing mandatory field: body
kaminski-v/sent/4366. | Missing mandatory field: body
kaminski-v/sent/4368. | Missing mandatory field: body
kaminski-v/sent/4369. | Missing mandatory field: body
kaminski-v/sent/437. | Missing mandatory field: body
kaminski-v/sent/4371. | Missing mandatory field: body
kaminski-v/sent/4374. | Missing mandatory field: body
kaminski-v/sent/438. | Missing mandatory field: body
kaminski-v/sent/4380. | Missing mandatory field: body
kaminski-v/sent/4383. | Missing mandatory field: subject
kaminski-v/sent/4386. | Missing mandatory field: body
kaminski-v/sent/4387. | Missing mandatory field: body
kaminski-v/sent/4388. | Missing mandatory field: body
kaminski-v/sent/4389. | Missing mandatory field: body
kaminski-v/sent/439. | Missing mandatory field: body
kaminski-v/sent/4390. | Missing mandatory field: subject
kaminski-v/sent/4409. | Missing mandatory field: body
kaminski-v/sent/442. | Missing mandatory field: body
kaminski-v/sent/4420. | Missing mandatory field: body
kaminski-v/sent/4428. | Missing mandatory field: body
kaminski-v/sent/4431. | Missing mandatory field: body
kaminski-v/sent/4433. | Missing mandatory field: body
kaminski-v/sent/4434. | Missing mandatory field: body
kaminski-v/sent/4435. | Missing mandatory field: body
kaminski-v/sent/4437. | Missing mandatory field: body
kaminski-v/sent/4439. | Missing mandatory field: body
kaminski-v/sent/4440. | Missing mandatory field: body
kaminski-v/sent/4443. | Missing mandatory field: body
kaminski-v/sent/4445. | Missing mandatory field: body
kaminski-v/sent/4449. | Missing mandatory field: body
kaminski-v/sent/445. | Missing mandatory field: body
kaminski-v/sent/4453. | Missing mandatory field: body
kaminski-v/sent/4454. | Missing mandatory field: body
kaminski-v/sent/4455. | Missing mandatory field: body
kaminski-v/sent/446. | Missing mandatory field: body
kaminski-v/sent/4460. | Missing mandatory field: body
kaminski-v/sent/4466. | Missing mandatory field: body
kaminski-v/sent/447. | Missing mandatory field: body
kaminski-v/sent/4475. | Missing mandatory field: body
kaminski-v/sent/4478. | Missing mandatory field: body
kaminski-v/sent/4479. | Missing mandatory field: body
kaminski-v/sent/4492. | Missing mandatory field: body
kaminski-v/sent/4496. | Missing mandatory field: body
kaminski-v/sent/4499. | Missing mandatory field: body
kaminski-v/sent/450. | Missing mandatory field: body
kaminski-v/sent/4503. | Missing mandatory field: body
kaminski-v/sent/4510. | Missing mandatory field: body
kaminski-v/sent/4519. | Missing mandatory field: body
kaminski-v/sent/4524. | Missing mandatory field: subject
kaminski-v/sent/4528. | Missing mandatory field: body
kaminski-v/sent/4529. | Missing mandatory field: body
kaminski-v/sent/4530. | Missing mandatory field: body
kaminski-v/sent/4531. | Missing mandatory field: body
kaminski-v/sent/4532. | Missing mandatory field: body
kaminski-v/sent/4533. | Missing mandatory field: body
kaminski-v/sent/4534. | Missing mandatory field: body
kaminski-v/sent/4536. | Missing mandatory field: subject
kaminski-v/sent/4537. | Missing mandatory field: body
kaminski-v/sent/4542. | Missing mandatory field: body
kaminski-v/sent/4543. | Missing mandatory field: body
kaminski-v/sent/4544. | Missing mandatory field: body
kaminski-v/sent/4545. | Missing mandatory field: body
kaminski-v/sent/4546. | Missing mandatory field: body
kaminski-v/sent/4549. | Missing mandatory field: body
kaminski-v/sent/455. | Missing mandatory field: subject
kaminski-v/sent/4552. | Missing mandatory field: body
kaminski-v/sent/4554. | Missing mandatory field: body
kaminski-v/sent/4555. | Missing mandatory field: body
kaminski-v/sent/4560. | Missing mandatory field: subject
kaminski-v/sent/4570. | Missing mandatory field: body
kaminski-v/sent/4571. | Missing mandatory field: body
kaminski-v/sent/4572. | Missing mandatory field: body
kaminski-v/sent/4573. | Missing mandatory field: body
kaminski-v/sent/4574. | Missing mandatory field: body
kaminski-v/sent/4575. | Missing mandatory field: subject
kaminski-v/sent/4576. | Missing mandatory field: body
kaminski-v/sent/4577. | Missing mandatory field: body
kaminski-v/sent/4578. | Missing mandatory field: body
kaminski-v/sent/4579. | Missing mandatory field: body
kaminski-v/sent/4580. | Missing mandatory field: body
kaminski-v/sent/4581. | Missing mandatory field: subject
kaminski-v/sent/4583. | Missing mandatory field: body
kaminski-v/sent/4586. | Missing mandatory field: body
kaminski-v/sent/4589. | Missing mandatory field: subject
kaminski-v/sent/4595. | Missing mandatory field: body
kaminski-v/sent/460. | Missing mandatory field: body
kaminski-v/sent/4605. | Missing mandatory field: body
kaminski-v/sent/4620. | Missing mandatory field: to_addresses
kaminski-v/sent/4626. | Missing mandatory field: subject
kaminski-v/sent/463. | Missing mandatory field: body
kaminski-v/sent/4635. | Missing mandatory field: body
kaminski-v/sent/464. | Missing mandatory field: body
kaminski-v/sent/4641. | Missing mandatory field: body
kaminski-v/sent/469. | Missing mandatory field: body
kaminski-v/sent/4692. | Missing mandatory field: body
kaminski-v/sent/4699. | Missing mandatory field: body
kaminski-v/sent/4700. | Missing mandatory field: body
kaminski-v/sent/4702. | Missing mandatory field: subject
kaminski-v/sent/4703. | Missing mandatory field: body
kaminski-v/sent/4706. | Missing mandatory field: body
kaminski-v/sent/4707. | Missing mandatory field: body
kaminski-v/sent/4708. | Missing mandatory field: body
kaminski-v/sent/4709. | Missing mandatory field: body
kaminski-v/sent/4710. | Missing mandatory field: body
kaminski-v/sent/4711. | Missing mandatory field: body
kaminski-v/sent/4712. | Missing mandatory field: body
kaminski-v/sent/4719. | Missing mandatory field: body
kaminski-v/sent/4723. | Missing mandatory field: body
kaminski-v/sent/4726. | Missing mandatory field: body
kaminski-v/sent/4727. | Missing mandatory field: body
kaminski-v/sent/4729. | Missing mandatory field: body
kaminski-v/sent/4730. | Missing mandatory field: body
kaminski-v/sent/4739. | Missing mandatory field: body
kaminski-v/sent/4740. | Missing mandatory field: body
kaminski-v/sent/4741. | Missing mandatory field: body
kaminski-v/sent/4742. | Missing mandatory field: subject
kaminski-v/sent/4746. | Missing mandatory field: body
kaminski-v/sent/4748. | Missing mandatory field: body
kaminski-v/sent/4749. | Missing mandatory field: body
kaminski-v/sent/475. | Missing mandatory field: body
kaminski-v/sent/4750. | Missing mandatory field: body
kaminski-v/sent/4752. | Missing mandatory field: body
kaminski-v/sent/4753. | Missing mandatory field: body
kaminski-v/sent/4754. | Missing mandatory field: body
kaminski-v/sent/4755. | Missing mandatory field: body
kaminski-v/sent/4760. | Missing mandatory field: body
kaminski-v/sent/4761. | Missing mandatory field: subject
kaminski-v/sent/4762. | Missing mandatory field: to_addresses
kaminski-v/sent/4763. | Missing mandatory field: body
kaminski-v/sent/4766. | Missing mandatory field: body
kaminski-v/sent/4767. | Missing mandatory field: body
kaminski-v/sent/4770. | Missing mandatory field: body
kaminski-v/sent/4773. | Missing mandatory field: body
kaminski-v/sent/4774. | Missing mandatory field: body
kaminski-v/sent/4775. | Missing mandatory field: body
kaminski-v/sent/4776. | Missing mandatory field: body
kaminski-v/sent/4779. | Missing mandatory field: body
kaminski-v/sent/478. | Missing mandatory field: body
kaminski-v/sent/4780. | Missing mandatory field: body
kaminski-v/sent/4781. | Missing mandatory field: body
kaminski-v/sent/4782. | Missing mandatory field: body
kaminski-v/sent/4783. | Missing mandatory field: subject
kaminski-v/sent/4784. | Missing mandatory field: body
kaminski-v/sent/4786. | Missing mandatory field: body
kaminski-v/sent/4788. | Missing mandatory field: body
kaminski-v/sent/479. | Missing mandatory field: body
kaminski-v/sent/4790. | Missing mandatory field: body
kaminski-v/sent/4791. | Missing mandatory field: body
kaminski-v/sent/4792. | Missing mandatory field: body
kaminski-v/sent/4793. | Missing mandatory field: body
kaminski-v/sent/4794. | Missing mandatory field: body
kaminski-v/sent/48. | Missing mandatory field: body
kaminski-v/sent/4806. | Missing mandatory field: body
kaminski-v/sent/4811. | Missing mandatory field: body
kaminski-v/sent/4812. | Missing mandatory field: body
kaminski-v/sent/4818. | Missing mandatory field: body
kaminski-v/sent/483. | Missing mandatory field: body
kaminski-v/sent/4831. | Missing mandatory field: body
kaminski-v/sent/484. | Missing mandatory field: body
kaminski-v/sent/485. | Missing mandatory field: body
kaminski-v/sent/490. | Missing mandatory field: body
kaminski-v/sent/494. | Missing mandatory field: body
kaminski-v/sent/495. | Missing mandatory field: body
kaminski-v/sent/496. | Missing mandatory field: body
kaminski-v/sent/498. | Missing mandatory field: body
kaminski-v/sent/5. | Missing mandatory field: body
kaminski-v/sent/50. | Missing mandatory field: body
kaminski-v/sent/500. | Missing mandatory field: body
kaminski-v/sent/503. | Missing mandatory field: body
kaminski-v/sent/505. | Missing mandatory field: body
kaminski-v/sent/506. | Missing mandatory field: body
kaminski-v/sent/507. | Missing mandatory field: body
kaminski-v/sent/509. | Missing mandatory field: body
kaminski-v/sent/512. | Missing mandatory field: body
kaminski-v/sent/513. | Missing mandatory field: body
kaminski-v/sent/52. | Missing mandatory field: body
kaminski-v/sent/522. | Missing mandatory field: body
kaminski-v/sent/523. | Missing mandatory field: body
kaminski-v/sent/524. | Missing mandatory field: body
kaminski-v/sent/526. | Missing mandatory field: body
kaminski-v/sent/527. | Missing mandatory field: body
kaminski-v/sent/528. | Missing mandatory field: body
kaminski-v/sent/529. | Missing mandatory field: body
kaminski-v/sent/530. | Missing mandatory field: body
kaminski-v/sent/533. | Missing mandatory field: body
kaminski-v/sent/534. | Missing mandatory field: body
kaminski-v/sent/537. | Missing mandatory field: body
kaminski-v/sent/541. | Missing mandatory field: body
kaminski-v/sent/551. | Missing mandatory field: body
kaminski-v/sent/552. | Missing mandatory field: body
kaminski-v/sent/554. | Missing mandatory field: body
kaminski-v/sent/559. | Missing mandatory field: body
kaminski-v/sent/560. | Missing mandatory field: body
kaminski-v/sent/568. | Missing mandatory field: body
kaminski-v/sent/576. | Missing mandatory field: body
kaminski-v/sent/577. | Missing mandatory field: body
kaminski-v/sent/578. | Missing mandatory field: body
kaminski-v/sent/579. | Missing mandatory field: body
kaminski-v/sent/580. | Missing mandatory field: body
kaminski-v/sent/581. | Missing mandatory field: body
kaminski-v/sent/582. | Missing mandatory field: body
kaminski-v/sent/588. | Missing mandatory field: body
kaminski-v/sent/590. | Missing mandatory field: body
kaminski-v/sent/591. | Missing mandatory field: subject
kaminski-v/sent/593. | Missing mandatory field: body
kaminski-v/sent/596. | Missing mandatory field: body
kaminski-v/sent/597. | Missing mandatory field: body
kaminski-v/sent/599. | Missing mandatory field: body
kaminski-v/sent/60. | Missing mandatory field: body
kaminski-v/sent/600. | Missing mandatory field: body
kaminski-v/sent/602. | Missing mandatory field: body
kaminski-v/sent/603. | Missing mandatory field: subject
kaminski-v/sent/604. | Missing mandatory field: body
kaminski-v/sent/607. | Missing mandatory field: body
kaminski-v/sent/609. | Missing mandatory field: body
kaminski-v/sent/619. | Missing mandatory field: body
kaminski-v/sent/630. | Missing mandatory field: body
kaminski-v/sent/631. | Missing mandatory field: body
kaminski-v/sent/632. | Missing mandatory field: body
kaminski-v/sent/633. | Missing mandatory field: body
kaminski-v/sent/634. | Missing mandatory field: body
kaminski-v/sent/636. | Missing mandatory field: body
kaminski-v/sent/637. | Missing mandatory field: body
kaminski-v/sent/638. | Missing mandatory field: body
kaminski-v/sent/641. | Missing mandatory field: body
kaminski-v/sent/642. | Missing mandatory field: body
kaminski-v/sent/645. | Missing mandatory field: body
kaminski-v/sent/646. | Missing mandatory field: subject
kaminski-v/sent/649. | Missing mandatory field: body
kaminski-v/sent/650. | Missing mandatory field: body
kaminski-v/sent/652. | Missing mandatory field: subject
kaminski-v/sent/656. | Missing mandatory field: body
kaminski-v/sent/657. | Missing mandatory field: body
kaminski-v/sent/658. | Missing mandatory field: body
kaminski-v/sent/659. | Missing mandatory field: subject
kaminski-v/sent/664. | Missing mandatory field: body
kaminski-v/sent/665. | Missing mandatory field: body
kaminski-v/sent/666. | Missing mandatory field: body
kaminski-v/sent/667. | Missing mandatory field: body
kaminski-v/sent/668. | Missing mandatory field: body
kaminski-v/sent/672. | Missing mandatory field: body
kaminski-v/sent/678. | Missing mandatory field: body
kaminski-v/sent/684. | Missing mandatory field: body
kaminski-v/sent/685. | Missing mandatory field: body
kaminski-v/sent/686. | Missing mandatory field: to_addresses
kaminski-v/sent/689. | Missing mandatory field: body
kaminski-v/sent/69. | Missing mandatory field: body
kaminski-v/sent/690. | Missing mandatory field: body
kaminski-v/sent/691. | Missing mandatory field: body
kaminski-v/sent/695. | Missing mandatory field: body
kaminski-v/sent/697. | Missing mandatory field: body
kaminski-v/sent/70. | Missing mandatory field: body
kaminski-v/sent/700. | Missing mandatory field: body
kaminski-v/sent/701. | Missing mandatory field: body
kaminski-v/sent/703. | Missing mandatory field: body
kaminski-v/sent/709. | Missing mandatory field: body
kaminski-v/sent/710. | Missing mandatory field: body
kaminski-v/sent/713. | Missing mandatory field: body
kaminski-v/sent/714. | Missing mandatory field: body
kaminski-v/sent/716. | Missing mandatory field: body
kaminski-v/sent/717. | Missing mandatory field: body
kaminski-v/sent/718. | Missing mandatory field: body
kaminski-v/sent/719. | Missing mandatory field: body
kaminski-v/sent/720. | Missing mandatory field: body
kaminski-v/sent/722. | Missing mandatory field: body
kaminski-v/sent/725. | Missing mandatory field: body
kaminski-v/sent/726. | Missing mandatory field: subject
kaminski-v/sent/730. | Missing mandatory field: body
kaminski-v/sent/731. | Missing mandatory field: body
kaminski-v/sent/736. | Missing mandatory field: body
kaminski-v/sent/738. | Missing mandatory field: body
kaminski-v/sent/740. | Missing mandatory field: body
kaminski-v/sent/744. | Missing mandatory field: body
kaminski-v/sent/752. | Missing mandatory field: body
kaminski-v/sent/756. | Missing mandatory field: body
kaminski-v/sent/758. | Missing mandatory field: body
kaminski-v/sent/759. | Missing mandatory field: body
kaminski-v/sent/76. | Missing mandatory field: body
kaminski-v/sent/760. | Missing mandatory field: body
kaminski-v/sent/761. | Missing mandatory field: body
kaminski-v/sent/762. | Missing mandatory field: body
kaminski-v/sent/764. | Missing mandatory field: body
kaminski-v/sent/765. | Missing mandatory field: body
kaminski-v/sent/766. | Missing mandatory field: body
kaminski-v/sent/767. | Missing mandatory field: body
kaminski-v/sent/768. | Missing mandatory field: body
kaminski-v/sent/769. | Missing mandatory field: body
kaminski-v/sent/770. | Missing mandatory field: body
kaminski-v/sent/772. | Missing mandatory field: body
kaminski-v/sent/774. | Missing mandatory field: body
kaminski-v/sent/775. | Missing mandatory field: body
kaminski-v/sent/777. | Missing mandatory field: body
kaminski-v/sent/778. | Missing mandatory field: subject
kaminski-v/sent/781. | Missing mandatory field: subject
kaminski-v/sent/782. | Missing mandatory field: body
kaminski-v/sent/783. | Missing mandatory field: body
kaminski-v/sent/784. | Missing mandatory field: subject
kaminski-v/sent/785. | Missing mandatory field: body
kaminski-v/sent/786. | Missing mandatory field: body
kaminski-v/sent/788. | Missing mandatory field: body
kaminski-v/sent/789. | Missing mandatory field: body
kaminski-v/sent/790. | Missing mandatory field: body
kaminski-v/sent/791. | Missing mandatory field: body
kaminski-v/sent/793. | Missing mandatory field: body
kaminski-v/sent/80. | Missing mandatory field: body
kaminski-v/sent/812. | Missing mandatory field: body
kaminski-v/sent/814. | Missing mandatory field: body
kaminski-v/sent/815. | Missing mandatory field: body
kaminski-v/sent/816. | Missing mandatory field: body
kaminski-v/sent/817. | Missing mandatory field: body
kaminski-v/sent/818. | Missing mandatory field: body
kaminski-v/sent/819. | Missing mandatory field: body
kaminski-v/sent/820. | Missing mandatory field: subject
kaminski-v/sent/821. | Missing mandatory field: body
kaminski-v/sent/824. | Missing mandatory field: body
kaminski-v/sent/825. | Missing mandatory field: body
kaminski-v/sent/830. | Missing mandatory field: body
kaminski-v/sent/84. | Missing mandatory field: body
kaminski-v/sent/840. | Missing mandatory field: body
kaminski-v/sent/846. | Missing mandatory field: body
kaminski-v/sent/848. | Missing mandatory field: body
kaminski-v/sent/849. | Missing mandatory field: body
kaminski-v/sent/850. | Missing mandatory field: body
kaminski-v/sent/851. | Missing mandatory field: body
kaminski-v/sent/853. | Missing mandatory field: body
kaminski-v/sent/854. | Missing mandatory field: body
kaminski-v/sent/855. | Missing mandatory field: body
kaminski-v/sent/856. | Missing mandatory field: body
kaminski-v/sent/857. | Missing mandatory field: body
kaminski-v/sent/858. | Missing mandatory field: body
kaminski-v/sent/859. | Missing mandatory field: body
kaminski-v/sent/860. | Missing mandatory field: body
kaminski-v/sent/865. | Missing mandatory field: body
kaminski-v/sent/867. | Missing mandatory field: body
kaminski-v/sent/873. | Missing mandatory field: body
kaminski-v/sent/888. | Missing mandatory field: body
kaminski-v/sent/902. | Missing mandatory field: body
kaminski-v/sent/908. | Missing mandatory field: body
kaminski-v/sent/909. | Missing mandatory field: body
kaminski-v/sent/913. | Missing mandatory field: body
kaminski-v/sent/915. | Missing mandatory field: body
kaminski-v/sent/916. | Missing mandatory field: body
kaminski-v/sent/918. | Missing mandatory field: body
kaminski-v/sent/919. | Missing mandatory field: body
kaminski-v/sent/923. | Missing mandatory field: body
kaminski-v/sent/924. | Missing mandatory field: body
kaminski-v/sent/926. | Missing mandatory field: body
kaminski-v/sent/927. | Missing mandatory field: body
kaminski-v/sent/928. | Missing mandatory field: body
kaminski-v/sent/929. | Missing mandatory field: body
kaminski-v/sent/933. | Missing mandatory field: body
kaminski-v/sent/934. | Missing mandatory field: body
kaminski-v/sent/935. | Missing mandatory field: body
kaminski-v/sent/936. | Missing mandatory field: body
kaminski-v/sent/937. | Missing mandatory field: body
kaminski-v/sent/938. | Missing mandatory field: body
kaminski-v/sent/94. | Missing mandatory field: body
kaminski-v/sent/942. | Missing mandatory field: body
kaminski-v/sent/943. | Missing mandatory field: body
kaminski-v/sent/944. | Missing mandatory field: body
kaminski-v/sent/95. | Missing mandatory field: body
kaminski-v/sent/950. | Missing mandatory field: body
kaminski-v/sent/958. | Missing mandatory field: body
kaminski-v/sent/96. | Missing mandatory field: body
kaminski-v/sent/963. | Missing mandatory field: body
kaminski-v/sent/97. | Missing mandatory field: body
kaminski-v/sent/983. | Missing mandatory field: body
kaminski-v/sent/985. | Missing mandatory field: body
kaminski-v/sent/987. | Missing mandatory field: body
kaminski-v/sent/99. | Missing mandatory field: body
kaminski-v/sent/993. | Missing mandatory field: body
kaminski-v/sent/994. | Missing mandatory field: body
kaminski-v/sent/996. | Missing mandatory field: body
kaminski-v/sent_items/1. | Missing mandatory field: body
kaminski-v/sent_items/10. | Missing mandatory field: body
kaminski-v/sent_items/101. | Missing mandatory field: body
kaminski-v/sent_items/102. | Missing mandatory field: body
kaminski-v/sent_items/103. | Missing mandatory field: subject
kaminski-v/sent_items/105. | Missing mandatory field: body
kaminski-v/sent_items/1055. | Missing mandatory field: body
kaminski-v/sent_items/106. | Missing mandatory field: body
kaminski-v/sent_items/110. | Missing mandatory field: body
kaminski-v/sent_items/1146. | Missing mandatory field: body
kaminski-v/sent_items/1147. | Missing mandatory field: body
kaminski-v/sent_items/115. | Missing mandatory field: body
kaminski-v/sent_items/1155. | Missing mandatory field: body
kaminski-v/sent_items/1159. | Missing mandatory field: body
kaminski-v/sent_items/116. | Missing mandatory field: body
kaminski-v/sent_items/1163. | Missing mandatory field: body
kaminski-v/sent_items/1165. | Missing mandatory field: body
kaminski-v/sent_items/1167. | Missing mandatory field: body
kaminski-v/sent_items/117. | Missing mandatory field: body
kaminski-v/sent_items/1171. | Missing mandatory field: body
kaminski-v/sent_items/118. | Missing mandatory field: body
kaminski-v/sent_items/1180. | Missing mandatory field: body
kaminski-v/sent_items/1181. | Missing mandatory field: body
kaminski-v/sent_items/1184. | Missing mandatory field: body
kaminski-v/sent_items/1185. | Missing mandatory field: body
kaminski-v/sent_items/1188. | Missing mandatory field: body
kaminski-v/sent_items/1189. | Missing mandatory field: body
kaminski-v/sent_items/119. | Missing mandatory field: body
kaminski-v/sent_items/1193. | Missing mandatory field: body
kaminski-v/sent_items/1196. | Missing mandatory field: body
kaminski-v/sent_items/120. | Missing mandatory field: body
kaminski-v/sent_items/1200. | Missing mandatory field: body
kaminski-v/sent_items/1202. | Missing mandatory field: body
kaminski-v/sent_items/1204. | Missing mandatory field: body
kaminski-v/sent_items/1212. | Missing mandatory field: body
kaminski-v/sent_items/1223. | Missing mandatory field: body
kaminski-v/sent_items/123. | Missing mandatory field: body
kaminski-v/sent_items/1231. | Missing mandatory field: body
kaminski-v/sent_items/1233. | Missing mandatory field: body
kaminski-v/sent_items/1234. | Missing mandatory field: body
kaminski-v/sent_items/1237. | Missing mandatory field: body
kaminski-v/sent_items/1238. | Missing mandatory field: body
kaminski-v/sent_items/1240. | Missing mandatory field: body
kaminski-v/sent_items/1243. | Missing mandatory field: body
kaminski-v/sent_items/125. | Missing mandatory field: body
kaminski-v/sent_items/1257. | Missing mandatory field: body
kaminski-v/sent_items/1263. | Missing mandatory field: subject
kaminski-v/sent_items/1265. | Missing mandatory field: body
kaminski-v/sent_items/1266. | Missing mandatory field: body
kaminski-v/sent_items/1269. | Missing mandatory field: body
kaminski-v/sent_items/1270. | Missing mandatory field: body
kaminski-v/sent_items/1271. | Missing mandatory field: body
kaminski-v/sent_items/1272. | Missing mandatory field: body
kaminski-v/sent_items/1273. | Missing mandatory field: body
kaminski-v/sent_items/1275. | Missing mandatory field: subject
kaminski-v/sent_items/1277. | Missing mandatory field: body
kaminski-v/sent_items/1278. | Missing mandatory field: body
kaminski-v/sent_items/1284. | Missing mandatory field: body
kaminski-v/sent_items/1288. | Missing mandatory field: body
kaminski-v/sent_items/129. | Missing mandatory field: subject
kaminski-v/sent_items/1293. | Missing mandatory field: body
kaminski-v/sent_items/1294. | Missing mandatory field: body
kaminski-v/sent_items/1295. | Missing mandatory field: body
kaminski-v/sent_items/1296. | Missing mandatory field: body
kaminski-v/sent_items/1297. | Missing mandatory field: body
kaminski-v/sent_items/13. | Missing mandatory field: body
kaminski-v/sent_items/1300. | Missing mandatory field: body
kaminski-v/sent_items/1304. | Missing mandatory field: body
kaminski-v/sent_items/1307. | Missing mandatory field: body
kaminski-v/sent_items/131. | Missing mandatory field: body
kaminski-v/sent_items/1319. | Missing mandatory field: body
kaminski-v/sent_items/1320. | Missing mandatory field: subject
kaminski-v/sent_items/1322. | Missing mandatory field: body
kaminski-v/sent_items/1323. | Missing mandatory field: body
kaminski-v/sent_items/1327. | Missing mandatory field: body
kaminski-v/sent_items/1329. | Missing mandatory field: body
kaminski-v/sent_items/133. | Missing mandatory field: body
kaminski-v/sent_items/1330. | Missing mandatory field: body
kaminski-v/sent_items/1332. | Missing mandatory field: body
kaminski-v/sent_items/1333. | Missing mandatory field: body
kaminski-v/sent_items/1335. | Missing mandatory field: body
kaminski-v/sent_items/1336. | Missing mandatory field: body
kaminski-v/sent_items/1338. | Missing mandatory field: subject
kaminski-v/sent_items/134. | Missing mandatory field: body
kaminski-v/sent_items/135. | Missing mandatory field: body
kaminski-v/sent_items/1351. | Missing mandatory field: body
kaminski-v/sent_items/1352. | Missing mandatory field: body
kaminski-v/sent_items/136. | Missing mandatory field: body
kaminski-v/sent_items/1363. | Missing mandatory field: body
kaminski-v/sent_items/137. | Missing mandatory field: body
kaminski-v/sent_items/1370. | Missing mandatory field: body
kaminski-v/sent_items/1371. | Missing mandatory field: subject
kaminski-v/sent_items/1376. | Missing mandatory field: body
kaminski-v/sent_items/138. | Missing mandatory field: body
kaminski-v/sent_items/1382. | Missing mandatory field: body
kaminski-v/sent_items/1389. | Missing mandatory field: body
kaminski-v/sent_items/139. | Missing mandatory field: body
kaminski-v/sent_items/1391. | Missing mandatory field: body
kaminski-v/sent_items/14. | Missing mandatory field: body
kaminski-v/sent_items/140. | Missing mandatory field: body
kaminski-v/sent_items/146. | Missing mandatory field: body
kaminski-v/sent_items/15. | Missing mandatory field: body
kaminski-v/sent_items/152. | Missing mandatory field: body
kaminski-v/sent_items/157. | Missing mandatory field: body
kaminski-v/sent_items/158. | Missing mandatory field: body
kaminski-v/sent_items/16. | Missing mandatory field: body
kaminski-v/sent_items/160. | Missing mandatory field: body
kaminski-v/sent_items/161. | Missing mandatory field: body
kaminski-v/sent_items/163. | Missing mandatory field: body
kaminski-v/sent_items/166. | Missing mandatory field: body
kaminski-v/sent_items/170. | Missing mandatory field: body
kaminski-v/sent_items/171. | Missing mandatory field: body
kaminski-v/sent_items/172. | Missing mandatory field: body
kaminski-v/sent_items/173. | Missing mandatory field: body
kaminski-v/sent_items/174. | Missing mandatory field: body
kaminski-v/sent_items/175. | Missing mandatory field: body
kaminski-v/sent_items/176. | Missing mandatory field: body
kaminski-v/sent_items/178. | Missing mandatory field: body
kaminski-v/sent_items/179. | Missing mandatory field: body
kaminski-v/sent_items/18. | Missing mandatory field: body
kaminski-v/sent_items/180. | Missing mandatory field: body
kaminski-v/sent_items/181. | Missing mandatory field: body
kaminski-v/sent_items/19. | Missing mandatory field: body
kaminski-v/sent_items/2. | Missing mandatory field: body
kaminski-v/sent_items/202. | Missing mandatory field: body
kaminski-v/sent_items/2022. | Missing mandatory field: body
kaminski-v/sent_items/204. | Missing mandatory field: body
kaminski-v/sent_items/207. | Missing mandatory field: body
kaminski-v/sent_items/2094. | Missing mandatory field: body
kaminski-v/sent_items/2098. | Missing mandatory field: body
kaminski-v/sent_items/21. | Missing mandatory field: body
kaminski-v/sent_items/210. | Missing mandatory field: body
kaminski-v/sent_items/2100. | Missing mandatory field: body
kaminski-v/sent_items/2101. | Missing mandatory field: body
kaminski-v/sent_items/2103. | Missing mandatory field: body
kaminski-v/sent_items/2114. | Missing mandatory field: body
kaminski-v/sent_items/2115. | Missing mandatory field: body
kaminski-v/sent_items/2119. | Missing mandatory field: subject
kaminski-v/sent_items/212. | Missing mandatory field: body
kaminski-v/sent_items/2121. | Missing mandatory field: body
kaminski-v/sent_items/213. | Missing mandatory field: body
kaminski-v/sent_items/2137. | Missing mandatory field: body
kaminski-v/sent_items/2138. | Missing mandatory field: body
kaminski-v/sent_items/2139. | Missing mandatory field: body
kaminski-v/sent_items/214. | Missing mandatory field: body
kaminski-v/sent_items/2144. | Missing mandatory field: body
kaminski-v/sent_items/215. | Missing mandatory field: subject
kaminski-v/sent_items/2150. | Missing mandatory field: body
kaminski-v/sent_items/2152. | Missing mandatory field: body
kaminski-v/sent_items/2156. | Missing mandatory field: body
kaminski-v/sent_items/2167. | Missing mandatory field: body
kaminski-v/sent_items/2168. | Missing mandatory field: body
kaminski-v/sent_items/2169. | Missing mandatory field: body
kaminski-v/sent_items/217. | Missing mandatory field: body
kaminski-v/sent_items/2170. | Missing mandatory field: body
kaminski-v/sent_items/2171. | Missing mandatory field: body
kaminski-v/sent_items/2172. | Missing mandatory field: body
kaminski-v/sent_items/2174. | Missing mandatory field: body
kaminski-v/sent_items/2177. | Missing mandatory field: body
kaminski-v/sent_items/2180. | Missing mandatory field: body
kaminski-v/sent_items/2181. | Missing mandatory field: body
kaminski-v/sent_items/2183. | Missing mandatory field: subject
kaminski-v/sent_items/2195. | Missing mandatory field: body
kaminski-v/sent_items/2198. | Missing mandatory field: body
kaminski-v/sent_items/2199. | Missing mandatory field: body
kaminski-v/sent_items/22. | Missing mandatory field: body
kaminski-v/sent_items/2201. | Missing mandatory field: body
kaminski-v/sent_items/2214. | Missing mandatory field: body
kaminski-v/sent_items/2215. | Missing mandatory field: body
kaminski-v/sent_items/2217. | Missing mandatory field: body
kaminski-v/sent_items/222. | Missing mandatory field: body
kaminski-v/sent_items/2220. | Missing mandatory field: subject
kaminski-v/sent_items/2232. | Missing mandatory field: body
kaminski-v/sent_items/2233. | Missing mandatory field: body
kaminski-v/sent_items/2234. | Missing mandatory field: body
kaminski-v/sent_items/224. | Missing mandatory field: body
kaminski-v/sent_items/2240. | Missing mandatory field: body
kaminski-v/sent_items/2241. | Missing mandatory field: body
kaminski-v/sent_items/2242. | Missing mandatory field: body
kaminski-v/sent_items/2243. | Missing mandatory field: body
kaminski-v/sent_items/2244. | Missing mandatory field: body
kaminski-v/sent_items/225. | Missing mandatory field: body
kaminski-v/sent_items/2254. | Missing mandatory field: body
kaminski-v/sent_items/2256. | Missing mandatory field: body
kaminski-v/sent_items/2259. | Missing mandatory field: body
kaminski-v/sent_items/226. | Missing mandatory field: body
kaminski-v/sent_items/2260. | Missing mandatory field: subject
kaminski-v/sent_items/2262. | Missing mandatory field: body
kaminski-v/sent_items/2265. | Missing mandatory field: body
kaminski-v/sent_items/227. | Missing mandatory field: body
kaminski-v/sent_items/2270. | Missing mandatory field: body
kaminski-v/sent_items/2273. | Missing mandatory field: body
kaminski-v/sent_items/2276. | Missing mandatory field: body
kaminski-v/sent_items/2279. | Missing mandatory field: body
kaminski-v/sent_items/228. | Missing mandatory field: body
kaminski-v/sent_items/2280. | Missing mandatory field: body
kaminski-v/sent_items/2282. | Missing mandatory field: body
kaminski-v/sent_items/2283. | Missing mandatory field: body
kaminski-v/sent_items/2285. | Missing mandatory field: body
kaminski-v/sent_items/2290. | Missing mandatory field: subject
kaminski-v/sent_items/230. | Missing mandatory field: body
kaminski-v/sent_items/2300. | Missing mandatory field: body
kaminski-v/sent_items/231. | Missing mandatory field: body
kaminski-v/sent_items/2310. | Missing mandatory field: body
kaminski-v/sent_items/2314. | Missing mandatory field: body
kaminski-v/sent_items/232. | Missing mandatory field: body
kaminski-v/sent_items/2321. | Missing mandatory field: body
kaminski-v/sent_items/2327. | Missing mandatory field: body
kaminski-v/sent_items/2328. | Missing mandatory field: body
kaminski-v/sent_items/233. | Missing mandatory field: body
kaminski-v/sent_items/2330. | Missing mandatory field: body
kaminski-v/sent_items/2337. | Missing mandatory field: body
kaminski-v/sent_items/234. | Missing mandatory field: body
kaminski-v/sent_items/2340. | Missing mandatory field: body
kaminski-v/sent_items/235. | Missing mandatory field: body
kaminski-v/sent_items/2353. | Missing mandatory field: body
kaminski-v/sent_items/2355. | Missing mandatory field: body
kaminski-v/sent_items/2357. | Missing mandatory field: body
kaminski-v/sent_items/2358. | Missing mandatory field: body
kaminski-v/sent_items/2361. | Missing mandatory field: body
kaminski-v/sent_items/2363. | Missing mandatory field: body
kaminski-v/sent_items/2364. | Missing mandatory field: body
kaminski-v/sent_items/2365. | Missing mandatory field: body
kaminski-v/sent_items/2367. | Missing mandatory field: body
kaminski-v/sent_items/2368. | Missing mandatory field: body
kaminski-v/sent_items/238. | Missing mandatory field: body
kaminski-v/sent_items/2382. | Missing mandatory field: subject
kaminski-v/sent_items/2383. | Missing mandatory field: body
kaminski-v/sent_items/2389. | Missing mandatory field: body
kaminski-v/sent_items/2396. | Missing mandatory field: subject
kaminski-v/sent_items/2397. | Missing mandatory field: body
kaminski-v/sent_items/24. | Missing mandatory field: body
kaminski-v/sent_items/2400. | Missing mandatory field: subject
kaminski-v/sent_items/2402. | Missing mandatory field: body
kaminski-v/sent_items/2406. | Missing mandatory field: subject
kaminski-v/sent_items/2408. | Missing mandatory field: body
kaminski-v/sent_items/2409. | Missing mandatory field: subject
kaminski-v/sent_items/242. | Missing mandatory field: body
kaminski-v/sent_items/2426. | Missing mandatory field: body
kaminski-v/sent_items/243. | Missing mandatory field: body
kaminski-v/sent_items/2437. | Missing mandatory field: body
kaminski-v/sent_items/2438. | Missing mandatory field: body
kaminski-v/sent_items/2443. | Missing mandatory field: body
kaminski-v/sent_items/2449. | Missing mandatory field: body
kaminski-v/sent_items/245. | Missing mandatory field: body
kaminski-v/sent_items/2454. | Missing mandatory field: body
kaminski-v/sent_items/2459. | Missing mandatory field: body
kaminski-v/sent_items/246. | Missing mandatory field: body
kaminski-v/sent_items/2460. | Missing mandatory field: body
kaminski-v/sent_items/2463. | Missing mandatory field: body
kaminski-v/sent_items/2466. | Missing mandatory field: body
kaminski-v/sent_items/2469. | Missing mandatory field: body
kaminski-v/sent_items/247. | Missing mandatory field: body
kaminski-v/sent_items/248. | Missing mandatory field: body
kaminski-v/sent_items/2480. | Missing mandatory field: body
kaminski-v/sent_items/2488. | Missing mandatory field: body
kaminski-v/sent_items/2490. | Missing mandatory field: body
kaminski-v/sent_items/2491. | Missing mandatory field: body
kaminski-v/sent_items/25. | Missing mandatory field: body
kaminski-v/sent_items/250. | Missing mandatory field: body
kaminski-v/sent_items/251. | Missing mandatory field: body
kaminski-v/sent_items/2510. | Missing mandatory field: body
kaminski-v/sent_items/2516. | Missing mandatory field: body
kaminski-v/sent_items/2521. | Missing mandatory field: body
kaminski-v/sent_items/2527. | Missing mandatory field: body
kaminski-v/sent_items/2528. | Missing mandatory field: body
kaminski-v/sent_items/2532. | Missing mandatory field: body
kaminski-v/sent_items/2533. | Missing mandatory field: body
kaminski-v/sent_items/2535. | Missing mandatory field: body
kaminski-v/sent_items/2536. | Missing mandatory field: body
kaminski-v/sent_items/254. | Missing mandatory field: body
kaminski-v/sent_items/2540. | Missing mandatory field: body
kaminski-v/sent_items/2546. | Missing mandatory field: body
kaminski-v/sent_items/2547. | Missing mandatory field: body
kaminski-v/sent_items/2550. | Missing mandatory field: body
kaminski-v/sent_items/2551. | Missing mandatory field: body
kaminski-v/sent_items/2558. | Missing mandatory field: subject
kaminski-v/sent_items/2559. | Missing mandatory field: body
kaminski-v/sent_items/256. | Missing mandatory field: body
kaminski-v/sent_items/2563. | Missing mandatory field: body
kaminski-v/sent_items/2564. | Missing mandatory field: body
kaminski-v/sent_items/2565. | Missing mandatory field: body
kaminski-v/sent_items/2566. | Missing mandatory field: body
kaminski-v/sent_items/2567. | Missing mandatory field: body
kaminski-v/sent_items/257. | Missing mandatory field: body
kaminski-v/sent_items/2576. | Missing mandatory field: body
kaminski-v/sent_items/2579. | Missing mandatory field: body
kaminski-v/sent_items/258. | Missing mandatory field: body
kaminski-v/sent_items/2582. | Missing mandatory field: body
kaminski-v/sent_items/2584. | Missing mandatory field: body
kaminski-v/sent_items/259. | Missing mandatory field: body
kaminski-v/sent_items/2593. | Missing mandatory field: subject
kaminski-v/sent_items/2595. | Missing mandatory field: body
kaminski-v/sent_items/260. | Missing mandatory field: body
kaminski-v/sent_items/2602. | Missing mandatory field: body
kaminski-v/sent_items/2604. | Missing mandatory field: body
kaminski-v/sent_items/2605. | Missing mandatory field: subject
kaminski-v/sent_items/2607. | Missing mandatory field: body
kaminski-v/sent_items/2608. | Missing mandatory field: body
kaminski-v/sent_items/2609. | Missing mandatory field: body
kaminski-v/sent_items/2615. | Missing mandatory field: body
kaminski-v/sent_items/2617. | Missing mandatory field: body
kaminski-v/sent_items/2619. | Missing mandatory field: body
kaminski-v/sent_items/2621. | Missing mandatory field: body
kaminski-v/sent_items/2622. | Missing mandatory field: body
kaminski-v/sent_items/2625. | Missing mandatory field: body
kaminski-v/sent_items/263. | Missing mandatory field: body
kaminski-v/sent_items/2631. | Missing mandatory field: subject
kaminski-v/sent_items/2635. | Missing mandatory field: body
kaminski-v/sent_items/2637. | Missing mandatory field: body
kaminski-v/sent_items/2638. | Missing mandatory field: body
kaminski-v/sent_items/2639. | Missing mandatory field: body
kaminski-v/sent_items/264. | Missing mandatory field: body
kaminski-v/sent_items/2640. | Missing mandatory field: body
kaminski-v/sent_items/2641. | Missing mandatory field: body
kaminski-v/sent_items/2644. | Missing mandatory field: body
kaminski-v/sent_items/2645. | Missing mandatory field: subject
kaminski-v/sent_items/2646. | Missing mandatory field: subject
kaminski-v/sent_items/2651. | Missing mandatory field: body
kaminski-v/sent_items/266. | Missing mandatory field: body
kaminski-v/sent_items/2662. | Missing mandatory field: body
kaminski-v/sent_items/2664. | Missing mandatory field: body
kaminski-v/sent_items/2665. | Missing mandatory field: body
kaminski-v/sent_items/2667. | Missing mandatory field: subject
kaminski-v/sent_items/2668. | Missing mandatory field: subject
kaminski-v/sent_items/267. | Missing mandatory field: body
kaminski-v/sent_items/2670. | Missing mandatory field: body
kaminski-v/sent_items/2673. | Missing mandatory field: body
kaminski-v/sent_items/2674. | Missing mandatory field: body
kaminski-v/sent_items/2676. | Missing mandatory field: body
kaminski-v/sent_items/268. | Missing mandatory field: body
kaminski-v/sent_items/2681. | Missing mandatory field: body
kaminski-v/sent_items/2685. | Missing mandatory field: body
kaminski-v/sent_items/2689. | Missing mandatory field: body
kaminski-v/sent_items/2690. | Missing mandatory field: body
kaminski-v/sent_items/2691. | Missing mandatory field: subject
kaminski-v/sent_items/2695. | Missing mandatory field: subject
kaminski-v/sent_items/27. | Missing mandatory field: body
kaminski-v/sent_items/270. | Missing mandatory field: body
kaminski-v/sent_items/2702. | Missing mandatory field: body
kaminski-v/sent_items/2703. | Missing mandatory field: body
kaminski-v/sent_items/2709. | Missing mandatory field: body
kaminski-v/sent_items/271. | Missing mandatory field: body
kaminski-v/sent_items/2710. | Missing mandatory field: body
kaminski-v/sent_items/272. | Missing mandatory field: body
kaminski-v/sent_items/274. | Missing mandatory field: body
kaminski-v/sent_items/277. | Missing mandatory field: body
kaminski-v/sent_items/279. | Missing mandatory field: body
kaminski-v/sent_items/28. | Missing mandatory field: body
kaminski-v/sent_items/280. | Missing mandatory field: body
kaminski-v/sent_items/283. | Missing mandatory field: body
kaminski-v/sent_items/289. | Missing mandatory field: body
kaminski-v/sent_items/294. | Missing mandatory field: body
kaminski-v/sent_items/295. | Missing mandatory field: body
kaminski-v/sent_items/299. | Missing mandatory field: body
kaminski-v/sent_items/300. | Missing mandatory field: body
kaminski-v/sent_items/301. | Missing mandatory field: body
kaminski-v/sent_items/302. | Missing mandatory field: body
kaminski-v/sent_items/303. | Missing mandatory field: body
kaminski-v/sent_items/304. | Missing mandatory field: body
kaminski-v/sent_items/305. | Missing mandatory field: body
kaminski-v/sent_items/306. | Missing mandatory field: body
kaminski-v/sent_items/307. | Missing mandatory field: body
kaminski-v/sent_items/308. | Missing mandatory field: body
kaminski-v/sent_items/309. | Missing mandatory field: body
kaminski-v/sent_items/310. | Missing mandatory field: body
kaminski-v/sent_items/311. | Missing mandatory field: body
kaminski-v/sent_items/312. | Missing mandatory field: body
kaminski-v/sent_items/316. | Missing mandatory field: body
kaminski-v/sent_items/318. | Missing mandatory field: body
kaminski-v/sent_items/319. | Missing mandatory field: body
kaminski-v/sent_items/323. | Missing mandatory field: body
kaminski-v/sent_items/324. | Missing mandatory field: body
kaminski-v/sent_items/325. | Missing mandatory field: body
kaminski-v/sent_items/327. | Missing mandatory field: body
kaminski-v/sent_items/328. | Missing mandatory field: body
kaminski-v/sent_items/329. | Missing mandatory field: body
kaminski-v/sent_items/33. | Missing mandatory field: body
kaminski-v/sent_items/331. | Missing mandatory field: body
kaminski-v/sent_items/332. | Missing mandatory field: body
kaminski-v/sent_items/333. | Missing mandatory field: body
kaminski-v/sent_items/334. | Missing mandatory field: body
kaminski-v/sent_items/336. | Missing mandatory field: body
kaminski-v/sent_items/337. | Missing mandatory field: body
kaminski-v/sent_items/34. | Missing mandatory field: body
kaminski-v/sent_items/341. | Missing mandatory field: body
kaminski-v/sent_items/343. | Missing mandatory field: body
kaminski-v/sent_items/347. | Missing mandatory field: body
kaminski-v/sent_items/35. | Missing mandatory field: body
kaminski-v/sent_items/350. | Missing mandatory field: body
kaminski-v/sent_items/351. | Missing mandatory field: body
kaminski-v/sent_items/352. | Missing mandatory field: body
kaminski-v/sent_items/354. | Missing mandatory field: body
kaminski-v/sent_items/355. | Missing mandatory field: body
kaminski-v/sent_items/356. | Missing mandatory field: body
kaminski-v/sent_items/36. | Missing mandatory field: body
kaminski-v/sent_items/362. | Missing mandatory field: body
kaminski-v/sent_items/363. | Missing mandatory field: body
kaminski-v/sent_items/365. | Missing mandatory field: body
kaminski-v/sent_items/366. | Missing mandatory field: body
kaminski-v/sent_items/367. | Missing mandatory field: body
kaminski-v/sent_items/368. | Missing mandatory field: body
kaminski-v/sent_items/374. | Missing mandatory field: body
kaminski-v/sent_items/378. | Missing mandatory field: body
kaminski-v/sent_items/379. | Missing mandatory field: body
kaminski-v/sent_items/380. | Missing mandatory field: body
kaminski-v/sent_items/382. | Missing mandatory field: body
kaminski-v/sent_items/385. | Missing mandatory field: body
kaminski-v/sent_items/386. | Missing mandatory field: body
kaminski-v/sent_items/390. | Missing mandatory field: body
kaminski-v/sent_items/391. | Missing mandatory field: body
kaminski-v/sent_items/392. | Missing mandatory field: body
kaminski-v/sent_items/393. | Missing mandatory field: body
kaminski-v/sent_items/395. | Missing mandatory field: body
kaminski-v/sent_items/4. | Missing mandatory field: subject
kaminski-v/sent_items/40. | Missing mandatory field: body
kaminski-v/sent_items/41. | Missing mandatory field: body
kaminski-v/sent_items/42. | Missing mandatory field: body
kaminski-v/sent_items/43. | Missing mandatory field: body
kaminski-v/sent_items/44. | Missing mandatory field: body
kaminski-v/sent_items/45. | Missing mandatory field: body
kaminski-v/sent_items/47. | Missing mandatory field: body
kaminski-v/sent_items/48. | Missing mandatory field: body
kaminski-v/sent_items/485. | Missing mandatory field: body
kaminski-v/sent_items/486. | Missing mandatory field: body
kaminski-v/sent_items/488. | Missing mandatory field: body
kaminski-v/sent_items/49. | Missing mandatory field: body
kaminski-v/sent_items/490. | Missing mandatory field: subject
kaminski-v/sent_items/491. | Missing mandatory field: subject
kaminski-v/sent_items/493. | Missing mandatory field: subject
kaminski-v/sent_items/494. | Missing mandatory field: subject
kaminski-v/sent_items/495. | Missing mandatory field: subject
kaminski-v/sent_items/497. | Missing mandatory field: subject
kaminski-v/sent_items/499. | Missing mandatory field: subject
kaminski-v/sent_items/50. | Missing mandatory field: body
kaminski-v/sent_items/500. | Missing mandatory field: subject
kaminski-v/sent_items/501. | Missing mandatory field: body
kaminski-v/sent_items/502. | Missing mandatory field: body
kaminski-v/sent_items/504. | Missing mandatory field: body
kaminski-v/sent_items/505. | Missing mandatory field: subject
kaminski-v/sent_items/506. | Missing mandatory field: subject
kaminski-v/sent_items/51. | Missing mandatory field: subject
kaminski-v/sent_items/517. | Missing mandatory field: body
kaminski-v/sent_items/518. | Missing mandatory field: body
kaminski-v/sent_items/52. | Missing mandatory field: body
kaminski-v/sent_items/520. | Missing mandatory field: body
kaminski-v/sent_items/521. | Missing mandatory field: body
kaminski-v/sent_items/523. | Missing mandatory field: body
kaminski-v/sent_items/527. | Missing mandatory field: subject
kaminski-v/sent_items/53. | Missing mandatory field: body
kaminski-v/sent_items/538. | Missing mandatory field: body
kaminski-v/sent_items/539. | Missing mandatory field: body
kaminski-v/sent_items/54. | Missing mandatory field: body
kaminski-v/sent_items/540. | Missing mandatory field: body
kaminski-v/sent_items/541. | Missing mandatory field: body
kaminski-v/sent_items/542. | Missing mandatory field: body
kaminski-v/sent_items/543. | Missing mandatory field: body
kaminski-v/sent_items/545. | Missing mandatory field: body
kaminski-v/sent_items/546. | Missing mandatory field: body
kaminski-v/sent_items/547. | Missing mandatory field: body
kaminski-v/sent_items/548. | Missing mandatory field: body
kaminski-v/sent_items/549. | Missing mandatory field: body
kaminski-v/sent_items/550. | Missing mandatory field: body
kaminski-v/sent_items/551. | Missing mandatory field: body
kaminski-v/sent_items/553. | Missing mandatory field: body
kaminski-v/sent_items/555. | Missing mandatory field: body
kaminski-v/sent_items/556. | Missing mandatory field: body
kaminski-v/sent_items/557. | Missing mandatory field: body
kaminski-v/sent_items/558. | Missing mandatory field: body
kaminski-v/sent_items/56. | Missing mandatory field: body
kaminski-v/sent_items/566. | Missing mandatory field: body
kaminski-v/sent_items/567. | Missing mandatory field: subject
kaminski-v/sent_items/568. | Missing mandatory field: body
kaminski-v/sent_items/569. | Missing mandatory field: body
kaminski-v/sent_items/571. | Missing mandatory field: body
kaminski-v/sent_items/574. | Missing mandatory field: subject
kaminski-v/sent_items/575. | Missing mandatory field: body
kaminski-v/sent_items/586. | Missing mandatory field: body
kaminski-v/sent_items/587. | Missing mandatory field: body
kaminski-v/sent_items/588. | Missing mandatory field: body
kaminski-v/sent_items/590. | Missing mandatory field: body
kaminski-v/sent_items/591. | Missing mandatory field: body
kaminski-v/sent_items/592. | Missing mandatory field: body
kaminski-v/sent_items/593. | Missing mandatory field: body
kaminski-v/sent_items/594. | Missing mandatory field: body
kaminski-v/sent_items/605. | Missing mandatory field: body
kaminski-v/sent_items/606. | Missing mandatory field: body
kaminski-v/sent_items/607. | Missing mandatory field: body
kaminski-v/sent_items/608. | Missing mandatory field: body
kaminski-v/sent_items/61. | Missing mandatory field: body
kaminski-v/sent_items/610. | Missing mandatory field: body
kaminski-v/sent_items/623. | Missing mandatory field: body
kaminski-v/sent_items/627. | Missing mandatory field: body
kaminski-v/sent_items/63. | Missing mandatory field: body
kaminski-v/sent_items/639. | Missing mandatory field: body
kaminski-v/sent_items/64. | Missing mandatory field: body
kaminski-v/sent_items/644. | Missing mandatory field: body
kaminski-v/sent_items/645. | Missing mandatory field: body
kaminski-v/sent_items/647. | Missing mandatory field: body
kaminski-v/sent_items/649. | Missing mandatory field: body
kaminski-v/sent_items/65. | Missing mandatory field: body
kaminski-v/sent_items/656. | Missing mandatory field: body
kaminski-v/sent_items/658. | Missing mandatory field: body
kaminski-v/sent_items/659. | Missing mandatory field: body
kaminski-v/sent_items/66. | Missing mandatory field: body
kaminski-v/sent_items/660. | Missing mandatory field: subject
kaminski-v/sent_items/661. | Missing mandatory field: body
kaminski-v/sent_items/662. | Missing mandatory field: body
kaminski-v/sent_items/667. | Missing mandatory field: subject
kaminski-v/sent_items/668. | Missing mandatory field: body
kaminski-v/sent_items/679. | Missing mandatory field: body
kaminski-v/sent_items/683. | Missing mandatory field: body
kaminski-v/sent_items/687. | Missing mandatory field: body
kaminski-v/sent_items/69. | Missing mandatory field: body
kaminski-v/sent_items/693. | Missing mandatory field: body
kaminski-v/sent_items/694. | Missing mandatory field: body
kaminski-v/sent_items/7. | Missing mandatory field: body
kaminski-v/sent_items/704. | Missing mandatory field: body
kaminski-v/sent_items/71. | Missing mandatory field: body
kaminski-v/sent_items/712. | Missing mandatory field: body
kaminski-v/sent_items/714. | Missing mandatory field: body
kaminski-v/sent_items/719. | Missing mandatory field: body
kaminski-v/sent_items/720. | Missing mandatory field: body
kaminski-v/sent_items/726. | Missing mandatory field: body
kaminski-v/sent_items/731. | Missing mandatory field: body
kaminski-v/sent_items/732. | Missing mandatory field: body
kaminski-v/sent_items/734. | Missing mandatory field: body
kaminski-v/sent_items/735. | Missing mandatory field: body
kaminski-v/sent_items/741. | Missing mandatory field: body
kaminski-v/sent_items/742. | Missing mandatory field: body
kaminski-v/sent_items/743. | Missing mandatory field: body
kaminski-v/sent_items/749. | Missing mandatory field: body
kaminski-v/sent_items/750. | Missing mandatory field: body
kaminski-v/sent_items/755. | Missing mandatory field: body
kaminski-v/sent_items/756. | Missing mandatory field: body
kaminski-v/sent_items/757. | Missing mandatory field: body
kaminski-v/sent_items/767. | Missing mandatory field: body
kaminski-v/sent_items/768. | Missing mandatory field: body
kaminski-v/sent_items/770. | Missing mandatory field: body
kaminski-v/sent_items/771. | Missing mandatory field: body
kaminski-v/sent_items/772. | Missing mandatory field: body
kaminski-v/sent_items/773. | Missing mandatory field: body
kaminski-v/sent_items/774. | Missing mandatory field: body
kaminski-v/sent_items/775. | Missing mandatory field: body
kaminski-v/sent_items/777. | Missing mandatory field: body
kaminski-v/sent_items/778. | Missing mandatory field: body
kaminski-v/sent_items/78. | Missing mandatory field: body
kaminski-v/sent_items/780. | Missing mandatory field: body
kaminski-v/sent_items/781. | Missing mandatory field: body
kaminski-v/sent_items/782. | Missing mandatory field: body
kaminski-v/sent_items/783. | Missing mandatory field: body
kaminski-v/sent_items/784. | Missing mandatory field: body
kaminski-v/sent_items/785. | Missing mandatory field: body
kaminski-v/sent_items/786. | Missing mandatory field: body
kaminski-v/sent_items/787. | Missing mandatory field: body
kaminski-v/sent_items/79. | Missing mandatory field: subject
kaminski-v/sent_items/798. | Missing mandatory field: body
kaminski-v/sent_items/8. | Missing mandatory field: body
kaminski-v/sent_items/800. | Missing mandatory field: body
kaminski-v/sent_items/801. | Missing mandatory field: body
kaminski-v/sent_items/807. | Missing mandatory field: body
kaminski-v/sent_items/816. | Missing mandatory field: body
kaminski-v/sent_items/819. | Missing mandatory field: body
kaminski-v/sent_items/82. | Missing mandatory field: body
kaminski-v/sent_items/820. | Missing mandatory field: body
kaminski-v/sent_items/821. | Missing mandatory field: body
kaminski-v/sent_items/822. | Missing mandatory field: body
kaminski-v/sent_items/825. | Missing mandatory field: body
kaminski-v/sent_items/829. | Missing mandatory field: body
kaminski-v/sent_items/83. | Missing mandatory field: body
kaminski-v/sent_items/831. | Missing mandatory field: body
kaminski-v/sent_items/836. | Missing mandatory field: body
kaminski-v/sent_items/839. | Missing mandatory field: body
kaminski-v/sent_items/84. | Missing mandatory field: body
kaminski-v/sent_items/843. | Missing mandatory field: body
kaminski-v/sent_items/844. | Missing mandatory field: body
kaminski-v/sent_items/847. | Missing mandatory field: body
kaminski-v/sent_items/85. | Missing mandatory field: body
kaminski-v/sent_items/851. | Missing mandatory field: body
kaminski-v/sent_items/855. | Missing mandatory field: body
kaminski-v/sent_items/856. | Missing mandatory field: body
kaminski-v/sent_items/858. | Missing mandatory field: body
kaminski-v/sent_items/86. | Missing mandatory field: body
kaminski-v/sent_items/868. | Missing mandatory field: body
kaminski-v/sent_items/87. | Missing mandatory field: body
kaminski-v/sent_items/874. | Missing mandatory field: body
kaminski-v/sent_items/88. | Missing mandatory field: body
kaminski-v/sent_items/885. | Missing mandatory field: body
kaminski-v/sent_items/887. | Missing mandatory field: body
kaminski-v/sent_items/888. | Missing mandatory field: body
kaminski-v/sent_items/89. | Missing mandatory field: body
kaminski-v/sent_items/896. | Missing mandatory field: body
kaminski-v/sent_items/897. | Missing mandatory field: body
kaminski-v/sent_items/9. | Missing mandatory field: body
kaminski-v/sent_items/90. | Missing mandatory field: body
kaminski-v/sent_items/905. | Missing mandatory field: body
kaminski-v/sent_items/908. | Missing mandatory field: body
kaminski-v/sent_items/909. | Missing mandatory field: body
kaminski-v/sent_items/91. | Missing mandatory field: body
kaminski-v/sent_items/913. | Missing mandatory field: body
kaminski-v/sent_items/914. | Missing mandatory field: body
kaminski-v/sent_items/918. | Missing mandatory field: body
kaminski-v/sent_items/919. | Missing mandatory field: body
kaminski-v/sent_items/921. | Missing mandatory field: body
kaminski-v/sent_items/927. | Missing mandatory field: body
kaminski-v/sent_items/94. | Missing mandatory field: body
kaminski-v/sent_items/941. | Missing mandatory field: body
kaminski-v/sent_items/943. | Missing mandatory field: body
kaminski-v/sent_items/945. | Missing mandatory field: body
kaminski-v/sent_items/95. | Missing mandatory field: body
kaminski-v/sent_items/950. | Missing mandatory field: body
kaminski-v/sent_items/951. | Missing mandatory field: body
kaminski-v/sent_items/955. | Missing mandatory field: body
kaminski-v/sent_items/956. | Missing mandatory field: body
kaminski-v/sent_items/957. | Missing mandatory field: body
kaminski-v/sent_items/958. | Missing mandatory field: body
kaminski-v/sent_items/962. | Missing mandatory field: body
kaminski-v/sent_items/965. | Missing mandatory field: body
kaminski-v/sent_items/972. | Missing mandatory field: body
kaminski-v/sent_items/976. | Missing mandatory field: body
kaminski-v/sent_items/980. | Missing mandatory field: body
kaminski-v/sent_items/981. | Missing mandatory field: body
kaminski-v/sent_items/982. | Missing mandatory field: body
kaminski-v/sent_items/983. | Missing mandatory field: body
kaminski-v/sent_items/988. | Missing mandatory field: body
kaminski-v/sent_items/989. | Missing mandatory field: body
kaminski-v/sent_items/991. | Missing mandatory field: body
kaminski-v/sent_items/995. | Missing mandatory field: body
kaminski-v/sent_items/996. | Missing mandatory field: body
kaminski-v/sites/1. | Missing mandatory field: to_addresses
kaminski-v/sites/19. | Missing mandatory field: to_addresses
kaminski-v/sites/32. | Missing mandatory field: to_addresses
kaminski-v/sites/33. | Missing mandatory field: to_addresses
kaminski-v/sites/34. | Missing mandatory field: to_addresses
kaminski-v/sites/35. | Missing mandatory field: to_addresses
kaminski-v/sites/37. | Missing mandatory field: subject
kaminski-v/stanford/1. | Missing mandatory field: to_addresses
kaminski-v/stanford/100. | Missing mandatory field: body
kaminski-v/stanford/19. | Missing mandatory field: to_addresses
kaminski-v/stanford/45. | Missing mandatory field: body
kaminski-v/stanford/48. | Missing mandatory field: subject
kaminski-v/stanford/50. | Missing mandatory field: subject
kaminski-v/tasks/1. | Missing mandatory field: to_addresses
kaminski-v/technical/1. | Missing mandatory field: to_addresses
kaminski-v/technical/7. | Missing mandatory field: to_addresses
kaminski-v/universities/102. | Missing mandatory field: body
kaminski-v/universities/103. | Missing mandatory field: body
kaminski-v/universities/114. | Missing mandatory field: to_addresses
kaminski-v/universities/118. | Missing mandatory field: subject
kaminski-v/universities/139. | Missing mandatory field: subject
kaminski-v/universities/167. | Missing mandatory field: subject
kaminski-v/universities/175. | Missing mandatory field: subject
kaminski-v/universities/18. | Missing mandatory field: subject
kaminski-v/universities/19. | Missing mandatory field: body
kaminski-v/universities/192. | Missing mandatory field: body
kaminski-v/universities/233. | Missing mandatory field: body
kaminski-v/universities/236. | Missing mandatory field: body
kaminski-v/universities/304. | Missing mandatory field: body
kaminski-v/universities/343. | Missing mandatory field: body
kaminski-v/universities/346. | Missing mandatory field: body
kaminski-v/universities/370. | Missing mandatory field: subject
kaminski-v/universities/74. | Missing mandatory field: subject
kaminski-v/universities/84. | Missing mandatory field: subject
kaminski-v/ut/7. | Missing mandatory field: to_addresses
kaminski-v/var/1. | Missing mandatory field: subject
kaminski-v/var/109. | Missing mandatory field: subject
kaminski-v/var/57. | Missing mandatory field: subject
kaminski-v/var/82. | Missing mandatory field: subject
kaminski-v/var/86. | Missing mandatory field: subject
kaminski-v/var/91. | Missing mandatory field: subject
kaminski-v/weather/11. | Missing mandatory field: to_addresses
kaminski-v/weather/13. | Missing mandatory field: to_addresses
kaminski-v/weather/17. | Missing mandatory field: body
kaminski-v/weather/18. | Missing mandatory field: body
lay-k/_sent/97. | Missing mandatory field: subject
lay-k/all_documents/1011. | Missing mandatory field: to_addresses
lay-k/all_documents/1021. | Missing mandatory field: to_addresses
lay-k/all_documents/1022. | Missing mandatory field: to_addresses
lay-k/all_documents/1025. | Missing mandatory field: to_addresses
lay-k/all_documents/1029. | Missing mandatory field: subject
lay-k/all_documents/1037. | Missing mandatory field: body
lay-k/all_documents/1130. | Missing mandatory field: subject
lay-k/all_documents/12. | Missing mandatory field: subject
lay-k/all_documents/1331. | Missing mandatory field: subject
lay-k/all_documents/139. | Missing mandatory field: body
lay-k/all_documents/156. | Missing mandatory field: subject
lay-k/all_documents/206. | Missing mandatory field: to_addresses
lay-k/all_documents/22. | Missing mandatory field: to_addresses
lay-k/all_documents/226. | Missing mandatory field: to_addresses
lay-k/all_documents/227. | Missing mandatory field: to_addresses
lay-k/all_documents/23. | Missing mandatory field: to_addresses
lay-k/all_documents/233. | Missing mandatory field: subject
lay-k/all_documents/234. | Missing mandatory field: to_addresses
lay-k/all_documents/244. | Missing mandatory field: to_addresses
lay-k/all_documents/254. | Missing mandatory field: body
lay-k/all_documents/294. | Missing mandatory field: subject
lay-k/all_documents/299. | Missing mandatory field: to_addresses
lay-k/all_documents/30. | Missing mandatory field: to_addresses
lay-k/all_documents/303. | Missing mandatory field: to_addresses
lay-k/all_documents/310. | Missing mandatory field: to_addresses
lay-k/all_documents/312. | Missing mandatory field: body
lay-k/all_documents/315. | Missing mandatory field: body
lay-k/all_documents/318. | Missing mandatory field: body
lay-k/all_documents/32. | Missing mandatory field: body
lay-k/all_documents/322. | Missing mandatory field: to_addresses
lay-k/all_documents/325. | Missing mandatory field: to_addresses
lay-k/all_documents/348. | Missing mandatory field: to_addresses
lay-k/all_documents/349. | Missing mandatory field: body
lay-k/all_documents/355. | Missing mandatory field: body
lay-k/all_documents/366. | Missing mandatory field: to_addresses
lay-k/all_documents/367. | Missing mandatory field: to_addresses
lay-k/all_documents/368. | Missing mandatory field: to_addresses
lay-k/all_documents/369. | Missing mandatory field: to_addresses
lay-k/all_documents/375. | Missing mandatory field: to_addresses
lay-k/all_documents/379. | Missing mandatory field: to_addresses
lay-k/all_documents/381. | Missing mandatory field: to_addresses
lay-k/all_documents/411. | Missing mandatory field: subject
lay-k/all_documents/42. | Missing mandatory field: body
lay-k/all_documents/435. | Missing mandatory field: body
lay-k/all_documents/439. | Missing mandatory field: to_addresses
lay-k/all_documents/442. | Missing mandatory field: to_addresses
lay-k/all_documents/457. | Missing mandatory field: subject
lay-k/all_documents/462. | Missing mandatory field: subject
lay-k/all_documents/464. | Missing mandatory field: to_addresses
lay-k/all_documents/477. | Missing mandatory field: body
lay-k/all_documents/486. | Missing mandatory field: to_addresses
lay-k/all_documents/493. | Missing mandatory field: to_addresses
lay-k/all_documents/499. | Missing mandatory field: subject
lay-k/all_documents/518. | Missing mandatory field: to_addresses
lay-k/all_documents/529. | Missing mandatory field: to_addresses
lay-k/all_documents/539. | Missing mandatory field: to_addresses
lay-k/all_documents/541. | Missing mandatory field: to_addresses
lay-k/all_documents/543. | Missing mandatory field: to_addresses
lay-k/all_documents/552. | Missing mandatory field: to_addresses
lay-k/all_documents/562. | Missing mandatory field: to_addresses
lay-k/all_documents/566. | Missing mandatory field: to_addresses
lay-k/all_documents/572. | Missing mandatory field: to_addresses
lay-k/all_documents/578. | Missing mandatory field: to_addresses
lay-k/all_documents/581. | Missing mandatory field: body
lay-k/all_documents/594. | Missing mandatory field: to_addresses
lay-k/all_documents/595. | Missing mandatory field: to_addresses
lay-k/all_documents/598. | Missing mandatory field: body
lay-k/all_documents/599. | Missing mandatory field: to_addresses
lay-k/all_documents/604. | Missing mandatory field: body
lay-k/all_documents/607. | Missing mandatory field: to_addresses
lay-k/all_documents/611. | Missing mandatory field: to_addresses
lay-k/all_documents/619. | Missing mandatory field: to_addresses
lay-k/all_documents/641. | Missing mandatory field: body
lay-k/all_documents/646. | Missing mandatory field: to_addresses
lay-k/all_documents/648. | Missing mandatory field: subject
lay-k/all_documents/653. | Missing mandatory field: subject
lay-k/all_documents/660. | Missing mandatory field: to_addresses
lay-k/all_documents/666. | Missing mandatory field: to_addresses
lay-k/all_documents/670. | Missing mandatory field: body
lay-k/all_documents/672. | Missing mandatory field: body
lay-k/all_documents/686. | Missing mandatory field: body
lay-k/all_documents/692. | Missing mandatory field: to_addresses
lay-k/all_documents/697. | Missing mandatory field: body
lay-k/all_documents/699. | Missing mandatory field: to_addresses
lay-k/all_documents/729. | Missing mandatory field: body
lay-k/all_documents/758. | Missing mandatory field: body
lay-k/all_documents/765. | Missing mandatory field: to_addresses
lay-k/all_documents/780. | Missing mandatory field: to_addresses
lay-k/all_documents/788. | Missing mandatory field: body
lay-k/all_documents/789. | Missing mandatory field: to_addresses
lay-k/all_documents/800. | Missing mandatory field: body
lay-k/all_documents/805. | Missing mandatory field: body
lay-k/all_documents/815. | Missing mandatory field: body
lay-k/all_documents/831. | Missing mandatory field: to_addresses
lay-k/all_documents/845. | Missing mandatory field: to_addresses
lay-k/all_documents/846. | Missing mandatory field: to_addresses
lay-k/all_documents/850. | Missing mandatory field: subject
lay-k/all_documents/858. | Missing mandatory field: subject
lay-k/all_documents/868. | Missing mandatory field: body
lay-k/all_documents/869. | Missing mandatory field: body
lay-k/all_documents/872. | Missing mandatory field: to_addresses
lay-k/all_documents/878. | Missing mandatory field: body
lay-k/all_documents/885. | Missing mandatory field: subject
lay-k/all_documents/893. | Missing mandatory field: to_addresses
lay-k/all_documents/903. | Missing mandatory field: to_addresses
lay-k/all_documents/917. | Missing mandatory field: body
lay-k/all_documents/918. | Missing mandatory field: to_addresses
lay-k/all_documents/923. | Missing mandatory field: subject
lay-k/all_documents/944. | Missing mandatory field: to_addresses
lay-k/all_documents/964. | Missing mandatory field: to_addresses
lay-k/all_documents/965. | Missing mandatory field: subject
lay-k/all_documents/970. | Missing mandatory field: to_addresses
lay-k/all_documents/974. | Missing mandatory field: subject
lay-k/calendar/1. | Missing mandatory field: to_addresses
lay-k/calendar/3. | Missing mandatory field: to_addresses
lay-k/calendar/4. | Missing mandatory field: to_addresses
lay-k/calendar/5. | Missing mandatory field: to_addresses
lay-k/calendar/6. | Missing mandatory field: to_addresses
lay-k/calendar/7. | Missing mandatory field: to_addresses
lay-k/calendar/8. | Missing mandatory field: to_addresses
lay-k/deleted_items/532. | Missing mandatory field: from_address
lay-k/discussion_threads/119. | Missing mandatory field: to_addresses
lay-k/discussion_threads/139. | Missing mandatory field: to_addresses
lay-k/discussion_threads/140. | Missing mandatory field: to_addresses
lay-k/discussion_threads/148. | Missing mandatory field: subject
lay-k/discussion_threads/149. | Missing mandatory field: to_addresses
lay-k/discussion_threads/160. | Missing mandatory field: to_addresses
lay-k/discussion_threads/169. | Missing mandatory field: body
lay-k/discussion_threads/17. | Missing mandatory field: to_addresses
lay-k/discussion_threads/18. | Missing mandatory field: to_addresses
lay-k/discussion_threads/204. | Missing mandatory field: subject
lay-k/discussion_threads/208. | Missing mandatory field: to_addresses
lay-k/discussion_threads/212. | Missing mandatory field: to_addresses
lay-k/discussion_threads/219. | Missing mandatory field: to_addresses
lay-k/discussion_threads/221. | Missing mandatory field: body
lay-k/discussion_threads/224. | Missing mandatory field: body
lay-k/discussion_threads/227. | Missing mandatory field: body
lay-k/discussion_threads/232. | Missing mandatory field: to_addresses
lay-k/discussion_threads/236. | Missing mandatory field: to_addresses
lay-k/discussion_threads/25. | Missing mandatory field: to_addresses
lay-k/discussion_threads/254. | Missing mandatory field: to_addresses
lay-k/discussion_threads/255. | Missing mandatory field: body
lay-k/discussion_threads/26. | Missing mandatory field: body
lay-k/discussion_threads/266. | Missing mandatory field: to_addresses
lay-k/discussion_threads/267. | Missing mandatory field: to_addresses
lay-k/discussion_threads/268. | Missing mandatory field: to_addresses
lay-k/discussion_threads/269. | Missing mandatory field: to_addresses
lay-k/discussion_threads/274. | Missing mandatory field: to_addresses
lay-k/discussion_threads/278. | Missing mandatory field: to_addresses
lay-k/discussion_threads/280. | Missing mandatory field: to_addresses
lay-k/discussion_threads/308. | Missing mandatory field: subject
lay-k/discussion_threads/334. | Missing mandatory field: to_addresses
lay-k/discussion_threads/337. | Missing mandatory field: to_addresses
lay-k/discussion_threads/34. | Missing mandatory field: body
lay-k/discussion_threads/353. | Missing mandatory field: subject
lay-k/discussion_threads/356. | Missing mandatory field: subject
lay-k/discussion_threads/358. | Missing mandatory field: to_addresses
lay-k/discussion_threads/370. | Missing mandatory field: body
lay-k/discussion_threads/379. | Missing mandatory field: to_addresses
lay-k/discussion_threads/385. | Missing mandatory field: to_addresses
lay-k/discussion_threads/391. | Missing mandatory field: subject
lay-k/discussion_threads/410. | Missing mandatory field: to_addresses
lay-k/discussion_threads/421. | Missing mandatory field: to_addresses
lay-k/discussion_threads/432. | Missing mandatory field: to_addresses
lay-k/discussion_threads/434. | Missing mandatory field: to_addresses
lay-k/discussion_threads/436. | Missing mandatory field: to_addresses
lay-k/discussion_threads/445. | Missing mandatory field: to_addresses
lay-k/discussion_threads/454. | Missing mandatory field: to_addresses
lay-k/discussion_threads/462. | Missing mandatory field: to_addresses
lay-k/discussion_threads/468. | Missing mandatory field: to_addresses
lay-k/discussion_threads/471. | Missing mandatory field: body
lay-k/discussion_threads/479. | Missing mandatory field: to_addresses
lay-k/discussion_threads/481. | Missing mandatory field: to_addresses
lay-k/discussion_threads/486. | Missing mandatory field: body
lay-k/discussion_threads/487. | Missing mandatory field: to_addresses
lay-k/discussion_threads/504. | Missing mandatory field: body
lay-k/discussion_threads/509. | Missing mandatory field: to_addresses
lay-k/discussion_threads/511. | Missing mandatory field: subject
lay-k/discussion_threads/515. | Missing mandatory field: subject
lay-k/discussion_threads/522. | Missing mandatory field: to_addresses
lay-k/discussion_threads/529. | Missing mandatory field: to_addresses
lay-k/discussion_threads/533. | Missing mandatory field: body
lay-k/discussion_threads/535. | Missing mandatory field: body
lay-k/discussion_threads/551. | Missing mandatory field: body
lay-k/discussion_threads/557. | Missing mandatory field: to_addresses
lay-k/discussion_threads/561. | Missing mandatory field: body
lay-k/discussion_threads/563. | Missing mandatory field: to_addresses
lay-k/discussion_threads/591. | Missing mandatory field: body
lay-k/discussion_threads/618. | Missing mandatory field: body
lay-k/discussion_threads/625. | Missing mandatory field: to_addresses
lay-k/discussion_threads/640. | Missing mandatory field: to_addresses
lay-k/discussion_threads/648. | Missing mandatory field: body
lay-k/discussion_threads/649. | Missing mandatory field: to_addresses
lay-k/discussion_threads/661. | Missing mandatory field: body
lay-k/discussion_threads/665. | Missing mandatory field: body
lay-k/discussion_threads/675. | Missing mandatory field: body
lay-k/discussion_threads/693. | Missing mandatory field: to_addresses
lay-k/discussion_threads/707. | Missing mandatory field: to_addresses
lay-k/discussion_threads/708. | Missing mandatory field: to_addresses
lay-k/discussion_threads/712. | Missing mandatory field: subject
lay-k/discussion_threads/721. | Missing mandatory field: subject
lay-k/discussion_threads/729. | Missing mandatory field: body
lay-k/discussion_threads/73. | Missing mandatory field: body
lay-k/discussion_threads/731. | Missing mandatory field: body
lay-k/discussion_threads/734. | Missing mandatory field: to_addresses
lay-k/discussion_threads/738. | Missing mandatory field: body
lay-k/discussion_threads/745. | Missing mandatory field: subject
lay-k/discussion_threads/752. | Missing mandatory field: to_addresses
lay-k/discussion_threads/762. | Missing mandatory field: to_addresses
lay-k/discussion_threads/777. | Missing mandatory field: body
lay-k/discussion_threads/778. | Missing mandatory field: to_addresses
lay-k/discussion_threads/78. | Missing mandatory field: subject
lay-k/discussion_threads/785. | Missing mandatory field: subject
lay-k/discussion_threads/806. | Missing mandatory field: to_addresses
lay-k/discussion_threads/825. | Missing mandatory field: to_addresses
lay-k/discussion_threads/826. | Missing mandatory field: subject
lay-k/discussion_threads/831. | Missing mandatory field: to_addresses
lay-k/discussion_threads/835. | Missing mandatory field: subject
lay-k/discussion_threads/868. | Missing mandatory field: to_addresses
lay-k/discussion_threads/878. | Missing mandatory field: to_addresses
lay-k/discussion_threads/879. | Missing mandatory field: to_addresses
lay-k/discussion_threads/883. | Missing mandatory field: to_addresses
lay-k/discussion_threads/887. | Missing mandatory field: subject
lay-k/discussion_threads/895. | Missing mandatory field: body
lay-k/discussion_threads/9. | Missing mandatory field: subject
lay-k/discussion_threads/905. | Missing mandatory field: subject
lay-k/discussion_threads/937. | Missing mandatory field: body
lay-k/discussion_threads/944. | Missing mandatory field: subject
lay-k/elizabeth/13. | Missing mandatory field: to_addresses
lay-k/elizabeth/14. | Missing mandatory field: to_addresses
lay-k/elizabeth/21. | Missing mandatory field: to_addresses
lay-k/elizabeth/23. | Missing mandatory field: body
lay-k/elizabeth/6. | Missing mandatory field: subject
lay-k/family/6. | Missing mandatory field: body
lay-k/inbox/1003. | Missing mandatory field: body
lay-k/inbox/101. | Missing mandatory field: body
lay-k/inbox/1017. | Missing mandatory field: subject
lay-k/inbox/1020. | Missing mandatory field: to_addresses
lay-k/inbox/1022. | Missing mandatory field: to_addresses
lay-k/inbox/1023. | Missing mandatory field: to_addresses
lay-k/inbox/1029. | Missing mandatory field: to_addresses
lay-k/inbox/1031. | Missing mandatory field: to_addresses
lay-k/inbox/1035. | Missing mandatory field: subject
lay-k/inbox/1036. | Missing mandatory field: subject
lay-k/inbox/1040. | Missing mandatory field: to_addresses
lay-k/inbox/1054. | Missing mandatory field: body
lay-k/inbox/106. | Missing mandatory field: to_addresses
lay-k/inbox/1060. | Missing mandatory field: body
lay-k/inbox/1061. | Missing mandatory field: to_addresses
lay-k/inbox/1062. | Missing mandatory field: subject
lay-k/inbox/1065. | Missing mandatory field: body
lay-k/inbox/1076. | Missing mandatory field: subject
lay-k/inbox/108. | Missing mandatory field: to_addresses
lay-k/inbox/1086. | Missing mandatory field: subject
lay-k/inbox/1087. | Missing mandatory field: to_addresses
lay-k/inbox/1093. | Missing mandatory field: to_addresses
lay-k/inbox/1095. | Missing mandatory field: to_addresses
lay-k/inbox/1097. | Missing mandatory field: to_addresses
lay-k/inbox/1098. | Missing mandatory field: to_addresses
lay-k/inbox/1104. | Missing mandatory field: to_addresses
lay-k/inbox/1113. | Missing mandatory field: subject
lay-k/inbox/1115. | Missing mandatory field: subject
lay-k/inbox/1128. | Missing mandatory field: subject
lay-k/inbox/116. | Missing mandatory field: to_addresses
lay-k/inbox/117. | Missing mandatory field: to_addresses
lay-k/inbox/118. | Missing mandatory field: to_addresses
lay-k/inbox/119. | Missing mandatory field: to_addresses
lay-k/inbox/128. | Missing mandatory field: to_addresses
lay-k/inbox/1358. | Missing mandatory field: subject
lay-k/inbox/137. | Missing mandatory field: to_addresses
lay-k/inbox/1469. | Missing mandatory field: to_addresses
lay-k/inbox/1517. | Missing mandatory field: to_addresses
lay-k/inbox/153. | Missing mandatory field: subject
lay-k/inbox/154. | Missing mandatory field: to_addresses
lay-k/inbox/156. | Missing mandatory field: subject
lay-k/inbox/1638. | Missing mandatory field: body
lay-k/inbox/1640. | Missing mandatory field: subject
lay-k/inbox/1649. | Missing mandatory field: subject
lay-k/inbox/1656. | Missing mandatory field: to_addresses
lay-k/inbox/1668. | Missing mandatory field: subject
lay-k/inbox/1677. | Missing mandatory field: subject
lay-k/inbox/1678. | Missing mandatory field: subject
lay-k/inbox/1681. | Missing mandatory field: to_addresses
lay-k/inbox/1690. | Missing mandatory field: to_addresses
lay-k/inbox/1691. | Missing mandatory field: to_addresses
lay-k/inbox/1694. | Missing mandatory field: subject
lay-k/inbox/1704. | Missing mandatory field: body
lay-k/inbox/1705. | Missing mandatory field: subject
lay-k/inbox/1712. | Missing mandatory field: subject
lay-k/inbox/1715. | Missing mandatory field: body
lay-k/inbox/1716. | Missing mandatory field: body
lay-k/inbox/172. | Missing mandatory field: to_addresses
lay-k/inbox/1720. | Missing mandatory field: to_addresses
lay-k/inbox/1722. | Missing mandatory field: subject
lay-k/inbox/1728. | Missing mandatory field: body
lay-k/inbox/173. | Missing mandatory field: to_addresses
lay-k/inbox/1732. | Missing mandatory field: to_addresses
lay-k/inbox/1734. | Missing mandatory field: to_addresses
lay-k/inbox/1735. | Missing mandatory field: to_addresses
lay-k/inbox/1740. | Missing mandatory field: to_addresses
lay-k/inbox/1743. | Missing mandatory field: to_addresses
lay-k/inbox/1753. | Missing mandatory field: subject
lay-k/inbox/1755. | Missing mandatory field: subject
lay-k/inbox/1756. | Missing mandatory field: subject
lay-k/inbox/1758. | Missing mandatory field: subject
lay-k/inbox/1766. | Missing mandatory field: subject
lay-k/inbox/1770. | Missing mandatory field: subject
lay-k/inbox/179. | Missing mandatory field: to_addresses
lay-k/inbox/1794. | Missing mandatory field: subject
lay-k/inbox/1795. | Missing mandatory field: to_addresses
lay-k/inbox/1796. | Missing mandatory field: to_addresses
lay-k/inbox/1803. | Missing mandatory field: subject
lay-k/inbox/181. | Missing mandatory field: to_addresses
lay-k/inbox/182. | Missing mandatory field: to_addresses
lay-k/inbox/1835. | Missing mandatory field: subject
lay-k/inbox/1844. | Missing mandatory field: subject
lay-k/inbox/1852. | Missing mandatory field: subject
lay-k/inbox/1855. | Missing mandatory field: to_addresses
lay-k/inbox/1858. | Missing mandatory field: subject
lay-k/inbox/1859. | Missing mandatory field: to_addresses
lay-k/inbox/1866. | Missing mandatory field: to_addresses
lay-k/inbox/1868. | Missing mandatory field: body
lay-k/inbox/1885. | Missing mandatory field: subject
lay-k/inbox/1887. | Missing mandatory field: body
lay-k/inbox/189. | Missing mandatory field: to_addresses
lay-k/inbox/200. | Missing mandatory field: to_addresses
lay-k/inbox/205. | Missing mandatory field: subject
lay-k/inbox/21. | Missing mandatory field: subject
lay-k/inbox/210. | Missing mandatory field: body
lay-k/inbox/211. | Missing mandatory field: to_addresses
lay-k/inbox/215. | Missing mandatory field: subject
lay-k/inbox/217. | Missing mandatory field: body
lay-k/inbox/218. | Missing mandatory field: to_addresses
lay-k/inbox/219. | Missing mandatory field: body
lay-k/inbox/226. | Missing mandatory field: to_addresses
lay-k/inbox/227. | Missing mandatory field: to_addresses
lay-k/inbox/235. | Missing mandatory field: subject
lay-k/inbox/239. | Missing mandatory field: subject
lay-k/inbox/240. | Missing mandatory field: to_addresses
lay-k/inbox/242. | Missing mandatory field: subject
lay-k/inbox/243. | Missing mandatory field: to_addresses
lay-k/inbox/247. | Missing mandatory field: to_addresses
lay-k/inbox/250. | Missing mandatory field: to_addresses
lay-k/inbox/251. | Missing mandatory field: to_addresses
lay-k/inbox/254. | Missing mandatory field: to_addresses
lay-k/inbox/270. | Missing mandatory field: subject
lay-k/inbox/273. | Missing mandatory field: subject
lay-k/inbox/277. | Missing mandatory field: to_addresses
lay-k/inbox/280. | Missing mandatory field: body
lay-k/inbox/286. | Missing mandatory field: to_addresses
lay-k/inbox/290. | Missing mandatory field: subject
lay-k/inbox/291. | Missing mandatory field: subject
lay-k/inbox/297. | Missing mandatory field: to_addresses
lay-k/inbox/302. | Missing mandatory field: to_addresses
lay-k/inbox/31. | Missing mandatory field: to_addresses
lay-k/inbox/312. | Missing mandatory field: subject
lay-k/inbox/317. | Missing mandatory field: body
lay-k/inbox/320. | Missing mandatory field: to_addresses
lay-k/inbox/321. | Missing mandatory field: to_addresses
lay-k/inbox/322. | Missing mandatory field: to_addresses
lay-k/inbox/325. | Missing mandatory field: subject
lay-k/inbox/332. | Missing mandatory field: to_addresses
lay-k/inbox/334. | Missing mandatory field: to_addresses
lay-k/inbox/347. | Missing mandatory field: subject
lay-k/inbox/348. | Missing mandatory field: to_addresses
lay-k/inbox/353. | Missing mandatory field: subject
lay-k/inbox/355. | Missing mandatory field: body
lay-k/inbox/364. | Missing mandatory field: to_addresses
lay-k/inbox/37. | Missing mandatory field: subject
lay-k/inbox/371. | Missing mandatory field: to_addresses
lay-k/inbox/372. | Missing mandatory field: to_addresses
lay-k/inbox/375. | Missing mandatory field: to_addresses
lay-k/inbox/378. | Missing mandatory field: to_addresses
lay-k/inbox/379. | Missing mandatory field: to_addresses
lay-k/inbox/381. | Missing mandatory field: to_addresses
lay-k/inbox/382. | Missing mandatory field: to_addresses
lay-k/inbox/396. | Missing mandatory field: to_addresses
lay-k/inbox/397. | Missing mandatory field: to_addresses
lay-k/inbox/404. | Missing mandatory field: to_addresses
lay-k/inbox/406. | Missing mandatory field: subject
lay-k/inbox/409. | Missing mandatory field: to_addresses
lay-k/inbox/410. | Missing mandatory field: to_addresses
lay-k/inbox/432. | Missing mandatory field: to_addresses
lay-k/inbox/437. | Missing mandatory field: subject
lay-k/inbox/440. | Missing mandatory field: to_addresses
lay-k/inbox/441. | Missing mandatory field: to_addresses
lay-k/inbox/443. | Missing mandatory field: body
lay-k/inbox/447. | Missing mandatory field: to_addresses
lay-k/inbox/45. | Missing mandatory field: to_addresses
lay-k/inbox/457. | Missing mandatory field: to_addresses
lay-k/inbox/460. | Missing mandatory field: body
lay-k/inbox/465. | Missing mandatory field: to_addresses
lay-k/inbox/469. | Missing mandatory field: to_addresses
lay-k/inbox/47. | Missing mandatory field: subject
lay-k/inbox/470. | Missing mandatory field: to_addresses
lay-k/inbox/48. | Missing mandatory field: subject
lay-k/inbox/487. | Missing mandatory field: to_addresses
lay-k/inbox/490. | Missing mandatory field: body
lay-k/inbox/509. | Missing mandatory field: subject
lay-k/inbox/51. | Missing mandatory field: to_addresses
lay-k/inbox/519. | Missing mandatory field: to_addresses
lay-k/inbox/523. | Missing mandatory field: to_addresses
lay-k/inbox/529. | Missing mandatory field: body
lay-k/inbox/532. | Missing mandatory field: to_addresses
lay-k/inbox/537. | Missing mandatory field: to_addresses
lay-k/inbox/554. | Missing mandatory field: to_addresses
lay-k/inbox/558. | Missing mandatory field: to_addresses
lay-k/inbox/560. | Missing mandatory field: to_addresses
lay-k/inbox/572. | Missing mandatory field: to_addresses
lay-k/inbox/574. | Missing mandatory field: to_addresses
lay-k/inbox/575. | Missing mandatory field: to_addresses
lay-k/inbox/585. | Missing mandatory field: to_addresses
lay-k/inbox/596. | Missing mandatory field: to_addresses
lay-k/inbox/599. | Missing mandatory field: to_addresses
lay-k/inbox/605. | Missing mandatory field: to_addresses
lay-k/inbox/607. | Missing mandatory field: subject
lay-k/inbox/636. | Missing mandatory field: to_addresses
lay-k/inbox/645. | Missing mandatory field: to_addresses
lay-k/inbox/646. | Missing mandatory field: to_addresses
lay-k/inbox/65. | Missing mandatory field: to_addresses
lay-k/inbox/66. | Missing mandatory field: to_addresses
lay-k/inbox/665. | Missing mandatory field: subject
lay-k/inbox/666. | Missing mandatory field: subject
lay-k/inbox/670. | Missing mandatory field: body
lay-k/inbox/672. | Missing mandatory field: to_addresses
lay-k/inbox/674. | Missing mandatory field: subject
lay-k/inbox/677. | Missing mandatory field: to_addresses
lay-k/inbox/68. | Missing mandatory field: to_addresses
lay-k/inbox/682. | Missing mandatory field: to_addresses
lay-k/inbox/683. | Missing mandatory field: to_addresses
lay-k/inbox/686. | Missing mandatory field: subject
lay-k/inbox/689. | Missing mandatory field: to_addresses
lay-k/inbox/690. | Missing mandatory field: subject
lay-k/inbox/70. | Missing mandatory field: to_addresses
lay-k/inbox/701. | Missing mandatory field: subject
lay-k/inbox/718. | Missing mandatory field: subject
lay-k/inbox/731. | Missing mandatory field: to_addresses
lay-k/inbox/737. | Missing mandatory field: to_addresses
lay-k/inbox/738. | Missing mandatory field: to_addresses
lay-k/inbox/740. | Missing mandatory field: subject
lay-k/inbox/746. | Missing mandatory field: body
lay-k/inbox/749. | Missing mandatory field: subject
lay-k/inbox/751. | Missing mandatory field: subject
lay-k/inbox/753. | Missing mandatory field: subject
lay-k/inbox/754. | Missing mandatory field: subject
lay-k/inbox/755. | Missing mandatory field: body
lay-k/inbox/764. | Missing mandatory field: to_addresses
lay-k/inbox/77. | Missing mandatory field: subject
lay-k/inbox/781. | Missing mandatory field: to_addresses
lay-k/inbox/784. | Missing mandatory field: body
lay-k/inbox/785. | Missing mandatory field: to_addresses
lay-k/inbox/792. | Missing mandatory field: subject
lay-k/inbox/802. | Missing mandatory field: subject
lay-k/inbox/806. | Missing mandatory field: subject
lay-k/inbox/81. | Missing mandatory field: subject
lay-k/inbox/819. | Missing mandatory field: subject
lay-k/inbox/820. | Missing mandatory field: subject
lay-k/inbox/822. | Missing mandatory field: to_addresses
lay-k/inbox/827. | Missing mandatory field: body
lay-k/inbox/831. | Missing mandatory field: subject
lay-k/inbox/833. | Missing mandatory field: body
lay-k/inbox/84. | Missing mandatory field: to_addresses
lay-k/inbox/841. | Missing mandatory field: to_addresses
lay-k/inbox/842. | Missing mandatory field: subject
lay-k/inbox/845. | Missing mandatory field: to_addresses
lay-k/inbox/848. | Missing mandatory field: subject
lay-k/inbox/850. | Missing mandatory field: to_addresses
lay-k/inbox/869. | Missing mandatory field: to_addresses
lay-k/inbox/875. | Missing mandatory field: to_addresses
lay-k/inbox/876. | Missing mandatory field: to_addresses
lay-k/inbox/881. | Missing mandatory field: to_addresses
lay-k/inbox/888. | Missing mandatory field: subject
lay-k/inbox/89. | Missing mandatory field: to_addresses
lay-k/inbox/890. | Missing mandatory field: subject
lay-k/inbox/90. | Missing mandatory field: to_addresses
lay-k/inbox/900. | Missing mandatory field: to_addresses
lay-k/inbox/920. | Missing mandatory field: to_addresses
lay-k/inbox/924. | Missing mandatory field: subject
lay-k/inbox/930. | Missing mandatory field: body
lay-k/inbox/941. | Missing mandatory field: to_addresses
lay-k/inbox/942. | Missing mandatory field: to_addresses
lay-k/inbox/96. | Missing mandatory field: to_addresses
lay-k/inbox/960. | Missing mandatory field: to_addresses
lay-k/inbox/97. | Missing mandatory field: to_addresses
lay-k/notes_inbox/101. | Missing mandatory field: subject
lay-k/notes_inbox/106. | Missing mandatory field: to_addresses
lay-k/notes_inbox/110. | Missing mandatory field: to_addresses
lay-k/notes_inbox/117. | Missing mandatory field: to_addresses
lay-k/notes_inbox/119. | Missing mandatory field: body
lay-k/notes_inbox/122. | Missing mandatory field: body
lay-k/notes_inbox/125. | Missing mandatory field: body
lay-k/notes_inbox/129. | Missing mandatory field: to_addresses
lay-k/notes_inbox/132. | Missing mandatory field: to_addresses
lay-k/notes_inbox/151. | Missing mandatory field: to_addresses
lay-k/notes_inbox/152. | Missing mandatory field: body
lay-k/notes_inbox/157. | Missing mandatory field: body
lay-k/notes_inbox/167. | Missing mandatory field: to_addresses
lay-k/notes_inbox/168. | Missing mandatory field: to_addresses
lay-k/notes_inbox/169. | Missing mandatory field: to_addresses
lay-k/notes_inbox/170. | Missing mandatory field: to_addresses
lay-k/notes_inbox/176. | Missing mandatory field: to_addresses
lay-k/notes_inbox/180. | Missing mandatory field: to_addresses
lay-k/notes_inbox/182. | Missing mandatory field: to_addresses
lay-k/notes_inbox/206. | Missing mandatory field: subject
lay-k/notes_inbox/226. | Missing mandatory field: body
lay-k/notes_inbox/230. | Missing mandatory field: to_addresses
lay-k/notes_inbox/233. | Missing mandatory field: to_addresses
lay-k/notes_inbox/248. | Missing mandatory field: subject
lay-k/notes_inbox/252. | Missing mandatory field: subject
lay-k/notes_inbox/254. | Missing mandatory field: to_addresses
lay-k/notes_inbox/26. | Missing mandatory field: to_addresses
lay-k/notes_inbox/267. | Missing mandatory field: body
lay-k/notes_inbox/276. | Missing mandatory field: to_addresses
lay-k/notes_inbox/283. | Missing mandatory field: to_addresses
lay-k/notes_inbox/289. | Missing mandatory field: subject
lay-k/notes_inbox/308. | Missing mandatory field: to_addresses
lay-k/notes_inbox/319. | Missing mandatory field: to_addresses
lay-k/notes_inbox/329. | Missing mandatory field: to_addresses
lay-k/notes_inbox/331. | Missing mandatory field: to_addresses
lay-k/notes_inbox/333. | Missing mandatory field: to_addresses
lay-k/notes_inbox/342. | Missing mandatory field: to_addresses
lay-k/notes_inbox/351. | Missing mandatory field: to_addresses
lay-k/notes_inbox/355. | Missing mandatory field: to_addresses
lay-k/notes_inbox/361. | Missing mandatory field: to_addresses
lay-k/notes_inbox/367. | Missing mandatory field: to_addresses
lay-k/notes_inbox/370. | Missing mandatory field: body
lay-k/notes_inbox/383. | Missing mandatory field: to_addresses
lay-k/notes_inbox/384. | Missing mandatory field: to_addresses
lay-k/notes_inbox/387. | Missing mandatory field: body
lay-k/notes_inbox/388. | Missing mandatory field: to_addresses
lay-k/notes_inbox/393. | Missing mandatory field: body
lay-k/notes_inbox/396. | Missing mandatory field: to_addresses
lay-k/notes_inbox/400. | Missing mandatory field: to_addresses
lay-k/notes_inbox/408. | Missing mandatory field: to_addresses
lay-k/notes_inbox/430. | Missing mandatory field: body
lay-k/notes_inbox/435. | Missing mandatory field: to_addresses
lay-k/notes_inbox/437. | Missing mandatory field: subject
lay-k/notes_inbox/442. | Missing mandatory field: subject
lay-k/notes_inbox/449. | Missing mandatory field: to_addresses
lay-k/notes_inbox/45. | Missing mandatory field: to_addresses
lay-k/notes_inbox/453. | Missing mandatory field: to_addresses
lay-k/notes_inbox/457. | Missing mandatory field: body
lay-k/notes_inbox/459. | Missing mandatory field: body
lay-k/notes_inbox/46. | Missing mandatory field: to_addresses
lay-k/notes_inbox/472. | Missing mandatory field: body
lay-k/notes_inbox/478. | Missing mandatory field: to_addresses
lay-k/notes_inbox/481. | Missing mandatory field: body
lay-k/notes_inbox/483. | Missing mandatory field: to_addresses
lay-k/notes_inbox/51. | Missing mandatory field: subject
lay-k/notes_inbox/512. | Missing mandatory field: body
lay-k/notes_inbox/52. | Missing mandatory field: to_addresses
lay-k/notes_inbox/538. | Missing mandatory field: body
lay-k/notes_inbox/545. | Missing mandatory field: to_addresses
lay-k/notes_inbox/559. | Missing mandatory field: to_addresses
lay-k/notes_inbox/567. | Missing mandatory field: body
lay-k/notes_inbox/568. | Missing mandatory field: to_addresses
lay-k/notes_inbox/578. | Missing mandatory field: body
lay-k/notes_inbox/582. | Missing mandatory field: body
lay-k/notes_inbox/592. | Missing mandatory field: body
lay-k/notes_inbox/608. | Missing mandatory field: to_addresses
lay-k/notes_inbox/61. | Missing mandatory field: to_addresses
lay-k/notes_inbox/622. | Missing mandatory field: to_addresses
lay-k/notes_inbox/623. | Missing mandatory field: to_addresses
lay-k/notes_inbox/627. | Missing mandatory field: subject
lay-k/notes_inbox/635. | Missing mandatory field: subject
lay-k/notes_inbox/642. | Missing mandatory field: body
lay-k/notes_inbox/643. | Missing mandatory field: body
lay-k/notes_inbox/645. | Missing mandatory field: to_addresses
lay-k/notes_inbox/649. | Missing mandatory field: body
lay-k/notes_inbox/656. | Missing mandatory field: subject
lay-k/notes_inbox/663. | Missing mandatory field: to_addresses
lay-k/notes_inbox/673. | Missing mandatory field: to_addresses
lay-k/notes_inbox/686. | Missing mandatory field: body
lay-k/notes_inbox/687. | Missing mandatory field: to_addresses
lay-k/notes_inbox/692. | Missing mandatory field: subject
lay-k/notes_inbox/70. | Missing mandatory field: body
lay-k/notes_inbox/711. | Missing mandatory field: to_addresses
lay-k/notes_inbox/730. | Missing mandatory field: to_addresses
lay-k/notes_inbox/731. | Missing mandatory field: subject
lay-k/notes_inbox/736. | Missing mandatory field: to_addresses
lay-k/notes_inbox/740. | Missing mandatory field: subject
lay-k/notes_inbox/772. | Missing mandatory field: to_addresses
lay-k/notes_inbox/782. | Missing mandatory field: to_addresses
lay-k/notes_inbox/783. | Missing mandatory field: to_addresses
lay-k/notes_inbox/787. | Missing mandatory field: to_addresses
lay-k/notes_inbox/791. | Missing mandatory field: subject
lay-k/notes_inbox/798. | Missing mandatory field: body
lay-k/notes_inbox/802. | Missing mandatory field: subject
lay-k/notes_inbox/819. | Missing mandatory field: subject
lay-k/sent/77. | Missing mandatory field: subject
lay-k/sent_items/11. | Missing mandatory field: subject
lay-k/sent_items/13. | Missing mandatory field: body
lay-k/sent_items/14. | Missing mandatory field: body
lay-k/sent_items/4. | Missing mandatory field: body
mann-k/_sent_mail/1002. | Missing mandatory field: body
mann-k/_sent_mail/1008. | Missing mandatory field: body
mann-k/_sent_mail/1009. | Missing mandatory field: body
mann-k/_sent_mail/1016. | Missing mandatory field: body
mann-k/_sent_mail/1031. | Missing mandatory field: body
mann-k/_sent_mail/1048. | Missing mandatory field: body
mann-k/_sent_mail/1051. | Missing mandatory field: body
mann-k/_sent_mail/1054. | Missing mandatory field: body
mann-k/_sent_mail/1057. | Missing mandatory field: body
mann-k/_sent_mail/1065. | Missing mandatory field: body
mann-k/_sent_mail/1078. | Missing mandatory field: body
mann-k/_sent_mail/1084. | Missing mandatory field: body
mann-k/_sent_mail/1085. | Missing mandatory field: subject
mann-k/_sent_mail/1099. | Missing mandatory field: body
mann-k/_sent_mail/1100. | Missing mandatory field: subject
mann-k/_sent_mail/1103. | Missing mandatory field: subject
mann-k/_sent_mail/1130. | Missing mandatory field: body
mann-k/_sent_mail/1144. | Missing mandatory field: body
mann-k/_sent_mail/1153. | Missing mandatory field: subject
mann-k/_sent_mail/1157. | Missing mandatory field: body
mann-k/_sent_mail/1164. | Missing mandatory field: body
mann-k/_sent_mail/1172. | Missing mandatory field: subject
mann-k/_sent_mail/1183. | Missing mandatory field: body
mann-k/_sent_mail/1193. | Missing mandatory field: body
mann-k/_sent_mail/1238. | Missing mandatory field: body
mann-k/_sent_mail/1259. | Missing mandatory field: body
mann-k/_sent_mail/1264. | Missing mandatory field: body
mann-k/_sent_mail/1265. | Missing mandatory field: body
mann-k/_sent_mail/1269. | Missing mandatory field: body
mann-k/_sent_mail/1270. | Missing mandatory field: body
mann-k/_sent_mail/1272. | Missing mandatory field: body
mann-k/_sent_mail/1273. | Missing mandatory field: body
mann-k/_sent_mail/1275. | Missing mandatory field: body
mann-k/_sent_mail/1279. | Missing mandatory field: body
mann-k/_sent_mail/1280. | Missing mandatory field: body
mann-k/_sent_mail/1283. | Missing mandatory field: subject
mann-k/_sent_mail/1294. | Missing mandatory field: body
mann-k/_sent_mail/1296. | Missing mandatory field: body
mann-k/_sent_mail/130. | Missing mandatory field: body
mann-k/_sent_mail/1322. | Missing mandatory field: body
mann-k/_sent_mail/1326. | Missing mandatory field: body
mann-k/_sent_mail/1330. | Missing mandatory field: body
mann-k/_sent_mail/1331. | Missing mandatory field: body
mann-k/_sent_mail/1336. | Missing mandatory field: body
mann-k/_sent_mail/1359. | Missing mandatory field: subject
mann-k/_sent_mail/1372. | Missing mandatory field: body
mann-k/_sent_mail/1373. | Missing mandatory field: body
mann-k/_sent_mail/1382. | Missing mandatory field: subject
mann-k/_sent_mail/1383. | Missing mandatory field: body
mann-k/_sent_mail/1384. | Missing mandatory field: subject
mann-k/_sent_mail/1391. | Missing mandatory field: body
mann-k/_sent_mail/1400. | Missing mandatory field: body
mann-k/_sent_mail/1402. | Missing mandatory field: body
mann-k/_sent_mail/1404. | Missing mandatory field: body
mann-k/_sent_mail/1409. | Missing mandatory field: body
mann-k/_sent_mail/1428. | Missing mandatory field: subject
mann-k/_sent_mail/1435. | Missing mandatory field: body
mann-k/_sent_mail/1436. | Missing mandatory field: body
mann-k/_sent_mail/1463. | Missing mandatory field: body
mann-k/_sent_mail/1486. | Missing mandatory field: body
mann-k/_sent_mail/1508. | Missing mandatory field: body
mann-k/_sent_mail/1536. | Missing mandatory field: body
mann-k/_sent_mail/1555. | Missing mandatory field: body
mann-k/_sent_mail/1560. | Missing mandatory field: body
mann-k/_sent_mail/1562. | Missing mandatory field: subject
mann-k/_sent_mail/1571. | Missing mandatory field: body
mann-k/_sent_mail/1573. | Missing mandatory field: body
mann-k/_sent_mail/1585. | Missing mandatory field: body
mann-k/_sent_mail/1589. | Missing mandatory field: subject
mann-k/_sent_mail/1590. | Missing mandatory field: body
mann-k/_sent_mail/1600. | Missing mandatory field: body
mann-k/_sent_mail/1612. | Missing mandatory field: body
mann-k/_sent_mail/1616. | Missing mandatory field: body
mann-k/_sent_mail/1620. | Missing mandatory field: subject
mann-k/_sent_mail/1626. | Missing mandatory field: body
mann-k/_sent_mail/1642. | Missing mandatory field: subject
mann-k/_sent_mail/1647. | Missing mandatory field: subject
mann-k/_sent_mail/1648. | Missing mandatory field: body
mann-k/_sent_mail/1657. | Missing mandatory field: subject
mann-k/_sent_mail/1662. | Missing mandatory field: body
mann-k/_sent_mail/1663. | Missing mandatory field: body
mann-k/_sent_mail/1674. | Missing mandatory field: subject
mann-k/_sent_mail/1680. | Missing mandatory field: subject
mann-k/_sent_mail/1681. | Missing mandatory field: body
mann-k/_sent_mail/1687. | Missing mandatory field: subject
mann-k/_sent_mail/169. | Missing mandatory field: body
mann-k/_sent_mail/1701. | Missing mandatory field: subject
mann-k/_sent_mail/1702. | Missing mandatory field: body
mann-k/_sent_mail/1708. | Missing mandatory field: body
mann-k/_sent_mail/1710. | Missing mandatory field: body
mann-k/_sent_mail/1712. | Missing mandatory field: body
mann-k/_sent_mail/1732. | Missing mandatory field: body
mann-k/_sent_mail/1767. | Missing mandatory field: subject
mann-k/_sent_mail/1774. | Missing mandatory field: subject
mann-k/_sent_mail/1776. | Missing mandatory field: body
mann-k/_sent_mail/1782. | Missing mandatory field: body
mann-k/_sent_mail/1785. | Missing mandatory field: body
mann-k/_sent_mail/1795. | Missing mandatory field: body
mann-k/_sent_mail/1816. | Missing mandatory field: subject
mann-k/_sent_mail/1822. | Missing mandatory field: subject
mann-k/_sent_mail/1832. | Missing mandatory field: body
mann-k/_sent_mail/1840. | Missing mandatory field: subject
mann-k/_sent_mail/1844. | Missing mandatory field: body
mann-k/_sent_mail/1846. | Missing mandatory field: subject
mann-k/_sent_mail/1858. | Missing mandatory field: body
mann-k/_sent_mail/1860. | Missing mandatory field: body
mann-k/_sent_mail/1863. | Missing mandatory field: subject
mann-k/_sent_mail/1869. | Missing mandatory field: body
mann-k/_sent_mail/1876. | Missing mandatory field: body
mann-k/_sent_mail/1898. | Missing mandatory field: subject
mann-k/_sent_mail/1907. | Missing mandatory field: subject
mann-k/_sent_mail/1910. | Missing mandatory field: body
mann-k/_sent_mail/1926. | Missing mandatory field: body
mann-k/_sent_mail/1935. | Missing mandatory field: subject
mann-k/_sent_mail/1944. | Missing mandatory field: body
mann-k/_sent_mail/1948. | Missing mandatory field: body
mann-k/_sent_mail/1950. | Missing mandatory field: subject
mann-k/_sent_mail/1958. | Missing mandatory field: subject
mann-k/_sent_mail/1965. | Missing mandatory field: body
mann-k/_sent_mail/1973. | Missing mandatory field: body
mann-k/_sent_mail/1981. | Missing mandatory field: body
mann-k/_sent_mail/1990. | Missing mandatory field: subject
mann-k/_sent_mail/1998. | Missing mandatory field: subject
mann-k/_sent_mail/2030. | Missing mandatory field: body
mann-k/_sent_mail/204. | Missing mandatory field: body
mann-k/_sent_mail/2042. | Missing mandatory field: subject
mann-k/_sent_mail/2043. | Missing mandatory field: body
mann-k/_sent_mail/2046. | Missing mandatory field: body
mann-k/_sent_mail/2047. | Missing mandatory field: body
mann-k/_sent_mail/2052. | Missing mandatory field: body
mann-k/_sent_mail/2057. | Missing mandatory field: body
mann-k/_sent_mail/2059. | Missing mandatory field: body
mann-k/_sent_mail/2071. | Missing mandatory field: body
mann-k/_sent_mail/2074. | Missing mandatory field: body
mann-k/_sent_mail/2077. | Missing mandatory field: body
mann-k/_sent_mail/2089. | Missing mandatory field: body
mann-k/_sent_mail/2091. | Missing mandatory field: body
mann-k/_sent_mail/2092. | Missing mandatory field: body
mann-k/_sent_mail/21. | Missing mandatory field: body
mann-k/_sent_mail/2105. | Missing mandatory field: body
mann-k/_sent_mail/2115. | Missing mandatory field: body
mann-k/_sent_mail/2123. | Missing mandatory field: body
mann-k/_sent_mail/2127. | Missing mandatory field: body
mann-k/_sent_mail/2129. | Missing mandatory field: body
mann-k/_sent_mail/2131. | Missing mandatory field: subject
mann-k/_sent_mail/2132. | Missing mandatory field: subject
mann-k/_sent_mail/2146. | Missing mandatory field: body
mann-k/_sent_mail/2151. | Missing mandatory field: body
mann-k/_sent_mail/2158. | Missing mandatory field: body
mann-k/_sent_mail/2160. | Missing mandatory field: body
mann-k/_sent_mail/2167. | Missing mandatory field: body
mann-k/_sent_mail/219. | Missing mandatory field: body
mann-k/_sent_mail/22. | Missing mandatory field: body
mann-k/_sent_mail/2204. | Missing mandatory field: body
mann-k/_sent_mail/2216. | Missing mandatory field: body
mann-k/_sent_mail/2226. | Missing mandatory field: body
mann-k/_sent_mail/2229. | Missing mandatory field: body
mann-k/_sent_mail/2230. | Missing mandatory field: body
mann-k/_sent_mail/2232. | Missing mandatory field: body
mann-k/_sent_mail/2237. | Missing mandatory field: body
mann-k/_sent_mail/2244. | Missing mandatory field: body
mann-k/_sent_mail/2252. | Missing mandatory field: body
mann-k/_sent_mail/2254. | Missing mandatory field: body
mann-k/_sent_mail/2258. | Missing mandatory field: body
mann-k/_sent_mail/2259. | Missing mandatory field: body
mann-k/_sent_mail/2268. | Missing mandatory field: subject
mann-k/_sent_mail/2277. | Missing mandatory field: body
mann-k/_sent_mail/228. | Missing mandatory field: body
mann-k/_sent_mail/2283. | Missing mandatory field: body
mann-k/_sent_mail/2287. | Missing mandatory field: subject
mann-k/_sent_mail/229. | Missing mandatory field: body
mann-k/_sent_mail/2296. | Missing mandatory field: body
mann-k/_sent_mail/2306. | Missing mandatory field: subject
mann-k/_sent_mail/2312. | Missing mandatory field: subject
mann-k/_sent_mail/2326. | Missing mandatory field: body
mann-k/_sent_mail/2335. | Missing mandatory field: body
mann-k/_sent_mail/2342. | Missing mandatory field: body
mann-k/_sent_mail/2345. | Missing mandatory field: body
mann-k/_sent_mail/2346. | Missing mandatory field: body
mann-k/_sent_mail/2348. | Missing mandatory field: body
mann-k/_sent_mail/236. | Missing mandatory field: body
mann-k/_sent_mail/2363. | Missing mandatory field: body
mann-k/_sent_mail/2364. | Missing mandatory field: body
mann-k/_sent_mail/2374. | Missing mandatory field: body
mann-k/_sent_mail/2378. | Missing mandatory field: body
mann-k/_sent_mail/2380. | Missing mandatory field: body
mann-k/_sent_mail/2388. | Missing mandatory field: body
mann-k/_sent_mail/2402. | Missing mandatory field: subject
mann-k/_sent_mail/2405. | Missing mandatory field: body
mann-k/_sent_mail/2408. | Missing mandatory field: body
mann-k/_sent_mail/2424. | Missing mandatory field: body
mann-k/_sent_mail/2427. | Missing mandatory field: subject
mann-k/_sent_mail/2430. | Missing mandatory field: body
mann-k/_sent_mail/2432. | Missing mandatory field: body
mann-k/_sent_mail/2437. | Missing mandatory field: subject
mann-k/_sent_mail/2485. | Missing mandatory field: body
mann-k/_sent_mail/2503. | Missing mandatory field: body
mann-k/_sent_mail/2507. | Missing mandatory field: body
mann-k/_sent_mail/2511. | Missing mandatory field: subject
mann-k/_sent_mail/2514. | Missing mandatory field: body
mann-k/_sent_mail/2516. | Missing mandatory field: body
mann-k/_sent_mail/252. | Missing mandatory field: subject
mann-k/_sent_mail/2520. | Missing mandatory field: body
mann-k/_sent_mail/2525. | Missing mandatory field: body
mann-k/_sent_mail/2526. | Missing mandatory field: body
mann-k/_sent_mail/2529. | Missing mandatory field: body
mann-k/_sent_mail/2532. | Missing mandatory field: subject
mann-k/_sent_mail/2536. | Missing mandatory field: body
mann-k/_sent_mail/2537. | Missing mandatory field: body
mann-k/_sent_mail/254. | Missing mandatory field: body
mann-k/_sent_mail/2544. | Missing mandatory field: body
mann-k/_sent_mail/2546. | Missing mandatory field: body
mann-k/_sent_mail/2549. | Missing mandatory field: body
mann-k/_sent_mail/2558. | Missing mandatory field: body
mann-k/_sent_mail/2561. | Missing mandatory field: body
mann-k/_sent_mail/2563. | Missing mandatory field: body
mann-k/_sent_mail/2564. | Missing mandatory field: subject
mann-k/_sent_mail/2568. | Missing mandatory field: body
mann-k/_sent_mail/2574. | Missing mandatory field: subject
mann-k/_sent_mail/2579. | Missing mandatory field: body
mann-k/_sent_mail/2580. | Missing mandatory field: subject
mann-k/_sent_mail/2588. | Missing mandatory field: body
mann-k/_sent_mail/2590. | Missing mandatory field: body
mann-k/_sent_mail/2591. | Missing mandatory field: body
mann-k/_sent_mail/2603. | Missing mandatory field: body
mann-k/_sent_mail/2604. | Missing mandatory field: body
mann-k/_sent_mail/2609. | Missing mandatory field: body
mann-k/_sent_mail/2620. | Missing mandatory field: body
mann-k/_sent_mail/2621. | Missing mandatory field: body
mann-k/_sent_mail/2622. | Missing mandatory field: body
mann-k/_sent_mail/2625. | Missing mandatory field: body
mann-k/_sent_mail/2626. | Missing mandatory field: body
mann-k/_sent_mail/2630. | Missing mandatory field: body
mann-k/_sent_mail/2633. | Missing mandatory field: body
mann-k/_sent_mail/2639. | Missing mandatory field: body
mann-k/_sent_mail/2644. | Missing mandatory field: body
mann-k/_sent_mail/2654. | Missing mandatory field: body
mann-k/_sent_mail/2665. | Missing mandatory field: body
mann-k/_sent_mail/2681. | Missing mandatory field: body
mann-k/_sent_mail/2682. | Missing mandatory field: body
mann-k/_sent_mail/2683. | Missing mandatory field: body
mann-k/_sent_mail/2685. | Missing mandatory field: body
mann-k/_sent_mail/2687. | Missing mandatory field: subject
mann-k/_sent_mail/2700. | Missing mandatory field: body
mann-k/_sent_mail/2702. | Missing mandatory field: body
mann-k/_sent_mail/2707. | Missing mandatory field: body
mann-k/_sent_mail/2710. | Missing mandatory field: body
mann-k/_sent_mail/2724. | Missing mandatory field: subject
mann-k/_sent_mail/2735. | Missing mandatory field: body
mann-k/_sent_mail/2745. | Missing mandatory field: subject
mann-k/_sent_mail/2749. | Missing mandatory field: body
mann-k/_sent_mail/2751. | Missing mandatory field: subject
mann-k/_sent_mail/2758. | Missing mandatory field: subject
mann-k/_sent_mail/2764. | Missing mandatory field: subject
mann-k/_sent_mail/2778. | Missing mandatory field: body
mann-k/_sent_mail/2779. | Missing mandatory field: subject
mann-k/_sent_mail/2791. | Missing mandatory field: body
mann-k/_sent_mail/2794. | Missing mandatory field: body
mann-k/_sent_mail/2800. | Missing mandatory field: subject
mann-k/_sent_mail/2813. | Missing mandatory field: body
mann-k/_sent_mail/2815. | Missing mandatory field: body
mann-k/_sent_mail/2816. | Missing mandatory field: subject
mann-k/_sent_mail/2818. | Missing mandatory field: body
mann-k/_sent_mail/2821. | Missing mandatory field: subject
mann-k/_sent_mail/2829. | Missing mandatory field: body
mann-k/_sent_mail/2830. | Missing mandatory field: body
mann-k/_sent_mail/2831. | Missing mandatory field: body
mann-k/_sent_mail/2848. | Missing mandatory field: body
mann-k/_sent_mail/2857. | Missing mandatory field: body
mann-k/_sent_mail/2874. | Missing mandatory field: body
mann-k/_sent_mail/2883. | Missing mandatory field: body
mann-k/_sent_mail/2903. | Missing mandatory field: body
mann-k/_sent_mail/2910. | Missing mandatory field: body
mann-k/_sent_mail/2917. | Missing mandatory field: body
mann-k/_sent_mail/2921. | Missing mandatory field: body
mann-k/_sent_mail/2925. | Missing mandatory field: body
mann-k/_sent_mail/2926. | Missing mandatory field: body
mann-k/_sent_mail/2936. | Missing mandatory field: body
mann-k/_sent_mail/2937. | Missing mandatory field: body
mann-k/_sent_mail/2942. | Missing mandatory field: body
mann-k/_sent_mail/2943. | Missing mandatory field: subject
mann-k/_sent_mail/2949. | Missing mandatory field: body
mann-k/_sent_mail/2960. | Missing mandatory field: subject
mann-k/_sent_mail/2964. | Missing mandatory field: body
mann-k/_sent_mail/2966. | Missing mandatory field: subject
mann-k/_sent_mail/2969. | Missing mandatory field: subject
mann-k/_sent_mail/2971. | Missing mandatory field: body
mann-k/_sent_mail/2974. | Missing mandatory field: subject
mann-k/_sent_mail/298. | Missing mandatory field: body
mann-k/_sent_mail/2982. | Missing mandatory field: body
mann-k/_sent_mail/2983. | Missing mandatory field: body
mann-k/_sent_mail/2992. | Missing mandatory field: subject
mann-k/_sent_mail/2999. | Missing mandatory field: subject
mann-k/_sent_mail/3000. | Missing mandatory field: body
mann-k/_sent_mail/3002. | Missing mandatory field: body
mann-k/_sent_mail/3015. | Missing mandatory field: body
mann-k/_sent_mail/3028. | Missing mandatory field: subject
mann-k/_sent_mail/304. | Missing mandatory field: body
mann-k/_sent_mail/3047. | Missing mandatory field: subject
mann-k/_sent_mail/3072. | Missing mandatory field: subject
mann-k/_sent_mail/3073. | Missing mandatory field: subject
mann-k/_sent_mail/3086. | Missing mandatory field: subject
mann-k/_sent_mail/3088. | Missing mandatory field: subject
mann-k/_sent_mail/3089. | Missing mandatory field: subject
mann-k/_sent_mail/3090. | Missing mandatory field: subject
mann-k/_sent_mail/3096. | Missing mandatory field: body
mann-k/_sent_mail/3097. | Missing mandatory field: body
mann-k/_sent_mail/310. | Missing mandatory field: body
mann-k/_sent_mail/3102. | Missing mandatory field: body
mann-k/_sent_mail/3105. | Missing mandatory field: subject
mann-k/_sent_mail/3137. | Missing mandatory field: body
mann-k/_sent_mail/3138. | Missing mandatory field: body
mann-k/_sent_mail/3141. | Missing mandatory field: body
mann-k/_sent_mail/3148. | Missing mandatory field: subject
mann-k/_sent_mail/3149. | Missing mandatory field: subject
mann-k/_sent_mail/3162. | Missing mandatory field: body
mann-k/_sent_mail/3185. | Missing mandatory field: subject
mann-k/_sent_mail/3193. | Missing mandatory field: body
mann-k/_sent_mail/3214. | Missing mandatory field: body
mann-k/_sent_mail/3247. | Missing mandatory field: body
mann-k/_sent_mail/3256. | Missing mandatory field: body
mann-k/_sent_mail/326. | Missing mandatory field: body
mann-k/_sent_mail/3264. | Missing mandatory field: body
mann-k/_sent_mail/3266. | Missing mandatory field: body
mann-k/_sent_mail/3271. | Missing mandatory field: body
mann-k/_sent_mail/3274. | Missing mandatory field: body
mann-k/_sent_mail/3276. | Missing mandatory field: subject
mann-k/_sent_mail/3285. | Missing mandatory field: subject
mann-k/_sent_mail/3287. | Missing mandatory field: subject
mann-k/_sent_mail/3289. | Missing mandatory field: body
mann-k/_sent_mail/3296. | Missing mandatory field: body
mann-k/_sent_mail/3297. | Missing mandatory field: body
mann-k/_sent_mail/3298. | Missing mandatory field: body
mann-k/_sent_mail/3303. | Missing mandatory field: body
mann-k/_sent_mail/333. | Missing mandatory field: body
mann-k/_sent_mail/3355. | Missing mandatory field: body
mann-k/_sent_mail/3385. | Missing mandatory field: body
mann-k/_sent_mail/3402. | Missing mandatory field: body
mann-k/_sent_mail/3411. | Missing mandatory field: body
mann-k/_sent_mail/3419. | Missing mandatory field: body
mann-k/_sent_mail/3439. | Missing mandatory field: subject
mann-k/_sent_mail/3444. | Missing mandatory field: body
mann-k/_sent_mail/3445. | Missing mandatory field: subject
mann-k/_sent_mail/3448. | Missing mandatory field: body
mann-k/_sent_mail/3452. | Missing mandatory field: body
mann-k/_sent_mail/3492. | Missing mandatory field: body
mann-k/_sent_mail/350. | Missing mandatory field: body
mann-k/_sent_mail/3504. | Missing mandatory field: body
mann-k/_sent_mail/3518. | Missing mandatory field: body
mann-k/_sent_mail/3526. | Missing mandatory field: body
mann-k/_sent_mail/3529. | Missing mandatory field: subject
mann-k/_sent_mail/3547. | Missing mandatory field: subject
mann-k/_sent_mail/3550. | Missing mandatory field: body
mann-k/_sent_mail/3554. | Missing mandatory field: subject
mann-k/_sent_mail/3564. | Missing mandatory field: subject
mann-k/_sent_mail/3580. | Missing mandatory field: body
mann-k/_sent_mail/3588. | Missing mandatory field: body
mann-k/_sent_mail/3597. | Missing mandatory field: subject
mann-k/_sent_mail/3598. | Missing mandatory field: body
mann-k/_sent_mail/3621. | Missing mandatory field: body
mann-k/_sent_mail/3622. | Missing mandatory field: body
mann-k/_sent_mail/3625. | Missing mandatory field: body
mann-k/_sent_mail/3629. | Missing mandatory field: subject
mann-k/_sent_mail/3636. | Missing mandatory field: body
mann-k/_sent_mail/3638. | Missing mandatory field: body
mann-k/_sent_mail/3640. | Missing mandatory field: subject
mann-k/_sent_mail/3653. | Missing mandatory field: body
mann-k/_sent_mail/3664. | Missing mandatory field: body
mann-k/_sent_mail/3666. | Missing mandatory field: body
mann-k/_sent_mail/3701. | Missing mandatory field: subject
mann-k/_sent_mail/3741. | Missing mandatory field: body
mann-k/_sent_mail/3746. | Missing mandatory field: subject
mann-k/_sent_mail/3750. | Missing mandatory field: subject
mann-k/_sent_mail/3762. | Missing mandatory field: subject
mann-k/_sent_mail/3763. | Missing mandatory field: body
mann-k/_sent_mail/3773. | Missing mandatory field: body
mann-k/_sent_mail/3785. | Missing mandatory field: body
mann-k/_sent_mail/3788. | Missing mandatory field: subject
mann-k/_sent_mail/3789. | Missing mandatory field: subject
mann-k/_sent_mail/3800. | Missing mandatory field: body
mann-k/_sent_mail/3842. | Missing mandatory field: body
mann-k/_sent_mail/3859. | Missing mandatory field: subject
mann-k/_sent_mail/3860. | Missing mandatory field: subject
mann-k/_sent_mail/3869. | Missing mandatory field: subject
mann-k/_sent_mail/3886. | Missing mandatory field: subject
mann-k/_sent_mail/3892. | Missing mandatory field: subject
mann-k/_sent_mail/3901. | Missing mandatory field: subject
mann-k/_sent_mail/3916. | Missing mandatory field: body
mann-k/_sent_mail/3946. | Missing mandatory field: body
mann-k/_sent_mail/3948. | Missing mandatory field: body
mann-k/_sent_mail/3992. | Missing mandatory field: body
mann-k/_sent_mail/4018. | Missing mandatory field: body
mann-k/_sent_mail/4020. | Missing mandatory field: body
mann-k/_sent_mail/4022. | Missing mandatory field: body
mann-k/_sent_mail/4033. | Missing mandatory field: body
mann-k/_sent_mail/4051. | Missing mandatory field: subject
mann-k/_sent_mail/4057. | Missing mandatory field: body
mann-k/_sent_mail/4058. | Missing mandatory field: body
mann-k/_sent_mail/4059. | Missing mandatory field: body
mann-k/_sent_mail/4084. | Missing mandatory field: subject
mann-k/_sent_mail/4097. | Missing mandatory field: body
mann-k/_sent_mail/4138. | Missing mandatory field: body
mann-k/_sent_mail/4139. | Missing mandatory field: subject
mann-k/_sent_mail/4147. | Missing mandatory field: subject
mann-k/_sent_mail/4149. | Missing mandatory field: body
mann-k/_sent_mail/417. | Missing mandatory field: body
mann-k/_sent_mail/4170. | Missing mandatory field: body
mann-k/_sent_mail/4173. | Missing mandatory field: body
mann-k/_sent_mail/4181. | Missing mandatory field: body
mann-k/_sent_mail/4199. | Missing mandatory field: body
mann-k/_sent_mail/4210. | Missing mandatory field: body
mann-k/_sent_mail/4219. | Missing mandatory field: body
mann-k/_sent_mail/4223. | Missing mandatory field: body
mann-k/_sent_mail/4225. | Missing mandatory field: body
mann-k/_sent_mail/4235. | Missing mandatory field: body
mann-k/_sent_mail/441. | Missing mandatory field: body
mann-k/_sent_mail/442. | Missing mandatory field: body
mann-k/_sent_mail/453. | Missing mandatory field: body
mann-k/_sent_mail/457. | Missing mandatory field: body
mann-k/_sent_mail/458. | Missing mandatory field: body
mann-k/_sent_mail/459. | Missing mandatory field: body
mann-k/_sent_mail/469. | Missing mandatory field: body
mann-k/_sent_mail/476. | Missing mandatory field: subject
mann-k/_sent_mail/485. | Missing mandatory field: body
mann-k/_sent_mail/501. | Missing mandatory field: subject
mann-k/_sent_mail/514. | Missing mandatory field: body
mann-k/_sent_mail/517. | Missing mandatory field: subject
mann-k/_sent_mail/553. | Missing mandatory field: body
mann-k/_sent_mail/564. | Missing mandatory field: body
mann-k/_sent_mail/567. | Missing mandatory field: subject
mann-k/_sent_mail/568. | Missing mandatory field: body
mann-k/_sent_mail/574. | Missing mandatory field: body
mann-k/_sent_mail/577. | Missing mandatory field: body
mann-k/_sent_mail/588. | Missing mandatory field: body
mann-k/_sent_mail/620. | Missing mandatory field: body
mann-k/_sent_mail/630. | Missing mandatory field: body
mann-k/_sent_mail/642. | Missing mandatory field: body
mann-k/_sent_mail/654. | Missing mandatory field: body
mann-k/_sent_mail/655. | Missing mandatory field: body
mann-k/_sent_mail/665. | Missing mandatory field: subject
mann-k/_sent_mail/673. | Missing mandatory field: subject
mann-k/_sent_mail/686. | Missing mandatory field: body
mann-k/_sent_mail/69. | Missing mandatory field: body
mann-k/_sent_mail/692. | Missing mandatory field: body
mann-k/_sent_mail/697. | Missing mandatory field: body
mann-k/_sent_mail/699. | Missing mandatory field: body
mann-k/_sent_mail/709. | Missing mandatory field: body
mann-k/_sent_mail/711. | Missing mandatory field: subject
mann-k/_sent_mail/712. | Missing mandatory field: body
mann-k/_sent_mail/718. | Missing mandatory field: body
mann-k/_sent_mail/721. | Missing mandatory field: body
mann-k/_sent_mail/723. | Missing mandatory field: body
mann-k/_sent_mail/741. | Missing mandatory field: body
mann-k/_sent_mail/742. | Missing mandatory field: body
mann-k/_sent_mail/748. | Missing mandatory field: body
mann-k/_sent_mail/760. | Missing mandatory field: body
mann-k/_sent_mail/763. | Missing mandatory field: body
mann-k/_sent_mail/785. | Missing mandatory field: body
mann-k/_sent_mail/786. | Missing mandatory field: body
mann-k/_sent_mail/787. | Missing mandatory field: body
mann-k/_sent_mail/804. | Missing mandatory field: body
mann-k/_sent_mail/822. | Missing mandatory field: body
mann-k/_sent_mail/825. | Missing mandatory field: body
mann-k/_sent_mail/827. | Missing mandatory field: body
mann-k/_sent_mail/836. | Missing mandatory field: subject
mann-k/_sent_mail/849. | Missing mandatory field: subject
mann-k/_sent_mail/858. | Missing mandatory field: body
mann-k/_sent_mail/874. | Missing mandatory field: subject
mann-k/_sent_mail/890. | Missing mandatory field: body
mann-k/_sent_mail/898. | Missing mandatory field: body
mann-k/_sent_mail/90. | Missing mandatory field: subject
mann-k/_sent_mail/902. | Missing mandatory field: body
mann-k/_sent_mail/903. | Missing mandatory field: body
mann-k/_sent_mail/93. | Missing mandatory field: body
mann-k/_sent_mail/946. | Missing mandatory field: body
mann-k/_sent_mail/963. | Missing mandatory field: body
mann-k/_sent_mail/970. | Missing mandatory field: body
mann-k/_sent_mail/976. | Missing mandatory field: body
mann-k/_sent_mail/990. | Missing mandatory field: body
mann-k/_sent_mail/992. | Missing mandatory field: body
mann-k/all_documents/103. | Missing mandatory field: subject
mann-k/all_documents/1039. | Missing mandatory field: body
mann-k/all_documents/104. | Missing mandatory field: body
mann-k/all_documents/1043. | Missing mandatory field: body
mann-k/all_documents/1044. | Missing mandatory field: to_addresses
mann-k/all_documents/1047. | Missing mandatory field: subject
mann-k/all_documents/1048. | Missing mandatory field: body
mann-k/all_documents/1056. | Missing mandatory field: subject
mann-k/all_documents/1079. | Missing mandatory field: body
mann-k/all_documents/1084. | Missing mandatory field: body
mann-k/all_documents/1093. | Missing mandatory field: body
mann-k/all_documents/1096. | Missing mandatory field: body
mann-k/all_documents/11. | Missing mandatory field: body
mann-k/all_documents/1113. | Missing mandatory field: body
mann-k/all_documents/1137. | Missing mandatory field: body
mann-k/all_documents/1182. | Missing mandatory field: body
mann-k/all_documents/1231. | Missing mandatory field: body
mann-k/all_documents/1245. | Missing mandatory field: body
mann-k/all_documents/1264. | Missing mandatory field: body
mann-k/all_documents/1269. | Missing mandatory field: body
mann-k/all_documents/1280. | Missing mandatory field: body
mann-k/all_documents/1281. | Missing mandatory field: body
mann-k/all_documents/1282. | Missing mandatory field: body
mann-k/all_documents/1292. | Missing mandatory field: body
mann-k/all_documents/1296. | Missing mandatory field: subject
mann-k/all_documents/1301. | Missing mandatory field: subject
mann-k/all_documents/1311. | Missing mandatory field: subject
mann-k/all_documents/1313. | Missing mandatory field: body
mann-k/all_documents/1316. | Missing mandatory field: body
mann-k/all_documents/1321. | Missing mandatory field: body
mann-k/all_documents/1323. | Missing mandatory field: body
mann-k/all_documents/1333. | Missing mandatory field: body
mann-k/all_documents/1342. | Missing mandatory field: body
mann-k/all_documents/1385. | Missing mandatory field: body
mann-k/all_documents/1388. | Missing mandatory field: body
mann-k/all_documents/1420. | Missing mandatory field: body
mann-k/all_documents/1433. | Missing mandatory field: subject
mann-k/all_documents/1475. | Missing mandatory field: body
mann-k/all_documents/1492. | Missing mandatory field: subject
mann-k/all_documents/1493. | Missing mandatory field: subject
mann-k/all_documents/1501. | Missing mandatory field: body
mann-k/all_documents/1506. | Missing mandatory field: body
mann-k/all_documents/1507. | Missing mandatory field: body
mann-k/all_documents/155. | Missing mandatory field: body
mann-k/all_documents/1553. | Missing mandatory field: subject
mann-k/all_documents/1558. | Missing mandatory field: body
mann-k/all_documents/1564. | Missing mandatory field: body
mann-k/all_documents/1567. | Missing mandatory field: body
mann-k/all_documents/157. | Missing mandatory field: body
mann-k/all_documents/1573. | Missing mandatory field: subject
mann-k/all_documents/1574. | Missing mandatory field: subject
mann-k/all_documents/1575. | Missing mandatory field: subject
mann-k/all_documents/1577. | Missing mandatory field: subject
mann-k/all_documents/1592. | Missing mandatory field: subject
mann-k/all_documents/1593. | Missing mandatory field: subject
mann-k/all_documents/1629. | Missing mandatory field: subject
mann-k/all_documents/1656. | Missing mandatory field: subject
mann-k/all_documents/1672. | Missing mandatory field: body
mann-k/all_documents/1687. | Missing mandatory field: body
mann-k/all_documents/1689. | Missing mandatory field: body
mann-k/all_documents/1690. | Missing mandatory field: subject
mann-k/all_documents/1700. | Missing mandatory field: subject
mann-k/all_documents/1713. | Missing mandatory field: body
mann-k/all_documents/1714. | Missing mandatory field: body
mann-k/all_documents/1726. | Missing mandatory field: subject
mann-k/all_documents/1729. | Missing mandatory field: body
mann-k/all_documents/1731. | Missing mandatory field: subject
mann-k/all_documents/1735. | Missing mandatory field: subject
mann-k/all_documents/1738. | Missing mandatory field: body
mann-k/all_documents/1742. | Missing mandatory field: subject
mann-k/all_documents/175. | Missing mandatory field: body
mann-k/all_documents/1758. | Missing mandatory field: body
mann-k/all_documents/1766. | Missing mandatory field: subject
mann-k/all_documents/1767. | Missing mandatory field: body
mann-k/all_documents/1776. | Missing mandatory field: body
mann-k/all_documents/1778. | Missing mandatory field: body
mann-k/all_documents/1780. | Missing mandatory field: to_addresses
mann-k/all_documents/1794. | Missing mandatory field: body
mann-k/all_documents/1795. | Missing mandatory field: body
mann-k/all_documents/1802. | Missing mandatory field: body
mann-k/all_documents/1810. | Missing mandatory field: body
mann-k/all_documents/1822. | Missing mandatory field: body
mann-k/all_documents/1830. | Missing mandatory field: body
mann-k/all_documents/1858. | Missing mandatory field: body
mann-k/all_documents/1875. | Missing mandatory field: body
mann-k/all_documents/1885. | Missing mandatory field: body
mann-k/all_documents/1891. | Missing mandatory field: body
mann-k/all_documents/1903. | Missing mandatory field: body
mann-k/all_documents/1915. | Missing mandatory field: body
mann-k/all_documents/194. | Missing mandatory field: subject
mann-k/all_documents/1941. | Missing mandatory field: body
mann-k/all_documents/1942. | Missing mandatory field: body
mann-k/all_documents/1943. | Missing mandatory field: body
mann-k/all_documents/1954. | Missing mandatory field: subject
mann-k/all_documents/1957. | Missing mandatory field: body
mann-k/all_documents/1962. | Missing mandatory field: subject
mann-k/all_documents/1963. | Missing mandatory field: body
mann-k/all_documents/1971. | Missing mandatory field: body
mann-k/all_documents/1987. | Missing mandatory field: subject
mann-k/all_documents/1993. | Missing mandatory field: body
mann-k/all_documents/1997. | Missing mandatory field: body
mann-k/all_documents/20. | Missing mandatory field: body
mann-k/all_documents/2009. | Missing mandatory field: subject
mann-k/all_documents/2012. | Missing mandatory field: subject
mann-k/all_documents/2013. | Missing mandatory field: body
mann-k/all_documents/2027. | Missing mandatory field: subject
mann-k/all_documents/2039. | Missing mandatory field: subject
mann-k/all_documents/2053. | Missing mandatory field: subject
mann-k/all_documents/2059. | Missing mandatory field: body
mann-k/all_documents/2064. | Missing mandatory field: subject
mann-k/all_documents/2070. | Missing mandatory field: body
mann-k/all_documents/2089. | Missing mandatory field: body
mann-k/all_documents/2104. | Missing mandatory field: subject
mann-k/all_documents/2129. | Missing mandatory field: body
mann-k/all_documents/2130. | Missing mandatory field: body
mann-k/all_documents/2131. | Missing mandatory field: body
mann-k/all_documents/2139. | Missing mandatory field: body
mann-k/all_documents/2147. | Missing mandatory field: body
mann-k/all_documents/2150. | Missing mandatory field: body
mann-k/all_documents/2155. | Missing mandatory field: subject
mann-k/all_documents/2156. | Missing mandatory field: to_addresses
mann-k/all_documents/2169. | Missing mandatory field: subject
mann-k/all_documents/2173. | Missing mandatory field: body
mann-k/all_documents/2175. | Missing mandatory field: body
mann-k/all_documents/2181. | Missing mandatory field: body
mann-k/all_documents/2182. | Missing mandatory field: body
mann-k/all_documents/2183. | Missing mandatory field: body
mann-k/all_documents/2190. | Missing mandatory field: body
mann-k/all_documents/220. | Missing mandatory field: body
mann-k/all_documents/2204. | Missing mandatory field: body
mann-k/all_documents/221. | Missing mandatory field: body
mann-k/all_documents/2217. | Missing mandatory field: subject
mann-k/all_documents/2219. | Missing mandatory field: body
mann-k/all_documents/222. | Missing mandatory field: body
mann-k/all_documents/2238. | Missing mandatory field: body
mann-k/all_documents/2255. | Missing mandatory field: body
mann-k/all_documents/2263. | Missing mandatory field: body
mann-k/all_documents/2270. | Missing mandatory field: body
mann-k/all_documents/2276. | Missing mandatory field: body
mann-k/all_documents/228. | Missing mandatory field: body
mann-k/all_documents/2286. | Missing mandatory field: body
mann-k/all_documents/2287. | Missing mandatory field: body
mann-k/all_documents/2290. | Missing mandatory field: body
mann-k/all_documents/2291. | Missing mandatory field: body
mann-k/all_documents/2292. | Missing mandatory field: body
mann-k/all_documents/2312. | Missing mandatory field: body
mann-k/all_documents/232. | Missing mandatory field: subject
mann-k/all_documents/2321. | Missing mandatory field: body
mann-k/all_documents/2322. | Missing mandatory field: body
mann-k/all_documents/2336. | Missing mandatory field: body
mann-k/all_documents/2338. | Missing mandatory field: body
mann-k/all_documents/2343. | Missing mandatory field: body
mann-k/all_documents/2359. | Missing mandatory field: subject
mann-k/all_documents/2360. | Missing mandatory field: body
mann-k/all_documents/2365. | Missing mandatory field: subject
mann-k/all_documents/2372. | Missing mandatory field: body
mann-k/all_documents/2381. | Missing mandatory field: subject
mann-k/all_documents/2382. | Missing mandatory field: body
mann-k/all_documents/2385. | Missing mandatory field: body
mann-k/all_documents/2389. | Missing mandatory field: body
mann-k/all_documents/2403. | Missing mandatory field: body
mann-k/all_documents/2408. | Missing mandatory field: body
mann-k/all_documents/2410. | Missing mandatory field: body
mann-k/all_documents/2426. | Missing mandatory field: body
mann-k/all_documents/2427. | Missing mandatory field: body
mann-k/all_documents/2431. | Missing mandatory field: subject
mann-k/all_documents/2435. | Missing mandatory field: body
mann-k/all_documents/2441. | Missing mandatory field: body
mann-k/all_documents/2442. | Missing mandatory field: body
mann-k/all_documents/2450. | Missing mandatory field: body
mann-k/all_documents/2454. | Missing mandatory field: body
mann-k/all_documents/2456. | Missing mandatory field: body
mann-k/all_documents/2461. | Missing mandatory field: subject
mann-k/all_documents/2465. | Missing mandatory field: body
mann-k/all_documents/2476. | Missing mandatory field: body
mann-k/all_documents/2484. | Missing mandatory field: body
mann-k/all_documents/2491. | Missing mandatory field: subject
mann-k/all_documents/2505. | Missing mandatory field: body
mann-k/all_documents/254. | Missing mandatory field: body
mann-k/all_documents/256. | Missing mandatory field: body
mann-k/all_documents/2567. | Missing mandatory field: subject
mann-k/all_documents/2578. | Missing mandatory field: body
mann-k/all_documents/2580. | Missing mandatory field: body
mann-k/all_documents/2583. | Missing mandatory field: subject
mann-k/all_documents/2586. | Missing mandatory field: body
mann-k/all_documents/2606. | Missing mandatory field: body
mann-k/all_documents/2610. | Missing mandatory field: body
mann-k/all_documents/2616. | Missing mandatory field: subject
mann-k/all_documents/2634. | Missing mandatory field: body
mann-k/all_documents/2648. | Missing mandatory field: body
mann-k/all_documents/2650. | Missing mandatory field: body
mann-k/all_documents/2654. | Missing mandatory field: body
mann-k/all_documents/2655. | Missing mandatory field: to_addresses
mann-k/all_documents/2666. | Missing mandatory field: body
mann-k/all_documents/2667. | Missing mandatory field: body
mann-k/all_documents/268. | Missing mandatory field: body
mann-k/all_documents/2687. | Missing mandatory field: body
mann-k/all_documents/2693. | Missing mandatory field: body
mann-k/all_documents/2695. | Missing mandatory field: body
mann-k/all_documents/2696. | Missing mandatory field: body
mann-k/all_documents/2699. | Missing mandatory field: body
mann-k/all_documents/2708. | Missing mandatory field: body
mann-k/all_documents/271. | Missing mandatory field: body
mann-k/all_documents/2711. | Missing mandatory field: body
mann-k/all_documents/2715. | Missing mandatory field: body
mann-k/all_documents/2716. | Missing mandatory field: body
mann-k/all_documents/2725. | Missing mandatory field: body
mann-k/all_documents/273. | Missing mandatory field: body
mann-k/all_documents/2745. | Missing mandatory field: subject
mann-k/all_documents/2756. | Missing mandatory field: subject
mann-k/all_documents/2759. | Missing mandatory field: body
mann-k/all_documents/2770. | Missing mandatory field: body
mann-k/all_documents/2785. | Missing mandatory field: subject
mann-k/all_documents/2792. | Missing mandatory field: body
mann-k/all_documents/2793. | Missing mandatory field: body
mann-k/all_documents/2797. | Missing mandatory field: body
mann-k/all_documents/2807. | Missing mandatory field: body
mann-k/all_documents/2814. | Missing mandatory field: body
mann-k/all_documents/2817. | Missing mandatory field: subject
mann-k/all_documents/2822. | Missing mandatory field: body
mann-k/all_documents/2829. | Missing mandatory field: body
mann-k/all_documents/2834. | Missing mandatory field: body
mann-k/all_documents/2839. | Missing mandatory field: body
mann-k/all_documents/2842. | Missing mandatory field: body
mann-k/all_documents/2855. | Missing mandatory field: body
mann-k/all_documents/2862. | Missing mandatory field: body
mann-k/all_documents/2869. | Missing mandatory field: body
mann-k/all_documents/2871. | Missing mandatory field: body
mann-k/all_documents/2872. | Missing mandatory field: body
mann-k/all_documents/2878. | Missing mandatory field: body
mann-k/all_documents/2896. | Missing mandatory field: body
mann-k/all_documents/2908. | Missing mandatory field: body
mann-k/all_documents/2914. | Missing mandatory field: body
mann-k/all_documents/2959. | Missing mandatory field: body
mann-k/all_documents/2968. | Missing mandatory field: body
mann-k/all_documents/2972. | Missing mandatory field: body
mann-k/all_documents/2980. | Missing mandatory field: body
mann-k/all_documents/2986. | Missing mandatory field: body
mann-k/all_documents/3002. | Missing mandatory field: subject
mann-k/all_documents/3003. | Missing mandatory field: subject
mann-k/all_documents/3006. | Missing mandatory field: body
mann-k/all_documents/3008. | Missing mandatory field: body
mann-k/all_documents/3012. | Missing mandatory field: body
mann-k/all_documents/3013. | Missing mandatory field: body
mann-k/all_documents/3017. | Missing mandatory field: body
mann-k/all_documents/3023. | Missing mandatory field: body
mann-k/all_documents/3029. | Missing mandatory field: body
mann-k/all_documents/3035. | Missing mandatory field: body
mann-k/all_documents/305. | Missing mandatory field: body
mann-k/all_documents/3052. | Missing mandatory field: body
mann-k/all_documents/3053. | Missing mandatory field: body
mann-k/all_documents/3055. | Missing mandatory field: body
mann-k/all_documents/3056. | Missing mandatory field: body
mann-k/all_documents/3070. | Missing mandatory field: body
mann-k/all_documents/3075. | Missing mandatory field: body
mann-k/all_documents/3078. | Missing mandatory field: body
mann-k/all_documents/3090. | Missing mandatory field: body
mann-k/all_documents/3092. | Missing mandatory field: body
mann-k/all_documents/3097. | Missing mandatory field: body
mann-k/all_documents/31. | Missing mandatory field: body
mann-k/all_documents/3103. | Missing mandatory field: body
mann-k/all_documents/3104. | Missing mandatory field: body
mann-k/all_documents/3109. | Missing mandatory field: body
mann-k/all_documents/3110. | Missing mandatory field: subject
mann-k/all_documents/3112. | Missing mandatory field: subject
mann-k/all_documents/3124. | Missing mandatory field: body
mann-k/all_documents/3176. | Missing mandatory field: subject
mann-k/all_documents/3189. | Missing mandatory field: subject
mann-k/all_documents/3201. | Missing mandatory field: body
mann-k/all_documents/3210. | Missing mandatory field: body
mann-k/all_documents/3224. | Missing mandatory field: body
mann-k/all_documents/3231. | Missing mandatory field: body
mann-k/all_documents/3233. | Missing mandatory field: subject
mann-k/all_documents/3241. | Missing mandatory field: subject
mann-k/all_documents/3243. | Missing mandatory field: body
mann-k/all_documents/3247. | Missing mandatory field: body
mann-k/all_documents/3256. | Missing mandatory field: subject
mann-k/all_documents/3268. | Missing mandatory field: body
mann-k/all_documents/3288. | Missing mandatory field: body
mann-k/all_documents/3291. | Missing mandatory field: subject
mann-k/all_documents/3301. | Missing mandatory field: subject
mann-k/all_documents/3327. | Missing mandatory field: body
mann-k/all_documents/3334. | Missing mandatory field: body
mann-k/all_documents/3340. | Missing mandatory field: subject
mann-k/all_documents/3344. | Missing mandatory field: body
mann-k/all_documents/3347. | Missing mandatory field: body
mann-k/all_documents/3360. | Missing mandatory field: subject
mann-k/all_documents/3362. | Missing mandatory field: body
mann-k/all_documents/3366. | Missing mandatory field: subject
mann-k/all_documents/3374. | Missing mandatory field: body
mann-k/all_documents/3379. | Missing mandatory field: body
mann-k/all_documents/3391. | Missing mandatory field: subject
mann-k/all_documents/3399. | Missing mandatory field: subject
mann-k/all_documents/3411. | Missing mandatory field: subject
mann-k/all_documents/3425. | Missing mandatory field: to_addresses
mann-k/all_documents/3427. | Missing mandatory field: body
mann-k/all_documents/3440. | Missing mandatory field: body
mann-k/all_documents/3443. | Missing mandatory field: body
mann-k/all_documents/3454. | Missing mandatory field: body
mann-k/all_documents/3456. | Missing mandatory field: subject
mann-k/all_documents/3464. | Missing mandatory field: subject
mann-k/all_documents/3470. | Missing mandatory field: subject
mann-k/all_documents/3508. | Missing mandatory field: body
mann-k/all_documents/353. | Missing mandatory field: body
mann-k/all_documents/3535. | Missing mandatory field: body
mann-k/all_documents/3538. | Missing mandatory field: body
mann-k/all_documents/3540. | Missing mandatory field: body
mann-k/all_documents/3550. | Missing mandatory field: body
mann-k/all_documents/3551. | Missing mandatory field: subject
mann-k/all_documents/356. | Missing mandatory field: body
mann-k/all_documents/3568. | Missing mandatory field: subject
mann-k/all_documents/3580. | Missing mandatory field: body
mann-k/all_documents/3581. | Missing mandatory field: subject
mann-k/all_documents/3587. | Missing mandatory field: subject
mann-k/all_documents/3599. | Missing mandatory field: body
mann-k/all_documents/3600. | Missing mandatory field: body
mann-k/all_documents/3604. | Missing mandatory field: subject
mann-k/all_documents/3606. | Missing mandatory field: subject
mann-k/all_documents/3617. | Missing mandatory field: body
mann-k/all_documents/3618. | Missing mandatory field: subject
mann-k/all_documents/3623. | Missing mandatory field: subject
mann-k/all_documents/3627. | Missing mandatory field: to_addresses
mann-k/all_documents/3641. | Missing mandatory field: body
mann-k/all_documents/3650. | Missing mandatory field: subject
mann-k/all_documents/3656. | Missing mandatory field: body
mann-k/all_documents/3660. | Missing mandatory field: body
mann-k/all_documents/3676. | Missing mandatory field: body
mann-k/all_documents/3679. | Missing mandatory field: body
mann-k/all_documents/3683. | Missing mandatory field: subject
mann-k/all_documents/3687. | Missing mandatory field: body
mann-k/all_documents/3688. | Missing mandatory field: body
mann-k/all_documents/3693. | Missing mandatory field: body
mann-k/all_documents/3694. | Missing mandatory field: subject
mann-k/all_documents/3698. | Missing mandatory field: body
mann-k/all_documents/3711. | Missing mandatory field: body
mann-k/all_documents/3713. | Missing mandatory field: body
mann-k/all_documents/3723. | Missing mandatory field: subject
mann-k/all_documents/3726. | Missing mandatory field: body
mann-k/all_documents/3734. | Missing mandatory field: body
mann-k/all_documents/3737. | Missing mandatory field: subject
mann-k/all_documents/3757. | Missing mandatory field: body
mann-k/all_documents/3766. | Missing mandatory field: body
mann-k/all_documents/3791. | Missing mandatory field: body
mann-k/all_documents/3822. | Missing mandatory field: body
mann-k/all_documents/3861. | Missing mandatory field: body
mann-k/all_documents/3893. | Missing mandatory field: body
mann-k/all_documents/3894. | Missing mandatory field: body
mann-k/all_documents/3901. | Missing mandatory field: subject
mann-k/all_documents/3906. | Missing mandatory field: body
mann-k/all_documents/392. | Missing mandatory field: body
mann-k/all_documents/3925. | Missing mandatory field: body
mann-k/all_documents/3931. | Missing mandatory field: body
mann-k/all_documents/3933. | Missing mandatory field: body
mann-k/all_documents/3935. | Missing mandatory field: body
mann-k/all_documents/394. | Missing mandatory field: body
mann-k/all_documents/3947. | Missing mandatory field: body
mann-k/all_documents/3954. | Missing mandatory field: subject
mann-k/all_documents/3955. | Missing mandatory field: body
mann-k/all_documents/3956. | Missing mandatory field: subject
mann-k/all_documents/3970. | Missing mandatory field: body
mann-k/all_documents/3971. | Missing mandatory field: body
mann-k/all_documents/399. | Missing mandatory field: body
mann-k/all_documents/3991. | Missing mandatory field: subject
mann-k/all_documents/4001. | Missing mandatory field: body
mann-k/all_documents/4023. | Missing mandatory field: body
mann-k/all_documents/4028. | Missing mandatory field: body
mann-k/all_documents/4030. | Missing mandatory field: body
mann-k/all_documents/4038. | Missing mandatory field: body
mann-k/all_documents/4043. | Missing mandatory field: body
mann-k/all_documents/4083. | Missing mandatory field: body
mann-k/all_documents/4085. | Missing mandatory field: body
mann-k/all_documents/4099. | Missing mandatory field: subject
mann-k/all_documents/4102. | Missing mandatory field: body
mann-k/all_documents/4103. | Missing mandatory field: body
mann-k/all_documents/4111. | Missing mandatory field: body
mann-k/all_documents/4114. | Missing mandatory field: body
mann-k/all_documents/4115. | Missing mandatory field: body
mann-k/all_documents/4117. | Missing mandatory field: body
mann-k/all_documents/4118. | Missing mandatory field: body
mann-k/all_documents/412. | Missing mandatory field: subject
mann-k/all_documents/4125. | Missing mandatory field: body
mann-k/all_documents/4126. | Missing mandatory field: body
mann-k/all_documents/4132. | Missing mandatory field: body
mann-k/all_documents/4160. | Missing mandatory field: body
mann-k/all_documents/4179. | Missing mandatory field: body
mann-k/all_documents/4186. | Missing mandatory field: subject
mann-k/all_documents/4213. | Missing mandatory field: subject
mann-k/all_documents/422. | Missing mandatory field: subject
mann-k/all_documents/4232. | Missing mandatory field: body
mann-k/all_documents/4244. | Missing mandatory field: body
mann-k/all_documents/4245. | Missing mandatory field: body
mann-k/all_documents/4257. | Missing mandatory field: subject
mann-k/all_documents/4269. | Missing mandatory field: body
mann-k/all_documents/4276. | Missing mandatory field: body
mann-k/all_documents/428. | Missing mandatory field: subject
mann-k/all_documents/4281. | Missing mandatory field: subject
mann-k/all_documents/4292. | Missing mandatory field: body
mann-k/all_documents/4307. | Missing mandatory field: body
mann-k/all_documents/4313. | Missing mandatory field: body
mann-k/all_documents/4346. | Missing mandatory field: subject
mann-k/all_documents/4349. | Missing mandatory field: subject
mann-k/all_documents/4350. | Missing mandatory field: body
mann-k/all_documents/4366. | Missing mandatory field: subject
mann-k/all_documents/4367. | Missing mandatory field: body
mann-k/all_documents/4373. | Missing mandatory field: body
mann-k/all_documents/4389. | Missing mandatory field: body
mann-k/all_documents/4397. | Missing mandatory field: body
mann-k/all_documents/4400. | Missing mandatory field: body
mann-k/all_documents/4403. | Missing mandatory field: body
mann-k/all_documents/4406. | Missing mandatory field: body
mann-k/all_documents/4412. | Missing mandatory field: body
mann-k/all_documents/4436. | Missing mandatory field: body
mann-k/all_documents/4440. | Missing mandatory field: subject
mann-k/all_documents/4455. | Missing mandatory field: body
mann-k/all_documents/4468. | Missing mandatory field: body
mann-k/all_documents/4469. | Missing mandatory field: body
mann-k/all_documents/4476. | Missing mandatory field: body
mann-k/all_documents/449. | Missing mandatory field: subject
mann-k/all_documents/4491. | Missing mandatory field: body
mann-k/all_documents/4493. | Missing mandatory field: body
mann-k/all_documents/4495. | Missing mandatory field: body
mann-k/all_documents/4511. | Missing mandatory field: body
mann-k/all_documents/4514. | Missing mandatory field: subject
mann-k/all_documents/4520. | Missing mandatory field: body
mann-k/all_documents/4531. | Missing mandatory field: body
mann-k/all_documents/4551. | Missing mandatory field: body
mann-k/all_documents/459. | Missing mandatory field: subject
mann-k/all_documents/460. | Missing mandatory field: subject
mann-k/all_documents/4605. | Missing mandatory field: body
mann-k/all_documents/4606. | Missing mandatory field: body
mann-k/all_documents/4611. | Missing mandatory field: body
mann-k/all_documents/4621. | Missing mandatory field: body
mann-k/all_documents/4644. | Missing mandatory field: subject
mann-k/all_documents/4666. | Missing mandatory field: body
mann-k/all_documents/4675. | Missing mandatory field: subject
mann-k/all_documents/4695. | Missing mandatory field: subject
mann-k/all_documents/4696. | Missing mandatory field: subject
mann-k/all_documents/4707. | Missing mandatory field: body
mann-k/all_documents/4710. | Missing mandatory field: body
mann-k/all_documents/4714. | Missing mandatory field: body
mann-k/all_documents/4722. | Missing mandatory field: body
mann-k/all_documents/4723. | Missing mandatory field: body
mann-k/all_documents/4743. | Missing mandatory field: body
mann-k/all_documents/475. | Missing mandatory field: body
mann-k/all_documents/4766. | Missing mandatory field: body
mann-k/all_documents/4767. | Missing mandatory field: body
mann-k/all_documents/4769. | Missing mandatory field: body
mann-k/all_documents/4793. | Missing mandatory field: body
mann-k/all_documents/4801. | Missing mandatory field: body
mann-k/all_documents/4823. | Missing mandatory field: body
mann-k/all_documents/484. | Missing mandatory field: body
mann-k/all_documents/4840. | Missing mandatory field: body
mann-k/all_documents/4841. | Missing mandatory field: body
mann-k/all_documents/4861. | Missing mandatory field: body
mann-k/all_documents/4865. | Missing mandatory field: body
mann-k/all_documents/4869. | Missing mandatory field: body
mann-k/all_documents/4878. | Missing mandatory field: body
mann-k/all_documents/4879. | Missing mandatory field: subject
mann-k/all_documents/4883. | Missing mandatory field: body
mann-k/all_documents/4886. | Missing mandatory field: body
mann-k/all_documents/49. | Missing mandatory field: body
mann-k/all_documents/4902. | Missing mandatory field: to_addresses
mann-k/all_documents/4907. | Missing mandatory field: body
mann-k/all_documents/4909. | Missing mandatory field: body
mann-k/all_documents/4917. | Missing mandatory field: body
mann-k/all_documents/4928. | Missing mandatory field: body
mann-k/all_documents/4950. | Missing mandatory field: subject
mann-k/all_documents/4961. | Missing mandatory field: subject
mann-k/all_documents/4975. | Missing mandatory field: body
mann-k/all_documents/4976. | Missing mandatory field: body
mann-k/all_documents/4991. | Missing mandatory field: body
mann-k/all_documents/5. | Missing mandatory field: body
mann-k/all_documents/5010. | Missing mandatory field: body
mann-k/all_documents/5023. | Missing mandatory field: body
mann-k/all_documents/5033. | Missing mandatory field: body
mann-k/all_documents/5047. | Missing mandatory field: body
mann-k/all_documents/5078. | Missing mandatory field: body
mann-k/all_documents/5095. | Missing mandatory field: body
mann-k/all_documents/5099. | Missing mandatory field: body
mann-k/all_documents/5106. | Missing mandatory field: body
mann-k/all_documents/5107. | Missing mandatory field: subject
mann-k/all_documents/511. | Missing mandatory field: to_addresses
mann-k/all_documents/5112. | Missing mandatory field: body
mann-k/all_documents/5126. | Missing mandatory field: body
mann-k/all_documents/5141. | Missing mandatory field: subject
mann-k/all_documents/5187. | Missing mandatory field: body
mann-k/all_documents/5221. | Missing mandatory field: subject
mann-k/all_documents/5223. | Missing mandatory field: body
mann-k/all_documents/5226. | Missing mandatory field: subject
mann-k/all_documents/5230. | Missing mandatory field: body
mann-k/all_documents/5259. | Missing mandatory field: subject
mann-k/all_documents/5261. | Missing mandatory field: body
mann-k/all_documents/5298. | Missing mandatory field: body
mann-k/all_documents/5317. | Missing mandatory field: subject
mann-k/all_documents/5332. | Missing mandatory field: body
mann-k/all_documents/5357. | Missing mandatory field: body
mann-k/all_documents/5359. | Missing mandatory field: body
mann-k/all_documents/5364. | Missing mandatory field: body
mann-k/all_documents/537. | Missing mandatory field: body
mann-k/all_documents/5376. | Missing mandatory field: body
mann-k/all_documents/5390. | Missing mandatory field: body
mann-k/all_documents/543. | Missing mandatory field: body
mann-k/all_documents/5435. | Missing mandatory field: body
mann-k/all_documents/5436. | Missing mandatory field: body
mann-k/all_documents/547. | Missing mandatory field: to_addresses
mann-k/all_documents/5490. | Missing mandatory field: body
mann-k/all_documents/5529. | Missing mandatory field: to_addresses
mann-k/all_documents/5546. | Missing mandatory field: to_addresses
mann-k/all_documents/558. | Missing mandatory field: body
mann-k/all_documents/560. | Missing mandatory field: to_addresses
mann-k/all_documents/5666. | Missing mandatory field: body
mann-k/all_documents/57. | Missing mandatory field: body
mann-k/all_documents/5711. | Missing mandatory field: body
mann-k/all_documents/5723. | Missing mandatory field: body
mann-k/all_documents/5728. | Missing mandatory field: subject
mann-k/all_documents/574. | Missing mandatory field: subject
mann-k/all_documents/575. | Missing mandatory field: subject
mann-k/all_documents/5766. | Missing mandatory field: body
mann-k/all_documents/578. | Missing mandatory field: subject
mann-k/all_documents/5789. | Missing mandatory field: body
mann-k/all_documents/579. | Missing mandatory field: body
mann-k/all_documents/5804. | Missing mandatory field: body
mann-k/all_documents/5853. | Missing mandatory field: body
mann-k/all_documents/5859. | Missing mandatory field: body
mann-k/all_documents/5900. | Missing mandatory field: body
mann-k/all_documents/594. | Missing mandatory field: body
mann-k/all_documents/5944. | Missing mandatory field: body
mann-k/all_documents/5948. | Missing mandatory field: subject
mann-k/all_documents/5980. | Missing mandatory field: body
mann-k/all_documents/5981. | Missing mandatory field: body
mann-k/all_documents/5982. | Missing mandatory field: body
mann-k/all_documents/5996. | Missing mandatory field: body
mann-k/all_documents/6000. | Missing mandatory field: body
mann-k/all_documents/6013. | Missing mandatory field: to_addresses
mann-k/all_documents/6019. | Missing mandatory field: body
mann-k/all_documents/6028. | Missing mandatory field: body
mann-k/all_documents/6029. | Missing mandatory field: body
mann-k/all_documents/605. | Missing mandatory field: body
mann-k/all_documents/6062. | Missing mandatory field: body
mann-k/all_documents/6068. | Missing mandatory field: to_addresses
mann-k/all_documents/607. | Missing mandatory field: subject
mann-k/all_documents/61. | Missing mandatory field: body
mann-k/all_documents/6113. | Missing mandatory field: body
mann-k/all_documents/6170. | Missing mandatory field: body
mann-k/all_documents/625. | Missing mandatory field: subject
mann-k/all_documents/6284. | Missing mandatory field: body
mann-k/all_documents/629. | Missing mandatory field: subject
mann-k/all_documents/6310. | Missing mandatory field: to_addresses
mann-k/all_documents/6350. | Missing mandatory field: subject
mann-k/all_documents/636. | Missing mandatory field: body
mann-k/all_documents/6367. | Missing mandatory field: body
mann-k/all_documents/6373. | Missing mandatory field: subject
mann-k/all_documents/6375. | Missing mandatory field: subject
mann-k/all_documents/6487. | Missing mandatory field: body
mann-k/all_documents/6594. | Missing mandatory field: body
mann-k/all_documents/6595. | Missing mandatory field: body
mann-k/all_documents/6619. | Missing mandatory field: body
mann-k/all_documents/6663. | Missing mandatory field: to_addresses
mann-k/all_documents/6668. | Missing mandatory field: subject
mann-k/all_documents/682. | Missing mandatory field: subject
mann-k/all_documents/7. | Missing mandatory field: body
mann-k/all_documents/727. | Missing mandatory field: body
mann-k/all_documents/729. | Missing mandatory field: body
mann-k/all_documents/7429. | Missing mandatory field: body
mann-k/all_documents/743. | Missing mandatory field: body
mann-k/all_documents/75. | Missing mandatory field: body
mann-k/all_documents/759. | Missing mandatory field: subject
mann-k/all_documents/762. | Missing mandatory field: body
mann-k/all_documents/764. | Missing mandatory field: body
mann-k/all_documents/772. | Missing mandatory field: subject
mann-k/all_documents/777. | Missing mandatory field: body
mann-k/all_documents/782. | Missing mandatory field: body
mann-k/all_documents/783. | Missing mandatory field: body
mann-k/all_documents/813. | Missing mandatory field: body
mann-k/all_documents/816. | Missing mandatory field: subject
mann-k/all_documents/829. | Missing mandatory field: body
mann-k/all_documents/847. | Missing mandatory field: body
mann-k/all_documents/869. | Missing mandatory field: subject
mann-k/all_documents/871. | Missing mandatory field: body
mann-k/all_documents/893. | Missing mandatory field: subject
mann-k/all_documents/897. | Missing mandatory field: body
mann-k/all_documents/900. | Missing mandatory field: subject
mann-k/all_documents/92. | Missing mandatory field: body
mann-k/all_documents/936. | Missing mandatory field: subject
mann-k/all_documents/94. | Missing mandatory field: subject
mann-k/all_documents/945. | Missing mandatory field: body
mann-k/all_documents/956. | Missing mandatory field: body
mann-k/all_documents/974. | Missing mandatory field: body
mann-k/all_documents/988. | Missing mandatory field: body
mann-k/asset_management_documents/1. | Missing mandatory field: body
mann-k/blue_dog/14. | Missing mandatory field: subject
mann-k/blue_dog/46. | Missing mandatory field: subject
mann-k/blue_dog/5. | Missing mandatory field: body
mann-k/blue_dog/51. | Missing mandatory field: body
mann-k/blue_dog/71. | Missing mandatory field: subject
mann-k/blue_dog/86. | Missing mandatory field: to_addresses
mann-k/chicago/27. | Missing mandatory field: body
mann-k/chicago/31. | Missing mandatory field: body
mann-k/chicago/38. | Missing mandatory field: body
mann-k/chicago/6. | Missing mandatory field: body
mann-k/chicago/84. | Missing mandatory field: body
mann-k/co_op_city/17. | Missing mandatory field: subject
mann-k/co_op_city/6. | Missing mandatory field: body
mann-k/contacts/1. | Missing mandatory field: to_addresses
mann-k/contacts/2. | Missing mandatory field: to_addresses
mann-k/contacts/3. | Missing mandatory field: to_addresses
mann-k/contacts/4. | Missing mandatory field: to_addresses
mann-k/contacts/5. | Missing mandatory field: to_addresses
mann-k/coral/2. | Missing mandatory field: body
mann-k/coral/4. | Missing mandatory field: body
mann-k/coral/72. | Missing mandatory field: body
mann-k/coral/73. | Missing mandatory field: body
mann-k/deleted_items/10. | Missing mandatory field: body
mann-k/deleted_items/101. | Missing mandatory field: subject
mann-k/deleted_items/102. | Missing mandatory field: subject
mann-k/deleted_items/109. | Missing mandatory field: to_addresses
mann-k/deleted_items/111. | Missing mandatory field: to_addresses
mann-k/deleted_items/112. | Missing mandatory field: to_addresses
mann-k/deleted_items/123. | Missing mandatory field: body
mann-k/deleted_items/14. | Missing mandatory field: subject
mann-k/deleted_items/141. | Missing mandatory field: subject
mann-k/deleted_items/142. | Missing mandatory field: subject
mann-k/deleted_items/149. | Missing mandatory field: body
mann-k/deleted_items/157. | Missing mandatory field: to_addresses
mann-k/deleted_items/164. | Missing mandatory field: body
mann-k/deleted_items/32. | Missing mandatory field: body
mann-k/deleted_items/37. | Missing mandatory field: to_addresses
mann-k/deleted_items/57. | Missing mandatory field: to_addresses
mann-k/deleted_items/70. | Missing mandatory field: to_addresses
mann-k/deleted_items/71. | Missing mandatory field: to_addresses
mann-k/deleted_items/98. | Missing mandatory field: subject
mann-k/discussion_threads/1007. | Missing mandatory field: subject
mann-k/discussion_threads/1039. | Missing mandatory field: body
mann-k/discussion_threads/1049. | Missing mandatory field: subject
mann-k/discussion_threads/1050. | Missing mandatory field: subject
mann-k/discussion_threads/1056. | Missing mandatory field: body
mann-k/discussion_threads/1059. | Missing mandatory field: body
mann-k/discussion_threads/1060. | Missing mandatory field: body
mann-k/discussion_threads/1089. | Missing mandatory field: subject
mann-k/discussion_threads/1094. | Missing mandatory field: body
mann-k/discussion_threads/1096. | Missing mandatory field: body
mann-k/discussion_threads/1099. | Missing mandatory field: body
mann-k/discussion_threads/1102. | Missing mandatory field: subject
mann-k/discussion_threads/1103. | Missing mandatory field: subject
mann-k/discussion_threads/1104. | Missing mandatory field: subject
mann-k/discussion_threads/1106. | Missing mandatory field: subject
mann-k/discussion_threads/1115. | Missing mandatory field: subject
mann-k/discussion_threads/1116. | Missing mandatory field: subject
mann-k/discussion_threads/113. | Missing mandatory field: body
mann-k/discussion_threads/1137. | Missing mandatory field: subject
mann-k/discussion_threads/115. | Missing mandatory field: body
mann-k/discussion_threads/1152. | Missing mandatory field: subject
mann-k/discussion_threads/1160. | Missing mandatory field: body
mann-k/discussion_threads/1169. | Missing mandatory field: body
mann-k/discussion_threads/1170. | Missing mandatory field: body
mann-k/discussion_threads/1171. | Missing mandatory field: subject
mann-k/discussion_threads/1174. | Missing mandatory field: subject
mann-k/discussion_threads/1182. | Missing mandatory field: body
mann-k/discussion_threads/1183. | Missing mandatory field: body
mann-k/discussion_threads/1190. | Missing mandatory field: subject
mann-k/discussion_threads/1191. | Missing mandatory field: body
mann-k/discussion_threads/1193. | Missing mandatory field: subject
mann-k/discussion_threads/1195. | Missing mandatory field: subject
mann-k/discussion_threads/1196. | Missing mandatory field: body
mann-k/discussion_threads/1198. | Missing mandatory field: subject
mann-k/discussion_threads/1210. | Missing mandatory field: body
mann-k/discussion_threads/1216. | Missing mandatory field: subject
mann-k/discussion_threads/1217. | Missing mandatory field: body
mann-k/discussion_threads/1224. | Missing mandatory field: body
mann-k/discussion_threads/1226. | Missing mandatory field: body
mann-k/discussion_threads/1228. | Missing mandatory field: to_addresses
mann-k/discussion_threads/1239. | Missing mandatory field: body
mann-k/discussion_threads/1240. | Missing mandatory field: body
mann-k/discussion_threads/1246. | Missing mandatory field: body
mann-k/discussion_threads/1254. | Missing mandatory field: body
mann-k/discussion_threads/1264. | Missing mandatory field: body
mann-k/discussion_threads/1268. | Missing mandatory field: body
mann-k/discussion_threads/1286. | Missing mandatory field: body
mann-k/discussion_threads/1296. | Missing mandatory field: body
mann-k/discussion_threads/130. | Missing mandatory field: body
mann-k/discussion_threads/1308. | Missing mandatory field: body
mann-k/discussion_threads/1313. | Missing mandatory field: body
mann-k/discussion_threads/1324. | Missing mandatory field: body
mann-k/discussion_threads/1331. | Missing mandatory field: body
mann-k/discussion_threads/1350. | Missing mandatory field: body
mann-k/discussion_threads/1351. | Missing mandatory field: body
mann-k/discussion_threads/1352. | Missing mandatory field: body
mann-k/discussion_threads/1358. | Missing mandatory field: subject
mann-k/discussion_threads/1359. | Missing mandatory field: body
mann-k/discussion_threads/1364. | Missing mandatory field: subject
mann-k/discussion_threads/1365. | Missing mandatory field: body
mann-k/discussion_threads/1373. | Missing mandatory field: body
mann-k/discussion_threads/1378. | Missing mandatory field: subject
mann-k/discussion_threads/1382. | Missing mandatory field: body
mann-k/discussion_threads/1385. | Missing mandatory field: body
mann-k/discussion_threads/1392. | Missing mandatory field: subject
mann-k/discussion_threads/1393. | Missing mandatory field: subject
mann-k/discussion_threads/1394. | Missing mandatory field: body
mann-k/discussion_threads/1398. | Missing mandatory field: subject
mann-k/discussion_threads/1408. | Missing mandatory field: subject
mann-k/discussion_threads/1419. | Missing mandatory field: subject
mann-k/discussion_threads/1425. | Missing mandatory field: body
mann-k/discussion_threads/1427. | Missing mandatory field: subject
mann-k/discussion_threads/1431. | Missing mandatory field: body
mann-k/discussion_threads/144. | Missing mandatory field: subject
mann-k/discussion_threads/1449. | Missing mandatory field: body
mann-k/discussion_threads/1457. | Missing mandatory field: subject
mann-k/discussion_threads/1477. | Missing mandatory field: body
mann-k/discussion_threads/1478. | Missing mandatory field: body
mann-k/discussion_threads/1479. | Missing mandatory field: body
mann-k/discussion_threads/1484. | Missing mandatory field: body
mann-k/discussion_threads/1491. | Missing mandatory field: body
mann-k/discussion_threads/1493. | Missing mandatory field: body
mann-k/discussion_threads/1498. | Missing mandatory field: subject
mann-k/discussion_threads/1499. | Missing mandatory field: to_addresses
mann-k/discussion_threads/15. | Missing mandatory field: body
mann-k/discussion_threads/1503. | Missing mandatory field: subject
mann-k/discussion_threads/1506. | Missing mandatory field: body
mann-k/discussion_threads/1508. | Missing mandatory field: body
mann-k/discussion_threads/1513. | Missing mandatory field: body
mann-k/discussion_threads/1514. | Missing mandatory field: body
mann-k/discussion_threads/1515. | Missing mandatory field: body
mann-k/discussion_threads/1522. | Missing mandatory field: body
mann-k/discussion_threads/1534. | Missing mandatory field: body
mann-k/discussion_threads/1544. | Missing mandatory field: subject
mann-k/discussion_threads/1546. | Missing mandatory field: body
mann-k/discussion_threads/1563. | Missing mandatory field: body
mann-k/discussion_threads/1577. | Missing mandatory field: body
mann-k/discussion_threads/1584. | Missing mandatory field: body
mann-k/discussion_threads/1588. | Missing mandatory field: body
mann-k/discussion_threads/159. | Missing mandatory field: body
mann-k/discussion_threads/1593. | Missing mandatory field: body
mann-k/discussion_threads/160. | Missing mandatory field: body
mann-k/discussion_threads/1604. | Missing mandatory field: body
mann-k/discussion_threads/1605. | Missing mandatory field: body
mann-k/discussion_threads/1608. | Missing mandatory field: body
mann-k/discussion_threads/1609. | Missing mandatory field: body
mann-k/discussion_threads/161. | Missing mandatory field: body
mann-k/discussion_threads/1610. | Missing mandatory field: body
mann-k/discussion_threads/1626. | Missing mandatory field: body
mann-k/discussion_threads/1633. | Missing mandatory field: body
mann-k/discussion_threads/1634. | Missing mandatory field: body
mann-k/discussion_threads/1644. | Missing mandatory field: body
mann-k/discussion_threads/1646. | Missing mandatory field: body
mann-k/discussion_threads/165. | Missing mandatory field: body
mann-k/discussion_threads/1650. | Missing mandatory field: body
mann-k/discussion_threads/1664. | Missing mandatory field: subject
mann-k/discussion_threads/1665. | Missing mandatory field: body
mann-k/discussion_threads/1668. | Missing mandatory field: subject
mann-k/discussion_threads/1673. | Missing mandatory field: body
mann-k/discussion_threads/168. | Missing mandatory field: subject
mann-k/discussion_threads/1682. | Missing mandatory field: subject
mann-k/discussion_threads/1683. | Missing mandatory field: body
mann-k/discussion_threads/1685. | Missing mandatory field: body
mann-k/discussion_threads/1688. | Missing mandatory field: body
mann-k/discussion_threads/1698. | Missing mandatory field: body
mann-k/discussion_threads/1702. | Missing mandatory field: body
mann-k/discussion_threads/1703. | Missing mandatory field: body
mann-k/discussion_threads/1716. | Missing mandatory field: body
mann-k/discussion_threads/1717. | Missing mandatory field: body
mann-k/discussion_threads/1720. | Missing mandatory field: subject
mann-k/discussion_threads/1722. | Missing mandatory field: body
mann-k/discussion_threads/1726. | Missing mandatory field: body
mann-k/discussion_threads/1727. | Missing mandatory field: body
mann-k/discussion_threads/1735. | Missing mandatory field: body
mann-k/discussion_threads/1739. | Missing mandatory field: body
mann-k/discussion_threads/1740. | Missing mandatory field: body
mann-k/discussion_threads/1744. | Missing mandatory field: subject
mann-k/discussion_threads/1747. | Missing mandatory field: body
mann-k/discussion_threads/1754. | Missing mandatory field: body
mann-k/discussion_threads/1758. | Missing mandatory field: body
mann-k/discussion_threads/1762. | Missing mandatory field: subject
mann-k/discussion_threads/1769. | Missing mandatory field: body
mann-k/discussion_threads/1812. | Missing mandatory field: subject
mann-k/discussion_threads/1820. | Missing mandatory field: body
mann-k/discussion_threads/1821. | Missing mandatory field: body
mann-k/discussion_threads/1823. | Missing mandatory field: subject
mann-k/discussion_threads/1826. | Missing mandatory field: body
mann-k/discussion_threads/183. | Missing mandatory field: body
mann-k/discussion_threads/1838. | Missing mandatory field: body
mann-k/discussion_threads/1842. | Missing mandatory field: body
mann-k/discussion_threads/1847. | Missing mandatory field: subject
mann-k/discussion_threads/185. | Missing mandatory field: body
mann-k/discussion_threads/1860. | Missing mandatory field: body
mann-k/discussion_threads/1874. | Missing mandatory field: body
mann-k/discussion_threads/1875. | Missing mandatory field: body
mann-k/discussion_threads/1878. | Missing mandatory field: body
mann-k/discussion_threads/1879. | Missing mandatory field: to_addresses
mann-k/discussion_threads/1885. | Missing mandatory field: body
mann-k/discussion_threads/1886. | Missing mandatory field: body
mann-k/discussion_threads/1899. | Missing mandatory field: body
mann-k/discussion_threads/1902. | Missing mandatory field: body
mann-k/discussion_threads/1904. | Missing mandatory field: body
mann-k/discussion_threads/1905. | Missing mandatory field: body
mann-k/discussion_threads/1907. | Missing mandatory field: body
mann-k/discussion_threads/1912. | Missing mandatory field: body
mann-k/discussion_threads/1915. | Missing mandatory field: body
mann-k/discussion_threads/1919. | Missing mandatory field: body
mann-k/discussion_threads/1920. | Missing mandatory field: body
mann-k/discussion_threads/1925. | Missing mandatory field: body
mann-k/discussion_threads/1938. | Missing mandatory field: subject
mann-k/discussion_threads/195. | Missing mandatory field: body
mann-k/discussion_threads/1950. | Missing mandatory field: subject
mann-k/discussion_threads/1953. | Missing mandatory field: body
mann-k/discussion_threads/1963. | Missing mandatory field: body
mann-k/discussion_threads/197. | Missing mandatory field: body
mann-k/discussion_threads/1971. | Missing mandatory field: subject
mann-k/discussion_threads/1978. | Missing mandatory field: body
mann-k/discussion_threads/1979. | Missing mandatory field: body
mann-k/discussion_threads/1980. | Missing mandatory field: body
mann-k/discussion_threads/1988. | Missing mandatory field: body
mann-k/discussion_threads/199. | Missing mandatory field: body
mann-k/discussion_threads/1993. | Missing mandatory field: body
mann-k/discussion_threads/1995. | Missing mandatory field: subject
mann-k/discussion_threads/2000. | Missing mandatory field: body
mann-k/discussion_threads/2005. | Missing mandatory field: body
mann-k/discussion_threads/2010. | Missing mandatory field: body
mann-k/discussion_threads/2012. | Missing mandatory field: body
mann-k/discussion_threads/2014. | Missing mandatory field: body
mann-k/discussion_threads/2025. | Missing mandatory field: body
mann-k/discussion_threads/2029. | Missing mandatory field: body
mann-k/discussion_threads/2036. | Missing mandatory field: body
mann-k/discussion_threads/2038. | Missing mandatory field: body
mann-k/discussion_threads/2039. | Missing mandatory field: body
mann-k/discussion_threads/2046. | Missing mandatory field: body
mann-k/discussion_threads/2061. | Missing mandatory field: body
mann-k/discussion_threads/2070. | Missing mandatory field: body
mann-k/discussion_threads/2074. | Missing mandatory field: body
mann-k/discussion_threads/2103. | Missing mandatory field: body
mann-k/discussion_threads/2110. | Missing mandatory field: body
mann-k/discussion_threads/2114. | Missing mandatory field: body
mann-k/discussion_threads/2121. | Missing mandatory field: body
mann-k/discussion_threads/2124. | Missing mandatory field: body
mann-k/discussion_threads/2133. | Missing mandatory field: subject
mann-k/discussion_threads/2134. | Missing mandatory field: subject
mann-k/discussion_threads/2136. | Missing mandatory field: body
mann-k/discussion_threads/2137. | Missing mandatory field: body
mann-k/discussion_threads/2139. | Missing mandatory field: body
mann-k/discussion_threads/2140. | Missing mandatory field: body
mann-k/discussion_threads/2142. | Missing mandatory field: body
mann-k/discussion_threads/2148. | Missing mandatory field: body
mann-k/discussion_threads/2151. | Missing mandatory field: body
mann-k/discussion_threads/2155. | Missing mandatory field: body
mann-k/discussion_threads/2170. | Missing mandatory field: body
mann-k/discussion_threads/2171. | Missing mandatory field: body
mann-k/discussion_threads/2173. | Missing mandatory field: body
mann-k/discussion_threads/2174. | Missing mandatory field: body
mann-k/discussion_threads/218. | Missing mandatory field: body
mann-k/discussion_threads/2182. | Missing mandatory field: body
mann-k/discussion_threads/2188. | Missing mandatory field: body
mann-k/discussion_threads/2190. | Missing mandatory field: body
mann-k/discussion_threads/2195. | Missing mandatory field: body
mann-k/discussion_threads/2197. | Missing mandatory field: body
mann-k/discussion_threads/22. | Missing mandatory field: body
mann-k/discussion_threads/2201. | Missing mandatory field: body
mann-k/discussion_threads/2206. | Missing mandatory field: body
mann-k/discussion_threads/2207. | Missing mandatory field: body
mann-k/discussion_threads/2211. | Missing mandatory field: body
mann-k/discussion_threads/2212. | Missing mandatory field: subject
mann-k/discussion_threads/2214. | Missing mandatory field: subject
mann-k/discussion_threads/2219. | Missing mandatory field: body
mann-k/discussion_threads/2250. | Missing mandatory field: subject
mann-k/discussion_threads/2260. | Missing mandatory field: subject
mann-k/discussion_threads/2266. | Missing mandatory field: body
mann-k/discussion_threads/2274. | Missing mandatory field: body
mann-k/discussion_threads/2283. | Missing mandatory field: body
mann-k/discussion_threads/2288. | Missing mandatory field: body
mann-k/discussion_threads/2289. | Missing mandatory field: subject
mann-k/discussion_threads/2293. | Missing mandatory field: subject
mann-k/discussion_threads/2295. | Missing mandatory field: body
mann-k/discussion_threads/2298. | Missing mandatory field: body
mann-k/discussion_threads/2303. | Missing mandatory field: subject
mann-k/discussion_threads/2311. | Missing mandatory field: body
mann-k/discussion_threads/2325. | Missing mandatory field: body
mann-k/discussion_threads/2328. | Missing mandatory field: subject
mann-k/discussion_threads/2333. | Missing mandatory field: subject
mann-k/discussion_threads/2347. | Missing mandatory field: body
mann-k/discussion_threads/2350. | Missing mandatory field: body
mann-k/discussion_threads/2353. | Missing mandatory field: subject
mann-k/discussion_threads/2357. | Missing mandatory field: body
mann-k/discussion_threads/2363. | Missing mandatory field: body
mann-k/discussion_threads/2368. | Missing mandatory field: subject
mann-k/discussion_threads/2369. | Missing mandatory field: body
mann-k/discussion_threads/2372. | Missing mandatory field: subject
mann-k/discussion_threads/2376. | Missing mandatory field: body
mann-k/discussion_threads/2382. | Missing mandatory field: body
mann-k/discussion_threads/2392. | Missing mandatory field: subject
mann-k/discussion_threads/2404. | Missing mandatory field: subject
mann-k/discussion_threads/2409. | Missing mandatory field: subject
mann-k/discussion_threads/2419. | Missing mandatory field: to_addresses
mann-k/discussion_threads/242. | Missing mandatory field: body
mann-k/discussion_threads/2421. | Missing mandatory field: body
mann-k/discussion_threads/2427. | Missing mandatory field: body
mann-k/discussion_threads/2428. | Missing mandatory field: body
mann-k/discussion_threads/2432. | Missing mandatory field: body
mann-k/discussion_threads/2436. | Missing mandatory field: subject
mann-k/discussion_threads/244. | Missing mandatory field: body
mann-k/discussion_threads/2440. | Missing mandatory field: subject
mann-k/discussion_threads/2444. | Missing mandatory field: subject
mann-k/discussion_threads/2464. | Missing mandatory field: body
mann-k/discussion_threads/2478. | Missing mandatory field: body
mann-k/discussion_threads/2480. | Missing mandatory field: body
mann-k/discussion_threads/2481. | Missing mandatory field: body
mann-k/discussion_threads/2488. | Missing mandatory field: body
mann-k/discussion_threads/2489. | Missing mandatory field: subject
mann-k/discussion_threads/2497. | Missing mandatory field: subject
mann-k/discussion_threads/2506. | Missing mandatory field: body
mann-k/discussion_threads/2507. | Missing mandatory field: subject
mann-k/discussion_threads/2511. | Missing mandatory field: subject
mann-k/discussion_threads/2520. | Missing mandatory field: body
mann-k/discussion_threads/2521. | Missing mandatory field: body
mann-k/discussion_threads/2523. | Missing mandatory field: subject
mann-k/discussion_threads/2524. | Missing mandatory field: subject
mann-k/discussion_threads/2530. | Missing mandatory field: body
mann-k/discussion_threads/2531. | Missing mandatory field: subject
mann-k/discussion_threads/2534. | Missing mandatory field: subject
mann-k/discussion_threads/2538. | Missing mandatory field: to_addresses
mann-k/discussion_threads/2547. | Missing mandatory field: body
mann-k/discussion_threads/2556. | Missing mandatory field: subject
mann-k/discussion_threads/2559. | Missing mandatory field: body
mann-k/discussion_threads/2561. | Missing mandatory field: body
mann-k/discussion_threads/2571. | Missing mandatory field: body
mann-k/discussion_threads/2573. | Missing mandatory field: body
mann-k/discussion_threads/2575. | Missing mandatory field: subject
mann-k/discussion_threads/2578. | Missing mandatory field: body
mann-k/discussion_threads/2579. | Missing mandatory field: body
mann-k/discussion_threads/2582. | Missing mandatory field: body
mann-k/discussion_threads/2583. | Missing mandatory field: subject
mann-k/discussion_threads/2585. | Missing mandatory field: body
mann-k/discussion_threads/2593. | Missing mandatory field: body
mann-k/discussion_threads/2595. | Missing mandatory field: body
mann-k/discussion_threads/2600. | Missing mandatory field: subject
mann-k/discussion_threads/2602. | Missing mandatory field: body
mann-k/discussion_threads/2609. | Missing mandatory field: body
mann-k/discussion_threads/2612. | Missing mandatory field: subject
mann-k/discussion_threads/2624. | Missing mandatory field: body
mann-k/discussion_threads/2629. | Missing mandatory field: body
mann-k/discussion_threads/2649. | Missing mandatory field: body
mann-k/discussion_threads/2669. | Missing mandatory field: body
mann-k/discussion_threads/268. | Missing mandatory field: body
mann-k/discussion_threads/269. | Missing mandatory field: body
mann-k/discussion_threads/2701. | Missing mandatory field: body
mann-k/discussion_threads/2721. | Missing mandatory field: body
mann-k/discussion_threads/2722. | Missing mandatory field: body
mann-k/discussion_threads/2725. | Missing mandatory field: subject
mann-k/discussion_threads/2729. | Missing mandatory field: body
mann-k/discussion_threads/273. | Missing mandatory field: body
mann-k/discussion_threads/2739. | Missing mandatory field: body
mann-k/discussion_threads/2741. | Missing mandatory field: body
mann-k/discussion_threads/2743. | Missing mandatory field: body
mann-k/discussion_threads/2744. | Missing mandatory field: body
mann-k/discussion_threads/2749. | Missing mandatory field: body
mann-k/discussion_threads/2754. | Missing mandatory field: subject
mann-k/discussion_threads/2755. | Missing mandatory field: body
mann-k/discussion_threads/2756. | Missing mandatory field: subject
mann-k/discussion_threads/2768. | Missing mandatory field: body
mann-k/discussion_threads/2769. | Missing mandatory field: body
mann-k/discussion_threads/2784. | Missing mandatory field: subject
mann-k/discussion_threads/2791. | Missing mandatory field: body
mann-k/discussion_threads/2808. | Missing mandatory field: body
mann-k/discussion_threads/2813. | Missing mandatory field: body
mann-k/discussion_threads/2815. | Missing mandatory field: body
mann-k/discussion_threads/282. | Missing mandatory field: subject
mann-k/discussion_threads/2822. | Missing mandatory field: body
mann-k/discussion_threads/2827. | Missing mandatory field: body
mann-k/discussion_threads/2850. | Missing mandatory field: body
mann-k/discussion_threads/2851. | Missing mandatory field: body
mann-k/discussion_threads/286. | Missing mandatory field: subject
mann-k/discussion_threads/2861. | Missing mandatory field: subject
mann-k/discussion_threads/2862. | Missing mandatory field: body
mann-k/discussion_threads/2863. | Missing mandatory field: body
mann-k/discussion_threads/2868. | Missing mandatory field: body
mann-k/discussion_threads/2871. | Missing mandatory field: body
mann-k/discussion_threads/2872. | Missing mandatory field: body
mann-k/discussion_threads/2874. | Missing mandatory field: body
mann-k/discussion_threads/2875. | Missing mandatory field: body
mann-k/discussion_threads/2881. | Missing mandatory field: body
mann-k/discussion_threads/2882. | Missing mandatory field: body
mann-k/discussion_threads/2888. | Missing mandatory field: body
mann-k/discussion_threads/290. | Missing mandatory field: subject
mann-k/discussion_threads/2902. | Missing mandatory field: body
mann-k/discussion_threads/2917. | Missing mandatory field: body
mann-k/discussion_threads/2922. | Missing mandatory field: subject
mann-k/discussion_threads/2940. | Missing mandatory field: subject
mann-k/discussion_threads/2954. | Missing mandatory field: body
mann-k/discussion_threads/2961. | Missing mandatory field: body
mann-k/discussion_threads/2962. | Missing mandatory field: body
mann-k/discussion_threads/2970. | Missing mandatory field: subject
mann-k/discussion_threads/2978. | Missing mandatory field: body
mann-k/discussion_threads/298. | Missing mandatory field: subject
mann-k/discussion_threads/2980. | Missing mandatory field: body
mann-k/discussion_threads/2983. | Missing mandatory field: subject
mann-k/discussion_threads/2990. | Missing mandatory field: body
mann-k/discussion_threads/3. | Missing mandatory field: body
mann-k/discussion_threads/3003. | Missing mandatory field: body
mann-k/discussion_threads/3007. | Missing mandatory field: body
mann-k/discussion_threads/3028. | Missing mandatory field: subject
mann-k/discussion_threads/3030. | Missing mandatory field: subject
mann-k/discussion_threads/3031. | Missing mandatory field: body
mann-k/discussion_threads/304. | Missing mandatory field: subject
mann-k/discussion_threads/3041. | Missing mandatory field: subject
mann-k/discussion_threads/3042. | Missing mandatory field: body
mann-k/discussion_threads/3045. | Missing mandatory field: body
mann-k/discussion_threads/305. | Missing mandatory field: subject
mann-k/discussion_threads/3055. | Missing mandatory field: body
mann-k/discussion_threads/3059. | Missing mandatory field: body
mann-k/discussion_threads/3063. | Missing mandatory field: body
mann-k/discussion_threads/3064. | Missing mandatory field: body
mann-k/discussion_threads/3067. | Missing mandatory field: body
mann-k/discussion_threads/3070. | Missing mandatory field: body
mann-k/discussion_threads/3088. | Missing mandatory field: body
mann-k/discussion_threads/3091. | Missing mandatory field: subject
mann-k/discussion_threads/3094. | Missing mandatory field: body
mann-k/discussion_threads/31. | Missing mandatory field: body
mann-k/discussion_threads/3105. | Missing mandatory field: body
mann-k/discussion_threads/3106. | Missing mandatory field: body
mann-k/discussion_threads/3109. | Missing mandatory field: body
mann-k/discussion_threads/3122. | Missing mandatory field: body
mann-k/discussion_threads/3124. | Missing mandatory field: body
mann-k/discussion_threads/3125. | Missing mandatory field: body
mann-k/discussion_threads/3132. | Missing mandatory field: body
mann-k/discussion_threads/3135. | Missing mandatory field: subject
mann-k/discussion_threads/3139. | Missing mandatory field: body
mann-k/discussion_threads/3148. | Missing mandatory field: body
mann-k/discussion_threads/316. | Missing mandatory field: body
mann-k/discussion_threads/3160. | Missing mandatory field: body
mann-k/discussion_threads/3189. | Missing mandatory field: body
mann-k/discussion_threads/3190. | Missing mandatory field: body
mann-k/discussion_threads/3191. | Missing mandatory field: body
mann-k/discussion_threads/3198. | Missing mandatory field: body
mann-k/discussion_threads/3209. | Missing mandatory field: subject
mann-k/discussion_threads/3226. | Missing mandatory field: body
mann-k/discussion_threads/3232. | Missing mandatory field: subject
mann-k/discussion_threads/324. | Missing mandatory field: body
mann-k/discussion_threads/3247. | Missing mandatory field: subject
mann-k/discussion_threads/3248. | Missing mandatory field: subject
mann-k/discussion_threads/3256. | Missing mandatory field: body
mann-k/discussion_threads/3258. | Missing mandatory field: body
mann-k/discussion_threads/3260. | Missing mandatory field: body
mann-k/discussion_threads/3269. | Missing mandatory field: body
mann-k/discussion_threads/3270. | Missing mandatory field: body
mann-k/discussion_threads/3279. | Missing mandatory field: body
mann-k/discussion_threads/3292. | Missing mandatory field: body
mann-k/discussion_threads/3293. | Missing mandatory field: body
mann-k/discussion_threads/3296. | Missing mandatory field: body
mann-k/discussion_threads/3311. | Missing mandatory field: body
mann-k/discussion_threads/3319. | Missing mandatory field: body
mann-k/discussion_threads/3338. | Missing mandatory field: body
mann-k/discussion_threads/3353. | Missing mandatory field: body
mann-k/discussion_threads/3354. | Missing mandatory field: body
mann-k/discussion_threads/3367. | Missing mandatory field: body
mann-k/discussion_threads/3371. | Missing mandatory field: body
mann-k/discussion_threads/3374. | Missing mandatory field: body
mann-k/discussion_threads/3382. | Missing mandatory field: body
mann-k/discussion_threads/3383. | Missing mandatory field: subject
mann-k/discussion_threads/3388. | Missing mandatory field: body
mann-k/discussion_threads/3391. | Missing mandatory field: body
mann-k/discussion_threads/3401. | Missing mandatory field: to_addresses
mann-k/discussion_threads/3407. | Missing mandatory field: body
mann-k/discussion_threads/3408. | Missing mandatory field: body
mann-k/discussion_threads/341. | Missing mandatory field: to_addresses
mann-k/discussion_threads/3416. | Missing mandatory field: body
mann-k/discussion_threads/3425. | Missing mandatory field: body
mann-k/discussion_threads/3444. | Missing mandatory field: subject
mann-k/discussion_threads/3451. | Missing mandatory field: subject
mann-k/discussion_threads/3460. | Missing mandatory field: body
mann-k/discussion_threads/3461. | Missing mandatory field: body
mann-k/discussion_threads/3468. | Missing mandatory field: body
mann-k/discussion_threads/3483. | Missing mandatory field: body
mann-k/discussion_threads/3493. | Missing mandatory field: body
mann-k/discussion_threads/3500. | Missing mandatory field: body
mann-k/discussion_threads/3509. | Missing mandatory field: body
mann-k/discussion_threads/3531. | Missing mandatory field: body
mann-k/discussion_threads/3546. | Missing mandatory field: body
mann-k/discussion_threads/3549. | Missing mandatory field: body
mann-k/discussion_threads/3555. | Missing mandatory field: body
mann-k/discussion_threads/3556. | Missing mandatory field: subject
mann-k/discussion_threads/3559. | Missing mandatory field: body
mann-k/discussion_threads/3570. | Missing mandatory field: body
mann-k/discussion_threads/3581. | Missing mandatory field: subject
mann-k/discussion_threads/3618. | Missing mandatory field: body
mann-k/discussion_threads/362. | Missing mandatory field: body
mann-k/discussion_threads/3642. | Missing mandatory field: subject
mann-k/discussion_threads/3644. | Missing mandatory field: body
mann-k/discussion_threads/3647. | Missing mandatory field: subject
mann-k/discussion_threads/3651. | Missing mandatory field: body
mann-k/discussion_threads/367. | Missing mandatory field: body
mann-k/discussion_threads/3677. | Missing mandatory field: subject
mann-k/discussion_threads/3681. | Missing mandatory field: body
mann-k/discussion_threads/37. | Missing mandatory field: body
mann-k/discussion_threads/371. | Missing mandatory field: to_addresses
mann-k/discussion_threads/3724. | Missing mandatory field: body
mann-k/discussion_threads/3737. | Missing mandatory field: subject
mann-k/discussion_threads/3753. | Missing mandatory field: body
mann-k/discussion_threads/3775. | Missing mandatory field: body
mann-k/discussion_threads/3777. | Missing mandatory field: body
mann-k/discussion_threads/3784. | Missing mandatory field: body
mann-k/discussion_threads/3793. | Missing mandatory field: body
mann-k/discussion_threads/380. | Missing mandatory field: body
mann-k/discussion_threads/3805. | Missing mandatory field: body
mann-k/discussion_threads/381. | Missing mandatory field: to_addresses
mann-k/discussion_threads/3853. | Missing mandatory field: body
mann-k/discussion_threads/3854. | Missing mandatory field: body
mann-k/discussion_threads/3892. | Missing mandatory field: body
mann-k/discussion_threads/3922. | Missing mandatory field: to_addresses
mann-k/discussion_threads/394. | Missing mandatory field: subject
mann-k/discussion_threads/3942. | Missing mandatory field: to_addresses
mann-k/discussion_threads/395. | Missing mandatory field: subject
mann-k/discussion_threads/398. | Missing mandatory field: subject
mann-k/discussion_threads/399. | Missing mandatory field: body
mann-k/discussion_threads/4. | Missing mandatory field: body
mann-k/discussion_threads/4047. | Missing mandatory field: body
mann-k/discussion_threads/4079. | Missing mandatory field: body
mann-k/discussion_threads/4087. | Missing mandatory field: body
mann-k/discussion_threads/4089. | Missing mandatory field: subject
mann-k/discussion_threads/410. | Missing mandatory field: body
mann-k/discussion_threads/4117. | Missing mandatory field: body
mann-k/discussion_threads/4140. | Missing mandatory field: body
mann-k/discussion_threads/415. | Missing mandatory field: body
mann-k/discussion_threads/4151. | Missing mandatory field: body
mann-k/discussion_threads/417. | Missing mandatory field: subject
mann-k/discussion_threads/4193. | Missing mandatory field: body
mann-k/discussion_threads/4199. | Missing mandatory field: body
mann-k/discussion_threads/42. | Missing mandatory field: body
mann-k/discussion_threads/4238. | Missing mandatory field: body
mann-k/discussion_threads/4289. | Missing mandatory field: body
mann-k/discussion_threads/4293. | Missing mandatory field: subject
mann-k/discussion_threads/431. | Missing mandatory field: subject
mann-k/discussion_threads/4317. | Missing mandatory field: body
mann-k/discussion_threads/4319. | Missing mandatory field: body
mann-k/discussion_threads/4320. | Missing mandatory field: body
mann-k/discussion_threads/433. | Missing mandatory field: subject
mann-k/discussion_threads/4336. | Missing mandatory field: body
mann-k/discussion_threads/4339. | Missing mandatory field: body
mann-k/discussion_threads/4349. | Missing mandatory field: to_addresses
mann-k/discussion_threads/4353. | Missing mandatory field: body
mann-k/discussion_threads/4362. | Missing mandatory field: body
mann-k/discussion_threads/4363. | Missing mandatory field: body
mann-k/discussion_threads/437. | Missing mandatory field: body
mann-k/discussion_threads/4392. | Missing mandatory field: body
mann-k/discussion_threads/4399. | Missing mandatory field: to_addresses
mann-k/discussion_threads/4443. | Missing mandatory field: body
mann-k/discussion_threads/4488. | Missing mandatory field: body
mann-k/discussion_threads/4599. | Missing mandatory field: body
mann-k/discussion_threads/4622. | Missing mandatory field: to_addresses
mann-k/discussion_threads/463. | Missing mandatory field: subject
mann-k/discussion_threads/4661. | Missing mandatory field: subject
mann-k/discussion_threads/4677. | Missing mandatory field: body
mann-k/discussion_threads/4682. | Missing mandatory field: subject
mann-k/discussion_threads/4684. | Missing mandatory field: subject
mann-k/discussion_threads/4803. | Missing mandatory field: body
mann-k/discussion_threads/4896. | Missing mandatory field: body
mann-k/discussion_threads/4897. | Missing mandatory field: body
mann-k/discussion_threads/492. | Missing mandatory field: body
mann-k/discussion_threads/4921. | Missing mandatory field: body
mann-k/discussion_threads/493. | Missing mandatory field: body
mann-k/discussion_threads/4965. | Missing mandatory field: to_addresses
mann-k/discussion_threads/4970. | Missing mandatory field: subject
mann-k/discussion_threads/504. | Missing mandatory field: body
mann-k/discussion_threads/516. | Missing mandatory field: subject
mann-k/discussion_threads/517. | Missing mandatory field: body
mann-k/discussion_threads/518. | Missing mandatory field: body
mann-k/discussion_threads/526. | Missing mandatory field: subject
mann-k/discussion_threads/530. | Missing mandatory field: body
mann-k/discussion_threads/535. | Missing mandatory field: body
mann-k/discussion_threads/536. | Missing mandatory field: body
mann-k/discussion_threads/54. | Missing mandatory field: body
mann-k/discussion_threads/556. | Missing mandatory field: body
mann-k/discussion_threads/559. | Missing mandatory field: subject
mann-k/discussion_threads/5653. | Missing mandatory field: body
mann-k/discussion_threads/569. | Missing mandatory field: body
mann-k/discussion_threads/586. | Missing mandatory field: body
mann-k/discussion_threads/605. | Missing mandatory field: subject
mann-k/discussion_threads/607. | Missing mandatory field: body
mann-k/discussion_threads/626. | Missing mandatory field: subject
mann-k/discussion_threads/630. | Missing mandatory field: body
mann-k/discussion_threads/633. | Missing mandatory field: subject
mann-k/discussion_threads/65. | Missing mandatory field: body
mann-k/discussion_threads/655. | Missing mandatory field: subject
mann-k/discussion_threads/665. | Missing mandatory field: body
mann-k/discussion_threads/67. | Missing mandatory field: subject
mann-k/discussion_threads/676. | Missing mandatory field: body
mann-k/discussion_threads/689. | Missing mandatory field: body
mann-k/discussion_threads/698. | Missing mandatory field: body
mann-k/discussion_threads/7. | Missing mandatory field: body
mann-k/discussion_threads/73. | Missing mandatory field: subject
mann-k/discussion_threads/731. | Missing mandatory field: body
mann-k/discussion_threads/734. | Missing mandatory field: body
mann-k/discussion_threads/735. | Missing mandatory field: to_addresses
mann-k/discussion_threads/737. | Missing mandatory field: subject
mann-k/discussion_threads/738. | Missing mandatory field: body
mann-k/discussion_threads/74. | Missing mandatory field: body
mann-k/discussion_threads/741. | Missing mandatory field: subject
mann-k/discussion_threads/751. | Missing mandatory field: body
mann-k/discussion_threads/754. | Missing mandatory field: body
mann-k/discussion_threads/762. | Missing mandatory field: body
mann-k/discussion_threads/766. | Missing mandatory field: body
mann-k/discussion_threads/780. | Missing mandatory field: body
mann-k/discussion_threads/797. | Missing mandatory field: body
mann-k/discussion_threads/832. | Missing mandatory field: body
mann-k/discussion_threads/870. | Missing mandatory field: body
mann-k/discussion_threads/879. | Missing mandatory field: body
mann-k/discussion_threads/893. | Missing mandatory field: body
mann-k/discussion_threads/898. | Missing mandatory field: body
mann-k/discussion_threads/906. | Missing mandatory field: body
mann-k/discussion_threads/907. | Missing mandatory field: body
mann-k/discussion_threads/908. | Missing mandatory field: body
mann-k/discussion_threads/916. | Missing mandatory field: body
mann-k/discussion_threads/919. | Missing mandatory field: subject
mann-k/discussion_threads/923. | Missing mandatory field: subject
mann-k/discussion_threads/928. | Missing mandatory field: subject
mann-k/discussion_threads/930. | Missing mandatory field: body
mann-k/discussion_threads/931. | Missing mandatory field: body
mann-k/discussion_threads/933. | Missing mandatory field: body
mann-k/discussion_threads/934. | Missing mandatory field: body
mann-k/discussion_threads/940. | Missing mandatory field: body
mann-k/discussion_threads/944. | Missing mandatory field: body
mann-k/discussion_threads/971. | Missing mandatory field: body
mann-k/discussion_threads/972. | Missing mandatory field: body
mann-k/discussion_threads/997. | Missing mandatory field: body
mann-k/ema_s/3. | Missing mandatory field: body
mann-k/enovate/35. | Missing mandatory field: body
mann-k/florida/58. | Missing mandatory field: subject
mann-k/fuel_cells/23. | Missing mandatory field: body
mann-k/fuel_cells/3. | Missing mandatory field: body
mann-k/fuel_cells/65. | Missing mandatory field: to_addresses
mann-k/fuel_cells/72. | Missing mandatory field: body
mann-k/fuel_cells/77. | Missing mandatory field: subject
mann-k/fuel_cells/86. | Missing mandatory field: subject
mann-k/ge_general/11. | Missing mandatory field: body
mann-k/ge_general/27. | Missing mandatory field: to_addresses
mann-k/ge_general/63. | Missing mandatory field: body
mann-k/ge_general/68. | Missing mandatory field: body
mann-k/general_stuff/204. | Missing mandatory field: to_addresses
mann-k/general_stuff/29. | Missing mandatory field: body
mann-k/general_stuff/4. | Missing mandatory field: body
mann-k/general_stuff/55. | Missing mandatory field: to_addresses
mann-k/general_stuff/57. | Missing mandatory field: subject
mann-k/general_stuff/64. | Missing mandatory field: body
mann-k/general_stuff/72. | Missing mandatory field: body
mann-k/general_stuff/76. | Missing mandatory field: subject
mann-k/general_stuff/81. | Missing mandatory field: body
mann-k/general_stuff/87. | Missing mandatory field: subject
mann-k/general_stuff/94. | Missing mandatory field: subject
mann-k/inbox/146. | Missing mandatory field: to_addresses
mann-k/inbox/162. | Missing mandatory field: subject
mann-k/inbox/180. | Missing mandatory field: to_addresses
mann-k/inbox/183. | Missing mandatory field: body
mann-k/inbox/187. | Missing mandatory field: to_addresses
mann-k/inbox/190. | Missing mandatory field: to_addresses
mann-k/inbox/197. | Missing mandatory field: to_addresses
mann-k/inbox/206. | Missing mandatory field: subject
mann-k/inbox/208. | Missing mandatory field: to_addresses
mann-k/inbox/213. | Missing mandatory field: subject
mann-k/inbox/223. | Missing mandatory field: to_addresses
mann-k/inbox/228. | Missing mandatory field: to_addresses
mann-k/inbox/23. | Missing mandatory field: to_addresses
mann-k/inbox/26. | Missing mandatory field: body
mann-k/inbox/263. | Missing mandatory field: to_addresses
mann-k/inbox/28. | Missing mandatory field: body
mann-k/inbox/281. | Missing mandatory field: body
mann-k/inbox/285. | Missing mandatory field: body
mann-k/inbox/293. | Missing mandatory field: body
mann-k/inbox/295. | Missing mandatory field: to_addresses
mann-k/inbox/302. | Missing mandatory field: to_addresses
mann-k/inbox/31. | Missing mandatory field: body
mann-k/inbox/310. | Missing mandatory field: body
mann-k/inbox/336. | Missing mandatory field: body
mann-k/inbox/337. | Missing mandatory field: body
mann-k/inbox/361. | Missing mandatory field: body
mann-k/inbox/374. | Missing mandatory field: body
mann-k/inbox/376. | Missing mandatory field: subject
mann-k/inbox/377. | Missing mandatory field: body
mann-k/inbox/42. | Missing mandatory field: to_addresses
mann-k/inbox/44. | Missing mandatory field: to_addresses
mann-k/inbox/51. | Missing mandatory field: to_addresses
mann-k/inbox/63. | Missing mandatory field: body
mann-k/inbox/64. | Missing mandatory field: to_addresses
mann-k/inbox/7. | Missing mandatory field: body
mann-k/inbox/77. | Missing mandatory field: to_addresses
mann-k/inbox/83. | Missing mandatory field: subject
mann-k/inbox/84. | Missing mandatory field: to_addresses
mann-k/inbox/98. | Missing mandatory field: body
mann-k/inbox/99. | Missing mandatory field: subject
mann-k/lm6000/122. | Missing mandatory field: body
mann-k/lm6000/134. | Missing mandatory field: body
mann-k/lm6000/204. | Missing mandatory field: body
mann-k/lm6000/205. | Missing mandatory field: body
mann-k/lm6000/21. | Missing mandatory field: body
mann-k/lm6000/220. | Missing mandatory field: body
mann-k/lm6000/24. | Missing mandatory field: subject
mann-k/lm6000/44. | Missing mandatory field: body
mann-k/lm6000/56. | Missing mandatory field: body
mann-k/lm6000/72. | Missing mandatory field: body
mann-k/lm6000/8. | Missing mandatory field: body
mann-k/midway/1. | Missing mandatory field: body
mann-k/midway/3. | Missing mandatory field: body
mann-k/midway/45. | Missing mandatory field: to_addresses
mann-k/notes_inbox/10. | Missing mandatory field: subject
mann-k/notes_inbox/15. | Missing mandatory field: to_addresses
mann-k/notes_inbox/187. | Missing mandatory field: subject
mann-k/notes_inbox/323. | Missing mandatory field: body
mann-k/notes_inbox/349. | Missing mandatory field: to_addresses
mann-k/notes_inbox/368. | Missing mandatory field: body
mann-k/notes_inbox/372. | Missing mandatory field: to_addresses
mann-k/notes_inbox/418. | Missing mandatory field: body
mann-k/notes_inbox/46. | Missing mandatory field: body
mann-k/notes_inbox/504. | Missing mandatory field: subject
mann-k/notes_inbox/573. | Missing mandatory field: to_addresses
mann-k/notes_inbox/580. | Missing mandatory field: to_addresses
mann-k/notes_inbox/647. | Missing mandatory field: body
mann-k/off_balance_sheet_form_contracts/11. | Missing mandatory field: body
mann-k/off_balance_sheet_form_contracts/39. | Missing mandatory field: body
mann-k/off_balance_sheet_form_contracts/60. | Missing mandatory field: body
mann-k/off_balance_sheet_form_contracts/72. | Missing mandatory field: body
mann-k/panda/84. | Missing mandatory field: body
mann-k/sent/1007. | Missing mandatory field: subject
mann-k/sent/1009. | Missing mandatory field: body
mann-k/sent/1012. | Missing mandatory field: body
mann-k/sent/1017. | Missing mandatory field: body
mann-k/sent/1019. | Missing mandatory field: body
mann-k/sent/1028. | Missing mandatory field: body
mann-k/sent/1037. | Missing mandatory field: body
mann-k/sent/1069. | Missing mandatory field: body
mann-k/sent/1072. | Missing mandatory field: body
mann-k/sent/1097. | Missing mandatory field: body
mann-k/sent/11. | Missing mandatory field: body
mann-k/sent/1105. | Missing mandatory field: subject
mann-k/sent/1128. | Missing mandatory field: body
mann-k/sent/1141. | Missing mandatory field: subject
mann-k/sent/1142. | Missing mandatory field: subject
mann-k/sent/1149. | Missing mandatory field: body
mann-k/sent/1152. | Missing mandatory field: body
mann-k/sent/1153. | Missing mandatory field: body
mann-k/sent/1191. | Missing mandatory field: subject
mann-k/sent/1195. | Missing mandatory field: body
mann-k/sent/1200. | Missing mandatory field: body
mann-k/sent/1201. | Missing mandatory field: body
mann-k/sent/1207. | Missing mandatory field: subject
mann-k/sent/1208. | Missing mandatory field: subject
mann-k/sent/1209. | Missing mandatory field: subject
mann-k/sent/1211. | Missing mandatory field: subject
mann-k/sent/1224. | Missing mandatory field: subject
mann-k/sent/1225. | Missing mandatory field: subject
mann-k/sent/1251. | Missing mandatory field: subject
mann-k/sent/1270. | Missing mandatory field: subject
mann-k/sent/1284. | Missing mandatory field: body
mann-k/sent/1297. | Missing mandatory field: body
mann-k/sent/1299. | Missing mandatory field: body
mann-k/sent/1300. | Missing mandatory field: subject
mann-k/sent/1307. | Missing mandatory field: subject
mann-k/sent/1318. | Missing mandatory field: body
mann-k/sent/1319. | Missing mandatory field: body
mann-k/sent/1328. | Missing mandatory field: subject
mann-k/sent/1331. | Missing mandatory field: body
mann-k/sent/1333. | Missing mandatory field: subject
mann-k/sent/1336. | Missing mandatory field: subject
mann-k/sent/1338. | Missing mandatory field: body
mann-k/sent/1342. | Missing mandatory field: subject
mann-k/sent/1354. | Missing mandatory field: body
mann-k/sent/1360. | Missing mandatory field: subject
mann-k/sent/1361. | Missing mandatory field: body
mann-k/sent/1369. | Missing mandatory field: body
mann-k/sent/1370. | Missing mandatory field: body
mann-k/sent/1380. | Missing mandatory field: body
mann-k/sent/1381. | Missing mandatory field: body
mann-k/sent/1385. | Missing mandatory field: body
mann-k/sent/1389. | Missing mandatory field: body
mann-k/sent/139. | Missing mandatory field: body
mann-k/sent/1396. | Missing mandatory field: body
mann-k/sent/1403. | Missing mandatory field: body
mann-k/sent/1424. | Missing mandatory field: body
mann-k/sent/1435. | Missing mandatory field: body
mann-k/sent/1453. | Missing mandatory field: body
mann-k/sent/1463. | Missing mandatory field: body
mann-k/sent/1483. | Missing mandatory field: body
mann-k/sent/1484. | Missing mandatory field: body
mann-k/sent/1485. | Missing mandatory field: body
mann-k/sent/1493. | Missing mandatory field: subject
mann-k/sent/1496. | Missing mandatory field: body
mann-k/sent/1498. | Missing mandatory field: subject
mann-k/sent/1499. | Missing mandatory field: body
mann-k/sent/1501. | Missing mandatory field: body
mann-k/sent/1516. | Missing mandatory field: subject
mann-k/sent/1522. | Missing mandatory field: body
mann-k/sent/1525. | Missing mandatory field: body
mann-k/sent/1538. | Missing mandatory field: subject
mann-k/sent/1539. | Missing mandatory field: body
mann-k/sent/154. | Missing mandatory field: subject
mann-k/sent/1553. | Missing mandatory field: subject
mann-k/sent/1559. | Missing mandatory field: subject
mann-k/sent/1566. | Missing mandatory field: subject
mann-k/sent/1569. | Missing mandatory field: body
mann-k/sent/1574. | Missing mandatory field: subject
mann-k/sent/1586. | Missing mandatory field: body
mann-k/sent/1598. | Missing mandatory field: subject
mann-k/sent/1615. | Missing mandatory field: body
mann-k/sent/1618. | Missing mandatory field: body
mann-k/sent/1625. | Missing mandatory field: body
mann-k/sent/1627. | Missing mandatory field: body
mann-k/sent/1632. | Missing mandatory field: subject
mann-k/sent/1643. | Missing mandatory field: subject
mann-k/sent/1645. | Missing mandatory field: body
mann-k/sent/1648. | Missing mandatory field: body
mann-k/sent/1649. | Missing mandatory field: body
mann-k/sent/1650. | Missing mandatory field: body
mann-k/sent/1655. | Missing mandatory field: body
mann-k/sent/1674. | Missing mandatory field: body
mann-k/sent/1686. | Missing mandatory field: body
mann-k/sent/1698. | Missing mandatory field: body
mann-k/sent/1704. | Missing mandatory field: body
mann-k/sent/1711. | Missing mandatory field: body
mann-k/sent/1714. | Missing mandatory field: body
mann-k/sent/1719. | Missing mandatory field: body
mann-k/sent/1720. | Missing mandatory field: body
mann-k/sent/1723. | Missing mandatory field: body
mann-k/sent/1724. | Missing mandatory field: body
mann-k/sent/1725. | Missing mandatory field: body
mann-k/sent/1737. | Missing mandatory field: body
mann-k/sent/1742. | Missing mandatory field: body
mann-k/sent/1743. | Missing mandatory field: body
mann-k/sent/1755. | Missing mandatory field: body
mann-k/sent/1756. | Missing mandatory field: body
mann-k/sent/1761. | Missing mandatory field: body
mann-k/sent/1772. | Missing mandatory field: subject
mann-k/sent/1773. | Missing mandatory field: body
mann-k/sent/1778. | Missing mandatory field: subject
mann-k/sent/1784. | Missing mandatory field: body
mann-k/sent/1788. | Missing mandatory field: subject
mann-k/sent/1789. | Missing mandatory field: body
mann-k/sent/1791. | Missing mandatory field: body
mann-k/sent/1794. | Missing mandatory field: body
mann-k/sent/180. | Missing mandatory field: body
mann-k/sent/1803. | Missing mandatory field: body
mann-k/sent/1806. | Missing mandatory field: body
mann-k/sent/1808. | Missing mandatory field: body
mann-k/sent/181. | Missing mandatory field: body
mann-k/sent/1819. | Missing mandatory field: body
mann-k/sent/182. | Missing mandatory field: body
mann-k/sent/1820. | Missing mandatory field: body
mann-k/sent/1824. | Missing mandatory field: subject
mann-k/sent/1827. | Missing mandatory field: body
mann-k/sent/1830. | Missing mandatory field: body
mann-k/sent/1831. | Missing mandatory field: body
mann-k/sent/1836. | Missing mandatory field: body
mann-k/sent/1840. | Missing mandatory field: body
mann-k/sent/1842. | Missing mandatory field: body
mann-k/sent/1845. | Missing mandatory field: subject
mann-k/sent/1849. | Missing mandatory field: body
mann-k/sent/1853. | Missing mandatory field: body
mann-k/sent/1860. | Missing mandatory field: body
mann-k/sent/1866. | Missing mandatory field: subject
mann-k/sent/1875. | Missing mandatory field: body
mann-k/sent/188. | Missing mandatory field: subject
mann-k/sent/1926. | Missing mandatory field: subject
mann-k/sent/1932. | Missing mandatory field: body
mann-k/sent/1934. | Missing mandatory field: body
mann-k/sent/1937. | Missing mandatory field: subject
mann-k/sent/1940. | Missing mandatory field: body
mann-k/sent/1956. | Missing mandatory field: body
mann-k/sent/1959. | Missing mandatory field: body
mann-k/sent/1963. | Missing mandatory field: subject
mann-k/sent/1978. | Missing mandatory field: body
mann-k/sent/1986. | Missing mandatory field: body
mann-k/sent/1988. | Missing mandatory field: body
mann-k/sent/1992. | Missing mandatory field: body
mann-k/sent/20. | Missing mandatory field: body
mann-k/sent/2002. | Missing mandatory field: body
mann-k/sent/2003. | Missing mandatory field: body
mann-k/sent/2019. | Missing mandatory field: body
mann-k/sent/2021. | Missing mandatory field: body
mann-k/sent/2022. | Missing mandatory field: body
mann-k/sent/2025. | Missing mandatory field: body
mann-k/sent/2032. | Missing mandatory field: body
mann-k/sent/2035. | Missing mandatory field: body
mann-k/sent/2036. | Missing mandatory field: body
mann-k/sent/2044. | Missing mandatory field: body
mann-k/sent/2059. | Missing mandatory field: subject
mann-k/sent/2066. | Missing mandatory field: subject
mann-k/sent/2068. | Missing mandatory field: body
mann-k/sent/2077. | Missing mandatory field: body
mann-k/sent/2087. | Missing mandatory field: subject
mann-k/sent/209. | Missing mandatory field: body
mann-k/sent/2091. | Missing mandatory field: body
mann-k/sent/2097. | Missing mandatory field: body
mann-k/sent/2106. | Missing mandatory field: subject
mann-k/sent/2115. | Missing mandatory field: body
mann-k/sent/2116. | Missing mandatory field: body
mann-k/sent/2120. | Missing mandatory field: body
mann-k/sent/2122. | Missing mandatory field: body
mann-k/sent/2130. | Missing mandatory field: body
mann-k/sent/2137. | Missing mandatory field: body
mann-k/sent/2142. | Missing mandatory field: body
mann-k/sent/2144. | Missing mandatory field: body
mann-k/sent/2145. | Missing mandatory field: body
mann-k/sent/2148. | Missing mandatory field: body
mann-k/sent/2159. | Missing mandatory field: body
mann-k/sent/2173. | Missing mandatory field: body
mann-k/sent/220. | Missing mandatory field: body
mann-k/sent/2211. | Missing mandatory field: body
mann-k/sent/2219. | Missing mandatory field: body
mann-k/sent/222. | Missing mandatory field: body
mann-k/sent/2221. | Missing mandatory field: body
mann-k/sent/2229. | Missing mandatory field: body
mann-k/sent/2234. | Missing mandatory field: body
mann-k/sent/224. | Missing mandatory field: body
mann-k/sent/2248. | Missing mandatory field: subject
mann-k/sent/2249. | Missing mandatory field: subject
mann-k/sent/2251. | Missing mandatory field: body
mann-k/sent/2253. | Missing mandatory field: body
mann-k/sent/2257. | Missing mandatory field: body
mann-k/sent/2261. | Missing mandatory field: body
mann-k/sent/2266. | Missing mandatory field: body
mann-k/sent/2277. | Missing mandatory field: body
mann-k/sent/2292. | Missing mandatory field: body
mann-k/sent/2293. | Missing mandatory field: body
mann-k/sent/2295. | Missing mandatory field: body
mann-k/sent/2307. | Missing mandatory field: body
mann-k/sent/2310. | Missing mandatory field: body
mann-k/sent/2313. | Missing mandatory field: body
mann-k/sent/2325. | Missing mandatory field: body
mann-k/sent/2327. | Missing mandatory field: body
mann-k/sent/2332. | Missing mandatory field: body
mann-k/sent/2337. | Missing mandatory field: body
mann-k/sent/2338. | Missing mandatory field: body
mann-k/sent/2341. | Missing mandatory field: body
mann-k/sent/2342. | Missing mandatory field: subject
mann-k/sent/2354. | Missing mandatory field: body
mann-k/sent/2386. | Missing mandatory field: subject
mann-k/sent/2395. | Missing mandatory field: subject
mann-k/sent/2404. | Missing mandatory field: body
mann-k/sent/2412. | Missing mandatory field: body
mann-k/sent/2420. | Missing mandatory field: body
mann-k/sent/2427. | Missing mandatory field: subject
mann-k/sent/2435. | Missing mandatory field: subject
mann-k/sent/2437. | Missing mandatory field: body
mann-k/sent/2441. | Missing mandatory field: body
mann-k/sent/2450. | Missing mandatory field: subject
mann-k/sent/2460. | Missing mandatory field: body
mann-k/sent/2477. | Missing mandatory field: body
mann-k/sent/2480. | Missing mandatory field: subject
mann-k/sent/2489. | Missing mandatory field: subject
mann-k/sent/2511. | Missing mandatory field: body
mann-k/sent/2518. | Missing mandatory field: body
mann-k/sent/2524. | Missing mandatory field: subject
mann-k/sent/2527. | Missing mandatory field: body
mann-k/sent/2529. | Missing mandatory field: body
mann-k/sent/253. | Missing mandatory field: body
mann-k/sent/2541. | Missing mandatory field: subject
mann-k/sent/2543. | Missing mandatory field: body
mann-k/sent/2547. | Missing mandatory field: subject
mann-k/sent/2555. | Missing mandatory field: body
mann-k/sent/2557. | Missing mandatory field: body
mann-k/sent/2567. | Missing mandatory field: subject
mann-k/sent/2573. | Missing mandatory field: subject
mann-k/sent/2594. | Missing mandatory field: body
mann-k/sent/2604. | Missing mandatory field: body
mann-k/sent/2607. | Missing mandatory field: body
mann-k/sent/2615. | Missing mandatory field: body
mann-k/sent/2617. | Missing mandatory field: subject
mann-k/sent/2624. | Missing mandatory field: subject
mann-k/sent/2662. | Missing mandatory field: body
mann-k/sent/2683. | Missing mandatory field: body
mann-k/sent/2685. | Missing mandatory field: body
mann-k/sent/2687. | Missing mandatory field: body
mann-k/sent/2693. | Missing mandatory field: body
mann-k/sent/2694. | Missing mandatory field: subject
mann-k/sent/2708. | Missing mandatory field: subject
mann-k/sent/2714. | Missing mandatory field: body
mann-k/sent/2715. | Missing mandatory field: subject
mann-k/sent/2721. | Missing mandatory field: subject
mann-k/sent/2732. | Missing mandatory field: body
mann-k/sent/2733. | Missing mandatory field: body
mann-k/sent/2738. | Missing mandatory field: subject
mann-k/sent/2747. | Missing mandatory field: body
mann-k/sent/2748. | Missing mandatory field: subject
mann-k/sent/2753. | Missing mandatory field: subject
mann-k/sent/2769. | Missing mandatory field: body
mann-k/sent/2776. | Missing mandatory field: subject
mann-k/sent/2780. | Missing mandatory field: body
mann-k/sent/2784. | Missing mandatory field: body
mann-k/sent/2796. | Missing mandatory field: body
mann-k/sent/2806. | Missing mandatory field: body
mann-k/sent/2807. | Missing mandatory field: subject
mann-k/sent/2811. | Missing mandatory field: body
mann-k/sent/2823. | Missing mandatory field: body
mann-k/sent/2825. | Missing mandatory field: body
mann-k/sent/2834. | Missing mandatory field: subject
mann-k/sent/2836. | Missing mandatory field: body
mann-k/sent/2841. | Missing mandatory field: body
mann-k/sent/2861. | Missing mandatory field: body
mann-k/sent/2889. | Missing mandatory field: body
mann-k/sent/2911. | Missing mandatory field: body
mann-k/sent/2934. | Missing mandatory field: body
mann-k/sent/2961. | Missing mandatory field: body
mann-k/sent/2962. | Missing mandatory field: body
mann-k/sent/2969. | Missing mandatory field: subject
mann-k/sent/297. | Missing mandatory field: body
mann-k/sent/299. | Missing mandatory field: body
mann-k/sent/2990. | Missing mandatory field: body
mann-k/sent/2996. | Missing mandatory field: body
mann-k/sent/2998. | Missing mandatory field: body
mann-k/sent/3000. | Missing mandatory field: body
mann-k/sent/3009. | Missing mandatory field: body
mann-k/sent/3016. | Missing mandatory field: subject
mann-k/sent/3017. | Missing mandatory field: body
mann-k/sent/3018. | Missing mandatory field: subject
mann-k/sent/3027. | Missing mandatory field: body
mann-k/sent/3028. | Missing mandatory field: body
mann-k/sent/3043. | Missing mandatory field: subject
mann-k/sent/3066. | Missing mandatory field: body
mann-k/sent/3071. | Missing mandatory field: body
mann-k/sent/3072. | Missing mandatory field: body
mann-k/sent/3077. | Missing mandatory field: body
mann-k/sent/3081. | Missing mandatory field: body
mann-k/sent/31. | Missing mandatory field: body
mann-k/sent/3109. | Missing mandatory field: body
mann-k/sent/3111. | Missing mandatory field: body
mann-k/sent/3122. | Missing mandatory field: subject
mann-k/sent/3125. | Missing mandatory field: body
mann-k/sent/3126. | Missing mandatory field: body
mann-k/sent/3130. | Missing mandatory field: body
mann-k/sent/3132. | Missing mandatory field: body
mann-k/sent/3133. | Missing mandatory field: body
mann-k/sent/3135. | Missing mandatory field: body
mann-k/sent/3136. | Missing mandatory field: body
mann-k/sent/3140. | Missing mandatory field: body
mann-k/sent/3141. | Missing mandatory field: body
mann-k/sent/3146. | Missing mandatory field: body
mann-k/sent/3167. | Missing mandatory field: body
mann-k/sent/3212. | Missing mandatory field: body
mann-k/sent/3222. | Missing mandatory field: body
mann-k/sent/3233. | Missing mandatory field: subject
mann-k/sent/3241. | Missing mandatory field: body
mann-k/sent/3248. | Missing mandatory field: body
mann-k/sent/3253. | Missing mandatory field: subject
mann-k/sent/3262. | Missing mandatory field: body
mann-k/sent/3271. | Missing mandatory field: body
mann-k/sent/3277. | Missing mandatory field: body
mann-k/sent/329. | Missing mandatory field: body
mann-k/sent/3304. | Missing mandatory field: subject
mann-k/sent/3307. | Missing mandatory field: subject
mann-k/sent/3308. | Missing mandatory field: body
mann-k/sent/3322. | Missing mandatory field: subject
mann-k/sent/3323. | Missing mandatory field: body
mann-k/sent/3329. | Missing mandatory field: body
mann-k/sent/3342. | Missing mandatory field: body
mann-k/sent/3350. | Missing mandatory field: body
mann-k/sent/3353. | Missing mandatory field: body
mann-k/sent/3356. | Missing mandatory field: body
mann-k/sent/3358. | Missing mandatory field: body
mann-k/sent/3376. | Missing mandatory field: body
mann-k/sent/3392. | Missing mandatory field: body
mann-k/sent/3399. | Missing mandatory field: body
mann-k/sent/3400. | Missing mandatory field: body
mann-k/sent/3406. | Missing mandatory field: body
mann-k/sent/3416. | Missing mandatory field: body
mann-k/sent/3418. | Missing mandatory field: body
mann-k/sent/3432. | Missing mandatory field: body
mann-k/sent/3438. | Missing mandatory field: body
mann-k/sent/3445. | Missing mandatory field: body
mann-k/sent/346. | Missing mandatory field: subject
mann-k/sent/3462. | Missing mandatory field: body
mann-k/sent/3505. | Missing mandatory field: body
mann-k/sent/3506. | Missing mandatory field: body
mann-k/sent/3510. | Missing mandatory field: body
mann-k/sent/3518. | Missing mandatory field: body
mann-k/sent/3534. | Missing mandatory field: subject
mann-k/sent/355. | Missing mandatory field: subject
mann-k/sent/3551. | Missing mandatory field: body
mann-k/sent/3560. | Missing mandatory field: subject
mann-k/sent/3573. | Missing mandatory field: subject
mann-k/sent/3582. | Missing mandatory field: body
mann-k/sent/3584. | Missing mandatory field: body
mann-k/sent/3587. | Missing mandatory field: body
mann-k/sent/3607. | Missing mandatory field: body
mann-k/sent/361. | Missing mandatory field: subject
mann-k/sent/3624. | Missing mandatory field: body
mann-k/sent/3625. | Missing mandatory field: body
mann-k/sent/3626. | Missing mandatory field: body
mann-k/sent/3648. | Missing mandatory field: body
mann-k/sent/3651. | Missing mandatory field: body
mann-k/sent/3664. | Missing mandatory field: body
mann-k/sent/3671. | Missing mandatory field: body
mann-k/sent/3672. | Missing mandatory field: body
mann-k/sent/3692. | Missing mandatory field: body
mann-k/sent/3694. | Missing mandatory field: body
mann-k/sent/3697. | Missing mandatory field: body
mann-k/sent/3703. | Missing mandatory field: body
mann-k/sent/3704. | Missing mandatory field: subject
mann-k/sent/3707. | Missing mandatory field: body
mann-k/sent/3718. | Missing mandatory field: body
mann-k/sent/3720. | Missing mandatory field: body
mann-k/sent/3725. | Missing mandatory field: body
mann-k/sent/3731. | Missing mandatory field: body
mann-k/sent/3746. | Missing mandatory field: subject
mann-k/sent/3754. | Missing mandatory field: subject
mann-k/sent/3764. | Missing mandatory field: body
mann-k/sent/3765. | Missing mandatory field: body
mann-k/sent/3777. | Missing mandatory field: body
mann-k/sent/379. | Missing mandatory field: subject
mann-k/sent/3790. | Missing mandatory field: body
mann-k/sent/3801. | Missing mandatory field: body
mann-k/sent/3807. | Missing mandatory field: body
mann-k/sent/3838. | Missing mandatory field: body
mann-k/sent/3849. | Missing mandatory field: body
mann-k/sent/3852. | Missing mandatory field: body
mann-k/sent/3858. | Missing mandatory field: body
mann-k/sent/3859. | Missing mandatory field: subject
mann-k/sent/3863. | Missing mandatory field: body
mann-k/sent/3877. | Missing mandatory field: body
mann-k/sent/388. | Missing mandatory field: subject
mann-k/sent/389. | Missing mandatory field: subject
mann-k/sent/3914. | Missing mandatory field: subject
mann-k/sent/3917. | Missing mandatory field: body
mann-k/sent/3930. | Missing mandatory field: subject
mann-k/sent/3946. | Missing mandatory field: body
mann-k/sent/3955. | Missing mandatory field: subject
mann-k/sent/3962. | Missing mandatory field: body
mann-k/sent/3973. | Missing mandatory field: body
mann-k/sent/3974. | Missing mandatory field: body
mann-k/sent/3975. | Missing mandatory field: body
mann-k/sent/3979. | Missing mandatory field: body
mann-k/sent/3990. | Missing mandatory field: body
mann-k/sent/3991. | Missing mandatory field: body
mann-k/sent/4015. | Missing mandatory field: body
mann-k/sent/406. | Missing mandatory field: body
mann-k/sent/4086. | Missing mandatory field: body
mann-k/sent/4104. | Missing mandatory field: body
mann-k/sent/4111. | Missing mandatory field: body
mann-k/sent/4127. | Missing mandatory field: body
mann-k/sent/4133. | Missing mandatory field: body
mann-k/sent/4139. | Missing mandatory field: body
mann-k/sent/4186. | Missing mandatory field: body
mann-k/sent/4188. | Missing mandatory field: subject
mann-k/sent/4206. | Missing mandatory field: body
mann-k/sent/4214. | Missing mandatory field: body
mann-k/sent/4215. | Missing mandatory field: body
mann-k/sent/4225. | Missing mandatory field: body
mann-k/sent/4241. | Missing mandatory field: body
mann-k/sent/4279. | Missing mandatory field: body
mann-k/sent/4318. | Missing mandatory field: body
mann-k/sent/4355. | Missing mandatory field: body
mann-k/sent/4358. | Missing mandatory field: subject
mann-k/sent/437. | Missing mandatory field: body
mann-k/sent/4380. | Missing mandatory field: body
mann-k/sent/4429. | Missing mandatory field: body
mann-k/sent/4430. | Missing mandatory field: body
mann-k/sent/451. | Missing mandatory field: body
mann-k/sent/4530. | Missing mandatory field: body
mann-k/sent/464. | Missing mandatory field: subject
mann-k/sent/465. | Missing mandatory field: subject
mann-k/sent/468. | Missing mandatory field: body
mann-k/sent/480. | Missing mandatory field: body
mann-k/sent/49. | Missing mandatory field: body
mann-k/sent/490. | Missing mandatory field: body
mann-k/sent/491. | Missing mandatory field: subject
mann-k/sent/5. | Missing mandatory field: body
mann-k/sent/503. | Missing mandatory field: subject
mann-k/sent/507. | Missing mandatory field: subject
mann-k/sent/512. | Missing mandatory field: body
mann-k/sent/552. | Missing mandatory field: subject
mann-k/sent/57. | Missing mandatory field: body
mann-k/sent/588. | Missing mandatory field: body
mann-k/sent/590. | Missing mandatory field: body
mann-k/sent/60. | Missing mandatory field: body
mann-k/sent/602. | Missing mandatory field: body
mann-k/sent/616. | Missing mandatory field: subject
mann-k/sent/618. | Missing mandatory field: body
mann-k/sent/620. | Missing mandatory field: body
mann-k/sent/627. | Missing mandatory field: subject
mann-k/sent/631. | Missing mandatory field: body
mann-k/sent/635. | Missing mandatory field: body
mann-k/sent/636. | Missing mandatory field: body
mann-k/sent/659. | Missing mandatory field: body
mann-k/sent/660. | Missing mandatory field: subject
mann-k/sent/670. | Missing mandatory field: body
mann-k/sent/679. | Missing mandatory field: body
mann-k/sent/696. | Missing mandatory field: subject
mann-k/sent/7. | Missing mandatory field: body
mann-k/sent/706. | Missing mandatory field: subject
mann-k/sent/710. | Missing mandatory field: body
mann-k/sent/713. | Missing mandatory field: subject
mann-k/sent/733. | Missing mandatory field: subject
mann-k/sent/736. | Missing mandatory field: body
mann-k/sent/744. | Missing mandatory field: body
mann-k/sent/758. | Missing mandatory field: body
mann-k/sent/770. | Missing mandatory field: body
mann-k/sent/81. | Missing mandatory field: body
mann-k/sent/811. | Missing mandatory field: body
mann-k/sent/815. | Missing mandatory field: body
mann-k/sent/818. | Missing mandatory field: subject
mann-k/sent/819. | Missing mandatory field: body
mann-k/sent/824. | Missing mandatory field: subject
mann-k/sent/83. | Missing mandatory field: subject
mann-k/sent/845. | Missing mandatory field: body
mann-k/sent/855. | Missing mandatory field: body
mann-k/sent/864. | Missing mandatory field: body
mann-k/sent/882. | Missing mandatory field: body
mann-k/sent/91. | Missing mandatory field: subject
mann-k/sent/915. | Missing mandatory field: body
mann-k/sent/92. | Missing mandatory field: body
mann-k/sent/951. | Missing mandatory field: body
mann-k/sent/960. | Missing mandatory field: body
mann-k/sent/976. | Missing mandatory field: body
mann-k/sent/984. | Missing mandatory field: body
mann-k/sent/985. | Missing mandatory field: body
mann-k/sent/986. | Missing mandatory field: body
mann-k/sent/994. | Missing mandatory field: body
mann-k/sent/996. | Missing mandatory field: subject
mann-k/sent/998. | Missing mandatory field: subject
mann-k/sent_items/115. | Missing mandatory field: subject
mann-k/sent_items/121. | Missing mandatory field: body
mann-k/sent_items/127. | Missing mandatory field: body
mann-k/sent_items/133. | Missing mandatory field: body
mann-k/sent_items/148. | Missing mandatory field: subject
mann-k/sent_items/163. | Missing mandatory field: subject
mann-k/sent_items/168. | Missing mandatory field: body
mann-k/sent_items/169. | Missing mandatory field: body
mann-k/sent_items/170. | Missing mandatory field: body
mann-k/sent_items/190. | Missing mandatory field: body
mann-k/sent_items/195. | Missing mandatory field: to_addresses
mann-k/sent_items/197. | Missing mandatory field: to_addresses
mann-k/sent_items/198. | Missing mandatory field: body
mann-k/sent_items/21. | Missing mandatory field: body
mann-k/sent_items/239. | Missing mandatory field: body
mann-k/sent_items/250. | Missing mandatory field: body
mann-k/sent_items/266. | Missing mandatory field: body
mann-k/sent_items/274. | Missing mandatory field: subject
mann-k/sent_items/278. | Missing mandatory field: body
mann-k/sent_items/31. | Missing mandatory field: body
mann-k/sent_items/43. | Missing mandatory field: subject
mann-k/sent_items/59. | Missing mandatory field: subject
mann-k/sent_items/71. | Missing mandatory field: body
mann-k/sent_items/73. | Missing mandatory field: body
mann-k/tasks/1. | Missing mandatory field: to_addresses
mann-k/tasks/2. | Missing mandatory field: to_addresses
mann-k/vepco/18. | Missing mandatory field: body
mann-k/vepco/4. | Missing mandatory field: body
mann-k/westinghouse/22. | Missing mandatory field: body
mann-k/westinghouse/39. | Missing mandatory field: to_addresses
mann-k/westinghouse/44. | Missing mandatory field: subject
mann-k/yazoo_city/1. | Missing mandatory field: body
mann-k/yazoo_city/103. | Missing mandatory field: body
mann-k/yazoo_city/115. | Missing mandatory field: subject
mann-k/yazoo_city/14. | Missing mandatory field: subject
mann-k/yazoo_city/23. | Missing mandatory field: body
mann-k/yazoo_city/269. | Missing mandatory field: body
mann-k/yazoo_city/270. | Missing mandatory field: body
mann-k/yazoo_city/274. | Missing mandatory field: body
mann-k/yazoo_city/286. | Missing mandatory field: subject
mann-k/yazoo_city/29. | Missing mandatory field: body
mann-k/yazoo_city/41. | Missing mandatory field: body
mann-k/yazoo_city/42. | Missing mandatory field: body
mann-k/yazoo_city/49. | Missing mandatory field: body
mann-k/yazoo_city/62. | Missing mandatory field: body
mann-k/yazoo_city/69. | Missing mandatory field: subject
mann-k/yazoo_city/98. | Missing mandatory field: body
mann-k/yazoo_city/99. | Missing mandatory field: body
skilling-j/_sent_mail/316. | Missing mandatory field: subject
skilling-j/_sent_mail/370. | Missing mandatory field: body
skilling-j/_sent_mail/373. | Missing mandatory field: body
skilling-j/_sent_mail/388. | Missing mandatory field: body
skilling-j/_sent_mail/394. | Missing mandatory field: body
skilling-j/_sent_mail/53. | Missing mandatory field: subject
skilling-j/_sent_mail/70. | Missing mandatory field: subject
skilling-j/all_documents/1. | Missing mandatory field: subject
skilling-j/all_documents/10. | Missing mandatory field: subject
skilling-j/all_documents/11. | Missing mandatory field: subject
skilling-j/all_documents/12. | Missing mandatory field: subject
skilling-j/all_documents/1251. | Missing mandatory field: subject
skilling-j/all_documents/1256. | Missing mandatory field: subject
skilling-j/all_documents/126. | Missing mandatory field: subject
skilling-j/all_documents/1270. | Missing mandatory field: to_addresses
skilling-j/all_documents/1278. | Missing mandatory field: body
skilling-j/all_documents/1281. | Missing mandatory field: subject
skilling-j/all_documents/1291. | Missing mandatory field: subject
skilling-j/all_documents/1296. | Missing mandatory field: body
skilling-j/all_documents/1298. | Missing mandatory field: subject
skilling-j/all_documents/13. | Missing mandatory field: subject
skilling-j/all_documents/131. | Missing mandatory field: subject
skilling-j/all_documents/1323. | Missing mandatory field: body
skilling-j/all_documents/1328. | Missing mandatory field: body
skilling-j/all_documents/1330. | Missing mandatory field: body
skilling-j/all_documents/1342. | Missing mandatory field: body
skilling-j/all_documents/1369. | Missing mandatory field: to_addresses
skilling-j/all_documents/1370. | Missing mandatory field: subject
skilling-j/all_documents/1372. | Missing mandatory field: subject
skilling-j/all_documents/14. | Missing mandatory field: subject
skilling-j/all_documents/1419. | Missing mandatory field: subject
skilling-j/all_documents/1425. | Missing mandatory field: subject
skilling-j/all_documents/144. | Missing mandatory field: subject
skilling-j/all_documents/1454. | Missing mandatory field: to_addresses
skilling-j/all_documents/1466. | Missing mandatory field: subject
skilling-j/all_documents/1468. | Missing mandatory field: body
skilling-j/all_documents/1485. | Missing mandatory field: to_addresses
skilling-j/all_documents/1491. | Missing mandatory field: to_addresses
skilling-j/all_documents/15. | Missing mandatory field: subject
skilling-j/all_documents/153. | Missing mandatory field: subject
skilling-j/all_documents/1542. | Missing mandatory field: subject
skilling-j/all_documents/1543. | Missing mandatory field: to_addresses
skilling-j/all_documents/1549. | Missing mandatory field: subject
skilling-j/all_documents/1562. | Missing mandatory field: body
skilling-j/all_documents/1565. | Missing mandatory field: to_addresses
skilling-j/all_documents/1571. | Missing mandatory field: to_addresses
skilling-j/all_documents/174. | Missing mandatory field: subject
skilling-j/all_documents/20. | Missing mandatory field: subject
skilling-j/all_documents/201. | Missing mandatory field: to_addresses
skilling-j/all_documents/202. | Missing mandatory field: subject
skilling-j/all_documents/207. | Missing mandatory field: to_addresses
skilling-j/all_documents/215. | Missing mandatory field: to_addresses
skilling-j/all_documents/22. | Missing mandatory field: subject
skilling-j/all_documents/231. | Missing mandatory field: subject
skilling-j/all_documents/236. | Missing mandatory field: subject
skilling-j/all_documents/24. | Missing mandatory field: subject
skilling-j/all_documents/256. | Missing mandatory field: subject
skilling-j/all_documents/264. | Missing mandatory field: subject
skilling-j/all_documents/276. | Missing mandatory field: to_addresses
skilling-j/all_documents/299. | Missing mandatory field: subject
skilling-j/all_documents/3. | Missing mandatory field: subject
skilling-j/all_documents/30. | Missing mandatory field: subject
skilling-j/all_documents/308. | Missing mandatory field: subject
skilling-j/all_documents/31. | Missing mandatory field: subject
skilling-j/all_documents/33. | Missing mandatory field: subject
skilling-j/all_documents/338. | Missing mandatory field: subject
skilling-j/all_documents/34. | Missing mandatory field: subject
skilling-j/all_documents/35. | Missing mandatory field: subject
skilling-j/all_documents/358. | Missing mandatory field: to_addresses
skilling-j/all_documents/381. | Missing mandatory field: to_addresses
skilling-j/all_documents/387. | Missing mandatory field: subject
skilling-j/all_documents/398. | Missing mandatory field: body
skilling-j/all_documents/4. | Missing mandatory field: subject
skilling-j/all_documents/447. | Missing mandatory field: to_addresses
skilling-j/all_documents/458. | Missing mandatory field: to_addresses
skilling-j/all_documents/463. | Missing mandatory field: subject
skilling-j/all_documents/47. | Missing mandatory field: subject
skilling-j/all_documents/497. | Missing mandatory field: to_addresses
skilling-j/all_documents/5. | Missing mandatory field: subject
skilling-j/all_documents/504. | Missing mandatory field: body
skilling-j/all_documents/505. | Missing mandatory field: body
skilling-j/all_documents/51. | Missing mandatory field: subject
skilling-j/all_documents/52. | Missing mandatory field: subject
skilling-j/all_documents/54. | Missing mandatory field: subject
skilling-j/all_documents/67. | Missing mandatory field: subject
skilling-j/all_documents/68. | Missing mandatory field: subject
skilling-j/all_documents/9. | Missing mandatory field: subject
skilling-j/calendar/1. | Missing mandatory field: to_addresses
skilling-j/calendar/2. | Missing mandatory field: to_addresses
skilling-j/contacts/1. | Missing mandatory field: to_addresses
skilling-j/contacts/2. | Missing mandatory field: to_addresses
skilling-j/deleted_items/113. | Missing mandatory field: to_addresses
skilling-j/deleted_items/114. | Missing mandatory field: to_addresses
skilling-j/deleted_items/115. | Missing mandatory field: to_addresses
skilling-j/deleted_items/117. | Missing mandatory field: to_addresses
skilling-j/deleted_items/119. | Missing mandatory field: subject
skilling-j/deleted_items/121. | Missing mandatory field: to_addresses
skilling-j/deleted_items/122. | Missing mandatory field: to_addresses
skilling-j/deleted_items/123. | Missing mandatory field: to_addresses
skilling-j/deleted_items/124. | Missing mandatory field: to_addresses
skilling-j/deleted_items/126. | Missing mandatory field: to_addresses
skilling-j/deleted_items/131. | Missing mandatory field: to_addresses
skilling-j/deleted_items/132. | Missing mandatory field: to_addresses
skilling-j/deleted_items/133. | Missing mandatory field: to_addresses
skilling-j/deleted_items/134. | Missing mandatory field: to_addresses
skilling-j/deleted_items/135. | Missing mandatory field: to_addresses
skilling-j/deleted_items/138. | Missing mandatory field: to_addresses
skilling-j/deleted_items/144. | Missing mandatory field: to_addresses
skilling-j/deleted_items/155. | Missing mandatory field: to_addresses
skilling-j/deleted_items/156. | Missing mandatory field: to_addresses
skilling-j/deleted_items/157. | Missing mandatory field: to_addresses
skilling-j/deleted_items/16. | Missing mandatory field: to_addresses
skilling-j/deleted_items/167. | Missing mandatory field: to_addresses
skilling-j/deleted_items/17. | Missing mandatory field: to_addresses
skilling-j/deleted_items/18. | Missing mandatory field: to_addresses
skilling-j/deleted_items/181. | Missing mandatory field: to_addresses
skilling-j/deleted_items/189. | Missing mandatory field: to_addresses
skilling-j/deleted_items/19. | Missing mandatory field: to_addresses
skilling-j/deleted_items/190. | Missing mandatory field: to_addresses
skilling-j/deleted_items/20. | Missing mandatory field: to_addresses
skilling-j/deleted_items/208. | Missing mandatory field: to_addresses
skilling-j/deleted_items/209. | Missing mandatory field: to_addresses
skilling-j/deleted_items/21. | Missing mandatory field: to_addresses
skilling-j/deleted_items/210. | Missing mandatory field: to_addresses
skilling-j/deleted_items/217. | Missing mandatory field: subject
skilling-j/deleted_items/22. | Missing mandatory field: to_addresses
skilling-j/deleted_items/220. | Missing mandatory field: to_addresses
skilling-j/deleted_items/221. | Missing mandatory field: body
skilling-j/deleted_items/224. | Missing mandatory field: to_addresses
skilling-j/deleted_items/226. | Missing mandatory field: body
skilling-j/deleted_items/227. | Missing mandatory field: to_addresses
skilling-j/deleted_items/228. | Missing mandatory field: to_addresses
skilling-j/deleted_items/229. | Missing mandatory field: to_addresses
skilling-j/deleted_items/231. | Missing mandatory field: to_addresses
skilling-j/deleted_items/238. | Missing mandatory field: body
skilling-j/deleted_items/243. | Missing mandatory field: to_addresses
skilling-j/deleted_items/25. | Missing mandatory field: to_addresses
skilling-j/deleted_items/251. | Missing mandatory field: to_addresses
skilling-j/deleted_items/254. | Missing mandatory field: subject
skilling-j/deleted_items/256. | Missing mandatory field: to_addresses
skilling-j/deleted_items/263. | Missing mandatory field: to_addresses
skilling-j/deleted_items/264. | Missing mandatory field: to_addresses
skilling-j/deleted_items/269. | Missing mandatory field: to_addresses
skilling-j/deleted_items/270. | Missing mandatory field: subject
skilling-j/deleted_items/285. | Missing mandatory field: to_addresses
skilling-j/deleted_items/297. | Missing mandatory field: to_addresses
skilling-j/deleted_items/298. | Missing mandatory field: to_addresses
skilling-j/deleted_items/299. | Missing mandatory field: to_addresses
skilling-j/deleted_items/3. | Missing mandatory field: to_addresses
skilling-j/deleted_items/30. | Missing mandatory field: to_addresses
skilling-j/deleted_items/309. | Missing mandatory field: to_addresses
skilling-j/deleted_items/31. | Missing mandatory field: to_addresses
skilling-j/deleted_items/310. | Missing mandatory field: to_addresses
skilling-j/deleted_items/317. | Missing mandatory field: to_addresses
skilling-j/deleted_items/320. | Missing mandatory field: to_addresses
skilling-j/deleted_items/326. | Missing mandatory field: to_addresses
skilling-j/deleted_items/332. | Missing mandatory field: to_addresses
skilling-j/deleted_items/333. | Missing mandatory field: to_addresses
skilling-j/deleted_items/335. | Missing mandatory field: to_addresses
skilling-j/deleted_items/337. | Missing mandatory field: to_addresses
skilling-j/deleted_items/338. | Missing mandatory field: to_addresses
skilling-j/deleted_items/343. | Missing mandatory field: to_addresses
skilling-j/deleted_items/344. | Missing mandatory field: to_addresses
skilling-j/deleted_items/345. | Missing mandatory field: to_addresses
skilling-j/deleted_items/348. | Missing mandatory field: to_addresses
skilling-j/deleted_items/35. | Missing mandatory field: to_addresses
skilling-j/deleted_items/352. | Missing mandatory field: to_addresses
skilling-j/deleted_items/355. | Missing mandatory field: to_addresses
skilling-j/deleted_items/356. | Missing mandatory field: to_addresses
skilling-j/deleted_items/366. | Missing mandatory field: to_addresses
skilling-j/deleted_items/367. | Missing mandatory field: to_addresses
skilling-j/deleted_items/381. | Missing mandatory field: to_addresses
skilling-j/deleted_items/383. | Missing mandatory field: to_addresses
skilling-j/deleted_items/39. | Missing mandatory field: to_addresses
skilling-j/deleted_items/392. | Missing mandatory field: subject
skilling-j/deleted_items/398. | Missing mandatory field: to_addresses
skilling-j/deleted_items/399. | Missing mandatory field: body
skilling-j/deleted_items/40. | Missing mandatory field: to_addresses
skilling-j/deleted_items/404. | Missing mandatory field: to_addresses
skilling-j/deleted_items/41. | Missing mandatory field: to_addresses
skilling-j/deleted_items/411. | Missing mandatory field: to_addresses
skilling-j/deleted_items/416. | Missing mandatory field: to_addresses
skilling-j/deleted_items/42. | Missing mandatory field: body
skilling-j/deleted_items/434. | Missing mandatory field: to_addresses
skilling-j/deleted_items/436. | Missing mandatory field: to_addresses
skilling-j/deleted_items/438. | Missing mandatory field: subject
skilling-j/deleted_items/439. | Missing mandatory field: to_addresses
skilling-j/deleted_items/441. | Missing mandatory field: to_addresses
skilling-j/deleted_items/447. | Missing mandatory field: to_addresses
skilling-j/deleted_items/448. | Missing mandatory field: to_addresses
skilling-j/deleted_items/457. | Missing mandatory field: to_addresses
skilling-j/deleted_items/463. | Missing mandatory field: to_addresses
skilling-j/deleted_items/468. | Missing mandatory field: to_addresses
skilling-j/deleted_items/47. | Missing mandatory field: to_addresses
skilling-j/deleted_items/472. | Missing mandatory field: subject
skilling-j/deleted_items/480. | Missing mandatory field: to_addresses
skilling-j/deleted_items/481. | Missing mandatory field: body
skilling-j/deleted_items/485. | Missing mandatory field: to_addresses
skilling-j/deleted_items/494. | Missing mandatory field: to_addresses
skilling-j/deleted_items/496. | Missing mandatory field: to_addresses
skilling-j/deleted_items/51. | Missing mandatory field: to_addresses
skilling-j/deleted_items/514. | Missing mandatory field: to_addresses
skilling-j/deleted_items/52. | Missing mandatory field: to_addresses
skilling-j/deleted_items/520. | Missing mandatory field: subject
skilling-j/deleted_items/53. | Missing mandatory field: to_addresses
skilling-j/deleted_items/54. | Missing mandatory field: to_addresses
skilling-j/deleted_items/57. | Missing mandatory field: to_addresses
skilling-j/deleted_items/58. | Missing mandatory field: body
skilling-j/deleted_items/63. | Missing mandatory field: to_addresses
skilling-j/deleted_items/65. | Missing mandatory field: subject
skilling-j/deleted_items/68. | Missing mandatory field: to_addresses
skilling-j/deleted_items/71. | Missing mandatory field: to_addresses
skilling-j/deleted_items/72. | Missing mandatory field: to_addresses
skilling-j/deleted_items/73. | Missing mandatory field: body
skilling-j/deleted_items/81. | Missing mandatory field: body
skilling-j/deleted_items/95. | Missing mandatory field: to_addresses
skilling-j/deleted_items/98. | Missing mandatory field: to_addresses
skilling-j/discussion_threads/1. | Missing mandatory field: subject
skilling-j/discussion_threads/10. | Missing mandatory field: subject
skilling-j/discussion_threads/101. | Missing mandatory field: subject
skilling-j/discussion_threads/1027. | Missing mandatory field: subject
skilling-j/discussion_threads/1030. | Missing mandatory field: subject
skilling-j/discussion_threads/1035. | Missing mandatory field: to_addresses
skilling-j/discussion_threads/1040. | Missing mandatory field: body
skilling-j/discussion_threads/1042. | Missing mandatory field: subject
skilling-j/discussion_threads/1049. | Missing mandatory field: subject
skilling-j/discussion_threads/1052. | Missing mandatory field: body
skilling-j/discussion_threads/1054. | Missing mandatory field: subject
skilling-j/discussion_threads/1069. | Missing mandatory field: body
skilling-j/discussion_threads/1073. | Missing mandatory field: body
skilling-j/discussion_threads/1075. | Missing mandatory field: body
skilling-j/discussion_threads/1082. | Missing mandatory field: body
skilling-j/discussion_threads/11. | Missing mandatory field: subject
skilling-j/discussion_threads/110. | Missing mandatory field: subject
skilling-j/discussion_threads/1102. | Missing mandatory field: to_addresses
skilling-j/discussion_threads/1103. | Missing mandatory field: subject
skilling-j/discussion_threads/1104. | Missing mandatory field: subject
skilling-j/discussion_threads/1130. | Missing mandatory field: subject
skilling-j/discussion_threads/1135. | Missing mandatory field: subject
skilling-j/discussion_threads/1144. | Missing mandatory field: to_addresses
skilling-j/discussion_threads/1159. | Missing mandatory field: subject
skilling-j/discussion_threads/1160. | Missing mandatory field: body
skilling-j/discussion_threads/1175. | Missing mandatory field: to_addresses
skilling-j/discussion_threads/1180. | Missing mandatory field: to_addresses
skilling-j/discussion_threads/12. | Missing mandatory field: subject
skilling-j/discussion_threads/1229. | Missing mandatory field: subject
skilling-j/discussion_threads/1230. | Missing mandatory field: to_addresses
skilling-j/discussion_threads/1235. | Missing mandatory field: subject
skilling-j/discussion_threads/1247. | Missing mandatory field: body
skilling-j/discussion_threads/1250. | Missing mandatory field: to_addresses
skilling-j/discussion_threads/1256. | Missing mandatory field: to_addresses
skilling-j/discussion_threads/128. | Missing mandatory field: subject
skilling-j/discussion_threads/13. | Missing mandatory field: subject
skilling-j/discussion_threads/14. | Missing mandatory field: subject
skilling-j/discussion_threads/15. | Missing mandatory field: subject
skilling-j/discussion_threads/153. | Missing mandatory field: to_addresses
skilling-j/discussion_threads/154. | Missing mandatory field: subject
skilling-j/discussion_threads/159. | Missing mandatory field: to_addresses
skilling-j/discussion_threads/16. | Missing mandatory field: subject
skilling-j/discussion_threads/171. | Missing mandatory field: subject
skilling-j/discussion_threads/174. | Missing mandatory field: subject
skilling-j/discussion_threads/189. | Missing mandatory field: subject
skilling-j/discussion_threads/195. | Missing mandatory field: subject
skilling-j/discussion_threads/204. | Missing mandatory field: to_addresses
skilling-j/discussion_threads/21. | Missing mandatory field: subject
skilling-j/discussion_threads/223. | Missing mandatory field: subject
skilling-j/discussion_threads/23. | Missing mandatory field: subject
skilling-j/discussion_threads/232. | Missing mandatory field: subject
skilling-j/discussion_threads/25. | Missing mandatory field: subject
skilling-j/discussion_threads/258. | Missing mandatory field: subject
skilling-j/discussion_threads/277. | Missing mandatory field: to_addresses
skilling-j/discussion_threads/302. | Missing mandatory field: to_addresses
skilling-j/discussion_threads/309. | Missing mandatory field: subject
skilling-j/discussion_threads/31. | Missing mandatory field: subject
skilling-j/discussion_threads/319. | Missing mandatory field: body
skilling-j/discussion_threads/32. | Missing mandatory field: subject
skilling-j/discussion_threads/34. | Missing mandatory field: subject
skilling-j/discussion_threads/35. | Missing mandatory field: subject
skilling-j/discussion_threads/36. | Missing mandatory field: subject
skilling-j/discussion_threads/365. | Missing mandatory field: to_addresses
skilling-j/discussion_threads/380. | Missing mandatory field: subject
skilling-j/discussion_threads/4. | Missing mandatory field: subject
skilling-j/discussion_threads/410. | Missing mandatory field: to_addresses
skilling-j/discussion_threads/417. | Missing mandatory field: body
skilling-j/discussion_threads/418. | Missing mandatory field: body
skilling-j/discussion_threads/43. | Missing mandatory field: subject
skilling-j/discussion_threads/46. | Missing mandatory field: subject
skilling-j/discussion_threads/47. | Missing mandatory field: subject
skilling-j/discussion_threads/49. | Missing mandatory field: subject
skilling-j/discussion_threads/5. | Missing mandatory field: subject
skilling-j/discussion_threads/52. | Missing mandatory field: subject
skilling-j/discussion_threads/53. | Missing mandatory field: subject
skilling-j/discussion_threads/6. | Missing mandatory field: subject
skilling-j/discussion_threads/83. | Missing mandatory field: subject
skilling-j/discussion_threads/88. | Missing mandatory field: subject
skilling-j/inbox/1. | Missing mandatory field: subject
skilling-j/inbox/1005. | Missing mandatory field: to_addresses
skilling-j/inbox/1012. | Missing mandatory field: to_addresses
skilling-j/inbox/1013. | Missing mandatory field: to_addresses
skilling-j/inbox/1015. | Missing mandatory field: to_addresses
skilling-j/inbox/1016. | Missing mandatory field: to_addresses
skilling-j/inbox/102. | Missing mandatory field: subject
skilling-j/inbox/1023. | Missing mandatory field: to_addresses
skilling-j/inbox/1024. | Missing mandatory field: to_addresses
skilling-j/inbox/1026. | Missing mandatory field: to_addresses
skilling-j/inbox/1027. | Missing mandatory field: to_addresses
skilling-j/inbox/1030. | Missing mandatory field: to_addresses
skilling-j/inbox/1034. | Missing mandatory field: to_addresses
skilling-j/inbox/1036. | Missing mandatory field: to_addresses
skilling-j/inbox/1045. | Missing mandatory field: subject
skilling-j/inbox/1050. | Missing mandatory field: to_addresses
skilling-j/inbox/1051. | Missing mandatory field: to_addresses
skilling-j/inbox/1058. | Missing mandatory field: to_addresses
skilling-j/inbox/1062. | Missing mandatory field: to_addresses
skilling-j/inbox/1063. | Missing mandatory field: to_addresses
skilling-j/inbox/1064. | Missing mandatory field: to_addresses
skilling-j/inbox/1072. | Missing mandatory field: to_addresses
skilling-j/inbox/1084. | Missing mandatory field: to_addresses
skilling-j/inbox/1085. | Missing mandatory field: to_addresses
skilling-j/inbox/1086. | Missing mandatory field: to_addresses
skilling-j/inbox/1087. | Missing mandatory field: to_addresses
skilling-j/inbox/1088. | Missing mandatory field: to_addresses
skilling-j/inbox/1089. | Missing mandatory field: to_addresses
skilling-j/inbox/1090. | Missing mandatory field: to_addresses
skilling-j/inbox/1091. | Missing mandatory field: to_addresses
skilling-j/inbox/1093. | Missing mandatory field: to_addresses
skilling-j/inbox/1094. | Missing mandatory field: to_addresses
skilling-j/inbox/1096. | Missing mandatory field: to_addresses
skilling-j/inbox/1102. | Missing mandatory field: to_addresses
skilling-j/inbox/1103. | Missing mandatory field: to_addresses
skilling-j/inbox/1107. | Missing mandatory field: to_addresses
skilling-j/inbox/1108. | Missing mandatory field: to_addresses
skilling-j/inbox/1112. | Missing mandatory field: to_addresses
skilling-j/inbox/1114. | Missing mandatory field: subject
skilling-j/inbox/1116. | Missing mandatory field: to_addresses
skilling-j/inbox/1117. | Missing mandatory field: to_addresses
skilling-j/inbox/1119. | Missing mandatory field: to_addresses
skilling-j/inbox/1120. | Missing mandatory field: to_addresses
skilling-j/inbox/1122. | Missing mandatory field: to_addresses
skilling-j/inbox/1125. | Missing mandatory field: to_addresses
skilling-j/inbox/1128. | Missing mandatory field: to_addresses
skilling-j/inbox/1131. | Missing mandatory field: to_addresses
skilling-j/inbox/1132. | Missing mandatory field: to_addresses
skilling-j/inbox/1133. | Missing mandatory field: to_addresses
skilling-j/inbox/1134. | Missing mandatory field: to_addresses
skilling-j/inbox/1142. | Missing mandatory field: to_addresses
skilling-j/inbox/1143. | Missing mandatory field: to_addresses
skilling-j/inbox/1144. | Missing mandatory field: to_addresses
skilling-j/inbox/1149. | Missing mandatory field: to_addresses
skilling-j/inbox/1161. | Missing mandatory field: to_addresses
skilling-j/inbox/1162. | Missing mandatory field: to_addresses
skilling-j/inbox/1163. | Missing mandatory field: to_addresses
skilling-j/inbox/1166. | Missing mandatory field: to_addresses
skilling-j/inbox/1168. | Missing mandatory field: to_addresses
skilling-j/inbox/1173. | Missing mandatory field: to_addresses
skilling-j/inbox/1174. | Missing mandatory field: to_addresses
skilling-j/inbox/1175. | Missing mandatory field: to_addresses
skilling-j/inbox/1176. | Missing mandatory field: subject
skilling-j/inbox/1178. | Missing mandatory field: to_addresses
skilling-j/inbox/1185. | Missing mandatory field: subject
skilling-j/inbox/1187. | Missing mandatory field: to_addresses
skilling-j/inbox/1190. | Missing mandatory field: to_addresses
skilling-j/inbox/1192. | Missing mandatory field: to_addresses
skilling-j/inbox/1197. | Missing mandatory field: to_addresses
skilling-j/inbox/1200. | Missing mandatory field: to_addresses
skilling-j/inbox/1201. | Missing mandatory field: to_addresses
skilling-j/inbox/1202. | Missing mandatory field: to_addresses
skilling-j/inbox/1205. | Missing mandatory field: to_addresses
skilling-j/inbox/1206. | Missing mandatory field: to_addresses
skilling-j/inbox/121. | Missing mandatory field: body
skilling-j/inbox/1210. | Missing mandatory field: to_addresses
skilling-j/inbox/1215. | Missing mandatory field: to_addresses
skilling-j/inbox/1216. | Missing mandatory field: to_addresses
skilling-j/inbox/1220. | Missing mandatory field: subject
skilling-j/inbox/1222. | Missing mandatory field: to_addresses
skilling-j/inbox/1223. | Missing mandatory field: to_addresses
skilling-j/inbox/1224. | Missing mandatory field: to_addresses
skilling-j/inbox/1225. | Missing mandatory field: to_addresses
skilling-j/inbox/1227. | Missing mandatory field: to_addresses
skilling-j/inbox/1232. | Missing mandatory field: to_addresses
skilling-j/inbox/1235. | Missing mandatory field: to_addresses
skilling-j/inbox/1239. | Missing mandatory field: to_addresses
skilling-j/inbox/1240. | Missing mandatory field: to_addresses
skilling-j/inbox/1241. | Missing mandatory field: to_addresses
skilling-j/inbox/1244. | Missing mandatory field: to_addresses
skilling-j/inbox/1246. | Missing mandatory field: to_addresses
skilling-j/inbox/1248. | Missing mandatory field: to_addresses
skilling-j/inbox/1249. | Missing mandatory field: to_addresses
skilling-j/inbox/1252. | Missing mandatory field: to_addresses
skilling-j/inbox/1253. | Missing mandatory field: body
skilling-j/inbox/1254. | Missing mandatory field: to_addresses
skilling-j/inbox/1257. | Missing mandatory field: to_addresses
skilling-j/inbox/1258. | Missing mandatory field: to_addresses
skilling-j/inbox/1260. | Missing mandatory field: to_addresses
skilling-j/inbox/1264. | Missing mandatory field: to_addresses
skilling-j/inbox/1265. | Missing mandatory field: to_addresses
skilling-j/inbox/1267. | Missing mandatory field: to_addresses
skilling-j/inbox/1268. | Missing mandatory field: to_addresses
skilling-j/inbox/1275. | Missing mandatory field: to_addresses
skilling-j/inbox/1287. | Missing mandatory field: to_addresses
skilling-j/inbox/1293. | Missing mandatory field: to_addresses
skilling-j/inbox/1294. | Missing mandatory field: to_addresses
skilling-j/inbox/1297. | Missing mandatory field: to_addresses
skilling-j/inbox/1298. | Missing mandatory field: subject
skilling-j/inbox/1301. | Missing mandatory field: to_addresses
skilling-j/inbox/1306. | Missing mandatory field: to_addresses
skilling-j/inbox/1309. | Missing mandatory field: to_addresses
skilling-j/inbox/1312. | Missing mandatory field: to_addresses
skilling-j/inbox/1313. | Missing mandatory field: to_addresses
skilling-j/inbox/1314. | Missing mandatory field: to_addresses
skilling-j/inbox/1324. | Missing mandatory field: to_addresses
skilling-j/inbox/1325. | Missing mandatory field: to_addresses
skilling-j/inbox/1326. | Missing mandatory field: to_addresses
skilling-j/inbox/1330. | Missing mandatory field: to_addresses
skilling-j/inbox/1334. | Missing mandatory field: to_addresses
skilling-j/inbox/1337. | Missing mandatory field: to_addresses
skilling-j/inbox/1338. | Missing mandatory field: to_addresses
skilling-j/inbox/134. | Missing mandatory field: subject
skilling-j/inbox/1340. | Missing mandatory field: to_addresses
skilling-j/inbox/1342. | Missing mandatory field: to_addresses
skilling-j/inbox/1346. | Missing mandatory field: to_addresses
skilling-j/inbox/1351. | Missing mandatory field: to_addresses
skilling-j/inbox/1361. | Missing mandatory field: to_addresses
skilling-j/inbox/1362. | Missing mandatory field: to_addresses
skilling-j/inbox/1373. | Missing mandatory field: subject
skilling-j/inbox/1380. | Missing mandatory field: to_addresses
skilling-j/inbox/1384. | Missing mandatory field: subject
skilling-j/inbox/1401. | Missing mandatory field: subject
skilling-j/inbox/1408. | Missing mandatory field: subject
skilling-j/inbox/143. | Missing mandatory field: to_addresses
skilling-j/inbox/1433. | Missing mandatory field: subject
skilling-j/inbox/1434. | Missing mandatory field: subject
skilling-j/inbox/1440. | Missing mandatory field: subject
skilling-j/inbox/1446. | Missing mandatory field: subject
skilling-j/inbox/1454. | Missing mandatory field: to_addresses
skilling-j/inbox/1461. | Missing mandatory field: subject
skilling-j/inbox/1467. | Missing mandatory field: to_addresses
skilling-j/inbox/1471. | Missing mandatory field: body
skilling-j/inbox/1477. | Missing mandatory field: subject
skilling-j/inbox/1482. | Missing mandatory field: body
skilling-j/inbox/1483. | Missing mandatory field: to_addresses
skilling-j/inbox/1496. | Missing mandatory field: body
skilling-j/inbox/15. | Missing mandatory field: to_addresses
skilling-j/inbox/1506. | Missing mandatory field: to_addresses
skilling-j/inbox/151. | Missing mandatory field: subject
skilling-j/inbox/1518. | Missing mandatory field: subject
skilling-j/inbox/1522. | Missing mandatory field: subject
skilling-j/inbox/1523. | Missing mandatory field: subject
skilling-j/inbox/1538. | Missing mandatory field: subject
skilling-j/inbox/1547. | Missing mandatory field: to_addresses
skilling-j/inbox/1555. | Missing mandatory field: to_addresses
skilling-j/inbox/156. | Missing mandatory field: to_addresses
skilling-j/inbox/1562. | Missing mandatory field: subject
skilling-j/inbox/1567. | Missing mandatory field: subject
skilling-j/inbox/1575. | Missing mandatory field: subject
skilling-j/inbox/1576. | Missing mandatory field: subject
skilling-j/inbox/1582. | Missing mandatory field: to_addresses
skilling-j/inbox/1590. | Missing mandatory field: to_addresses
skilling-j/inbox/1591. | Missing mandatory field: to_addresses
skilling-j/inbox/1592. | Missing mandatory field: body
skilling-j/inbox/16. | Missing mandatory field: to_addresses
skilling-j/inbox/168. | Missing mandatory field: subject
skilling-j/inbox/169. | Missing mandatory field: body
skilling-j/inbox/183. | Missing mandatory field: to_addresses
skilling-j/inbox/2. | Missing mandatory field: subject
skilling-j/inbox/223. | Missing mandatory field: from_address
skilling-j/inbox/227. | Missing mandatory field: subject
skilling-j/inbox/228. | Missing mandatory field: to_addresses
skilling-j/inbox/241. | Missing mandatory field: body
skilling-j/inbox/242. | Missing mandatory field: body
skilling-j/inbox/244. | Missing mandatory field: to_addresses
skilling-j/inbox/2444. | Missing mandatory field: to_addresses
skilling-j/inbox/2457. | Missing mandatory field: to_addresses
skilling-j/inbox/2467. | Missing mandatory field: to_addresses
skilling-j/inbox/2469. | Missing mandatory field: to_addresses
skilling-j/inbox/2471. | Missing mandatory field: to_addresses
skilling-j/inbox/2481. | Missing mandatory field: to_addresses
skilling-j/inbox/2486. | Missing mandatory field: to_addresses
skilling-j/inbox/2488. | Missing mandatory field: to_addresses
skilling-j/inbox/2489. | Missing mandatory field: to_addresses
skilling-j/inbox/249. | Missing mandatory field: to_addresses
skilling-j/inbox/2491. | Missing mandatory field: to_addresses
skilling-j/inbox/2493. | Missing mandatory field: to_addresses
skilling-j/inbox/2499. | Missing mandatory field: subject
skilling-j/inbox/2500. | Missing mandatory field: to_addresses
skilling-j/inbox/2501. | Missing mandatory field: to_addresses
skilling-j/inbox/2503. | Missing mandatory field: to_addresses
skilling-j/inbox/2508. | Missing mandatory field: to_addresses
skilling-j/inbox/2512. | Missing mandatory field: to_addresses
skilling-j/inbox/2514. | Missing mandatory field: to_addresses
skilling-j/inbox/2521. | Missing mandatory field: to_addresses
skilling-j/inbox/2522. | Missing mandatory field: to_addresses
skilling-j/inbox/2524. | Missing mandatory field: to_addresses
skilling-j/inbox/2529. | Missing mandatory field: to_addresses
skilling-j/inbox/253. | Missing mandatory field: subject
skilling-j/inbox/2534. | Missing mandatory field: to_addresses
skilling-j/inbox/254. | Missing mandatory field: subject
skilling-j/inbox/2546. | Missing mandatory field: to_addresses
skilling-j/inbox/2547. | Missing mandatory field: to_addresses
skilling-j/inbox/255. | Missing mandatory field: subject
skilling-j/inbox/2554. | Missing mandatory field: to_addresses
skilling-j/inbox/256. | Missing mandatory field: subject
skilling-j/inbox/2561. | Missing mandatory field: to_addresses
skilling-j/inbox/2563. | Missing mandatory field: to_addresses
skilling-j/inbox/2565. | Missing mandatory field: to_addresses
skilling-j/inbox/257. | Missing mandatory field: subject
skilling-j/inbox/266. | Missing mandatory field: to_addresses
skilling-j/inbox/274. | Missing mandatory field: to_addresses
skilling-j/inbox/294. | Missing mandatory field: to_addresses
skilling-j/inbox/295. | Missing mandatory field: to_addresses
skilling-j/inbox/310. | Missing mandatory field: to_addresses
skilling-j/inbox/311. | Missing mandatory field: to_addresses
skilling-j/inbox/312. | Missing mandatory field: to_addresses
skilling-j/inbox/314. | Missing mandatory field: to_addresses
skilling-j/inbox/324. | Missing mandatory field: body
skilling-j/inbox/332. | Missing mandatory field: to_addresses
skilling-j/inbox/333. | Missing mandatory field: to_addresses
skilling-j/inbox/334. | Missing mandatory field: to_addresses
skilling-j/inbox/335. | Missing mandatory field: to_addresses
skilling-j/inbox/347. | Missing mandatory field: to_addresses
skilling-j/inbox/351. | Missing mandatory field: to_addresses
skilling-j/inbox/352. | Missing mandatory field: to_addresses
skilling-j/inbox/363. | Missing mandatory field: to_addresses
skilling-j/inbox/379. | Missing mandatory field: to_addresses
skilling-j/inbox/380. | Missing mandatory field: to_addresses
skilling-j/inbox/383. | Missing mandatory field: to_addresses
skilling-j/inbox/386. | Missing mandatory field: to_addresses
skilling-j/inbox/389. | Missing mandatory field: to_addresses
skilling-j/inbox/390. | Missing mandatory field: to_addresses
skilling-j/inbox/391. | Missing mandatory field: to_addresses
skilling-j/inbox/392. | Missing mandatory field: to_addresses
skilling-j/inbox/395. | Missing mandatory field: to_addresses
skilling-j/inbox/40. | Missing mandatory field: to_addresses
skilling-j/inbox/407. | Missing mandatory field: to_addresses
skilling-j/inbox/415. | Missing mandatory field: to_addresses
skilling-j/inbox/416. | Missing mandatory field: to_addresses
skilling-j/inbox/418. | Missing mandatory field: to_addresses
skilling-j/inbox/74. | Missing mandatory field: to_addresses
skilling-j/inbox/844. | Missing mandatory field: to_addresses
skilling-j/inbox/848. | Missing mandatory field: to_addresses
skilling-j/inbox/849. | Missing mandatory field: to_addresses
skilling-j/inbox/851. | Missing mandatory field: to_addresses
skilling-j/inbox/856. | Missing mandatory field: to_addresses
skilling-j/inbox/859. | Missing mandatory field: to_addresses
skilling-j/inbox/860. | Missing mandatory field: to_addresses
skilling-j/inbox/861. | Missing mandatory field: to_addresses
skilling-j/inbox/866. | Missing mandatory field: to_addresses
skilling-j/inbox/867. | Missing mandatory field: to_addresses
skilling-j/inbox/875. | Missing mandatory field: to_addresses
skilling-j/inbox/879. | Missing mandatory field: to_addresses
skilling-j/inbox/886. | Missing mandatory field: to_addresses
skilling-j/inbox/891. | Missing mandatory field: to_addresses
skilling-j/inbox/893. | Missing mandatory field: to_addresses
skilling-j/inbox/897. | Missing mandatory field: to_addresses
skilling-j/inbox/9. | Missing mandatory field: to_addresses
skilling-j/inbox/909. | Missing mandatory field: to_addresses
skilling-j/inbox/912. | Missing mandatory field: to_addresses
skilling-j/inbox/913. | Missing mandatory field: to_addresses
skilling-j/inbox/930. | Missing mandatory field: to_addresses
skilling-j/inbox/931. | Missing mandatory field: to_addresses
skilling-j/inbox/932. | Missing mandatory field: to_addresses
skilling-j/inbox/933. | Missing mandatory field: to_addresses
skilling-j/inbox/938. | Missing mandatory field: to_addresses
skilling-j/inbox/939. | Missing mandatory field: to_addresses
skilling-j/inbox/948. | Missing mandatory field: to_addresses
skilling-j/inbox/949. | Missing mandatory field: to_addresses
skilling-j/inbox/951. | Missing mandatory field: to_addresses
skilling-j/inbox/952. | Missing mandatory field: to_addresses
skilling-j/inbox/955. | Missing mandatory field: to_addresses
skilling-j/inbox/957. | Missing mandatory field: to_addresses
skilling-j/inbox/958. | Missing mandatory field: to_addresses
skilling-j/inbox/961. | Missing mandatory field: to_addresses
skilling-j/inbox/963. | Missing mandatory field: to_addresses
skilling-j/inbox/967. | Missing mandatory field: to_addresses
skilling-j/inbox/974. | Missing mandatory field: to_addresses
skilling-j/inbox/978. | Missing mandatory field: to_addresses
skilling-j/inbox/979. | Missing mandatory field: to_addresses
skilling-j/inbox/983. | Missing mandatory field: to_addresses
skilling-j/inbox/984. | Missing mandatory field: to_addresses
skilling-j/inbox/99. | Missing mandatory field: to_addresses
skilling-j/inbox/992. | Missing mandatory field: to_addresses
skilling-j/inbox/998. | Missing mandatory field: to_addresses
skilling-j/mark/1. | Missing mandatory field: subject
skilling-j/mark/10. | Missing mandatory field: subject
skilling-j/mark/100. | Missing mandatory field: subject
skilling-j/mark/101. | Missing mandatory field: subject
skilling-j/mark/102. | Missing mandatory field: subject
skilling-j/mark/11. | Missing mandatory field: subject
skilling-j/mark/12. | Missing mandatory field: subject
skilling-j/mark/13. | Missing mandatory field: subject
skilling-j/mark/14. | Missing mandatory field: subject
skilling-j/mark/15. | Missing mandatory field: subject
skilling-j/mark/20. | Missing mandatory field: subject
skilling-j/mark/22. | Missing mandatory field: subject
skilling-j/mark/24. | Missing mandatory field: subject
skilling-j/mark/3. | Missing mandatory field: subject
skilling-j/mark/30. | Missing mandatory field: subject
skilling-j/mark/31. | Missing mandatory field: subject
skilling-j/mark/33. | Missing mandatory field: subject
skilling-j/mark/34. | Missing mandatory field: subject
skilling-j/mark/35. | Missing mandatory field: subject
skilling-j/mark/36. | Missing mandatory field: subject
skilling-j/mark/37. | Missing mandatory field: subject
skilling-j/mark/38. | Missing mandatory field: subject
skilling-j/mark/4. | Missing mandatory field: subject
skilling-j/mark/40. | Missing mandatory field: subject
skilling-j/mark/41. | Missing mandatory field: subject
skilling-j/mark/42. | Missing mandatory field: subject
skilling-j/mark/5. | Missing mandatory field: subject
skilling-j/mark/9. | Missing mandatory field: subject
skilling-j/mark/95. | Missing mandatory field: subject
skilling-j/mark/96. | Missing mandatory field: subject
skilling-j/mark/97. | Missing mandatory field: subject
skilling-j/mark/98. | Missing mandatory field: subject
skilling-j/mark/99. | Missing mandatory field: subject
skilling-j/notes_inbox/104. | Missing mandatory field: to_addresses
skilling-j/notes_inbox/11. | Missing mandatory field: to_addresses
skilling-j/notes_inbox/119. | Missing mandatory field: to_addresses
skilling-j/notes_inbox/135. | Missing mandatory field: subject
skilling-j/notes_inbox/287. | Missing mandatory field: to_addresses
skilling-j/notes_inbox/293. | Missing mandatory field: to_addresses
skilling-j/notes_inbox/296. | Missing mandatory field: body
skilling-j/notes_inbox/3. | Missing mandatory field: body
skilling-j/notes_inbox/309. | Missing mandatory field: to_addresses
skilling-j/notes_inbox/310. | Missing mandatory field: subject
skilling-j/notes_inbox/351. | Missing mandatory field: to_addresses
skilling-j/notes_inbox/356. | Missing mandatory field: to_addresses
skilling-j/notes_inbox/370. | Missing mandatory field: body
skilling-j/notes_inbox/371. | Missing mandatory field: subject
skilling-j/notes_inbox/383. | Missing mandatory field: to_addresses
skilling-j/notes_inbox/4. | Missing mandatory field: body
skilling-j/notes_inbox/42. | Missing mandatory field: subject
skilling-j/notes_inbox/47. | Missing mandatory field: to_addresses
skilling-j/notes_inbox/57. | Missing mandatory field: to_addresses
skilling-j/notes_inbox/94. | Missing mandatory field: body
skilling-j/notes_inbox/99. | Missing mandatory field: subject
skilling-j/sent/3. | Missing mandatory field: subject
skilling-j/sent/366. | Missing mandatory field: body
skilling-j/sent/372. | Missing mandatory field: body
skilling-j/sent/387. | Missing mandatory field: body
skilling-j/sent/390. | Missing mandatory field: body
skilling-j/sent/442. | Missing mandatory field: subject
skilling-j/sent/483. | Missing mandatory field: subject
skilling-j/sent/68. | Missing mandatory field: subject
skilling-j/sent/85. | Missing mandatory field: subject
skilling-j/sent_items/105. | Missing mandatory field: body
skilling-j/sent_items/48. | Missing mandatory field: subject
taylor-m/all_documents/100. | Missing mandatory field: body
taylor-m/all_documents/1001. | Missing mandatory field: to_addresses
taylor-m/all_documents/1010. | Missing mandatory field: body
taylor-m/all_documents/1011. | Missing mandatory field: body
taylor-m/all_documents/102. | Missing mandatory field: to_addresses
taylor-m/all_documents/1024. | Missing mandatory field: body
taylor-m/all_documents/1026. | Missing mandatory field: body
taylor-m/all_documents/1034. | Missing mandatory field: body
taylor-m/all_documents/1045. | Missing mandatory field: body
taylor-m/all_documents/1051. | Missing mandatory field: body
taylor-m/all_documents/1054. | Missing mandatory field: body
taylor-m/all_documents/1067. | Missing mandatory field: body
taylor-m/all_documents/1074. | Missing mandatory field: body
taylor-m/all_documents/108. | Missing mandatory field: body
taylor-m/all_documents/1083. | Missing mandatory field: to_addresses
taylor-m/all_documents/1085. | Missing mandatory field: to_addresses
taylor-m/all_documents/1088. | Missing mandatory field: body
taylor-m/all_documents/109. | Missing mandatory field: body
taylor-m/all_documents/1090. | Missing mandatory field: body
taylor-m/all_documents/1102. | Missing mandatory field: body
taylor-m/all_documents/1106. | Missing mandatory field: body
taylor-m/all_documents/115. | Missing mandatory field: body
taylor-m/all_documents/116. | Missing mandatory field: body
taylor-m/all_documents/1161. | Missing mandatory field: to_addresses
taylor-m/all_documents/1176. | Missing mandatory field: to_addresses
taylor-m/all_documents/1181. | Missing mandatory field: to_addresses
taylor-m/all_documents/1185. | Missing mandatory field: to_addresses
taylor-m/all_documents/1193. | Missing mandatory field: body
taylor-m/all_documents/1194. | Missing mandatory field: body
taylor-m/all_documents/1195. | Missing mandatory field: body
taylor-m/all_documents/12. | Missing mandatory field: to_addresses
taylor-m/all_documents/120. | Missing mandatory field: to_addresses
taylor-m/all_documents/1203. | Missing mandatory field: to_addresses
taylor-m/all_documents/1204. | Missing mandatory field: body
taylor-m/all_documents/121. | Missing mandatory field: body
taylor-m/all_documents/122. | Missing mandatory field: subject
taylor-m/all_documents/1232. | Missing mandatory field: subject
taylor-m/all_documents/1233. | Missing mandatory field: to_addresses
taylor-m/all_documents/128. | Missing mandatory field: body
taylor-m/all_documents/129. | Missing mandatory field: body
taylor-m/all_documents/1299. | Missing mandatory field: body
taylor-m/all_documents/1318. | Missing mandatory field: body
taylor-m/all_documents/1320. | Missing mandatory field: body
taylor-m/all_documents/1326. | Missing mandatory field: body
taylor-m/all_documents/134. | Missing mandatory field: body
taylor-m/all_documents/1343. | Missing mandatory field: body
taylor-m/all_documents/1349. | Missing mandatory field: body
taylor-m/all_documents/136. | Missing mandatory field: body
taylor-m/all_documents/1362. | Missing mandatory field: body
taylor-m/all_documents/1363. | Missing mandatory field: body
taylor-m/all_documents/1365. | Missing mandatory field: to_addresses
taylor-m/all_documents/1368. | Missing mandatory field: subject
taylor-m/all_documents/137. | Missing mandatory field: body
taylor-m/all_documents/1372. | Missing mandatory field: to_addresses
taylor-m/all_documents/138. | Missing mandatory field: body
taylor-m/all_documents/1388. | Missing mandatory field: body
taylor-m/all_documents/139. | Missing mandatory field: body
taylor-m/all_documents/1391. | Missing mandatory field: body
taylor-m/all_documents/140. | Missing mandatory field: body
taylor-m/all_documents/1404. | Missing mandatory field: body
taylor-m/all_documents/1420. | Missing mandatory field: body
taylor-m/all_documents/143. | Missing mandatory field: body
taylor-m/all_documents/144. | Missing mandatory field: body
taylor-m/all_documents/1466. | Missing mandatory field: subject
taylor-m/all_documents/1471. | Missing mandatory field: subject
taylor-m/all_documents/1476. | Missing mandatory field: subject
taylor-m/all_documents/149. | Missing mandatory field: body
taylor-m/all_documents/1498. | Missing mandatory field: to_addresses
taylor-m/all_documents/150. | Missing mandatory field: body
taylor-m/all_documents/1506. | Missing mandatory field: to_addresses
taylor-m/all_documents/151. | Missing mandatory field: body
taylor-m/all_documents/1526. | Missing mandatory field: body
taylor-m/all_documents/1551. | Missing mandatory field: body
taylor-m/all_documents/1558. | Missing mandatory field: to_addresses
taylor-m/all_documents/1568. | Missing mandatory field: body
taylor-m/all_documents/1591. | Missing mandatory field: to_addresses
taylor-m/all_documents/1594. | Missing mandatory field: subject
taylor-m/all_documents/16. | Missing mandatory field: body
taylor-m/all_documents/1608. | Missing mandatory field: to_addresses
taylor-m/all_documents/161. | Missing mandatory field: body
taylor-m/all_documents/162. | Missing mandatory field: body
taylor-m/all_documents/1621. | Missing mandatory field: body
taylor-m/all_documents/1622. | Missing mandatory field: body
taylor-m/all_documents/1623. | Missing mandatory field: body
taylor-m/all_documents/1628. | Missing mandatory field: to_addresses
taylor-m/all_documents/1633. | Missing mandatory field: to_addresses
taylor-m/all_documents/1640. | Missing mandatory field: to_addresses
taylor-m/all_documents/1655. | Missing mandatory field: to_addresses
taylor-m/all_documents/1667. | Missing mandatory field: body
taylor-m/all_documents/1669. | Missing mandatory field: to_addresses
taylor-m/all_documents/1679. | Missing mandatory field: to_addresses
taylor-m/all_documents/1687. | Missing mandatory field: body
taylor-m/all_documents/1695. | Missing mandatory field: to_addresses
taylor-m/all_documents/1699. | Missing mandatory field: body
taylor-m/all_documents/172. | Missing mandatory field: to_addresses
taylor-m/all_documents/1733. | Missing mandatory field: body
taylor-m/all_documents/1735. | Missing mandatory field: to_addresses
taylor-m/all_documents/1747. | Missing mandatory field: subject
taylor-m/all_documents/1780. | Missing mandatory field: body
taylor-m/all_documents/1782. | Missing mandatory field: to_addresses
taylor-m/all_documents/1783. | Missing mandatory field: to_addresses
taylor-m/all_documents/1784. | Missing mandatory field: to_addresses
taylor-m/all_documents/1790. | Missing mandatory field: to_addresses
taylor-m/all_documents/1821. | Missing mandatory field: to_addresses
taylor-m/all_documents/1822. | Missing mandatory field: body
taylor-m/all_documents/1823. | Missing mandatory field: to_addresses
taylor-m/all_documents/1824. | Missing mandatory field: to_addresses
taylor-m/all_documents/1827. | Missing mandatory field: body
taylor-m/all_documents/1829. | Missing mandatory field: to_addresses
taylor-m/all_documents/1831. | Missing mandatory field: to_addresses
taylor-m/all_documents/1838. | Missing mandatory field: body
taylor-m/all_documents/1846. | Missing mandatory field: body
taylor-m/all_documents/1874. | Missing mandatory field: body
taylor-m/all_documents/1875. | Missing mandatory field: body
taylor-m/all_documents/1877. | Missing mandatory field: body
taylor-m/all_documents/19. | Missing mandatory field: body
taylor-m/all_documents/1900. | Missing mandatory field: to_addresses
taylor-m/all_documents/1909. | Missing mandatory field: body
taylor-m/all_documents/191. | Missing mandatory field: subject
taylor-m/all_documents/1913. | Missing mandatory field: body
taylor-m/all_documents/1914. | Missing mandatory field: body
taylor-m/all_documents/1915. | Missing mandatory field: to_addresses
taylor-m/all_documents/1924. | Missing mandatory field: body
taylor-m/all_documents/1925. | Missing mandatory field: body
taylor-m/all_documents/1939. | Missing mandatory field: subject
taylor-m/all_documents/194. | Missing mandatory field: body
taylor-m/all_documents/1951. | Missing mandatory field: to_addresses
taylor-m/all_documents/197. | Missing mandatory field: body
taylor-m/all_documents/1972. | Missing mandatory field: body
taylor-m/all_documents/1984. | Missing mandatory field: body
taylor-m/all_documents/2027. | Missing mandatory field: body
taylor-m/all_documents/2041. | Missing mandatory field: to_addresses
taylor-m/all_documents/2042. | Missing mandatory field: to_addresses
taylor-m/all_documents/2060. | Missing mandatory field: body
taylor-m/all_documents/2065. | Missing mandatory field: body
taylor-m/all_documents/2070. | Missing mandatory field: to_addresses
taylor-m/all_documents/2079. | Missing mandatory field: body
taylor-m/all_documents/2080. | Missing mandatory field: body
taylor-m/all_documents/2081. | Missing mandatory field: body
taylor-m/all_documents/2083. | Missing mandatory field: to_addresses
taylor-m/all_documents/2092. | Missing mandatory field: body
taylor-m/all_documents/2096. | Missing mandatory field: to_addresses
taylor-m/all_documents/21. | Missing mandatory field: to_addresses
taylor-m/all_documents/2101. | Missing mandatory field: to_addresses
taylor-m/all_documents/2110. | Missing mandatory field: to_addresses
taylor-m/all_documents/212. | Missing mandatory field: to_addresses
taylor-m/all_documents/213. | Missing mandatory field: subject
taylor-m/all_documents/2142. | Missing mandatory field: subject
taylor-m/all_documents/2146. | Missing mandatory field: to_addresses
taylor-m/all_documents/2149. | Missing mandatory field: body
taylor-m/all_documents/2171. | Missing mandatory field: body
taylor-m/all_documents/2191. | Missing mandatory field: body
taylor-m/all_documents/2195. | Missing mandatory field: to_addresses
taylor-m/all_documents/2198. | Missing mandatory field: to_addresses
taylor-m/all_documents/2207. | Missing mandatory field: subject
taylor-m/all_documents/2213. | Missing mandatory field: body
taylor-m/all_documents/2222. | Missing mandatory field: subject
taylor-m/all_documents/2223. | Missing mandatory field: body
taylor-m/all_documents/2225. | Missing mandatory field: to_addresses
taylor-m/all_documents/2236. | Missing mandatory field: to_addresses
taylor-m/all_documents/2237. | Missing mandatory field: to_addresses
taylor-m/all_documents/224. | Missing mandatory field: body
taylor-m/all_documents/2245. | Missing mandatory field: body
taylor-m/all_documents/2255. | Missing mandatory field: to_addresses
taylor-m/all_documents/2256. | Missing mandatory field: to_addresses
taylor-m/all_documents/2257. | Missing mandatory field: body
taylor-m/all_documents/2258. | Missing mandatory field: body
taylor-m/all_documents/2259. | Missing mandatory field: body
taylor-m/all_documents/2260. | Missing mandatory field: body
taylor-m/all_documents/2261. | Missing mandatory field: body
taylor-m/all_documents/2262. | Missing mandatory field: body
taylor-m/all_documents/2263. | Missing mandatory field: body
taylor-m/all_documents/2264. | Missing mandatory field: body
taylor-m/all_documents/2265. | Missing mandatory field: body
taylor-m/all_documents/2266. | Missing mandatory field: body
taylor-m/all_documents/2267. | Missing mandatory field: body
taylor-m/all_documents/2268. | Missing mandatory field: body
taylor-m/all_documents/2269. | Missing mandatory field: body
taylor-m/all_documents/228. | Missing mandatory field: body
taylor-m/all_documents/2281. | Missing mandatory field: to_addresses
taylor-m/all_documents/2294. | Missing mandatory field: to_addresses
taylor-m/all_documents/230. | Missing mandatory field: body
taylor-m/all_documents/2303. | Missing mandatory field: to_addresses
taylor-m/all_documents/2308. | Missing mandatory field: to_addresses
taylor-m/all_documents/2313. | Missing mandatory field: to_addresses
taylor-m/all_documents/2314. | Missing mandatory field: to_addresses
taylor-m/all_documents/233. | Missing mandatory field: to_addresses
taylor-m/all_documents/2331. | Missing mandatory field: to_addresses
taylor-m/all_documents/2332. | Missing mandatory field: to_addresses
taylor-m/all_documents/234. | Missing mandatory field: to_addresses
taylor-m/all_documents/2350. | Missing mandatory field: to_addresses
taylor-m/all_documents/2351. | Missing mandatory field: to_addresses
taylor-m/all_documents/2359. | Missing mandatory field: body
taylor-m/all_documents/236. | Missing mandatory field: to_addresses
taylor-m/all_documents/2366. | Missing mandatory field: body
taylor-m/all_documents/2372. | Missing mandatory field: body
taylor-m/all_documents/2377. | Missing mandatory field: to_addresses
taylor-m/all_documents/238. | Missing mandatory field: to_addresses
taylor-m/all_documents/2382. | Missing mandatory field: to_addresses
taylor-m/all_documents/2390. | Missing mandatory field: to_addresses
taylor-m/all_documents/2391. | Missing mandatory field: to_addresses
taylor-m/all_documents/2392. | Missing mandatory field: to_addresses
taylor-m/all_documents/2395. | Missing mandatory field: body
taylor-m/all_documents/2396. | Missing mandatory field: to_addresses
taylor-m/all_documents/2397. | Missing mandatory field: body
taylor-m/all_documents/2398. | Missing mandatory field: body
taylor-m/all_documents/2400. | Missing mandatory field: to_addresses
taylor-m/all_documents/2401. | Missing mandatory field: to_addresses
taylor-m/all_documents/2405. | Missing mandatory field: body
taylor-m/all_documents/241. | Missing mandatory field: to_addresses
taylor-m/all_documents/2428. | Missing mandatory field: to_addresses
taylor-m/all_documents/2429. | Missing mandatory field: to_addresses
taylor-m/all_documents/2430. | Missing mandatory field: body
taylor-m/all_documents/245. | Missing mandatory field: to_addresses
taylor-m/all_documents/2456. | Missing mandatory field: to_addresses
taylor-m/all_documents/2457. | Missing mandatory field: body
taylor-m/all_documents/2470. | Missing mandatory field: body
taylor-m/all_documents/2484. | Missing mandatory field: to_addresses
taylor-m/all_documents/2485. | Missing mandatory field: to_addresses
taylor-m/all_documents/2489. | Missing mandatory field: body
taylor-m/all_documents/2515. | Missing mandatory field: to_addresses
taylor-m/all_documents/2537. | Missing mandatory field: to_addresses
taylor-m/all_documents/2544. | Missing mandatory field: body
taylor-m/all_documents/2576. | Missing mandatory field: body
taylor-m/all_documents/2587. | Missing mandatory field: subject
taylor-m/all_documents/2592. | Missing mandatory field: body
taylor-m/all_documents/2595. | Missing mandatory field: subject
taylor-m/all_documents/2610. | Missing mandatory field: body
taylor-m/all_documents/2616. | Missing mandatory field: to_addresses
taylor-m/all_documents/2623. | Missing mandatory field: body
taylor-m/all_documents/2625. | Missing mandatory field: body
taylor-m/all_documents/2640. | Missing mandatory field: body
taylor-m/all_documents/2648. | Missing mandatory field: to_addresses
taylor-m/all_documents/2657. | Missing mandatory field: subject
taylor-m/all_documents/266. | Missing mandatory field: body
taylor-m/all_documents/2662. | Missing mandatory field: body
taylor-m/all_documents/2678. | Missing mandatory field: body
taylor-m/all_documents/2686. | Missing mandatory field: body
taylor-m/all_documents/2704. | Missing mandatory field: to_addresses
taylor-m/all_documents/271. | Missing mandatory field: subject
taylor-m/all_documents/2714. | Missing mandatory field: body
taylor-m/all_documents/2732. | Missing mandatory field: body
taylor-m/all_documents/2754. | Missing mandatory field: to_addresses
taylor-m/all_documents/277. | Missing mandatory field: body
taylor-m/all_documents/2780. | Missing mandatory field: subject
taylor-m/all_documents/2781. | Missing mandatory field: body
taylor-m/all_documents/2791. | Missing mandatory field: body
taylor-m/all_documents/2795. | Missing mandatory field: body
taylor-m/all_documents/28. | Missing mandatory field: to_addresses
taylor-m/all_documents/2806. | Missing mandatory field: to_addresses
taylor-m/all_documents/2832. | Missing mandatory field: subject
taylor-m/all_documents/2835. | Missing mandatory field: body
taylor-m/all_documents/2844. | Missing mandatory field: body
taylor-m/all_documents/2848. | Missing mandatory field: body
taylor-m/all_documents/2866. | Missing mandatory field: to_addresses
taylor-m/all_documents/2885. | Missing mandatory field: to_addresses
taylor-m/all_documents/2888. | Missing mandatory field: to_addresses
taylor-m/all_documents/2894. | Missing mandatory field: body
taylor-m/all_documents/2902. | Missing mandatory field: subject
taylor-m/all_documents/2905. | Missing mandatory field: body
taylor-m/all_documents/2908. | Missing mandatory field: body
taylor-m/all_documents/2916. | Missing mandatory field: body
taylor-m/all_documents/2918. | Missing mandatory field: body
taylor-m/all_documents/2921. | Missing mandatory field: body
taylor-m/all_documents/2932. | Missing mandatory field: subject
taylor-m/all_documents/294. | Missing mandatory field: body
taylor-m/all_documents/2943. | Missing mandatory field: to_addresses
taylor-m/all_documents/2945. | Missing mandatory field: to_addresses
taylor-m/all_documents/2951. | Missing mandatory field: body
taylor-m/all_documents/297. | Missing mandatory field: subject
taylor-m/all_documents/2978. | Missing mandatory field: body
taylor-m/all_documents/2992. | Missing mandatory field: body
taylor-m/all_documents/2996. | Missing mandatory field: body
taylor-m/all_documents/2997. | Missing mandatory field: body
taylor-m/all_documents/3007. | Missing mandatory field: body
taylor-m/all_documents/3019. | Missing mandatory field: body
taylor-m/all_documents/3020. | Missing mandatory field: body
taylor-m/all_documents/3021. | Missing mandatory field: body
taylor-m/all_documents/3023. | Missing mandatory field: body
taylor-m/all_documents/3024. | Missing mandatory field: body
taylor-m/all_documents/3026. | Missing mandatory field: subject
taylor-m/all_documents/3028. | Missing mandatory field: subject
taylor-m/all_documents/3029. | Missing mandatory field: subject
taylor-m/all_documents/3030. | Missing mandatory field: subject
taylor-m/all_documents/3031. | Missing mandatory field: subject
taylor-m/all_documents/3074. | Missing mandatory field: subject
taylor-m/all_documents/3075. | Missing mandatory field: body
taylor-m/all_documents/3077. | Missing mandatory field: body
taylor-m/all_documents/3079. | Missing mandatory field: body
taylor-m/all_documents/3113. | Missing mandatory field: body
taylor-m/all_documents/3124. | Missing mandatory field: body
taylor-m/all_documents/3136. | Missing mandatory field: to_addresses
taylor-m/all_documents/3141. | Missing mandatory field: body
taylor-m/all_documents/3159. | Missing mandatory field: body
taylor-m/all_documents/3172. | Missing mandatory field: body
taylor-m/all_documents/3188. | Missing mandatory field: to_addresses
taylor-m/all_documents/3203. | Missing mandatory field: subject
taylor-m/all_documents/3214. | Missing mandatory field: subject
taylor-m/all_documents/3252. | Missing mandatory field: subject
taylor-m/all_documents/3262. | Missing mandatory field: body
taylor-m/all_documents/3268. | Missing mandatory field: body
taylor-m/all_documents/3271. | Missing mandatory field: to_addresses
taylor-m/all_documents/3288. | Missing mandatory field: subject
taylor-m/all_documents/3289. | Missing mandatory field: body
taylor-m/all_documents/3304. | Missing mandatory field: subject
taylor-m/all_documents/3307. | Missing mandatory field: to_addresses
taylor-m/all_documents/3329. | Missing mandatory field: subject
taylor-m/all_documents/3340. | Missing mandatory field: subject
taylor-m/all_documents/3341. | Missing mandatory field: subject
taylor-m/all_documents/3343. | Missing mandatory field: body
taylor-m/all_documents/3349. | Missing mandatory field: to_addresses
taylor-m/all_documents/3376. | Missing mandatory field: to_addresses
taylor-m/all_documents/3387. | Missing mandatory field: body
taylor-m/all_documents/339. | Missing mandatory field: body
taylor-m/all_documents/3390. | Missing mandatory field: body
taylor-m/all_documents/3395. | Missing mandatory field: body
taylor-m/all_documents/3409. | Missing mandatory field: subject
taylor-m/all_documents/3418. | Missing mandatory field: subject
taylor-m/all_documents/3446. | Missing mandatory field: body
taylor-m/all_documents/3453. | Missing mandatory field: body
taylor-m/all_documents/3458. | Missing mandatory field: body
taylor-m/all_documents/3459. | Missing mandatory field: subject
taylor-m/all_documents/3469. | Missing mandatory field: body
taylor-m/all_documents/3477. | Missing mandatory field: body
taylor-m/all_documents/3537. | Missing mandatory field: to_addresses
taylor-m/all_documents/3539. | Missing mandatory field: subject
taylor-m/all_documents/3542. | Missing mandatory field: subject
taylor-m/all_documents/3571. | Missing mandatory field: body
taylor-m/all_documents/3590. | Missing mandatory field: to_addresses
taylor-m/all_documents/3592. | Missing mandatory field: body
taylor-m/all_documents/3599. | Missing mandatory field: to_addresses
taylor-m/all_documents/3600. | Missing mandatory field: to_addresses
taylor-m/all_documents/3608. | Missing mandatory field: to_addresses
taylor-m/all_documents/3615. | Missing mandatory field: to_addresses
taylor-m/all_documents/3621. | Missing mandatory field: to_addresses
taylor-m/all_documents/3630. | Missing mandatory field: body
taylor-m/all_documents/3631. | Missing mandatory field: body
taylor-m/all_documents/3632. | Missing mandatory field: body
taylor-m/all_documents/3634. | Missing mandatory field: body
taylor-m/all_documents/3641. | Missing mandatory field: body
taylor-m/all_documents/3642. | Missing mandatory field: body
taylor-m/all_documents/3643. | Missing mandatory field: to_addresses
taylor-m/all_documents/3675. | Missing mandatory field: body
taylor-m/all_documents/371. | Missing mandatory field: body
taylor-m/all_documents/3710. | Missing mandatory field: subject
taylor-m/all_documents/3713. | Missing mandatory field: to_addresses
taylor-m/all_documents/3715. | Missing mandatory field: body
taylor-m/all_documents/372. | Missing mandatory field: to_addresses
taylor-m/all_documents/373. | Missing mandatory field: to_addresses
taylor-m/all_documents/3743. | Missing mandatory field: to_addresses
taylor-m/all_documents/3759. | Missing mandatory field: body
taylor-m/all_documents/3779. | Missing mandatory field: body
taylor-m/all_documents/378. | Missing mandatory field: body
taylor-m/all_documents/3789. | Missing mandatory field: to_addresses
taylor-m/all_documents/3790. | Missing mandatory field: to_addresses
taylor-m/all_documents/3858. | Missing mandatory field: body
taylor-m/all_documents/3862. | Missing mandatory field: body
taylor-m/all_documents/3863. | Missing mandatory field: body
taylor-m/all_documents/3868. | Missing mandatory field: body
taylor-m/all_documents/3874. | Missing mandatory field: subject
taylor-m/all_documents/3883. | Missing mandatory field: body
taylor-m/all_documents/3899. | Missing mandatory field: subject
taylor-m/all_documents/3935. | Missing mandatory field: body
taylor-m/all_documents/3936. | Missing mandatory field: to_addresses
taylor-m/all_documents/3943. | Missing mandatory field: subject
taylor-m/all_documents/3945. | Missing mandatory field: to_addresses
taylor-m/all_documents/3952. | Missing mandatory field: to_addresses
taylor-m/all_documents/3958. | Missing mandatory field: body
taylor-m/all_documents/3981. | Missing mandatory field: body
taylor-m/all_documents/3985. | Missing mandatory field: to_addresses
taylor-m/all_documents/4020. | Missing mandatory field: subject
taylor-m/all_documents/4041. | Missing mandatory field: subject
taylor-m/all_documents/412. | Missing mandatory field: body
taylor-m/all_documents/424. | Missing mandatory field: to_addresses
taylor-m/all_documents/426. | Missing mandatory field: body
taylor-m/all_documents/433. | Missing mandatory field: body
taylor-m/all_documents/442. | Missing mandatory field: body
taylor-m/all_documents/446. | Missing mandatory field: body
taylor-m/all_documents/448. | Missing mandatory field: to_addresses
taylor-m/all_documents/454. | Missing mandatory field: subject
taylor-m/all_documents/459. | Missing mandatory field: body
taylor-m/all_documents/464. | Missing mandatory field: body
taylor-m/all_documents/467. | Missing mandatory field: body
taylor-m/all_documents/469. | Missing mandatory field: body
taylor-m/all_documents/473. | Missing mandatory field: body
taylor-m/all_documents/491. | Missing mandatory field: body
taylor-m/all_documents/498. | Missing mandatory field: body
taylor-m/all_documents/5. | Missing mandatory field: body
taylor-m/all_documents/501. | Missing mandatory field: body
taylor-m/all_documents/515. | Missing mandatory field: body
taylor-m/all_documents/519. | Missing mandatory field: body
taylor-m/all_documents/520. | Missing mandatory field: body
taylor-m/all_documents/521. | Missing mandatory field: body
taylor-m/all_documents/528. | Missing mandatory field: body
taylor-m/all_documents/537. | Missing mandatory field: body
taylor-m/all_documents/538. | Missing mandatory field: body
taylor-m/all_documents/539. | Missing mandatory field: body
taylor-m/all_documents/542. | Missing mandatory field: body
taylor-m/all_documents/543. | Missing mandatory field: body
taylor-m/all_documents/557. | Missing mandatory field: body
taylor-m/all_documents/577. | Missing mandatory field: body
taylor-m/all_documents/578. | Missing mandatory field: body
taylor-m/all_documents/58. | Missing mandatory field: body
taylor-m/all_documents/583. | Missing mandatory field: body
taylor-m/all_documents/585. | Missing mandatory field: body
taylor-m/all_documents/588. | Missing mandatory field: body
taylor-m/all_documents/590. | Missing mandatory field: body
taylor-m/all_documents/595. | Missing mandatory field: body
taylor-m/all_documents/601. | Missing mandatory field: subject
taylor-m/all_documents/608. | Missing mandatory field: subject
taylor-m/all_documents/61. | Missing mandatory field: body
taylor-m/all_documents/622. | Missing mandatory field: body
taylor-m/all_documents/623. | Missing mandatory field: body
taylor-m/all_documents/635. | Missing mandatory field: body
taylor-m/all_documents/643. | Missing mandatory field: body
taylor-m/all_documents/646. | Missing mandatory field: body
taylor-m/all_documents/652. | Missing mandatory field: body
taylor-m/all_documents/653. | Missing mandatory field: body
taylor-m/all_documents/655. | Missing mandatory field: body
taylor-m/all_documents/656. | Missing mandatory field: body
taylor-m/all_documents/663. | Missing mandatory field: body
taylor-m/all_documents/674. | Missing mandatory field: body
taylor-m/all_documents/679. | Missing mandatory field: body
taylor-m/all_documents/681. | Missing mandatory field: body
taylor-m/all_documents/687. | Missing mandatory field: body
taylor-m/all_documents/697. | Missing mandatory field: body
taylor-m/all_documents/698. | Missing mandatory field: body
taylor-m/all_documents/700. | Missing mandatory field: body
taylor-m/all_documents/712. | Missing mandatory field: body
taylor-m/all_documents/7130. | Missing mandatory field: to_addresses
taylor-m/all_documents/725. | Missing mandatory field: body
taylor-m/all_documents/726. | Missing mandatory field: to_addresses
taylor-m/all_documents/7310. | Missing mandatory field: body
taylor-m/all_documents/7311. | Missing mandatory field: to_addresses
taylor-m/all_documents/7325. | Missing mandatory field: body
taylor-m/all_documents/7329. | Missing mandatory field: body
taylor-m/all_documents/733. | Missing mandatory field: subject
taylor-m/all_documents/7330. | Missing mandatory field: body
taylor-m/all_documents/7336. | Missing mandatory field: body
taylor-m/all_documents/7344. | Missing mandatory field: subject
taylor-m/all_documents/7355. | Missing mandatory field: subject
taylor-m/all_documents/7367. | Missing mandatory field: to_addresses
taylor-m/all_documents/7372. | Missing mandatory field: body
taylor-m/all_documents/7390. | Missing mandatory field: body
taylor-m/all_documents/7396. | Missing mandatory field: body
taylor-m/all_documents/7397. | Missing mandatory field: body
taylor-m/all_documents/7399. | Missing mandatory field: body
taylor-m/all_documents/74. | Missing mandatory field: body
taylor-m/all_documents/7402. | Missing mandatory field: body
taylor-m/all_documents/7407. | Missing mandatory field: subject
taylor-m/all_documents/741. | Missing mandatory field: to_addresses
taylor-m/all_documents/7410. | Missing mandatory field: subject
taylor-m/all_documents/7413. | Missing mandatory field: to_addresses
taylor-m/all_documents/7430. | Missing mandatory field: subject
taylor-m/all_documents/7432. | Missing mandatory field: body
taylor-m/all_documents/7449. | Missing mandatory field: to_addresses
taylor-m/all_documents/7458. | Missing mandatory field: subject
taylor-m/all_documents/7459. | Missing mandatory field: subject
taylor-m/all_documents/7464. | Missing mandatory field: body
taylor-m/all_documents/7465. | Missing mandatory field: body
taylor-m/all_documents/748. | Missing mandatory field: to_addresses
taylor-m/all_documents/75. | Missing mandatory field: body
taylor-m/all_documents/7500. | Missing mandatory field: body
taylor-m/all_documents/751. | Missing mandatory field: body
taylor-m/all_documents/7540. | Missing mandatory field: body
taylor-m/all_documents/7549. | Missing mandatory field: body
taylor-m/all_documents/7566. | Missing mandatory field: body
taylor-m/all_documents/7570. | Missing mandatory field: subject
taylor-m/all_documents/7585. | Missing mandatory field: to_addresses
taylor-m/all_documents/7612. | Missing mandatory field: to_addresses
taylor-m/all_documents/763. | Missing mandatory field: body
taylor-m/all_documents/7631. | Missing mandatory field: body
taylor-m/all_documents/7642. | Missing mandatory field: to_addresses
taylor-m/all_documents/7661. | Missing mandatory field: body
taylor-m/all_documents/7662. | Missing mandatory field: body
taylor-m/all_documents/7669. | Missing mandatory field: body
taylor-m/all_documents/7671. | Missing mandatory field: body
taylor-m/all_documents/7684. | Missing mandatory field: to_addresses
taylor-m/all_documents/7685. | Missing mandatory field: body
taylor-m/all_documents/7692. | Missing mandatory field: body
taylor-m/all_documents/7694. | Missing mandatory field: body
taylor-m/all_documents/7695. | Missing mandatory field: subject
taylor-m/all_documents/7699. | Missing mandatory field: body
taylor-m/all_documents/7701. | Missing mandatory field: body
taylor-m/all_documents/7706. | Missing mandatory field: subject
taylor-m/all_documents/771. | Missing mandatory field: body
taylor-m/all_documents/7711. | Missing mandatory field: body
taylor-m/all_documents/7714. | Missing mandatory field: body
taylor-m/all_documents/7725. | Missing mandatory field: body
taylor-m/all_documents/7726. | Missing mandatory field: to_addresses
taylor-m/all_documents/773. | Missing mandatory field: to_addresses
taylor-m/all_documents/7731. | Missing mandatory field: to_addresses
taylor-m/all_documents/7732. | Missing mandatory field: to_addresses
taylor-m/all_documents/7733. | Missing mandatory field: to_addresses
taylor-m/all_documents/7736. | Missing mandatory field: to_addresses
taylor-m/all_documents/7738. | Missing mandatory field: to_addresses
taylor-m/all_documents/7754. | Missing mandatory field: body
taylor-m/all_documents/7756. | Missing mandatory field: body
taylor-m/all_documents/7763. | Missing mandatory field: body
taylor-m/all_documents/7775. | Missing mandatory field: body
taylor-m/all_documents/7780. | Missing mandatory field: to_addresses
taylor-m/all_documents/7782. | Missing mandatory field: subject
taylor-m/all_documents/7783. | Missing mandatory field: body
taylor-m/all_documents/7788. | Missing mandatory field: body
taylor-m/all_documents/779. | Missing mandatory field: subject
taylor-m/all_documents/7799. | Missing mandatory field: body
taylor-m/all_documents/78. | Missing mandatory field: body
taylor-m/all_documents/7804. | Missing mandatory field: body
taylor-m/all_documents/7814. | Missing mandatory field: body
taylor-m/all_documents/7815. | Missing mandatory field: to_addresses
taylor-m/all_documents/7828. | Missing mandatory field: to_addresses
taylor-m/all_documents/7833. | Missing mandatory field: body
taylor-m/all_documents/7837. | Missing mandatory field: body
taylor-m/all_documents/784. | Missing mandatory field: to_addresses
taylor-m/all_documents/7845. | Missing mandatory field: body
taylor-m/all_documents/785. | Missing mandatory field: body
taylor-m/all_documents/7852. | Missing mandatory field: to_addresses
taylor-m/all_documents/7853. | Missing mandatory field: to_addresses
taylor-m/all_documents/786. | Missing mandatory field: body
taylor-m/all_documents/7867. | Missing mandatory field: body
taylor-m/all_documents/787. | Missing mandatory field: body
taylor-m/all_documents/7877. | Missing mandatory field: body
taylor-m/all_documents/7879. | Missing mandatory field: subject
taylor-m/all_documents/7888. | Missing mandatory field: to_addresses
taylor-m/all_documents/7896. | Missing mandatory field: to_addresses
taylor-m/all_documents/7898. | Missing mandatory field: body
taylor-m/all_documents/79. | Missing mandatory field: body
taylor-m/all_documents/7904. | Missing mandatory field: to_addresses
taylor-m/all_documents/7908. | Missing mandatory field: to_addresses
taylor-m/all_documents/7909. | Missing mandatory field: body
taylor-m/all_documents/7914. | Missing mandatory field: to_addresses
taylor-m/all_documents/7925. | Missing mandatory field: to_addresses
taylor-m/all_documents/7931. | Missing mandatory field: to_addresses
taylor-m/all_documents/7933. | Missing mandatory field: body
taylor-m/all_documents/7953. | Missing mandatory field: body
taylor-m/all_documents/7956. | Missing mandatory field: body
taylor-m/all_documents/7957. | Missing mandatory field: body
taylor-m/all_documents/7958. | Missing mandatory field: body
taylor-m/all_documents/7978. | Missing mandatory field: body
taylor-m/all_documents/7991. | Missing mandatory field: subject
taylor-m/all_documents/7993. | Missing mandatory field: body
taylor-m/all_documents/7998. | Missing mandatory field: to_addresses
taylor-m/all_documents/8009. | Missing mandatory field: to_addresses
taylor-m/all_documents/8017. | Missing mandatory field: subject
taylor-m/all_documents/8019. | Missing mandatory field: to_addresses
taylor-m/all_documents/8027. | Missing mandatory field: to_addresses
taylor-m/all_documents/8040. | Missing mandatory field: to_addresses
taylor-m/all_documents/8049. | Missing mandatory field: to_addresses
taylor-m/all_documents/8063. | Missing mandatory field: to_addresses
taylor-m/all_documents/8068. | Missing mandatory field: body
taylor-m/all_documents/8069. | Missing mandatory field: body
taylor-m/all_documents/8086. | Missing mandatory field: to_addresses
taylor-m/all_documents/8108. | Missing mandatory field: subject
taylor-m/all_documents/8109. | Missing mandatory field: to_addresses
taylor-m/all_documents/8111. | Missing mandatory field: body
taylor-m/all_documents/8117. | Missing mandatory field: to_addresses
taylor-m/all_documents/812. | Missing mandatory field: to_addresses
taylor-m/all_documents/8129. | Missing mandatory field: to_addresses
taylor-m/all_documents/8131. | Missing mandatory field: to_addresses
taylor-m/all_documents/8138. | Missing mandatory field: body
taylor-m/all_documents/8154. | Missing mandatory field: body
taylor-m/all_documents/8155. | Missing mandatory field: body
taylor-m/all_documents/817. | Missing mandatory field: body
taylor-m/all_documents/8203. | Missing mandatory field: to_addresses
taylor-m/all_documents/8206. | Missing mandatory field: to_addresses
taylor-m/all_documents/8211. | Missing mandatory field: to_addresses
taylor-m/all_documents/8215. | Missing mandatory field: body
taylor-m/all_documents/8219. | Missing mandatory field: subject
taylor-m/all_documents/8221. | Missing mandatory field: body
taylor-m/all_documents/8224. | Missing mandatory field: to_addresses
taylor-m/all_documents/8241. | Missing mandatory field: to_addresses
taylor-m/all_documents/8273. | Missing mandatory field: body
taylor-m/all_documents/8276. | Missing mandatory field: to_addresses
taylor-m/all_documents/8277. | Missing mandatory field: body
taylor-m/all_documents/8282. | Missing mandatory field: to_addresses
taylor-m/all_documents/8283. | Missing mandatory field: body
taylor-m/all_documents/8284. | Missing mandatory field: to_addresses
taylor-m/all_documents/8286. | Missing mandatory field: to_addresses
taylor-m/all_documents/8287. | Missing mandatory field: to_addresses
taylor-m/all_documents/8294. | Missing mandatory field: to_addresses
taylor-m/all_documents/8298. | Missing mandatory field: to_addresses
taylor-m/all_documents/8308. | Missing mandatory field: subject
taylor-m/all_documents/8310. | Missing mandatory field: to_addresses
taylor-m/all_documents/8321. | Missing mandatory field: body
taylor-m/all_documents/8322. | Missing mandatory field: body
taylor-m/all_documents/8323. | Missing mandatory field: body
taylor-m/all_documents/8324. | Missing mandatory field: body
taylor-m/all_documents/8327. | Missing mandatory field: to_addresses
taylor-m/all_documents/8329. | Missing mandatory field: body
taylor-m/all_documents/8330. | Missing mandatory field: body
taylor-m/all_documents/834. | Missing mandatory field: to_addresses
taylor-m/all_documents/8349. | Missing mandatory field: body
taylor-m/all_documents/8354. | Missing mandatory field: body
taylor-m/all_documents/8368. | Missing mandatory field: subject
taylor-m/all_documents/8376. | Missing mandatory field: to_addresses
taylor-m/all_documents/8385. | Missing mandatory field: to_addresses
taylor-m/all_documents/8386. | Missing mandatory field: to_addresses
taylor-m/all_documents/8395. | Missing mandatory field: body
taylor-m/all_documents/8400. | Missing mandatory field: body
taylor-m/all_documents/8410. | Missing mandatory field: body
taylor-m/all_documents/8413. | Missing mandatory field: subject
taylor-m/all_documents/8416. | Missing mandatory field: to_addresses
taylor-m/all_documents/8417. | Missing mandatory field: body
taylor-m/all_documents/8418. | Missing mandatory field: body
taylor-m/all_documents/8419. | Missing mandatory field: body
taylor-m/all_documents/8422. | Missing mandatory field: to_addresses
taylor-m/all_documents/8423. | Missing mandatory field: to_addresses
taylor-m/all_documents/8438. | Missing mandatory field: body
taylor-m/all_documents/8445. | Missing mandatory field: body
taylor-m/all_documents/8450. | Missing mandatory field: to_addresses
taylor-m/all_documents/8464. | Missing mandatory field: body
taylor-m/all_documents/8465. | Missing mandatory field: body
taylor-m/all_documents/8476. | Missing mandatory field: body
taylor-m/all_documents/85. | Missing mandatory field: body
taylor-m/all_documents/8521. | Missing mandatory field: body
taylor-m/all_documents/8534. | Missing mandatory field: to_addresses
taylor-m/all_documents/8536. | Missing mandatory field: to_addresses
taylor-m/all_documents/8544. | Missing mandatory field: to_addresses
taylor-m/all_documents/8549. | Missing mandatory field: body
taylor-m/all_documents/8555. | Missing mandatory field: body
taylor-m/all_documents/8556. | Missing mandatory field: to_addresses
taylor-m/all_documents/8558. | Missing mandatory field: to_addresses
taylor-m/all_documents/8560. | Missing mandatory field: body
taylor-m/all_documents/86. | Missing mandatory field: to_addresses
taylor-m/all_documents/863. | Missing mandatory field: body
taylor-m/all_documents/878. | Missing mandatory field: to_addresses
taylor-m/all_documents/886. | Missing mandatory field: subject
taylor-m/all_documents/893. | Missing mandatory field: body
taylor-m/all_documents/899. | Missing mandatory field: body
taylor-m/all_documents/9. | Missing mandatory field: to_addresses
taylor-m/all_documents/922. | Missing mandatory field: body
taylor-m/all_documents/924. | Missing mandatory field: body
taylor-m/all_documents/934. | Missing mandatory field: subject
taylor-m/all_documents/951. | Missing mandatory field: body
taylor-m/all_documents/959. | Missing mandatory field: body
taylor-m/all_documents/980. | Missing mandatory field: body
taylor-m/all_documents/982. | Missing mandatory field: body
taylor-m/all_documents/985. | Missing mandatory field: body
taylor-m/all_documents/99. | Missing mandatory field: body
taylor-m/all_documents/996. | Missing mandatory field: body
taylor-m/all_documents/997. | Missing mandatory field: body
taylor-m/archive/11_99/25. | Missing mandatory field: to_addresses
taylor-m/archive/11_99/43. | Missing mandatory field: to_addresses
taylor-m/archive/11_99/45. | Missing mandatory field: subject
taylor-m/archive/11_99/50. | Missing mandatory field: body
taylor-m/archive/11_99/9. | Missing mandatory field: to_addresses
taylor-m/archive/1_00/12. | Missing mandatory field: to_addresses
taylor-m/archive/2001_05/6. | Missing mandatory field: to_addresses
taylor-m/archive/2001_06/10. | Missing mandatory field: body
taylor-m/archive/2001_07/12. | Missing mandatory field: body
taylor-m/archive/2001_07/21. | Missing mandatory field: body
taylor-m/archive/2001_07/25. | Missing mandatory field: subject
taylor-m/archive/2001_07/38. | Missing mandatory field: subject
taylor-m/archive/2001_07/6. | Missing mandatory field: to_addresses
taylor-m/archive/2001_07/8. | Missing mandatory field: to_addresses
taylor-m/archive/2001_07/83. | Missing mandatory field: body
taylor-m/archive/2001_08/29. | Missing mandatory field: subject
taylor-m/archive/2001_08/36. | Missing mandatory field: to_addresses
taylor-m/archive/2001_08/44. | Missing mandatory field: body
taylor-m/archive/2001_08/53. | Missing mandatory field: body
taylor-m/archive/2001_08/54. | Missing mandatory field: body
taylor-m/archive/2001_08/55. | Missing mandatory field: body
taylor-m/archive/2001_08/56. | Missing mandatory field: to_addresses
taylor-m/archive/2001_09/10. | Missing mandatory field: body
taylor-m/archive/2001_09/9. | Missing mandatory field: body
taylor-m/archive/2001_10/1. | Missing mandatory field: to_addresses
taylor-m/archive/2001_10/21. | Missing mandatory field: subject
taylor-m/archive/2001_10/22. | Missing mandatory field: body
taylor-m/archive/2001_10/27. | Missing mandatory field: subject
taylor-m/archive/2001_10/30. | Missing mandatory field: to_addresses
taylor-m/archive/2001_11/12. | Missing mandatory field: body
taylor-m/archive/2001_11/18. | Missing mandatory field: body
taylor-m/archive/2001_11/60. | Missing mandatory field: to_addresses
taylor-m/archive/2001_11/67. | Missing mandatory field: body
taylor-m/archive/2_00/5. | Missing mandatory field: to_addresses
taylor-m/archive/5_00/107. | Missing mandatory field: to_addresses
taylor-m/archive/5_00/112. | Missing mandatory field: to_addresses
taylor-m/archive/5_00/139. | Missing mandatory field: to_addresses
taylor-m/archive/5_00/15. | Missing mandatory field: subject
taylor-m/archive/5_00/24. | Missing mandatory field: to_addresses
taylor-m/archive/5_00/40. | Missing mandatory field: body
taylor-m/archive/5_00/8. | Missing mandatory field: body
taylor-m/archive/6_00/10. | Missing mandatory field: subject
taylor-m/archive/6_00/11. | Missing mandatory field: body
taylor-m/archive/6_00/124. | Missing mandatory field: body
taylor-m/archive/6_00/22. | Missing mandatory field: to_addresses
taylor-m/archive/6_00/23. | Missing mandatory field: to_addresses
taylor-m/archive/6_00/27. | Missing mandatory field: to_addresses
taylor-m/archive/6_00/4. | Missing mandatory field: body
taylor-m/archive/6_00/53. | Missing mandatory field: to_addresses
taylor-m/archive/6_00/62. | Missing mandatory field: to_addresses
taylor-m/archive/6_00/73. | Missing mandatory field: body
taylor-m/archive/6_00/84. | Missing mandatory field: to_addresses
taylor-m/archive/6_00/87. | Missing mandatory field: to_addresses
taylor-m/archive/6_00/88. | Missing mandatory field: to_addresses
taylor-m/archive/6_00/89. | Missing mandatory field: to_addresses
taylor-m/archive/6_00/92. | Missing mandatory field: to_addresses
taylor-m/archive/6_00/95. | Missing mandatory field: body
taylor-m/archive/7_00/104. | Missing mandatory field: body
taylor-m/archive/7_00/119. | Missing mandatory field: to_addresses
taylor-m/archive/7_00/12. | Missing mandatory field: to_addresses
taylor-m/archive/7_00/134. | Missing mandatory field: to_addresses
taylor-m/archive/7_00/27. | Missing mandatory field: to_addresses
taylor-m/archive/7_00/31. | Missing mandatory field: body
taylor-m/archive/7_00/53. | Missing mandatory field: subject
taylor-m/archive/7_00/68. | Missing mandatory field: to_addresses
taylor-m/archive/7_00/84. | Missing mandatory field: to_addresses
taylor-m/archive/7_00/92. | Missing mandatory field: subject
taylor-m/archive/8_00/103. | Missing mandatory field: subject
taylor-m/archive/8_00/107. | Missing mandatory field: to_addresses
taylor-m/archive/8_00/109. | Missing mandatory field: to_addresses
taylor-m/archive/8_00/157. | Missing mandatory field: body
taylor-m/archive/8_00/192. | Missing mandatory field: subject
taylor-m/archive/8_00/27. | Missing mandatory field: to_addresses
taylor-m/archive/8_00/70. | Missing mandatory field: to_addresses
taylor-m/archive/8_00/80. | Missing mandatory field: to_addresses
taylor-m/archive/8_00/89. | Missing mandatory field: subject
taylor-m/archive/8_00/90. | Missing mandatory field: body
taylor-m/archive/8_00/97. | Missing mandatory field: body
taylor-m/archive/9_00/114. | Missing mandatory field: subject
taylor-m/archive/9_00/123. | Missing mandatory field: subject
taylor-m/archive/9_00/124. | Missing mandatory field: subject
taylor-m/archive/9_00/126. | Missing mandatory field: body
taylor-m/archive/9_00/131. | Missing mandatory field: body
taylor-m/archive/9_00/31. | Missing mandatory field: to_addresses
taylor-m/archive/9_00/36. | Missing mandatory field: subject
taylor-m/archive/9_00/38. | Missing mandatory field: subject
taylor-m/archive/9_00/65. | Missing mandatory field: subject
taylor-m/archive/9_00/7. | Missing mandatory field: to_addresses
taylor-m/archive/9_00/71. | Missing mandatory field: body
taylor-m/archive/9_00/79. | Missing mandatory field: to_addresses
taylor-m/archive/9_00/95. | Missing mandatory field: subject
taylor-m/archive/9_00/98. | Missing mandatory field: to_addresses
taylor-m/archive/november1999/25. | Missing mandatory field: to_addresses
taylor-m/archive/november1999/43. | Missing mandatory field: to_addresses
taylor-m/archive/november1999/45. | Missing mandatory field: subject
taylor-m/archive/november1999/50. | Missing mandatory field: body
taylor-m/archive/november1999/9. | Missing mandatory field: to_addresses
taylor-m/australia_trading/6. | Missing mandatory field: to_addresses
taylor-m/boat/2. | Missing mandatory field: to_addresses
taylor-m/brazil_trading/2. | Missing mandatory field: to_addresses
taylor-m/brazil_trading/3. | Missing mandatory field: to_addresses
taylor-m/click_at_home/5. | Missing mandatory field: body
taylor-m/contacts/1. | Missing mandatory field: to_addresses
taylor-m/contacts/10. | Missing mandatory field: to_addresses
taylor-m/contacts/14. | Missing mandatory field: to_addresses
taylor-m/contacts/18. | Missing mandatory field: to_addresses
taylor-m/contacts/19. | Missing mandatory field: to_addresses
taylor-m/contacts/2. | Missing mandatory field: to_addresses
taylor-m/contacts/20. | Missing mandatory field: to_addresses
taylor-m/contacts/21. | Missing mandatory field: to_addresses
taylor-m/contacts/22. | Missing mandatory field: to_addresses
taylor-m/contacts/25. | Missing mandatory field: to_addresses
taylor-m/contacts/26. | Missing mandatory field: to_addresses
taylor-m/contacts/27. | Missing mandatory field: to_addresses
taylor-m/contacts/29. | Missing mandatory field: to_addresses
taylor-m/contacts/3. | Missing mandatory field: to_addresses
taylor-m/contacts/4. | Missing mandatory field: to_addresses
taylor-m/contacts/5. | Missing mandatory field: to_addresses
taylor-m/contacts/51. | Missing mandatory field: to_addresses
taylor-m/contacts/6. | Missing mandatory field: to_addresses
taylor-m/contacts/65. | Missing mandatory field: to_addresses
taylor-m/contacts/66. | Missing mandatory field: to_addresses
taylor-m/contacts/67. | Missing mandatory field: to_addresses
taylor-m/contacts/68. | Missing mandatory field: to_addresses
taylor-m/contacts/69. | Missing mandatory field: to_addresses
taylor-m/contacts/7. | Missing mandatory field: to_addresses
taylor-m/contacts/8. | Missing mandatory field: to_addresses
taylor-m/contacts/9. | Missing mandatory field: to_addresses
taylor-m/deleted_items/101. | Missing mandatory field: body
taylor-m/deleted_items/108. | Missing mandatory field: body
taylor-m/deleted_items/113. | Missing mandatory field: to_addresses
taylor-m/deleted_items/114. | Missing mandatory field: to_addresses
taylor-m/deleted_items/119. | Missing mandatory field: body
taylor-m/deleted_items/12. | Missing mandatory field: to_addresses
taylor-m/deleted_items/123. | Missing mandatory field: body
taylor-m/deleted_items/131. | Missing mandatory field: to_addresses
taylor-m/deleted_items/140. | Missing mandatory field: to_addresses
taylor-m/deleted_items/141. | Missing mandatory field: to_addresses
taylor-m/deleted_items/143. | Missing mandatory field: body
taylor-m/deleted_items/147. | Missing mandatory field: body
taylor-m/deleted_items/148. | Missing mandatory field: body
taylor-m/deleted_items/16. | Missing mandatory field: body
taylor-m/deleted_items/169. | Missing mandatory field: to_addresses
taylor-m/deleted_items/189. | Missing mandatory field: to_addresses
taylor-m/deleted_items/192. | Missing mandatory field: to_addresses
taylor-m/deleted_items/209. | Missing mandatory field: body
taylor-m/deleted_items/210. | Missing mandatory field: to_addresses
taylor-m/deleted_items/215. | Missing mandatory field: to_addresses
taylor-m/deleted_items/219. | Missing mandatory field: to_addresses
taylor-m/deleted_items/221. | Missing mandatory field: to_addresses
taylor-m/deleted_items/223. | Missing mandatory field: to_addresses
taylor-m/deleted_items/229. | Missing mandatory field: subject
taylor-m/deleted_items/239. | Missing mandatory field: to_addresses
taylor-m/deleted_items/242. | Missing mandatory field: to_addresses
taylor-m/deleted_items/246. | Missing mandatory field: to_addresses
taylor-m/deleted_items/254. | Missing mandatory field: subject
taylor-m/deleted_items/264. | Missing mandatory field: to_addresses
taylor-m/deleted_items/265. | Missing mandatory field: to_addresses
taylor-m/deleted_items/267. | Missing mandatory field: to_addresses
taylor-m/deleted_items/299. | Missing mandatory field: to_addresses
taylor-m/deleted_items/329. | Missing mandatory field: to_addresses
taylor-m/deleted_items/332. | Missing mandatory field: to_addresses
taylor-m/deleted_items/346. | Missing mandatory field: to_addresses
taylor-m/deleted_items/363. | Missing mandatory field: to_addresses
taylor-m/deleted_items/367. | Missing mandatory field: to_addresses
taylor-m/deleted_items/37. | Missing mandatory field: to_addresses
taylor-m/deleted_items/378. | Missing mandatory field: to_addresses
taylor-m/deleted_items/391. | Missing mandatory field: to_addresses
taylor-m/deleted_items/393. | Missing mandatory field: body
taylor-m/deleted_items/41. | Missing mandatory field: to_addresses
taylor-m/deleted_items/412. | Missing mandatory field: subject
taylor-m/deleted_items/419. | Missing mandatory field: body
taylor-m/deleted_items/420. | Missing mandatory field: to_addresses
taylor-m/deleted_items/450. | Missing mandatory field: to_addresses
taylor-m/deleted_items/458. | Missing mandatory field: to_addresses
taylor-m/deleted_items/518. | Missing mandatory field: body
taylor-m/deleted_items/539. | Missing mandatory field: to_addresses
taylor-m/deleted_items/549. | Missing mandatory field: subject
taylor-m/deleted_items/551. | Missing mandatory field: subject
taylor-m/deleted_items/552. | Missing mandatory field: subject
taylor-m/deleted_items/558. | Missing mandatory field: body
taylor-m/deleted_items/559. | Missing mandatory field: to_addresses
taylor-m/deleted_items/560. | Missing mandatory field: to_addresses
taylor-m/deleted_items/561. | Missing mandatory field: to_addresses
taylor-m/deleted_items/578. | Missing mandatory field: body
taylor-m/deleted_items/58. | Missing mandatory field: to_addresses
taylor-m/deleted_items/595. | Missing mandatory field: subject
taylor-m/deleted_items/620. | Missing mandatory field: body
taylor-m/deleted_items/633. | Missing mandatory field: to_addresses
taylor-m/deleted_items/636. | Missing mandatory field: subject
taylor-m/deleted_items/637. | Missing mandatory field: subject
taylor-m/deleted_items/639. | Missing mandatory field: subject
taylor-m/deleted_items/640. | Missing mandatory field: subject
taylor-m/deleted_items/641. | Missing mandatory field: subject
taylor-m/deleted_items/642. | Missing mandatory field: subject
taylor-m/deleted_items/643. | Missing mandatory field: subject
taylor-m/deleted_items/649. | Missing mandatory field: subject
taylor-m/deleted_items/655. | Missing mandatory field: subject
taylor-m/deleted_items/657. | Missing mandatory field: body
taylor-m/deleted_items/82. | Missing mandatory field: to_addresses
taylor-m/deleted_items/87. | Missing mandatory field: to_addresses
taylor-m/deleted_items/88. | Missing mandatory field: to_addresses
taylor-m/deleted_items/89. | Missing mandatory field: to_addresses
taylor-m/deleted_items/99. | Missing mandatory field: to_addresses
taylor-m/inbox/1. | Missing mandatory field: body
taylor-m/inbox/100. | Missing mandatory field: to_addresses
taylor-m/inbox/11. | Missing mandatory field: to_addresses
taylor-m/inbox/114. | Missing mandatory field: to_addresses
taylor-m/inbox/121. | Missing mandatory field: to_addresses
taylor-m/inbox/122. | Missing mandatory field: body
taylor-m/inbox/142. | Missing mandatory field: to_addresses
taylor-m/inbox/143. | Missing mandatory field: body
taylor-m/inbox/145. | Missing mandatory field: to_addresses
taylor-m/inbox/163. | Missing mandatory field: to_addresses
taylor-m/inbox/183. | Missing mandatory field: to_addresses
taylor-m/inbox/184. | Missing mandatory field: to_addresses
taylor-m/inbox/190. | Missing mandatory field: subject
taylor-m/inbox/191. | Missing mandatory field: body
taylor-m/inbox/198. | Missing mandatory field: to_addresses
taylor-m/inbox/212. | Missing mandatory field: body
taylor-m/inbox/216. | Missing mandatory field: to_addresses
taylor-m/inbox/226. | Missing mandatory field: to_addresses
taylor-m/inbox/23. | Missing mandatory field: body
taylor-m/inbox/232. | Missing mandatory field: to_addresses
taylor-m/inbox/240. | Missing mandatory field: body
taylor-m/inbox/241. | Missing mandatory field: body
taylor-m/inbox/242. | Missing mandatory field: body
taylor-m/inbox/243. | Missing mandatory field: body
taylor-m/inbox/252. | Missing mandatory field: body
taylor-m/inbox/255. | Missing mandatory field: to_addresses
taylor-m/inbox/26. | Missing mandatory field: body
taylor-m/inbox/260. | Missing mandatory field: body
taylor-m/inbox/261. | Missing mandatory field: subject
taylor-m/inbox/269. | Missing mandatory field: subject
taylor-m/inbox/270. | Missing mandatory field: body
taylor-m/inbox/272. | Missing mandatory field: subject
taylor-m/inbox/279. | Missing mandatory field: to_addresses
taylor-m/inbox/291. | Missing mandatory field: subject
taylor-m/inbox/292. | Missing mandatory field: to_addresses
taylor-m/inbox/293. | Missing mandatory field: to_addresses
taylor-m/inbox/302. | Missing mandatory field: subject
taylor-m/inbox/304. | Missing mandatory field: body
taylor-m/inbox/305. | Missing mandatory field: body
taylor-m/inbox/315. | Missing mandatory field: body
taylor-m/inbox/330. | Missing mandatory field: to_addresses
taylor-m/inbox/36. | Missing mandatory field: body
taylor-m/inbox/360. | Missing mandatory field: body
taylor-m/inbox/362. | Missing mandatory field: body
taylor-m/inbox/365. | Missing mandatory field: body
taylor-m/inbox/383. | Missing mandatory field: to_addresses
taylor-m/inbox/42. | Missing mandatory field: body
taylor-m/inbox/69. | Missing mandatory field: to_addresses
taylor-m/inbox/75. | Missing mandatory field: to_addresses
taylor-m/inbox/79. | Missing mandatory field: to_addresses
taylor-m/inbox/86. | Missing mandatory field: subject
taylor-m/inbox/87. | Missing mandatory field: to_addresses
taylor-m/inbox/89. | Missing mandatory field: to_addresses
taylor-m/inbox/analyst_prog/12. | Missing mandatory field: to_addresses
taylor-m/inbox/analyst_prog/14. | Missing mandatory field: body
taylor-m/inbox/analyst_prog/15. | Missing mandatory field: body
taylor-m/inbox/analyst_prog/2. | Missing mandatory field: to_addresses
taylor-m/inbox/analyst_prog/3. | Missing mandatory field: to_addresses
taylor-m/inbox/analyst_prog/8. | Missing mandatory field: body
taylor-m/inbox/cranes/1. | Missing mandatory field: body
taylor-m/inbox/enron_south/2. | Missing mandatory field: to_addresses
taylor-m/inbox/entouch/1. | Missing mandatory field: to_addresses
taylor-m/inbox/entouch/12. | Missing mandatory field: to_addresses
taylor-m/inbox/entouch/13. | Missing mandatory field: to_addresses
taylor-m/inbox/entouch/14. | Missing mandatory field: to_addresses
taylor-m/inbox/entouch/15. | Missing mandatory field: body
taylor-m/inbox/entouch/16. | Missing mandatory field: to_addresses
taylor-m/inbox/entouch/2. | Missing mandatory field: to_addresses
taylor-m/inbox/entouch/4. | Missing mandatory field: to_addresses
taylor-m/inbox/entouch/8. | Missing mandatory field: body
taylor-m/inbox/entouch/9. | Missing mandatory field: body
taylor-m/inbox/esource/3. | Missing mandatory field: to_addresses
taylor-m/inbox/esource/4. | Missing mandatory field: to_addresses
taylor-m/inbox/esource/6. | Missing mandatory field: to_addresses
taylor-m/inbox/lisa_j/40. | Missing mandatory field: body
taylor-m/inbox/marketing/2. | Missing mandatory field: body
taylor-m/inbox/mary_schoen/19. | Missing mandatory field: to_addresses
taylor-m/inbox/methanol_plant/1. | Missing mandatory field: body
taylor-m/inbox/methanol_plant/15. | Missing mandatory field: body
taylor-m/inbox/methanol_plant/16. | Missing mandatory field: body
taylor-m/inbox/methanol_plant/2. | Missing mandatory field: body
taylor-m/inbox/methanol_plant/6. | Missing mandatory field: body
taylor-m/inbox/methanol_plant/8. | Missing mandatory field: body
taylor-m/inbox/nox_model/18. | Missing mandatory field: body
taylor-m/inbox/nox_model/23. | Missing mandatory field: body
taylor-m/inbox/nox_model/4. | Missing mandatory field: body
taylor-m/inbox/nox_model/6. | Missing mandatory field: body
taylor-m/inbox/nox_model/websites/4. | Missing mandatory field: body
taylor-m/inbox/nox_model/websites/7. | Missing mandatory field: body
taylor-m/inbox/noxtech/1. | Missing mandatory field: subject
taylor-m/inbox/noxtech/2. | Missing mandatory field: body
taylor-m/inbox/options/2. | Missing mandatory field: to_addresses
taylor-m/inbox/parking/2. | Missing mandatory field: body
taylor-m/inbox/passwords/11. | Missing mandatory field: to_addresses
taylor-m/inbox/recruiting/3. | Missing mandatory field: body
taylor-m/inbox/so2/1. | Missing mandatory field: subject
taylor-m/inbox/so2/10. | Missing mandatory field: body
taylor-m/inbox/so2/13. | Missing mandatory field: body
taylor-m/inbox/so2/7. | Missing mandatory field: body
taylor-m/inbox/social/115. | Missing mandatory field: subject
taylor-m/inbox/social/14. | Missing mandatory field: body
taylor-m/inbox/social/148. | Missing mandatory field: subject
taylor-m/inbox/social/15. | Missing mandatory field: body
taylor-m/inbox/social/167. | Missing mandatory field: subject
taylor-m/inbox/social/18. | Missing mandatory field: to_addresses
taylor-m/inbox/social/2. | Missing mandatory field: body
taylor-m/inbox/social/21. | Missing mandatory field: body
taylor-m/inbox/social/25. | Missing mandatory field: body
taylor-m/inbox/social/26. | Missing mandatory field: body
taylor-m/inbox/social/28. | Missing mandatory field: subject
taylor-m/inbox/social/30. | Missing mandatory field: subject
taylor-m/inbox/social/32. | Missing mandatory field: subject
taylor-m/inbox/social/34. | Missing mandatory field: subject
taylor-m/inbox/social/37. | Missing mandatory field: body
taylor-m/inbox/social/41. | Missing mandatory field: to_addresses
taylor-m/inbox/social/42. | Missing mandatory field: to_addresses
taylor-m/inbox/social/54. | Missing mandatory field: body
taylor-m/inbox/social/6. | Missing mandatory field: body
taylor-m/inbox/social/68. | Missing mandatory field: body
taylor-m/inbox/social/69. | Missing mandatory field: body
taylor-m/inbox/social/75. | Missing mandatory field: body
taylor-m/inbox/social/79. | Missing mandatory field: subject
taylor-m/inbox/social/80. | Missing mandatory field: subject
taylor-m/inbox/social/83. | Missing mandatory field: subject
taylor-m/inbox/social/9. | Missing mandatory field: body
taylor-m/inbox/social/98. | Missing mandatory field: subject
taylor-m/inbox/social/99. | Missing mandatory field: subject
taylor-m/inbox/tnrcc/17. | Missing mandatory field: subject
taylor-m/inbox/trades/1. | Missing mandatory field: subject
taylor-m/inbox/training/1. | Missing mandatory field: to_addresses
taylor-m/inbox/training/4. | Missing mandatory field: to_addresses
taylor-m/inbox/training/8. | Missing mandatory field: to_addresses
taylor-m/inbox/trevor/1. | Missing mandatory field: subject
taylor-m/inbox/trevor/10. | Missing mandatory field: body
taylor-m/inbox/trevor/12. | Missing mandatory field: body
taylor-m/inbox/trevor/13. | Missing mandatory field: body
taylor-m/inbox/trevor/14. | Missing mandatory field: body
taylor-m/inbox/trevor/15. | Missing mandatory field: body
taylor-m/inbox/trevor/16. | Missing mandatory field: body
taylor-m/inbox/trevor/17. | Missing mandatory field: body
taylor-m/inbox/trevor/18. | Missing mandatory field: body
taylor-m/inbox/trevor/2. | Missing mandatory field: subject
taylor-m/inbox/trevor/23. | Missing mandatory field: body
taylor-m/inbox/trevor/25. | Missing mandatory field: body
taylor-m/inbox/trevor/27. | Missing mandatory field: body
taylor-m/inbox/trevor/3. | Missing mandatory field: body
taylor-m/inbox/trevor/9. | Missing mandatory field: body
taylor-m/monmouth/1. | Missing mandatory field: to_addresses
taylor-m/monmouth/11. | Missing mandatory field: to_addresses
taylor-m/monmouth/12. | Missing mandatory field: to_addresses
taylor-m/monmouth/14. | Missing mandatory field: to_addresses
taylor-m/monmouth/2. | Missing mandatory field: to_addresses
taylor-m/monmouth/8. | Missing mandatory field: to_addresses
taylor-m/monmouth/9. | Missing mandatory field: to_addresses
taylor-m/notes_inbox/1004. | Missing mandatory field: subject
taylor-m/notes_inbox/1020. | Missing mandatory field: to_addresses
taylor-m/notes_inbox/1026. | Missing mandatory field: body
taylor-m/notes_inbox/1035. | Missing mandatory field: body
taylor-m/notes_inbox/1042. | Missing mandatory field: to_addresses
taylor-m/notes_inbox/1051. | Missing mandatory field: subject
taylor-m/notes_inbox/1064. | Missing mandatory field: body
taylor-m/notes_inbox/1081. | Missing mandatory field: to_addresses
taylor-m/notes_inbox/1107. | Missing mandatory field: to_addresses
taylor-m/notes_inbox/1144. | Missing mandatory field: to_addresses
taylor-m/notes_inbox/1176. | Missing mandatory field: body
taylor-m/notes_inbox/1189. | Missing mandatory field: to_addresses
taylor-m/notes_inbox/1201. | Missing mandatory field: to_addresses
taylor-m/notes_inbox/1212. | Missing mandatory field: subject
taylor-m/notes_inbox/1214. | Missing mandatory field: body
taylor-m/notes_inbox/1222. | Missing mandatory field: body
taylor-m/notes_inbox/1229. | Missing mandatory field: subject
taylor-m/notes_inbox/1233. | Missing mandatory field: to_addresses
taylor-m/notes_inbox/1235. | Missing mandatory field: to_addresses
taylor-m/notes_inbox/1290. | Missing mandatory field: body
taylor-m/notes_inbox/1291. | Missing mandatory field: body
taylor-m/notes_inbox/1331. | Missing mandatory field: subject
taylor-m/notes_inbox/1332. | Missing mandatory field: body
taylor-m/notes_inbox/1369. | Missing mandatory field: to_addresses
taylor-m/notes_inbox/140. | Missing mandatory field: body
taylor-m/notes_inbox/1401. | Missing mandatory field: to_addresses
taylor-m/notes_inbox/1406. | Missing mandatory field: subject
taylor-m/notes_inbox/1408. | Missing mandatory field: subject
taylor-m/notes_inbox/141. | Missing mandatory field: body
taylor-m/notes_inbox/1439. | Missing mandatory field: subject
taylor-m/notes_inbox/1447. | Missing mandatory field: body
taylor-m/notes_inbox/1455. | Missing mandatory field: to_addresses
taylor-m/notes_inbox/1466. | Missing mandatory field: subject
taylor-m/notes_inbox/1473. | Missing mandatory field: subject
taylor-m/notes_inbox/1476. | Missing mandatory field: to_addresses
taylor-m/notes_inbox/1496. | Missing mandatory field: subject
taylor-m/notes_inbox/1506. | Missing mandatory field: subject
taylor-m/notes_inbox/1507. | Missing mandatory field: subject
taylor-m/notes_inbox/1509. | Missing mandatory field: body
taylor-m/notes_inbox/151. | Missing mandatory field: to_addresses
taylor-m/notes_inbox/1515. | Missing mandatory field: to_addresses
taylor-m/notes_inbox/154. | Missing mandatory field: subject
taylor-m/notes_inbox/1540. | Missing mandatory field: to_addresses
taylor-m/notes_inbox/1555. | Missing mandatory field: subject
taylor-m/notes_inbox/1564. | Missing mandatory field: subject
taylor-m/notes_inbox/158. | Missing mandatory field: to_addresses
taylor-m/notes_inbox/1586. | Missing mandatory field: body
taylor-m/notes_inbox/1595. | Missing mandatory field: body
taylor-m/notes_inbox/1596. | Missing mandatory field: subject
taylor-m/notes_inbox/1603. | Missing mandatory field: body
taylor-m/notes_inbox/1649. | Missing mandatory field: to_addresses
taylor-m/notes_inbox/1651. | Missing mandatory field: subject
taylor-m/notes_inbox/1666. | Missing mandatory field: to_addresses
taylor-m/notes_inbox/170. | Missing mandatory field: body
taylor-m/notes_inbox/1711. | Missing mandatory field: body
taylor-m/notes_inbox/1748. | Missing mandatory field: to_addresses
taylor-m/notes_inbox/1761. | Missing mandatory field: body
taylor-m/notes_inbox/1777. | Missing mandatory field: body
taylor-m/notes_inbox/1782. | Missing mandatory field: to_addresses
taylor-m/notes_inbox/1783. | Missing mandatory field: to_addresses
taylor-m/notes_inbox/182. | Missing mandatory field: body
taylor-m/notes_inbox/1836. | Missing mandatory field: body
taylor-m/notes_inbox/1845. | Missing mandatory field: subject
taylor-m/notes_inbox/1862. | Missing mandatory field: subject
taylor-m/notes_inbox/1903. | Missing mandatory field: subject
taylor-m/notes_inbox/1962. | Missing mandatory field: subject
taylor-m/notes_inbox/1975. | Missing mandatory field: subject
taylor-m/notes_inbox/1987. | Missing mandatory field: to_addresses
taylor-m/notes_inbox/1989. | Missing mandatory field: to_addresses
taylor-m/notes_inbox/2001. | Missing mandatory field: body
taylor-m/notes_inbox/205. | Missing mandatory field: subject
taylor-m/notes_inbox/2056. | Missing mandatory field: to_addresses
taylor-m/notes_inbox/2073. | Missing mandatory field: to_addresses
taylor-m/notes_inbox/2074. | Missing mandatory field: to_addresses
taylor-m/notes_inbox/2076. | Missing mandatory field: body
taylor-m/notes_inbox/2077. | Missing mandatory field: body
taylor-m/notes_inbox/2078. | Missing mandatory field: body
taylor-m/notes_inbox/2079. | Missing mandatory field: to_addresses
taylor-m/notes_inbox/2088. | Missing mandatory field: body
taylor-m/notes_inbox/2095. | Missing mandatory field: to_addresses
taylor-m/notes_inbox/2096. | Missing mandatory field: to_addresses
taylor-m/notes_inbox/210. | Missing mandatory field: subject
taylor-m/notes_inbox/2117. | Missing mandatory field: body
taylor-m/notes_inbox/2122. | Missing mandatory field: body
taylor-m/notes_inbox/2135. | Missing mandatory field: body
taylor-m/notes_inbox/2136. | Missing mandatory field: to_addresses
taylor-m/notes_inbox/2140. | Missing mandatory field: to_addresses
taylor-m/notes_inbox/2141. | Missing mandatory field: subject
taylor-m/notes_inbox/2148. | Missing mandatory field: to_addresses
taylor-m/notes_inbox/2151. | Missing mandatory field: to_addresses
taylor-m/notes_inbox/2152. | Missing mandatory field: to_addresses
taylor-m/notes_inbox/2154. | Missing mandatory field: to_addresses
taylor-m/notes_inbox/2172. | Missing mandatory field: body
taylor-m/notes_inbox/2174. | Missing mandatory field: subject
taylor-m/notes_inbox/2215. | Missing mandatory field: body
taylor-m/notes_inbox/222. | Missing mandatory field: to_addresses
taylor-m/notes_inbox/2225. | Missing mandatory field: body
taylor-m/notes_inbox/2231. | Missing mandatory field: to_addresses
taylor-m/notes_inbox/2249. | Missing mandatory field: body
taylor-m/notes_inbox/2251. | Missing mandatory field: subject
taylor-m/notes_inbox/2270. | Missing mandatory field: to_addresses
taylor-m/notes_inbox/228. | Missing mandatory field: to_addresses
taylor-m/notes_inbox/23. | Missing mandatory field: to_addresses
taylor-m/notes_inbox/2324. | Missing mandatory field: to_addresses
taylor-m/notes_inbox/2326. | Missing mandatory field: subject
taylor-m/notes_inbox/2343. | Missing mandatory field: to_addresses
taylor-m/notes_inbox/2347. | Missing mandatory field: body
taylor-m/notes_inbox/2349. | Missing mandatory field: subject
taylor-m/notes_inbox/2386. | Missing mandatory field: body
taylor-m/notes_inbox/2387. | Missing mandatory field: to_addresses
taylor-m/notes_inbox/2405. | Missing mandatory field: subject
taylor-m/notes_inbox/2424. | Missing mandatory field: to_addresses
taylor-m/notes_inbox/2425. | Missing mandatory field: to_addresses
taylor-m/notes_inbox/245. | Missing mandatory field: body
taylor-m/notes_inbox/2467. | Missing mandatory field: to_addresses
taylor-m/notes_inbox/2496. | Missing mandatory field: body
taylor-m/notes_inbox/2502. | Missing mandatory field: subject
taylor-m/notes_inbox/2511. | Missing mandatory field: to_addresses
taylor-m/notes_inbox/2584. | Missing mandatory field: subject
taylor-m/notes_inbox/2639. | Missing mandatory field: body
taylor-m/notes_inbox/266. | Missing mandatory field: body
taylor-m/notes_inbox/2674. | Missing mandatory field: subject
taylor-m/notes_inbox/2692. | Missing mandatory field: body
taylor-m/notes_inbox/2706. | Missing mandatory field: subject
taylor-m/notes_inbox/271. | Missing mandatory field: to_addresses
taylor-m/notes_inbox/2712. | Missing mandatory field: body
taylor-m/notes_inbox/2722. | Missing mandatory field: body
taylor-m/notes_inbox/2726. | Missing mandatory field: to_addresses
taylor-m/notes_inbox/2736. | Missing mandatory field: subject
taylor-m/notes_inbox/2745. | Missing mandatory field: subject
taylor-m/notes_inbox/2753. | Missing mandatory field: body
taylor-m/notes_inbox/2754. | Missing mandatory field: body
taylor-m/notes_inbox/280. | Missing mandatory field: body
taylor-m/notes_inbox/295. | Missing mandatory field: to_addresses
taylor-m/notes_inbox/298. | Missing mandatory field: subject
taylor-m/notes_inbox/307. | Missing mandatory field: to_addresses
taylor-m/notes_inbox/3130. | Missing mandatory field: to_addresses
taylor-m/notes_inbox/3132. | Missing mandatory field: to_addresses
taylor-m/notes_inbox/3134. | Missing mandatory field: body
taylor-m/notes_inbox/320. | Missing mandatory field: body
taylor-m/notes_inbox/321. | Missing mandatory field: body
taylor-m/notes_inbox/322. | Missing mandatory field: body
taylor-m/notes_inbox/327. | Missing mandatory field: to_addresses
taylor-m/notes_inbox/332. | Missing mandatory field: to_addresses
taylor-m/notes_inbox/337. | Missing mandatory field: to_addresses
taylor-m/notes_inbox/348. | Missing mandatory field: to_addresses
taylor-m/notes_inbox/368. | Missing mandatory field: body
taylor-m/notes_inbox/373. | Missing mandatory field: to_addresses
taylor-m/notes_inbox/399. | Missing mandatory field: body
taylor-m/notes_inbox/422. | Missing mandatory field: to_addresses
taylor-m/notes_inbox/423. | Missing mandatory field: to_addresses
taylor-m/notes_inbox/424. | Missing mandatory field: to_addresses
taylor-m/notes_inbox/430. | Missing mandatory field: to_addresses
taylor-m/notes_inbox/449. | Missing mandatory field: to_addresses
taylor-m/notes_inbox/450. | Missing mandatory field: to_addresses
taylor-m/notes_inbox/451. | Missing mandatory field: to_addresses
taylor-m/notes_inbox/454. | Missing mandatory field: body
taylor-m/notes_inbox/457. | Missing mandatory field: to_addresses
taylor-m/notes_inbox/500. | Missing mandatory field: to_addresses
taylor-m/notes_inbox/505. | Missing mandatory field: body
taylor-m/notes_inbox/508. | Missing mandatory field: to_addresses
taylor-m/notes_inbox/516. | Missing mandatory field: body
taylor-m/notes_inbox/524. | Missing mandatory field: subject
taylor-m/notes_inbox/533. | Missing mandatory field: to_addresses
taylor-m/notes_inbox/551. | Missing mandatory field: body
taylor-m/notes_inbox/557. | Missing mandatory field: body
taylor-m/notes_inbox/60. | Missing mandatory field: to_addresses
taylor-m/notes_inbox/613. | Missing mandatory field: to_addresses
taylor-m/notes_inbox/62. | Missing mandatory field: to_addresses
taylor-m/notes_inbox/620. | Missing mandatory field: to_addresses
taylor-m/notes_inbox/630. | Missing mandatory field: to_addresses
taylor-m/notes_inbox/635. | Missing mandatory field: to_addresses
taylor-m/notes_inbox/641. | Missing mandatory field: to_addresses
taylor-m/notes_inbox/669. | Missing mandatory field: subject
taylor-m/notes_inbox/673. | Missing mandatory field: to_addresses
taylor-m/notes_inbox/698. | Missing mandatory field: body
taylor-m/notes_inbox/703. | Missing mandatory field: to_addresses
taylor-m/notes_inbox/711. | Missing mandatory field: subject
taylor-m/notes_inbox/721. | Missing mandatory field: subject
taylor-m/notes_inbox/722. | Missing mandatory field: body
taylor-m/notes_inbox/724. | Missing mandatory field: to_addresses
taylor-m/notes_inbox/73. | Missing mandatory field: to_addresses
taylor-m/notes_inbox/734. | Missing mandatory field: to_addresses
taylor-m/notes_inbox/735. | Missing mandatory field: to_addresses
taylor-m/notes_inbox/749. | Missing mandatory field: to_addresses
taylor-m/notes_inbox/750. | Missing mandatory field: to_addresses
taylor-m/notes_inbox/757. | Missing mandatory field: to_addresses
taylor-m/notes_inbox/768. | Missing mandatory field: to_addresses
taylor-m/notes_inbox/781. | Missing mandatory field: to_addresses
taylor-m/notes_inbox/799. | Missing mandatory field: to_addresses
taylor-m/notes_inbox/800. | Missing mandatory field: to_addresses
taylor-m/notes_inbox/811. | Missing mandatory field: to_addresses
taylor-m/notes_inbox/812. | Missing mandatory field: to_addresses
taylor-m/notes_inbox/825. | Missing mandatory field: body
taylor-m/notes_inbox/837. | Missing mandatory field: to_addresses
taylor-m/notes_inbox/845. | Missing mandatory field: to_addresses
taylor-m/notes_inbox/846. | Missing mandatory field: to_addresses
taylor-m/notes_inbox/847. | Missing mandatory field: to_addresses
taylor-m/notes_inbox/850. | Missing mandatory field: to_addresses
taylor-m/notes_inbox/854. | Missing mandatory field: body
taylor-m/notes_inbox/876. | Missing mandatory field: to_addresses
taylor-m/notes_inbox/877. | Missing mandatory field: to_addresses
taylor-m/notes_inbox/896. | Missing mandatory field: body
taylor-m/notes_inbox/908. | Missing mandatory field: body
taylor-m/notes_inbox/91. | Missing mandatory field: subject
taylor-m/notes_inbox/921. | Missing mandatory field: to_addresses
taylor-m/notes_inbox/922. | Missing mandatory field: to_addresses
taylor-m/notes_inbox/926. | Missing mandatory field: body
taylor-m/notes_inbox/945. | Missing mandatory field: to_addresses
taylor-m/notes_inbox/965. | Missing mandatory field: to_addresses
taylor-m/notes_inbox/969. | Missing mandatory field: body
taylor-m/notes_inbox/998. | Missing mandatory field: subject
taylor-m/online_trading/104. | Missing mandatory field: body
taylor-m/online_trading/158. | Missing mandatory field: to_addresses
taylor-m/online_trading/159. | Missing mandatory field: body
taylor-m/online_trading/181. | Missing mandatory field: subject
taylor-m/online_trading/187. | Missing mandatory field: body
taylor-m/online_trading/33. | Missing mandatory field: body
taylor-m/online_trading/380. | Missing mandatory field: to_addresses
taylor-m/online_trading/384. | Missing mandatory field: to_addresses
taylor-m/online_trading/388. | Missing mandatory field: to_addresses
taylor-m/online_trading/42. | Missing mandatory field: subject
taylor-m/online_trading/43. | Missing mandatory field: body
taylor-m/online_trading/45. | Missing mandatory field: body
taylor-m/online_trading/84. | Missing mandatory field: subject
taylor-m/online_trading/90. | Missing mandatory field: body
taylor-m/online_trading/91. | Missing mandatory field: body
taylor-m/online_trading/content/11. | Missing mandatory field: body
taylor-m/online_trading/content/3. | Missing mandatory field: body
taylor-m/online_trading/content/6. | Missing mandatory field: body
taylor-m/online_trading/content/7. | Missing mandatory field: body
taylor-m/online_trading/credit_derivatives/2. | Missing mandatory field: to_addresses
taylor-m/oslo/6. | Missing mandatory field: subject
taylor-m/restricted_list/2. | Missing mandatory field: subject
taylor-m/s_a__trading/1. | Missing mandatory field: to_addresses
taylor-m/s_a__trading/10. | Missing mandatory field: to_addresses
taylor-m/s_a__trading/11. | Missing mandatory field: to_addresses
taylor-m/s_a__trading/14. | Missing mandatory field: to_addresses
taylor-m/s_a__trading/19. | Missing mandatory field: to_addresses
taylor-m/s_a__trading/2. | Missing mandatory field: to_addresses
taylor-m/s_a__trading/3. | Missing mandatory field: to_addresses
taylor-m/s_a__trading/5. | Missing mandatory field: to_addresses
taylor-m/s_a__trading/6. | Missing mandatory field: to_addresses
taylor-m/sent/1005. | Missing mandatory field: body
taylor-m/sent/1006. | Missing mandatory field: body
taylor-m/sent/1008. | Missing mandatory field: body
taylor-m/sent/1019. | Missing mandatory field: body
taylor-m/sent/1020. | Missing mandatory field: body
taylor-m/sent/1021. | Missing mandatory field: body
taylor-m/sent/1043. | Missing mandatory field: body
taylor-m/sent/105. | Missing mandatory field: body
taylor-m/sent/1059. | Missing mandatory field: body
taylor-m/sent/106. | Missing mandatory field: body
taylor-m/sent/1060. | Missing mandatory field: body
taylor-m/sent/1064. | Missing mandatory field: body
taylor-m/sent/1065. | Missing mandatory field: body
taylor-m/sent/1066. | Missing mandatory field: body
taylor-m/sent/1069. | Missing mandatory field: body
taylor-m/sent/1076. | Missing mandatory field: body
taylor-m/sent/1089. | Missing mandatory field: body
taylor-m/sent/110. | Missing mandatory field: to_addresses
taylor-m/sent/1100. | Missing mandatory field: body
taylor-m/sent/1101. | Missing mandatory field: body
taylor-m/sent/1102. | Missing mandatory field: body
taylor-m/sent/1103. | Missing mandatory field: body
taylor-m/sent/1104. | Missing mandatory field: body
taylor-m/sent/1105. | Missing mandatory field: body
taylor-m/sent/1106. | Missing mandatory field: body
taylor-m/sent/1107. | Missing mandatory field: body
taylor-m/sent/1108. | Missing mandatory field: body
taylor-m/sent/1109. | Missing mandatory field: body
taylor-m/sent/111. | Missing mandatory field: body
taylor-m/sent/1110. | Missing mandatory field: body
taylor-m/sent/1111. | Missing mandatory field: body
taylor-m/sent/1127. | Missing mandatory field: body
taylor-m/sent/1129. | Missing mandatory field: body
taylor-m/sent/1131. | Missing mandatory field: body
taylor-m/sent/1132. | Missing mandatory field: body
taylor-m/sent/1133. | Missing mandatory field: body
taylor-m/sent/1136. | Missing mandatory field: body
taylor-m/sent/116. | Missing mandatory field: body
taylor-m/sent/1161. | Missing mandatory field: body
taylor-m/sent/1167. | Missing mandatory field: body
taylor-m/sent/117. | Missing mandatory field: body
taylor-m/sent/1171. | Missing mandatory field: body
taylor-m/sent/1173. | Missing mandatory field: body
taylor-m/sent/1191. | Missing mandatory field: body
taylor-m/sent/1199. | Missing mandatory field: body
taylor-m/sent/120. | Missing mandatory field: body
taylor-m/sent/1206. | Missing mandatory field: body
taylor-m/sent/1219. | Missing mandatory field: subject
taylor-m/sent/122. | Missing mandatory field: body
taylor-m/sent/1220. | Missing mandatory field: body
taylor-m/sent/1227. | Missing mandatory field: body
taylor-m/sent/1229. | Missing mandatory field: body
taylor-m/sent/123. | Missing mandatory field: body
taylor-m/sent/1232. | Missing mandatory field: subject
taylor-m/sent/1233. | Missing mandatory field: body
taylor-m/sent/1234. | Missing mandatory field: body
taylor-m/sent/124. | Missing mandatory field: body
taylor-m/sent/125. | Missing mandatory field: body
taylor-m/sent/1250. | Missing mandatory field: body
taylor-m/sent/1254. | Missing mandatory field: body
taylor-m/sent/1257. | Missing mandatory field: body
taylor-m/sent/1258. | Missing mandatory field: body
taylor-m/sent/126. | Missing mandatory field: body
taylor-m/sent/1273. | Missing mandatory field: body
taylor-m/sent/1280. | Missing mandatory field: body
taylor-m/sent/1284. | Missing mandatory field: body
taylor-m/sent/1286. | Missing mandatory field: body
taylor-m/sent/1287. | Missing mandatory field: body
taylor-m/sent/1288. | Missing mandatory field: body
taylor-m/sent/1289. | Missing mandatory field: body
taylor-m/sent/129. | Missing mandatory field: body
taylor-m/sent/1290. | Missing mandatory field: body
taylor-m/sent/1291. | Missing mandatory field: body
taylor-m/sent/1292. | Missing mandatory field: subject
taylor-m/sent/1294. | Missing mandatory field: subject
taylor-m/sent/1295. | Missing mandatory field: subject
taylor-m/sent/1296. | Missing mandatory field: subject
taylor-m/sent/1297. | Missing mandatory field: subject
taylor-m/sent/130. | Missing mandatory field: body
taylor-m/sent/1300. | Missing mandatory field: body
taylor-m/sent/1302. | Missing mandatory field: body
taylor-m/sent/1314. | Missing mandatory field: body
taylor-m/sent/1318. | Missing mandatory field: body
taylor-m/sent/1324. | Missing mandatory field: body
taylor-m/sent/1327. | Missing mandatory field: body
taylor-m/sent/1333. | Missing mandatory field: body
taylor-m/sent/135. | Missing mandatory field: body
taylor-m/sent/136. | Missing mandatory field: body
taylor-m/sent/1366. | Missing mandatory field: body
taylor-m/sent/137. | Missing mandatory field: body
taylor-m/sent/1371. | Missing mandatory field: body
taylor-m/sent/1384. | Missing mandatory field: body
taylor-m/sent/1387. | Missing mandatory field: body
taylor-m/sent/1390. | Missing mandatory field: body
taylor-m/sent/1399. | Missing mandatory field: body
taylor-m/sent/14. | Missing mandatory field: body
taylor-m/sent/1406. | Missing mandatory field: body
taylor-m/sent/1425. | Missing mandatory field: subject
taylor-m/sent/1446. | Missing mandatory field: body
taylor-m/sent/145. | Missing mandatory field: body
taylor-m/sent/1454. | Missing mandatory field: body
taylor-m/sent/146. | Missing mandatory field: body
taylor-m/sent/1462. | Missing mandatory field: body
taylor-m/sent/1463. | Missing mandatory field: body
taylor-m/sent/1464. | Missing mandatory field: body
taylor-m/sent/1465. | Missing mandatory field: body
taylor-m/sent/1468. | Missing mandatory field: body
taylor-m/sent/1469. | Missing mandatory field: body
taylor-m/sent/1485. | Missing mandatory field: subject
taylor-m/sent/1487. | Missing mandatory field: to_addresses
taylor-m/sent/1489. | Missing mandatory field: body
taylor-m/sent/1522. | Missing mandatory field: body
taylor-m/sent/1523. | Missing mandatory field: body
taylor-m/sent/1524. | Missing mandatory field: body
taylor-m/sent/1526. | Missing mandatory field: body
taylor-m/sent/1530. | Missing mandatory field: body
taylor-m/sent/1532. | Missing mandatory field: to_addresses
taylor-m/sent/1534. | Missing mandatory field: body
taylor-m/sent/1538. | Missing mandatory field: body
taylor-m/sent/17. | Missing mandatory field: body
taylor-m/sent/170. | Missing mandatory field: subject
taylor-m/sent/172. | Missing mandatory field: body
taylor-m/sent/175. | Missing mandatory field: body
taylor-m/sent/19. | Missing mandatory field: to_addresses
taylor-m/sent/190. | Missing mandatory field: to_addresses
taylor-m/sent/191. | Missing mandatory field: subject
taylor-m/sent/201. | Missing mandatory field: body
taylor-m/sent/205. | Missing mandatory field: body
taylor-m/sent/207. | Missing mandatory field: body
taylor-m/sent/210. | Missing mandatory field: to_addresses
taylor-m/sent/231. | Missing mandatory field: body
taylor-m/sent/234. | Missing mandatory field: subject
taylor-m/sent/237. | Missing mandatory field: body
taylor-m/sent/252. | Missing mandatory field: body
taylor-m/sent/281. | Missing mandatory field: body
taylor-m/sent/305. | Missing mandatory field: body
taylor-m/sent/306. | Missing mandatory field: to_addresses
taylor-m/sent/307. | Missing mandatory field: to_addresses
taylor-m/sent/3099. | Missing mandatory field: body
taylor-m/sent/3107. | Missing mandatory field: body
taylor-m/sent/311. | Missing mandatory field: body
taylor-m/sent/3120. | Missing mandatory field: body
taylor-m/sent/3121. | Missing mandatory field: body
taylor-m/sent/3123. | Missing mandatory field: body
taylor-m/sent/3125. | Missing mandatory field: body
taylor-m/sent/3131. | Missing mandatory field: subject
taylor-m/sent/3137. | Missing mandatory field: subject
taylor-m/sent/3143. | Missing mandatory field: subject
taylor-m/sent/3145. | Missing mandatory field: body
taylor-m/sent/3146. | Missing mandatory field: body
taylor-m/sent/3156. | Missing mandatory field: body
taylor-m/sent/3159. | Missing mandatory field: body
taylor-m/sent/3163. | Missing mandatory field: body
taylor-m/sent/3173. | Missing mandatory field: body
taylor-m/sent/3179. | Missing mandatory field: body
taylor-m/sent/3180. | Missing mandatory field: body
taylor-m/sent/3183. | Missing mandatory field: body
taylor-m/sent/3185. | Missing mandatory field: body
taylor-m/sent/3190. | Missing mandatory field: body
taylor-m/sent/3193. | Missing mandatory field: body
taylor-m/sent/3194. | Missing mandatory field: body
taylor-m/sent/3195. | Missing mandatory field: subject
taylor-m/sent/3198. | Missing mandatory field: body
taylor-m/sent/3200. | Missing mandatory field: body
taylor-m/sent/3201. | Missing mandatory field: body
taylor-m/sent/3203. | Missing mandatory field: body
taylor-m/sent/3218. | Missing mandatory field: body
taylor-m/sent/3220. | Missing mandatory field: body
taylor-m/sent/3222. | Missing mandatory field: body
taylor-m/sent/3226. | Missing mandatory field: body
taylor-m/sent/3228. | Missing mandatory field: subject
taylor-m/sent/3229. | Missing mandatory field: body
taylor-m/sent/3231. | Missing mandatory field: body
taylor-m/sent/3237. | Missing mandatory field: body
taylor-m/sent/3239. | Missing mandatory field: body
taylor-m/sent/3243. | Missing mandatory field: body
taylor-m/sent/3246. | Missing mandatory field: body
taylor-m/sent/3249. | Missing mandatory field: body
taylor-m/sent/3250. | Missing mandatory field: body
taylor-m/sent/3255. | Missing mandatory field: body
taylor-m/sent/3258. | Missing mandatory field: body
taylor-m/sent/3261. | Missing mandatory field: body
taylor-m/sent/3276. | Missing mandatory field: body
taylor-m/sent/3287. | Missing mandatory field: body
taylor-m/sent/3289. | Missing mandatory field: body
taylor-m/sent/3290. | Missing mandatory field: body
taylor-m/sent/3291. | Missing mandatory field: body
taylor-m/sent/3300. | Missing mandatory field: body
taylor-m/sent/3307. | Missing mandatory field: body
taylor-m/sent/3308. | Missing mandatory field: body
taylor-m/sent/3318. | Missing mandatory field: body
taylor-m/sent/3330. | Missing mandatory field: body
taylor-m/sent/3354. | Missing mandatory field: body
taylor-m/sent/3357. | Missing mandatory field: body
taylor-m/sent/3361. | Missing mandatory field: body
taylor-m/sent/337. | Missing mandatory field: body
taylor-m/sent/3379. | Missing mandatory field: body
taylor-m/sent/3380. | Missing mandatory field: body
taylor-m/sent/3381. | Missing mandatory field: body
taylor-m/sent/3382. | Missing mandatory field: body
taylor-m/sent/3385. | Missing mandatory field: body
taylor-m/sent/3388. | Missing mandatory field: subject
taylor-m/sent/3392. | Missing mandatory field: to_addresses
taylor-m/sent/3395. | Missing mandatory field: body
taylor-m/sent/3401. | Missing mandatory field: body
taylor-m/sent/3403. | Missing mandatory field: subject
taylor-m/sent/3405. | Missing mandatory field: body
taylor-m/sent/3407. | Missing mandatory field: body
taylor-m/sent/3414. | Missing mandatory field: body
taylor-m/sent/3415. | Missing mandatory field: body
taylor-m/sent/3416. | Missing mandatory field: body
taylor-m/sent/3423. | Missing mandatory field: body
taylor-m/sent/3425. | Missing mandatory field: body
taylor-m/sent/349. | Missing mandatory field: body
taylor-m/sent/360. | Missing mandatory field: body
taylor-m/sent/362. | Missing mandatory field: body
taylor-m/sent/367. | Missing mandatory field: body
taylor-m/sent/371. | Missing mandatory field: body
taylor-m/sent/374. | Missing mandatory field: body
taylor-m/sent/383. | Missing mandatory field: body
taylor-m/sent/388. | Missing mandatory field: body
taylor-m/sent/391. | Missing mandatory field: body
taylor-m/sent/403. | Missing mandatory field: body
taylor-m/sent/407. | Missing mandatory field: body
taylor-m/sent/408. | Missing mandatory field: body
taylor-m/sent/409. | Missing mandatory field: body
taylor-m/sent/416. | Missing mandatory field: body
taylor-m/sent/424. | Missing mandatory field: body
taylor-m/sent/425. | Missing mandatory field: body
taylor-m/sent/426. | Missing mandatory field: body
taylor-m/sent/427. | Missing mandatory field: body
taylor-m/sent/428. | Missing mandatory field: body
taylor-m/sent/438. | Missing mandatory field: body
taylor-m/sent/455. | Missing mandatory field: body
taylor-m/sent/456. | Missing mandatory field: body
taylor-m/sent/460. | Missing mandatory field: body
taylor-m/sent/461. | Missing mandatory field: body
taylor-m/sent/462. | Missing mandatory field: body
taylor-m/sent/463. | Missing mandatory field: body
taylor-m/sent/468. | Missing mandatory field: body
taylor-m/sent/479. | Missing mandatory field: body
taylor-m/sent/485. | Missing mandatory field: body
taylor-m/sent/488. | Missing mandatory field: body
taylor-m/sent/492. | Missing mandatory field: body
taylor-m/sent/493. | Missing mandatory field: body
taylor-m/sent/495. | Missing mandatory field: body
taylor-m/sent/496. | Missing mandatory field: body
taylor-m/sent/5. | Missing mandatory field: body
taylor-m/sent/509. | Missing mandatory field: body
taylor-m/sent/513. | Missing mandatory field: body
taylor-m/sent/515. | Missing mandatory field: body
taylor-m/sent/524. | Missing mandatory field: body
taylor-m/sent/525. | Missing mandatory field: body
taylor-m/sent/527. | Missing mandatory field: body
taylor-m/sent/53. | Missing mandatory field: body
taylor-m/sent/534. | Missing mandatory field: body
taylor-m/sent/545. | Missing mandatory field: body
taylor-m/sent/546. | Missing mandatory field: to_addresses
taylor-m/sent/550. | Missing mandatory field: subject
taylor-m/sent/555. | Missing mandatory field: to_addresses
taylor-m/sent/56. | Missing mandatory field: body
taylor-m/sent/562. | Missing mandatory field: to_addresses
taylor-m/sent/565. | Missing mandatory field: body
taylor-m/sent/574. | Missing mandatory field: body
taylor-m/sent/581. | Missing mandatory field: body
taylor-m/sent/583. | Missing mandatory field: to_addresses
taylor-m/sent/588. | Missing mandatory field: subject
taylor-m/sent/591. | Missing mandatory field: to_addresses
taylor-m/sent/592. | Missing mandatory field: body
taylor-m/sent/593. | Missing mandatory field: body
taylor-m/sent/594. | Missing mandatory field: body
taylor-m/sent/610. | Missing mandatory field: body
taylor-m/sent/626. | Missing mandatory field: body
taylor-m/sent/641. | Missing mandatory field: body
taylor-m/sent/661. | Missing mandatory field: body
taylor-m/sent/662. | Missing mandatory field: body
taylor-m/sent/667. | Missing mandatory field: subject
taylor-m/sent/675. | Missing mandatory field: body
taylor-m/sent/68. | Missing mandatory field: body
taylor-m/sent/683. | Missing mandatory field: body
taylor-m/sent/69. | Missing mandatory field: body
taylor-m/sent/698. | Missing mandatory field: body
taylor-m/sent/700. | Missing mandatory field: body
taylor-m/sent/702. | Missing mandatory field: body
taylor-m/sent/708. | Missing mandatory field: body
taylor-m/sent/709. | Missing mandatory field: body
taylor-m/sent/712. | Missing mandatory field: to_addresses
taylor-m/sent/72. | Missing mandatory field: body
taylor-m/sent/720. | Missing mandatory field: body
taylor-m/sent/721. | Missing mandatory field: body
taylor-m/sent/73. | Missing mandatory field: body
taylor-m/sent/732. | Missing mandatory field: body
taylor-m/sent/733. | Missing mandatory field: body
taylor-m/sent/738. | Missing mandatory field: body
taylor-m/sent/742. | Missing mandatory field: body
taylor-m/sent/745. | Missing mandatory field: body
taylor-m/sent/747. | Missing mandatory field: body
taylor-m/sent/754. | Missing mandatory field: body
taylor-m/sent/758. | Missing mandatory field: body
taylor-m/sent/764. | Missing mandatory field: body
taylor-m/sent/766. | Missing mandatory field: body
taylor-m/sent/775. | Missing mandatory field: body
taylor-m/sent/78. | Missing mandatory field: body
taylor-m/sent/8. | Missing mandatory field: to_addresses
taylor-m/sent/808. | Missing mandatory field: body
taylor-m/sent/809. | Missing mandatory field: body
taylor-m/sent/810. | Missing mandatory field: body
taylor-m/sent/812. | Missing mandatory field: body
taylor-m/sent/842. | Missing mandatory field: body
taylor-m/sent/848. | Missing mandatory field: body
taylor-m/sent/856. | Missing mandatory field: body
taylor-m/sent/858. | Missing mandatory field: body
taylor-m/sent/866. | Missing mandatory field: body
taylor-m/sent/867. | Missing mandatory field: body
taylor-m/sent/872. | Missing mandatory field: body
taylor-m/sent/877. | Missing mandatory field: body
taylor-m/sent/89. | Missing mandatory field: body
taylor-m/sent/90. | Missing mandatory field: body
taylor-m/sent/92. | Missing mandatory field: to_addresses
taylor-m/sent/938. | Missing mandatory field: body
taylor-m/sent/954. | Missing mandatory field: to_addresses
taylor-m/sent/975. | Missing mandatory field: body
taylor-m/sent/98. | Missing mandatory field: body
taylor-m/sent/988. | Missing mandatory field: body
taylor-m/sent/99. | Missing mandatory field: body
taylor-m/sent/992. | Missing mandatory field: body
taylor-m/sent/994. | Missing mandatory field: body
taylor-m/sent_items/10. | Missing mandatory field: body
taylor-m/sent_items/107. | Missing mandatory field: body
taylor-m/sent_items/111. | Missing mandatory field: body
taylor-m/sent_items/118. | Missing mandatory field: body
taylor-m/sent_items/125. | Missing mandatory field: body
taylor-m/sent_items/132. | Missing mandatory field: body
taylor-m/sent_items/143. | Missing mandatory field: subject
taylor-m/sent_items/144. | Missing mandatory field: body
taylor-m/sent_items/171. | Missing mandatory field: subject
taylor-m/sent_items/178. | Missing mandatory field: body
taylor-m/sent_items/180. | Missing mandatory field: subject
taylor-m/sent_items/181. | Missing mandatory field: body
taylor-m/sent_items/187. | Missing mandatory field: body
taylor-m/sent_items/188. | Missing mandatory field: body
taylor-m/sent_items/192. | Missing mandatory field: body
taylor-m/sent_items/193. | Missing mandatory field: body
taylor-m/sent_items/194. | Missing mandatory field: body
taylor-m/sent_items/195. | Missing mandatory field: body
taylor-m/sent_items/199. | Missing mandatory field: body
taylor-m/sent_items/205. | Missing mandatory field: body
taylor-m/sent_items/208. | Missing mandatory field: body
taylor-m/sent_items/217. | Missing mandatory field: body
taylor-m/sent_items/245. | Missing mandatory field: body
taylor-m/sent_items/246. | Missing mandatory field: body
taylor-m/sent_items/253. | Missing mandatory field: body
taylor-m/sent_items/254. | Missing mandatory field: body
taylor-m/sent_items/260. | Missing mandatory field: body
taylor-m/sent_items/27. | Missing mandatory field: body
taylor-m/sent_items/270. | Missing mandatory field: body
taylor-m/sent_items/28. | Missing mandatory field: body
taylor-m/sent_items/287. | Missing mandatory field: body
taylor-m/sent_items/291. | Missing mandatory field: body
taylor-m/sent_items/305. | Missing mandatory field: body
taylor-m/sent_items/322. | Missing mandatory field: body
taylor-m/sent_items/330. | Missing mandatory field: subject
taylor-m/sent_items/332. | Missing mandatory field: body
taylor-m/sent_items/363. | Missing mandatory field: body
taylor-m/sent_items/366. | Missing mandatory field: body
taylor-m/sent_items/368. | Missing mandatory field: body
taylor-m/sent_items/373. | Missing mandatory field: body
taylor-m/sent_items/374. | Missing mandatory field: body
taylor-m/sent_items/380. | Missing mandatory field: body
taylor-m/sent_items/388. | Missing mandatory field: body
taylor-m/sent_items/389. | Missing mandatory field: body
taylor-m/sent_items/41. | Missing mandatory field: body
taylor-m/sent_items/420. | Missing mandatory field: body
taylor-m/sent_items/437. | Missing mandatory field: body
taylor-m/sent_items/440. | Missing mandatory field: body
taylor-m/sent_items/441. | Missing mandatory field: body
taylor-m/sent_items/444. | Missing mandatory field: body
taylor-m/sent_items/449. | Missing mandatory field: body
taylor-m/sent_items/451. | Missing mandatory field: body
taylor-m/sent_items/455. | Missing mandatory field: body
taylor-m/sent_items/458. | Missing mandatory field: body
taylor-m/sent_items/460. | Missing mandatory field: body
taylor-m/sent_items/475. | Missing mandatory field: body
taylor-m/sent_items/477. | Missing mandatory field: body
taylor-m/sent_items/499. | Missing mandatory field: body
taylor-m/sent_items/504. | Missing mandatory field: body
taylor-m/sent_items/507. | Missing mandatory field: body
taylor-m/sent_items/513. | Missing mandatory field: body
taylor-m/sent_items/72. | Missing mandatory field: body
taylor-m/sent_items/77. | Missing mandatory field: body
taylor-m/sent_items/79. | Missing mandatory field: body
taylor-m/sent_items/80. | Missing mandatory field: body
taylor-m/sent_items/81. | Missing mandatory field: body
taylor-m/sent_items/9. | Missing mandatory field: body
taylor-m/sent_items/91. | Missing mandatory field: body
taylor-m/sent_items/92. | Missing mandatory field: subject
taylor-m/singapore_trading/1. | Missing mandatory field: to_addresses
taylor-m/singapore_trading/5. | Missing mandatory field: to_addresses
taylor-m/stored_messages/34. | Missing mandatory field: subject
taylor-m/stored_messages/77. | Missing mandatory field: subject
taylor-m/stored_messages/9. | Missing mandatory field: to_addresses
taylor-m/swap_group_project_lists/14. | Missing mandatory field: subject
taylor-m/swap_group_project_lists/19. | Missing mandatory field: body
taylor-m/swap_group_project_lists/5. | Missing mandatory field: body
taylor-m/tasks/1. | Missing mandatory field: to_addresses
taylor-m/tasks/2. | Missing mandatory field: to_addresses
taylor-m/tasks/3. | Missing mandatory field: to_addresses
taylor-m/tasks/4. | Missing mandatory field: to_addresses
taylor-m/tasks/5. | Missing mandatory field: to_addresses
taylor-m/to_do/1. | Missing mandatory field: to_addresses
taylor-m/travel/30. | Missing mandatory field: body
taylor-m/travel/5. | Missing mandatory field: to_addresses
taylor-m/yoder/1. | Missing mandatory field: subject
